

================================================================
== Vivado HLS Report for 'classify'
================================================================
* Date:           Mon Mar  2 02:59:41 2026

* Version:        2018.2 (Build 2258646 on Thu Jun 14 20:25:20 MDT 2018)
* Project:        MathieuHelpMe
* Solution:       solution1
* Product family: zynq
* Target device:  xc7z020clg484-1


================================================================
== Performance Estimates
================================================================
+ Timing (ns): 
    * Summary: 
    +--------+-------+----------+------------+
    |  Clock | Target| Estimated| Uncertainty|
    +--------+-------+----------+------------+
    |ap_clk  |  10.00|     8.742|        1.25|
    +--------+-------+----------+------------+

+ Latency (clock cycles): 
    * Summary: 
    +---------+---------+---------+---------+---------+
    |      Latency      |      Interval     | Pipeline|
    |   min   |   max   |   min   |   max   |   Type  |
    +---------+---------+---------+---------+---------+
    |  2270777|  2270777|  2270777|  2270777|   none  |
    +---------+---------+---------+---------+---------+

    + Detail: 
        * Instance: 
        +-------------------------+----------------------+-----+-----+-----+-----+----------+
        |                         |                      |  Latency  |  Interval | Pipeline |
        |         Instance        |        Module        | min | max | min | max |   Type   |
        +-------------------------+----------------------+-----+-----+-----+-----+----------+
        |dataflow_in_loop_Bat_U0  |dataflow_in_loop_Bat  |  974|  974|  873|  873| dataflow |
        +-------------------------+----------------------+-----+-----+-----+-----+----------+

        * Loop: 
        +--------------+---------+---------+----------+-----------+-----------+------+----------+
        |              |      Latency      | Iteration|  Initiation Interval  | Trip |          |
        |   Loop Name  |   min   |   max   |  Latency |  achieved |   target  | Count| Pipelined|
        +--------------+---------+---------+----------+-----------+-----------+------+----------+
        |- Batch_Loop  |  2270775|  2270775|       976|          -|          -|  2601|    no    |
        +--------------+---------+---------+----------+-----------+-----------+------+----------+



================================================================
== Utilization Estimates
================================================================
* Summary: 
+-----------------+---------+-------+--------+-------+
|       Name      | BRAM_18K| DSP48E|   FF   |  LUT  |
+-----------------+---------+-------+--------+-------+
|DSP              |        -|      -|       -|      -|
|Expression       |        -|      -|       0|     24|
|FIFO             |        -|      -|       -|      -|
|Instance         |      118|      2|    7976|  22935|
|Memory           |        -|      -|       -|      -|
|Multiplexer      |        -|      -|       -|     18|
|Register         |        -|      -|      26|      -|
+-----------------+---------+-------+--------+-------+
|Total            |      118|      2|    8002|  22977|
+-----------------+---------+-------+--------+-------+
|Available        |      280|    220|  106400|  53200|
+-----------------+---------+-------+--------+-------+
|Utilization (%)  |       42|   ~0  |       7|     43|
+-----------------+---------+-------+--------+-------+

+ Detail: 
    * Instance: 
    +--------------------------+------------------------+---------+-------+------+-------+
    |         Instance         |         Module         | BRAM_18K| DSP48E|  FF  |  LUT  |
    +--------------------------+------------------------+---------+-------+------+-------+
    |classify_control_s_axi_U  |classify_control_s_axi  |        0|      0|    74|    104|
    |dataflow_in_loop_Bat_U0   |dataflow_in_loop_Bat    |      118|      2|  7902|  22831|
    +--------------------------+------------------------+---------+-------+------+-------+
    |Total                     |                        |      118|      2|  7976|  22935|
    +--------------------------+------------------------+---------+-------+------+-------+

    * DSP48: 
    N/A

    * Memory: 
    N/A

    * FIFO: 
    N/A

    * Expression: 
    +----------------------------+----------+-------+---+----+------------+------------+
    |        Variable Name       | Operation| DSP48E| FF| LUT| Bitwidth P0| Bitwidth P1|
    +----------------------------+----------+-------+---+----+------------+------------+
    |loop_dataflow_input_count   |     +    |      0|  0|  12|          12|           1|
    |loop_dataflow_output_count  |     +    |      0|  0|  12|          12|           1|
    +----------------------------+----------+-------+---+----+------------+------------+
    |Total                       |          |      0|  0|  24|          24|           2|
    +----------------------------+----------+-------+---+----+------------+------------+

    * Multiplexer: 
    +----------------------------+----+-----------+-----+-----------+
    |            Name            | LUT| Input Size| Bits| Total Bits|
    +----------------------------+----+-----------+-----+-----------+
    |loop_dataflow_input_count   |   9|          2|   12|         24|
    |loop_dataflow_output_count  |   9|          2|   12|         24|
    +----------------------------+----+-----------+-----+-----------+
    |Total                       |  18|          4|   24|         48|
    +----------------------------+----+-----------+-----+-----------+

    * Register: 
    +----------------------------+----+----+-----+-----------+
    |            Name            | FF | LUT| Bits| Const Bits|
    +----------------------------+----+----+-----+-----------+
    |loop_dataflow_busy          |   1|   0|    1|          0|
    |loop_dataflow_enable        |   1|   0|    1|          0|
    |loop_dataflow_input_count   |  12|   0|   12|          0|
    |loop_dataflow_output_count  |  12|   0|   12|          0|
    +----------------------------+----+----+-----+-----------+
    |Total                       |  26|   0|   26|          0|
    +----------------------------+----+----+-----+-----------+



================================================================
== Interface
================================================================
* Summary: 
+-----------------------+-----+-----+------------+---------------------+--------------+
|       RTL Ports       | Dir | Bits|  Protocol  |    Source Object    |    C Type    |
+-----------------------+-----+-----+------------+---------------------+--------------+
|s_axi_control_AWVALID  |  in |    1|    s_axi   |       control       |    scalar    |
|s_axi_control_AWREADY  | out |    1|    s_axi   |       control       |    scalar    |
|s_axi_control_AWADDR   |  in |    5|    s_axi   |       control       |    scalar    |
|s_axi_control_WVALID   |  in |    1|    s_axi   |       control       |    scalar    |
|s_axi_control_WREADY   | out |    1|    s_axi   |       control       |    scalar    |
|s_axi_control_WDATA    |  in |   32|    s_axi   |       control       |    scalar    |
|s_axi_control_WSTRB    |  in |    4|    s_axi   |       control       |    scalar    |
|s_axi_control_ARVALID  |  in |    1|    s_axi   |       control       |    scalar    |
|s_axi_control_ARREADY  | out |    1|    s_axi   |       control       |    scalar    |
|s_axi_control_ARADDR   |  in |    5|    s_axi   |       control       |    scalar    |
|s_axi_control_RVALID   | out |    1|    s_axi   |       control       |    scalar    |
|s_axi_control_RREADY   |  in |    1|    s_axi   |       control       |    scalar    |
|s_axi_control_RDATA    | out |   32|    s_axi   |       control       |    scalar    |
|s_axi_control_RRESP    | out |    2|    s_axi   |       control       |    scalar    |
|s_axi_control_BVALID   | out |    1|    s_axi   |       control       |    scalar    |
|s_axi_control_BREADY   |  in |    1|    s_axi   |       control       |    scalar    |
|s_axi_control_BRESP    | out |    2|    s_axi   |       control       |    scalar    |
|ap_clk                 |  in |    1| ap_ctrl_hs |       classify      | return value |
|ap_rst_n               |  in |    1| ap_ctrl_hs |       classify      | return value |
|interrupt              | out |    1| ap_ctrl_hs |       classify      | return value |
|in_stream_TDATA        |  in |   64|    axis    |  in_stream_V_data_V |    pointer   |
|in_stream_TKEEP        |  in |    8|    axis    |  in_stream_V_keep_V |    pointer   |
|in_stream_TSTRB        |  in |    8|    axis    |  in_stream_V_strb_V |    pointer   |
|in_stream_TUSER        |  in |    1|    axis    |  in_stream_V_user_V |    pointer   |
|in_stream_TLAST        |  in |    1|    axis    |  in_stream_V_last_V |    pointer   |
|in_stream_TID          |  in |    1|    axis    |   in_stream_V_id_V  |    pointer   |
|in_stream_TDEST        |  in |    1|    axis    |  in_stream_V_dest_V |    pointer   |
|in_stream_TVALID       |  in |    1|    axis    |  in_stream_V_dest_V |    pointer   |
|in_stream_TREADY       | out |    1|    axis    |  in_stream_V_dest_V |    pointer   |
|out_stream_TDATA       | out |   32|    axis    | out_stream_V_data_V |    pointer   |
|out_stream_TKEEP       | out |    1|    axis    | out_stream_V_keep_V |    pointer   |
|out_stream_TSTRB       | out |    1|    axis    | out_stream_V_strb_V |    pointer   |
|out_stream_TLAST       | out |    1|    axis    | out_stream_V_last_V |    pointer   |
|out_stream_TVALID      | out |    1|    axis    | out_stream_V_last_V |    pointer   |
|out_stream_TREADY      |  in |    1|    axis    | out_stream_V_last_V |    pointer   |
+-----------------------+-----+-----+------------+---------------------+--------------+

