

================================================================
== Vivado HLS Report for 'compute_exp'
================================================================
* Date:           Fri Feb  6 10:54:17 2026

* Version:        2018.2 (Build 2258646 on Thu Jun 14 20:25:20 MDT 2018)
* Project:        SVM_Accelerator_HLS_Cordic_Optimized
* Solution:       solution1
* Product family: zynq
* Target device:  xc7z020clg484-1


================================================================
== Performance Estimates
================================================================
+ Timing (ns): 
    * Summary: 
    +--------+-------+----------+------------+
    |  Clock | Target| Estimated| Uncertainty|
    +--------+-------+----------+------------+
    |ap_clk  |  10.00|     8.480|        1.25|
    +--------+-------+----------+------------+

+ Latency (clock cycles): 
    * Summary: 
    +-----+-----+-----+-----+---------+
    |  Latency  |  Interval | Pipeline|
    | min | max | min | max |   Type  |
    +-----+-----+-----+-----+---------+
    |   13|   13|   13|   13|   none  |
    +-----+-----+-----+-----+---------+

    + Detail: 
        * Instance: 
        N/A

        * Loop: 
        N/A



================================================================
== Utilization Estimates
================================================================
* Summary: 
+-----------------+---------+-------+--------+-------+
|       Name      | BRAM_18K| DSP48E|   FF   |  LUT  |
+-----------------+---------+-------+--------+-------+
|DSP              |        -|      -|       -|      -|
|Expression       |        -|      7|       0|   5088|
|FIFO             |        -|      -|       -|      -|
|Instance         |        -|      -|       -|      -|
|Memory           |        -|      -|       -|      -|
|Multiplexer      |        -|      -|       -|     62|
|Register         |        -|      -|    1240|      -|
+-----------------+---------+-------+--------+-------+
|Total            |        0|      7|    1240|   5150|
+-----------------+---------+-------+--------+-------+
|Available        |      280|    220|  106400|  53200|
+-----------------+---------+-------+--------+-------+
|Utilization (%)  |        0|      3|       1|      9|
+-----------------+---------+-------+--------+-------+

+ Detail: 
    * Instance: 
    N/A

    * DSP48: 
    N/A

    * Memory: 
    N/A

    * FIFO: 
    N/A

    * Expression: 
    +----------------------------------+----------+-------+---+-----+------------+------------+
    |           Variable Name          | Operation| DSP48E| FF| LUT | Bitwidth P0| Bitwidth P1|
    +----------------------------------+----------+-------+---+-----+------------+------------+
    |p_Val2_3_fu_420_p2                |     *    |      3|  0|   32|          24|          29|
    |p_Val2_s_fu_252_p2                |     *    |      4|  0|   25|          33|          36|
    |Y_V_1_fu_566_p2                   |     +    |      0|  0|   32|          25|          25|
    |iv_fu_353_p2                      |     +    |      0|  0|   15|           2|           6|
    |p_Val2_19_10_fu_1605_p2           |     +    |      0|  0|   36|          29|          29|
    |p_Val2_19_11_fu_1708_p2           |     +    |      0|  0|   36|          29|          29|
    |p_Val2_19_12_fu_1811_p2           |     +    |      0|  0|   36|          29|          29|
    |p_Val2_19_13_fu_1914_p2           |     +    |      0|  0|   36|          29|          29|
    |p_Val2_19_14_fu_2017_p2           |     +    |      0|  0|   36|          29|          29|
    |p_Val2_19_15_fu_2102_p2           |     +    |      0|  0|   36|          29|          29|
    |p_Val2_19_2_fu_655_p2             |     +    |      0|  0|   32|          25|          25|
    |p_Val2_19_3_fu_766_p2             |     +    |      0|  0|   34|          27|          27|
    |p_Val2_19_4_fu_875_p2             |     +    |      0|  0|   35|          28|          28|
    |p_Val2_19_5_fu_982_p2             |     +    |      0|  0|   35|          28|          28|
    |p_Val2_19_6_fu_1090_p2            |     +    |      0|  0|   36|          29|          29|
    |p_Val2_19_7_fu_1193_p2            |     +    |      0|  0|   36|          29|          29|
    |p_Val2_19_8_fu_1296_p2            |     +    |      0|  0|   36|          29|          29|
    |p_Val2_19_9_fu_1399_p2            |     +    |      0|  0|   36|          29|          29|
    |p_Val2_19_s_fu_1502_p2            |     +    |      0|  0|   36|          29|          29|
    |p_Val2_20_10_fu_1714_p2           |     +    |      0|  0|   37|          30|          30|
    |p_Val2_20_11_fu_1816_p2           |     +    |      0|  0|   37|          30|          30|
    |p_Val2_20_12_fu_1920_p2           |     +    |      0|  0|   37|          30|          30|
    |p_Val2_20_13_fu_2022_p2           |     +    |      0|  0|   37|          30|          30|
    |p_Val2_20_14_fu_2108_p2           |     +    |      0|  0|   37|          30|          30|
    |p_Val2_20_1_fu_1610_p2            |     +    |      0|  0|   37|          30|          30|
    |p_Val2_20_2_fu_661_p2             |     +    |      0|  0|   34|          27|          27|
    |p_Val2_20_3_fu_772_p2             |     +    |      0|  0|   36|          29|          29|
    |p_Val2_20_4_fu_881_p2             |     +    |      0|  0|   36|          29|          29|
    |p_Val2_20_5_fu_987_p2             |     +    |      0|  0|   37|          30|          30|
    |p_Val2_20_6_fu_1096_p2            |     +    |      0|  0|   37|          30|          30|
    |p_Val2_20_7_fu_1198_p2            |     +    |      0|  0|   37|          30|          30|
    |p_Val2_20_8_fu_1302_p2            |     +    |      0|  0|   37|          30|          30|
    |p_Val2_20_9_fu_1404_p2            |     +    |      0|  0|   37|          30|          30|
    |p_Val2_20_s_fu_1508_p2            |     +    |      0|  0|   37|          30|          30|
    |p_Val2_9_fu_2138_p2               |     +    |      0|  0|   38|          31|          31|
    |ret_V_fu_306_p2                   |     +    |      0|  0|   15|           1|           6|
    |tmp_15_fu_492_p2                  |     +    |      0|  0|   53|          46|          46|
    |tmp_20_fu_583_p2                  |     +    |      0|  0|   53|          46|          46|
    |tmp_24_fu_691_p2                  |     +    |      0|  0|   53|          46|          46|
    |tmp_28_fu_803_p2                  |     +    |      0|  0|   53|          46|          46|
    |tmp_32_fu_911_p2                  |     +    |      0|  0|   53|          46|          46|
    |tmp_36_fu_1018_p2                 |     +    |      0|  0|   53|          46|          46|
    |tmp_40_fu_1126_p2                 |     +    |      0|  0|   53|          46|          46|
    |tmp_44_fu_1224_p2                 |     +    |      0|  0|   53|          46|          46|
    |tmp_48_fu_1332_p2                 |     +    |      0|  0|   53|          46|          46|
    |tmp_52_fu_1430_p2                 |     +    |      0|  0|   53|          46|          46|
    |tmp_56_fu_1538_p2                 |     +    |      0|  0|   53|          46|          46|
    |tmp_63_fu_1636_p2                 |     +    |      0|  0|   53|          46|          46|
    |tmp_67_fu_1744_p2                 |     +    |      0|  0|   53|          46|          46|
    |tmp_71_fu_1842_p2                 |     +    |      0|  0|   53|          46|          46|
    |tmp_75_fu_1950_p2                 |     +    |      0|  0|   53|          46|          46|
    |tmp_79_fu_2048_p2                 |     +    |      0|  0|   53|          46|          46|
    |p_Val2_12_10_fu_1587_p2           |     -    |      0|  0|   36|          29|          29|
    |p_Val2_12_11_fu_1688_p2           |     -    |      0|  0|   36|          29|          29|
    |p_Val2_12_12_fu_1793_p2           |     -    |      0|  0|   36|          29|          29|
    |p_Val2_12_13_fu_1894_p2           |     -    |      0|  0|   36|          29|          29|
    |p_Val2_12_14_fu_1999_p2           |     -    |      0|  0|   36|          29|          29|
    |p_Val2_12_15_fu_2090_p2           |     -    |      0|  0|   36|          29|          29|
    |p_Val2_12_2_fu_635_p2             |     -    |      0|  0|   32|          25|          25|
    |p_Val2_12_3_fu_746_p2             |     -    |      0|  0|   34|          27|          27|
    |p_Val2_12_4_fu_855_p2             |     -    |      0|  0|   35|          28|          28|
    |p_Val2_12_5_fu_963_p2             |     -    |      0|  0|   35|          28|          28|
    |p_Val2_12_6_fu_1070_p2            |     -    |      0|  0|   36|          29|          29|
    |p_Val2_12_7_fu_1175_p2            |     -    |      0|  0|   36|          29|          29|
    |p_Val2_12_8_fu_1276_p2            |     -    |      0|  0|   36|          29|          29|
    |p_Val2_12_9_fu_1381_p2            |     -    |      0|  0|   36|          29|          29|
    |p_Val2_12_s_fu_1482_p2            |     -    |      0|  0|   36|          29|          29|
    |p_Val2_15_10_fu_1694_p2           |     -    |      0|  0|   37|          30|          30|
    |p_Val2_15_11_fu_1798_p2           |     -    |      0|  0|   37|          30|          30|
    |p_Val2_15_12_fu_1900_p2           |     -    |      0|  0|   37|          30|          30|
    |p_Val2_15_13_fu_2004_p2           |     -    |      0|  0|   37|          30|          30|
    |p_Val2_15_14_fu_2096_p2           |     -    |      0|  0|   37|          30|          30|
    |p_Val2_15_1_fu_1592_p2            |     -    |      0|  0|   37|          30|          30|
    |p_Val2_15_2_fu_641_p2             |     -    |      0|  0|   34|          27|          27|
    |p_Val2_15_3_fu_752_p2             |     -    |      0|  0|   36|          29|          29|
    |p_Val2_15_4_fu_861_p2             |     -    |      0|  0|   36|          29|          29|
    |p_Val2_15_5_fu_968_p2             |     -    |      0|  0|   37|          30|          30|
    |p_Val2_15_6_fu_1076_p2            |     -    |      0|  0|   37|          30|          30|
    |p_Val2_15_7_fu_1180_p2            |     -    |      0|  0|   37|          30|          30|
    |p_Val2_15_8_fu_1282_p2            |     -    |      0|  0|   37|          30|          30|
    |p_Val2_15_9_fu_1386_p2            |     -    |      0|  0|   37|          30|          30|
    |p_Val2_15_s_fu_1488_p2            |     -    |      0|  0|   37|          30|          30|
    |p_Val2_4_fu_444_p2                |     -    |      0|  0|   72|          65|          65|
    |sh_assign_fu_2157_p2              |     -    |      0|  0|   15|           1|           5|
    |tmp_s_fu_2166_p2                  |   ashr   |      0|  0|   97|          31|          31|
    |tmp_2_i_fu_301_p2                 |   icmp   |      0|  0|   18|          32|           1|
    |tmp_4_fu_378_p2                   |   icmp   |      0|  0|   11|           6|           5|
    |tmp_5_fu_395_p2                   |   icmp   |      0|  0|   11|           8|           1|
    |tmp_8_i_fu_347_p2                 |   icmp   |      0|  0|   21|          40|          40|
    |X_V_10_fu_1615_p3                 |  select  |      0|  0|   29|           1|          29|
    |X_V_11_fu_1720_p3                 |  select  |      0|  0|   29|           1|          29|
    |X_V_12_fu_1821_p3                 |  select  |      0|  0|   29|           1|          29|
    |X_V_13_fu_1926_p3                 |  select  |      0|  0|   29|           1|          29|
    |X_V_14_fu_2027_p3                 |  select  |      0|  0|   29|           1|          29|
    |X_V_15_fu_2114_p3                 |  select  |      0|  0|   29|           1|          29|
    |X_V_1_fu_537_p3                   |  select  |      0|  0|   25|           1|          25|
    |X_V_2_fu_667_p3                   |  select  |      0|  0|   25|           1|          25|
    |X_V_3_fu_778_p3                   |  select  |      0|  0|   27|           1|          27|
    |X_V_4_fu_887_p3                   |  select  |      0|  0|   28|           1|          28|
    |X_V_5_fu_993_p3                   |  select  |      0|  0|   28|           1|          28|
    |X_V_6_fu_1102_p3                  |  select  |      0|  0|   29|           1|          29|
    |X_V_7_fu_1203_p3                  |  select  |      0|  0|   29|           1|          29|
    |X_V_8_fu_1308_p3                  |  select  |      0|  0|   29|           1|          29|
    |X_V_9_fu_1409_p3                  |  select  |      0|  0|   29|           1|          29|
    |X_V_s_fu_1514_p3                  |  select  |      0|  0|   29|           1|          29|
    |Y_V_10_fu_1622_p3                 |  select  |      0|  0|   30|           1|          30|
    |Y_V_11_fu_1728_p3                 |  select  |      0|  0|   30|           1|          30|
    |Y_V_12_fu_1828_p3                 |  select  |      0|  0|   30|           1|          30|
    |Y_V_13_fu_1934_p3                 |  select  |      0|  0|   30|           1|          30|
    |Y_V_14_fu_2034_p3                 |  select  |      0|  0|   30|           1|          30|
    |Y_V_15_fu_2126_p3                 |  select  |      0|  0|   30|           1|          30|
    |Y_V_2_fu_675_p3                   |  select  |      0|  0|   27|           1|          27|
    |Y_V_3_fu_789_p3                   |  select  |      0|  0|   29|           1|          29|
    |Y_V_4_fu_895_p3                   |  select  |      0|  0|   29|           1|          29|
    |Y_V_5_fu_1004_p3                  |  select  |      0|  0|   30|           1|          30|
    |Y_V_6_fu_1110_p3                  |  select  |      0|  0|   30|           1|          30|
    |Y_V_7_fu_1210_p3                  |  select  |      0|  0|   30|           1|          30|
    |Y_V_8_fu_1316_p3                  |  select  |      0|  0|   30|           1|          30|
    |Y_V_9_fu_1416_p3                  |  select  |      0|  0|   30|           1|          30|
    |Y_V_s_fu_1522_p3                  |  select  |      0|  0|   30|           1|          30|
    |Z_V_1_in_in_10_v_cas_fu_1629_p3   |  select  |      0|  0|   29|           1|          28|
    |Z_V_1_in_in_11_v_cas_fu_1736_p3   |  select  |      0|  0|   28|           1|          27|
    |Z_V_1_in_in_12_v_cas_fu_1835_p3   |  select  |      0|  0|   27|           1|          26|
    |Z_V_1_in_in_13_v_cas_fu_1942_p3   |  select  |      0|  0|   27|           1|          26|
    |Z_V_1_in_in_14_v_cas_fu_2041_p3   |  select  |      0|  0|   26|           1|          25|
    |Z_V_1_in_in_1_v_cast_fu_576_p3    |  select  |      0|  0|   38|           1|          37|
    |Z_V_1_in_in_2_v_cast_fu_683_p3    |  select  |      0|  0|   37|           1|          36|
    |Z_V_1_in_in_3_v_cast_fu_796_p3    |  select  |      0|  0|   36|           1|          35|
    |Z_V_1_in_in_4_v_cast_fu_903_p3    |  select  |      0|  0|   36|           1|          35|
    |Z_V_1_in_in_5_v_cast_fu_1011_p3   |  select  |      0|  0|   35|           1|          34|
    |Z_V_1_in_in_6_v_cast_fu_1118_p3   |  select  |      0|  0|   34|           1|          33|
    |Z_V_1_in_in_7_v_cast_fu_1217_p3   |  select  |      0|  0|   33|           1|          32|
    |Z_V_1_in_in_8_v_cast_fu_1324_p3   |  select  |      0|  0|   32|           1|          31|
    |Z_V_1_in_in_9_v_cast_fu_1423_p3   |  select  |      0|  0|   31|           1|          30|
    |Z_V_1_in_in_v_cast_29_fu_1530_p3  |  select  |      0|  0|   30|           1|          29|
    |Z_V_1_in_in_v_cast_fu_484_p3      |  select  |      0|  0|   39|           1|          38|
    |ap_return                         |  select  |      0|  0|   22|           1|          22|
    |k_fu_367_p3                       |  select  |      0|  0|    6|           1|           6|
    |p_1_i_fu_359_p3                   |  select  |      0|  0|    6|           1|           6|
    |p_2_i_fu_320_p3                   |  select  |      0|  0|    6|           1|           6|
    |p_Val2_12_1_fu_515_p3             |  select  |      0|  0|   25|           1|          25|
    |p_Val2_19_1_fu_530_p3             |  select  |      0|  0|   25|           1|          25|
    |p_Val2_2_fu_401_p3                |  select  |      0|  0|    5|           1|           1|
    |p_cast_cast_fu_551_p3             |  select  |      0|  0|   25|           1|          25|
    |p_i_fu_312_p3                     |  select  |      0|  0|    6|           1|           6|
    |p_s_fu_383_p3                     |  select  |      0|  0|    8|           1|           5|
    |tmp1_fu_559_p3                    |  select  |      0|  0|   24|           1|          24|
    |tmp_18_fu_2171_p2                 |    shl   |      0|  0|  101|          32|          32|
    +----------------------------------+----------+-------+---+-----+------------+------------+
    |Total                             |          |      7|  0| 5088|        2869|        4343|
    +----------------------------------+----------+-------+---+-----+------------+------------+

    * Multiplexer: 
    +-----------+----+-----------+-----+-----------+
    |    Name   | LUT| Input Size| Bits| Total Bits|
    +-----------+----+-----------+-----+-----------+
    |ap_NS_fsm  |  62|         15|    1|         15|
    +-----------+----+-----------+-----+-----------+
    |Total      |  62|         15|    1|         15|
    +-----------+----+-----------+-----+-----------+

    * Register: 
    +-----------------------+----+----+-----+-----------+
    |          Name         | FF | LUT| Bits| Const Bits|
    +-----------------------+----+----+-----+-----------+
    |X_V_11_reg_2436        |  29|   0|   29|          0|
    |X_V_13_reg_2470        |  29|   0|   29|          0|
    |X_V_2_reg_2269         |  25|   0|   25|          0|
    |X_V_4_reg_2301         |  28|   0|   28|          0|
    |X_V_6_reg_2334         |  29|   0|   29|          0|
    |X_V_8_reg_2368         |  29|   0|   29|          0|
    |X_V_s_reg_2402         |  29|   0|   29|          0|
    |Y_V_11_reg_2442        |  30|   0|   30|          0|
    |Y_V_13_reg_2476        |  30|   0|   30|          0|
    |Y_V_2_reg_2274         |  27|   0|   27|          0|
    |Y_V_4_reg_2307         |  29|   0|   29|          0|
    |Y_V_6_reg_2340         |  30|   0|   30|          0|
    |Y_V_8_reg_2374         |  30|   0|   30|          0|
    |Y_V_s_reg_2408         |  30|   0|   30|          0|
    |ap_CS_fsm              |  14|   0|   14|          0|
    |k_reg_2231             |   6|   0|    6|          0|
    |p_Result_2_i_reg_2226  |  32|   0|   32|          0|
    |p_Val2_2_reg_2237      |   5|   0|    5|          0|
    |p_Val2_3_reg_2245      |  29|   0|   53|         24|
    |p_Val2_9_reg_2504      |  31|   0|   31|          0|
    |p_Val2_s_reg_2210      |  49|   0|   69|         20|
    |tmp_14_reg_2250        |   1|   0|    1|          0|
    |tmp_15_reg_2257        |  44|   0|   46|          2|
    |tmp_16_reg_2263        |   1|   0|    1|          0|
    |tmp_24_reg_2279        |  45|   0|   46|          1|
    |tmp_25_reg_2284        |   1|   0|    1|          0|
    |tmp_26_reg_2291        |  23|   0|   23|          0|
    |tmp_27_reg_2296        |  21|   0|   21|          0|
    |tmp_2_reg_2216         |  37|   0|   37|          0|
    |tmp_32_reg_2312        |  43|   0|   46|          3|
    |tmp_33_reg_2317        |   1|   0|    1|          0|
    |tmp_34_reg_2324        |  24|   0|   24|          0|
    |tmp_35_reg_2329        |  23|   0|   23|          0|
    |tmp_40_reg_2346        |  42|   0|   46|          4|
    |tmp_41_reg_2351        |   1|   0|    1|          0|
    |tmp_42_reg_2358        |  23|   0|   23|          0|
    |tmp_43_reg_2363        |  22|   0|   22|          0|
    |tmp_48_reg_2380        |  45|   0|   46|          1|
    |tmp_49_reg_2385        |   1|   0|    1|          0|
    |tmp_50_reg_2392        |  21|   0|   21|          0|
    |tmp_51_reg_2397        |  20|   0|   20|          0|
    |tmp_56_reg_2414        |  45|   0|   46|          1|
    |tmp_60_reg_2419        |   1|   0|    1|          0|
    |tmp_61_reg_2426        |  19|   0|   19|          0|
    |tmp_62_reg_2431        |  18|   0|   18|          0|
    |tmp_67_reg_2448        |  45|   0|   46|          1|
    |tmp_68_reg_2453        |   1|   0|    1|          0|
    |tmp_69_reg_2460        |  17|   0|   17|          0|
    |tmp_70_reg_2465        |  16|   0|   16|          0|
    |tmp_75_reg_2482        |  32|   0|   46|         14|
    |tmp_76_reg_2487        |   1|   0|    1|          0|
    |tmp_77_reg_2494        |  16|   0|   16|          0|
    |tmp_78_reg_2499        |  15|   0|   15|          0|
    |tmp_reg_2221           |   5|   0|    5|          0|
    +-----------------------+----+----+-----+-----------+
    |Total                  |1240|   0| 1311|         71|
    +-----------------------+----+----+-----+-----------+



================================================================
== Interface
================================================================
* Summary: 
+-----------+-----+-----+------------+--------------+--------------+
| RTL Ports | Dir | Bits|  Protocol  | Source Object|    C Type    |
+-----------+-----+-----+------------+--------------+--------------+
|ap_clk     |  in |    1| ap_ctrl_hs |  compute_exp | return value |
|ap_rst     |  in |    1| ap_ctrl_hs |  compute_exp | return value |
|ap_start   |  in |    1| ap_ctrl_hs |  compute_exp | return value |
|ap_done    | out |    1| ap_ctrl_hs |  compute_exp | return value |
|ap_idle    | out |    1| ap_ctrl_hs |  compute_exp | return value |
|ap_ready   | out |    1| ap_ctrl_hs |  compute_exp | return value |
|ap_return  | out |   22| ap_ctrl_hs |  compute_exp | return value |
|x_V        |  in |   16|   ap_none  |      x_V     |    scalar    |
+-----------+-----+-----+------------+--------------+--------------+

