

================================================================
== Vivado HLS Report for 'dataflow_in_loop_Bat'
================================================================
* Date:           Wed Mar  4 18:29:02 2026

* Version:        2018.2 (Build 2258646 on Thu Jun 14 20:25:20 MDT 2018)
* Project:        MathieuHelpMe
* Solution:       solution1
* Product family: zynq
* Target device:  xc7z020clg484-1


================================================================
== Performance Estimates
================================================================
+ Timing (ns): 
    * Summary: 
    +--------+-------+----------+------------+
    |  Clock | Target| Estimated| Uncertainty|
    +--------+-------+----------+------------+
    |ap_clk  |  10.00|     8.847|        1.25|
    +--------+-------+----------+------------+

+ Latency (clock cycles): 
    * Summary: 
    +-----+-----+-----+-----+----------+
    |  Latency  |  Interval | Pipeline |
    | min | max | min | max |   Type   |
    +-----+-----+-----+-----+----------+
    |  508|  508|  407|  407| dataflow |
    +-----+-----+-----+-----+----------+

    + Detail: 
        * Instance: 
        +-------------------------+----------------------+-----+-----+-----+-----+---------+
        |                         |                      |  Latency  |  Interval | Pipeline|
        |         Instance        |        Module        | min | max | min | max |   Type  |
        +-------------------------+----------------------+-----+-----+-----+-----+---------+
        |compute_and_output_U0    |compute_and_output    |  406|  406|  406|  406|   none  |
        |load_and_calc_norm53_U0  |load_and_calc_norm53  |  101|  101|  101|  101|   none  |
        +-------------------------+----------------------+-----+-----+-----+-----+---------+

        * Loop: 
        N/A



================================================================
== Utilization Estimates
================================================================
* Summary: 
+-----------------+---------+-------+--------+-------+
|       Name      | BRAM_18K| DSP48E|   FF   |  LUT  |
+-----------------+---------+-------+--------+-------+
|DSP              |        -|      -|       -|      -|
|Expression       |        -|      -|       0|     74|
|FIFO             |        0|      -|      15|    123|
|Instance         |      136|     16|   16901|  49033|
|Memory           |        0|      -|     256|    112|
|Multiplexer      |        -|      -|       -|    153|
|Register         |        -|      -|      17|      -|
+-----------------+---------+-------+--------+-------+
|Total            |      136|     16|   17189|  49495|
+-----------------+---------+-------+--------+-------+
|Available        |      280|    220|  106400|  53200|
+-----------------+---------+-------+--------+-------+
|Utilization (%)  |       48|      7|      16|     93|
+-----------------+---------+-------+--------+-------+

+ Detail: 
    * Instance: 
    +-------------------------+----------------------+---------+-------+-------+-------+
    |         Instance        |        Module        | BRAM_18K| DSP48E|   FF  |  LUT  |
    +-------------------------+----------------------+---------+-------+-------+-------+
    |compute_and_output_U0    |compute_and_output    |      136|     16|  16624|  48271|
    |load_and_calc_norm53_U0  |load_and_calc_norm53  |        0|      0|    277|    762|
    +-------------------------+----------------------+---------+-------+-------+-------+
    |Total                    |                      |      136|     16|  16901|  49033|
    +-------------------------+----------------------+---------+-------+-------+-------+

    * DSP48: 
    N/A

    * Memory: 
    +----------------+----------------------+---------+----+----+------+-----+------+-------------+
    |     Memory     |        Module        | BRAM_18K| FF | LUT| Words| Bits| Banks| W*Bits*Banks|
    +----------------+----------------------+---------+----+----+------+-----+------+-------------+
    |x_local_0_V_U   |dataflow_in_loop_bPq  |        0|  16|   7|    49|    8|     2|          784|
    |x_local_1_V_U   |dataflow_in_loop_bPq  |        0|  16|   7|    49|    8|     2|          784|
    |x_local_2_V_U   |dataflow_in_loop_bPq  |        0|  16|   7|    49|    8|     2|          784|
    |x_local_3_V_U   |dataflow_in_loop_bPq  |        0|  16|   7|    49|    8|     2|          784|
    |x_local_4_V_U   |dataflow_in_loop_bPq  |        0|  16|   7|    49|    8|     2|          784|
    |x_local_5_V_U   |dataflow_in_loop_bPq  |        0|  16|   7|    49|    8|     2|          784|
    |x_local_6_V_U   |dataflow_in_loop_bPq  |        0|  16|   7|    49|    8|     2|          784|
    |x_local_7_V_U   |dataflow_in_loop_bPq  |        0|  16|   7|    49|    8|     2|          784|
    |x_local_8_V_U   |dataflow_in_loop_bPq  |        0|  16|   7|    49|    8|     2|          784|
    |x_local_9_V_U   |dataflow_in_loop_bPq  |        0|  16|   7|    49|    8|     2|          784|
    |x_local_10_V_U  |dataflow_in_loop_bPq  |        0|  16|   7|    49|    8|     2|          784|
    |x_local_11_V_U  |dataflow_in_loop_bPq  |        0|  16|   7|    49|    8|     2|          784|
    |x_local_12_V_U  |dataflow_in_loop_bPq  |        0|  16|   7|    49|    8|     2|          784|
    |x_local_13_V_U  |dataflow_in_loop_bPq  |        0|  16|   7|    49|    8|     2|          784|
    |x_local_14_V_U  |dataflow_in_loop_bPq  |        0|  16|   7|    49|    8|     2|          784|
    |x_local_15_V_U  |dataflow_in_loop_bPq  |        0|  16|   7|    49|    8|     2|          784|
    +----------------+----------------------+---------+----+----+------+-----+------+-------------+
    |Total           |                      |        0| 256| 112|   784|  128|    32|        12544|
    +----------------+----------------------+---------+----+----+------+-----+------+-------------+

    * FIFO: 
    +-------------------+---------+---+----+------+-----+---------+
    |        Name       | BRAM_18K| FF| LUT| Depth| Bits| Size:D*B|
    +-------------------+---------+---+----+------+-----+---------+
    |internal_norm_V_U  |        0|  5|  36|     2|   24|       48|
    |n_c_U              |        0|  5|  43|     2|   31|       62|
    |num_images_c_U     |        0|  5|  44|     2|   32|       64|
    +-------------------+---------+---+----+------+-----+---------+
    |Total              |        0| 15| 123|     6|   87|      174|
    +-------------------+---------+---+----+------+-----+---------+

    * Expression: 
    +---------------------------------------+----------+-------+---+----+------------+------------+
    |             Variable Name             | Operation| DSP48E| FF| LUT| Bitwidth P0| Bitwidth P1|
    +---------------------------------------+----------+-------+---+----+------------+------------+
    |ap_channel_done_internal_norm_V        |    and   |      0|  0|   2|           1|           1|
    |ap_channel_done_x_local_0_V            |    and   |      0|  0|   2|           1|           1|
    |ap_channel_done_x_local_10_V           |    and   |      0|  0|   2|           1|           1|
    |ap_channel_done_x_local_11_V           |    and   |      0|  0|   2|           1|           1|
    |ap_channel_done_x_local_12_V           |    and   |      0|  0|   2|           1|           1|
    |ap_channel_done_x_local_13_V           |    and   |      0|  0|   2|           1|           1|
    |ap_channel_done_x_local_14_V           |    and   |      0|  0|   2|           1|           1|
    |ap_channel_done_x_local_15_V           |    and   |      0|  0|   2|           1|           1|
    |ap_channel_done_x_local_1_V            |    and   |      0|  0|   2|           1|           1|
    |ap_channel_done_x_local_2_V            |    and   |      0|  0|   2|           1|           1|
    |ap_channel_done_x_local_3_V            |    and   |      0|  0|   2|           1|           1|
    |ap_channel_done_x_local_4_V            |    and   |      0|  0|   2|           1|           1|
    |ap_channel_done_x_local_5_V            |    and   |      0|  0|   2|           1|           1|
    |ap_channel_done_x_local_6_V            |    and   |      0|  0|   2|           1|           1|
    |ap_channel_done_x_local_7_V            |    and   |      0|  0|   2|           1|           1|
    |ap_channel_done_x_local_8_V            |    and   |      0|  0|   2|           1|           1|
    |ap_channel_done_x_local_9_V            |    and   |      0|  0|   2|           1|           1|
    |ap_idle                                |    and   |      0|  0|   2|           1|           1|
    |compute_and_output_U0_ap_start         |    and   |      0|  0|   2|           1|           1|
    |load_and_calc_norm53_U0_ap_continue    |    and   |      0|  0|   2|           1|           1|
    |ap_sync_channel_write_internal_norm_V  |    or    |      0|  0|   2|           1|           1|
    |ap_sync_channel_write_x_local_0_V      |    or    |      0|  0|   2|           1|           1|
    |ap_sync_channel_write_x_local_10_V     |    or    |      0|  0|   2|           1|           1|
    |ap_sync_channel_write_x_local_11_V     |    or    |      0|  0|   2|           1|           1|
    |ap_sync_channel_write_x_local_12_V     |    or    |      0|  0|   2|           1|           1|
    |ap_sync_channel_write_x_local_13_V     |    or    |      0|  0|   2|           1|           1|
    |ap_sync_channel_write_x_local_14_V     |    or    |      0|  0|   2|           1|           1|
    |ap_sync_channel_write_x_local_15_V     |    or    |      0|  0|   2|           1|           1|
    |ap_sync_channel_write_x_local_1_V      |    or    |      0|  0|   2|           1|           1|
    |ap_sync_channel_write_x_local_2_V      |    or    |      0|  0|   2|           1|           1|
    |ap_sync_channel_write_x_local_3_V      |    or    |      0|  0|   2|           1|           1|
    |ap_sync_channel_write_x_local_4_V      |    or    |      0|  0|   2|           1|           1|
    |ap_sync_channel_write_x_local_5_V      |    or    |      0|  0|   2|           1|           1|
    |ap_sync_channel_write_x_local_6_V      |    or    |      0|  0|   2|           1|           1|
    |ap_sync_channel_write_x_local_7_V      |    or    |      0|  0|   2|           1|           1|
    |ap_sync_channel_write_x_local_8_V      |    or    |      0|  0|   2|           1|           1|
    |ap_sync_channel_write_x_local_9_V      |    or    |      0|  0|   2|           1|           1|
    +---------------------------------------+----------+-------+---+----+------------+------------+
    |Total                                  |          |      0|  0|  74|          37|          37|
    +---------------------------------------+----------+-------+---+----+------------+------------+

    * Multiplexer: 
    +-------------------------------------------+----+-----------+-----+-----------+
    |                    Name                   | LUT| Input Size| Bits| Total Bits|
    +-------------------------------------------+----+-----------+-----+-----------+
    |ap_sync_reg_channel_write_internal_norm_V  |   9|          2|    1|          2|
    |ap_sync_reg_channel_write_x_local_0_V      |   9|          2|    1|          2|
    |ap_sync_reg_channel_write_x_local_10_V     |   9|          2|    1|          2|
    |ap_sync_reg_channel_write_x_local_11_V     |   9|          2|    1|          2|
    |ap_sync_reg_channel_write_x_local_12_V     |   9|          2|    1|          2|
    |ap_sync_reg_channel_write_x_local_13_V     |   9|          2|    1|          2|
    |ap_sync_reg_channel_write_x_local_14_V     |   9|          2|    1|          2|
    |ap_sync_reg_channel_write_x_local_15_V     |   9|          2|    1|          2|
    |ap_sync_reg_channel_write_x_local_1_V      |   9|          2|    1|          2|
    |ap_sync_reg_channel_write_x_local_2_V      |   9|          2|    1|          2|
    |ap_sync_reg_channel_write_x_local_3_V      |   9|          2|    1|          2|
    |ap_sync_reg_channel_write_x_local_4_V      |   9|          2|    1|          2|
    |ap_sync_reg_channel_write_x_local_5_V      |   9|          2|    1|          2|
    |ap_sync_reg_channel_write_x_local_6_V      |   9|          2|    1|          2|
    |ap_sync_reg_channel_write_x_local_7_V      |   9|          2|    1|          2|
    |ap_sync_reg_channel_write_x_local_8_V      |   9|          2|    1|          2|
    |ap_sync_reg_channel_write_x_local_9_V      |   9|          2|    1|          2|
    +-------------------------------------------+----+-----------+-----+-----------+
    |Total                                      | 153|         34|   17|         34|
    +-------------------------------------------+----+-----------+-----+-----------+

    * Register: 
    +-------------------------------------------+---+----+-----+-----------+
    |                    Name                   | FF| LUT| Bits| Const Bits|
    +-------------------------------------------+---+----+-----+-----------+
    |ap_sync_reg_channel_write_internal_norm_V  |  1|   0|    1|          0|
    |ap_sync_reg_channel_write_x_local_0_V      |  1|   0|    1|          0|
    |ap_sync_reg_channel_write_x_local_10_V     |  1|   0|    1|          0|
    |ap_sync_reg_channel_write_x_local_11_V     |  1|   0|    1|          0|
    |ap_sync_reg_channel_write_x_local_12_V     |  1|   0|    1|          0|
    |ap_sync_reg_channel_write_x_local_13_V     |  1|   0|    1|          0|
    |ap_sync_reg_channel_write_x_local_14_V     |  1|   0|    1|          0|
    |ap_sync_reg_channel_write_x_local_15_V     |  1|   0|    1|          0|
    |ap_sync_reg_channel_write_x_local_1_V      |  1|   0|    1|          0|
    |ap_sync_reg_channel_write_x_local_2_V      |  1|   0|    1|          0|
    |ap_sync_reg_channel_write_x_local_3_V      |  1|   0|    1|          0|
    |ap_sync_reg_channel_write_x_local_4_V      |  1|   0|    1|          0|
    |ap_sync_reg_channel_write_x_local_5_V      |  1|   0|    1|          0|
    |ap_sync_reg_channel_write_x_local_6_V      |  1|   0|    1|          0|
    |ap_sync_reg_channel_write_x_local_7_V      |  1|   0|    1|          0|
    |ap_sync_reg_channel_write_x_local_8_V      |  1|   0|    1|          0|
    |ap_sync_reg_channel_write_x_local_9_V      |  1|   0|    1|          0|
    +-------------------------------------------+---+----+-----+-----------+
    |Total                                      | 17|   0|   17|          0|
    +-------------------------------------------+---+----+-----+-----------+



================================================================
== Interface
================================================================
* Summary: 
+-------------------+-----+-----+------------+----------------------+--------------+
|     RTL Ports     | Dir | Bits|  Protocol  |     Source Object    |    C Type    |
+-------------------+-----+-----+------------+----------------------+--------------+
|ap_clk             |  in |    1| ap_ctrl_hs | dataflow_in_loop_Bat | return value |
|ap_rst             |  in |    1| ap_ctrl_hs | dataflow_in_loop_Bat | return value |
|ap_done            | out |    1| ap_ctrl_hs | dataflow_in_loop_Bat | return value |
|ap_start           |  in |    1| ap_ctrl_hs | dataflow_in_loop_Bat | return value |
|ap_ready           | out |    1| ap_ctrl_hs | dataflow_in_loop_Bat | return value |
|ap_idle            | out |    1| ap_ctrl_hs | dataflow_in_loop_Bat | return value |
|ap_continue        |  in |    1| ap_ctrl_hs | dataflow_in_loop_Bat | return value |
|in_stream_TDATA    |  in |   64|    axis    |  in_stream_V_data_V  |    pointer   |
|in_stream_TKEEP    |  in |    8|    axis    |  in_stream_V_keep_V  |    pointer   |
|in_stream_TSTRB    |  in |    8|    axis    |  in_stream_V_strb_V  |    pointer   |
|in_stream_TUSER    |  in |    1|    axis    |  in_stream_V_user_V  |    pointer   |
|in_stream_TLAST    |  in |    1|    axis    |  in_stream_V_last_V  |    pointer   |
|in_stream_TID      |  in |    1|    axis    |   in_stream_V_id_V   |    pointer   |
|in_stream_TDEST    |  in |    1|    axis    |  in_stream_V_dest_V  |    pointer   |
|in_stream_TVALID   |  in |    1|    axis    |  in_stream_V_dest_V  |    pointer   |
|in_stream_TREADY   | out |    1|    axis    |  in_stream_V_dest_V  |    pointer   |
|out_stream_TDATA   | out |   32|    axis    |  out_stream_V_data_V |    pointer   |
|out_stream_TKEEP   | out |    1|    axis    |  out_stream_V_keep_V |    pointer   |
|out_stream_TSTRB   | out |    1|    axis    |  out_stream_V_strb_V |    pointer   |
|out_stream_TLAST   | out |    1|    axis    |  out_stream_V_last_V |    pointer   |
|out_stream_TVALID  | out |    1|    axis    |  out_stream_V_last_V |    pointer   |
|out_stream_TREADY  |  in |    1|    axis    |  out_stream_V_last_V |    pointer   |
|n                  |  in |   31|   ap_none  |           n          |    scalar    |
|n_ap_vld           |  in |    1|   ap_none  |           n          |    scalar    |
|num_images         |  in |   32|   ap_none  |      num_images      |    scalar    |
|num_images_ap_vld  |  in |    1|   ap_none  |      num_images      |    scalar    |
+-------------------+-----+-----+------------+----------------------+--------------+

