

================================================================
== Vivado HLS Report for 'load_and_calc_norm51'
================================================================
* Date:           Tue Mar 10 04:31:56 2026

* Version:        2018.2 (Build 2258646 on Thu Jun 14 20:25:20 MDT 2018)
* Project:        MathieuHelpMe
* Solution:       solution1
* Product family: zynq
* Target device:  xc7z020clg484-1


================================================================
== Performance Estimates
================================================================
+ Timing (ns): 
    * Summary: 
    +--------+-------+----------+------------+
    |  Clock | Target| Estimated| Uncertainty|
    +--------+-------+----------+------------+
    |ap_clk  |  10.00|     8.307|        1.25|
    +--------+-------+----------+------------+

+ Latency (clock cycles): 
    * Summary: 
    +-----+-----+-----+-----+---------+
    |  Latency  |  Interval | Pipeline|
    | min | max | min | max |   Type  |
    +-----+-----+-----+-----+---------+
    |   66|   66|   66|   66|   none  |
    +-----+-----+-----+-----+---------+

    + Detail: 
        * Instance: 
        N/A

        * Loop: 
        +----------+-----+-----+----------+-----------+-----------+------+----------+
        |          |  Latency  | Iteration|  Initiation Interval  | Trip |          |
        | Loop Name| min | max |  Latency |  achieved |   target  | Count| Pipelined|
        +----------+-----+-----+----------+-----------+-----------+------+----------+
        |- Loop 1  |   64|   64|         5|          2|          1|    31|    yes   |
        +----------+-----+-----+----------+-----------+-----------+------+----------+



================================================================
== Utilization Estimates
================================================================
* Summary: 
+-----------------+---------+-------+--------+-------+
|       Name      | BRAM_18K| DSP48E|   FF   |  LUT  |
+-----------------+---------+-------+--------+-------+
|DSP              |        -|      -|       -|      -|
|Expression       |        -|      0|       0|   1212|
|FIFO             |        -|      -|       -|      -|
|Instance         |        -|      -|       -|      -|
|Memory           |        -|      -|       -|      -|
|Multiplexer      |        -|      -|       -|    147|
|Register         |        -|      -|     458|      -|
+-----------------+---------+-------+--------+-------+
|Total            |        0|      0|     458|   1359|
+-----------------+---------+-------+--------+-------+
|Available        |      280|    220|  106400|  53200|
+-----------------+---------+-------+--------+-------+
|Utilization (%)  |        0|      0|   ~0   |      2|
+-----------------+---------+-------+--------+-------+

+ Detail: 
    * Instance: 
    N/A

    * DSP48: 
    N/A

    * Memory: 
    N/A

    * FIFO: 
    N/A

    * Expression: 
    +-------------------------------------+----------+-------+---+----+------------+------------+
    |            Variable Name            | Operation| DSP48E| FF| LUT| Bitwidth P0| Bitwidth P1|
    +-------------------------------------+----------+-------+---+----+------------+------------+
    |sq_V_10_fu_340_p2                    |     *    |      0|  0|  41|           8|           8|
    |sq_V_11_fu_358_p2                    |     *    |      0|  0|  41|           8|           8|
    |sq_V_12_fu_376_p2                    |     *    |      0|  0|  41|           8|           8|
    |sq_V_13_fu_394_p2                    |     *    |      0|  0|  41|           8|           8|
    |sq_V_14_fu_412_p2                    |     *    |      0|  0|  41|           8|           8|
    |sq_V_15_fu_430_p2                    |     *    |      0|  0|  41|           8|           8|
    |sq_V_16_fu_448_p2                    |     *    |      0|  0|  41|           8|           8|
    |sq_V_1_fu_507_p2                     |     *    |      0|  0|  41|           8|           8|
    |sq_V_2_fu_524_p2                     |     *    |      0|  0|  41|           8|           8|
    |sq_V_3_fu_541_p2                     |     *    |      0|  0|  41|           8|           8|
    |sq_V_4_fu_558_p2                     |     *    |      0|  0|  41|           8|           8|
    |sq_V_5_fu_575_p2                     |     *    |      0|  0|  41|           8|           8|
    |sq_V_6_fu_309_p2                     |     *    |      0|  0|  41|           8|           8|
    |sq_V_7_fu_592_p2                     |     *    |      0|  0|  41|           8|           8|
    |sq_V_8_fu_609_p2                     |     *    |      0|  0|  41|           8|           8|
    |sq_V_9_fu_330_p2                     |     *    |      0|  0|  41|           8|           8|
    |calculated_norm_V_fu_688_p2          |     +    |      0|  0|  32|          24|          24|
    |g_fu_295_p2                          |     +    |      0|  0|  15|           5|           1|
    |tmp10_fu_653_p2                      |     +    |      0|  0|  32|          24|          24|
    |tmp11_fu_485_p2                      |     +    |      0|  0|  31|          24|          24|
    |tmp12_fu_659_p2                      |     +    |      0|  0|  32|          24|          24|
    |tmp13_fu_677_p2                      |     +    |      0|  0|  32|          24|          24|
    |tmp1_fu_473_p2                       |     +    |      0|  0|  31|          24|          24|
    |tmp2_fu_664_p2                       |     +    |      0|  0|  32|          24|          24|
    |tmp3_fu_630_p2                       |     +    |      0|  0|  32|          24|          24|
    |tmp4_fu_479_p2                       |     +    |      0|  0|  31|          24|          24|
    |tmp5_fu_636_p2                       |     +    |      0|  0|  32|          24|          24|
    |tmp6_fu_668_p2                       |     +    |      0|  0|  32|          24|          24|
    |tmp7_fu_641_p2                       |     +    |      0|  0|  31|          24|          24|
    |tmp8_fu_647_p2                       |     +    |      0|  0|  31|          24|          24|
    |tmp9_fu_673_p2                       |     +    |      0|  0|  32|          24|          24|
    |tmp_fu_467_p2                        |     +    |      0|  0|  31|          24|          24|
    |tmp_s_fu_682_p2                      |     +    |      0|  0|  32|          24|          24|
    |ap_block_pp0_stage0_11001            |    and   |      0|  0|   2|           1|           1|
    |ap_block_pp0_stage1_11001            |    and   |      0|  0|   2|           1|           1|
    |ap_block_state3_pp0_stage1_iter0     |    and   |      0|  0|   2|           1|           1|
    |in_stream_V_data_V_0_load_A          |    and   |      0|  0|   2|           1|           1|
    |in_stream_V_data_V_0_load_B          |    and   |      0|  0|   2|           1|           1|
    |exitcond1_i_i_fu_289_p2              |   icmp   |      0|  0|  11|           5|           2|
    |in_stream_V_data_V_0_state_cmp_full  |   icmp   |      0|  0|   8|           2|           1|
    |ap_block_state1                      |    or    |      0|  0|   2|           1|           1|
    |ap_enable_pp0                        |    xor   |      0|  0|   2|           1|           2|
    |ap_enable_reg_pp0_iter1              |    xor   |      0|  0|   2|           2|           1|
    +-------------------------------------+----------+-------+---+----+------------+------------+
    |Total                                |          |      0|  0|1212|         533|         525|
    +-------------------------------------+----------+-------+---+----+------------+------------+

    * Multiplexer: 
    +--------------------------------+----+-----------+-----+-----------+
    |              Name              | LUT| Input Size| Bits| Total Bits|
    +--------------------------------+----+-----------+-----+-----------+
    |agg_result_V_write_a_reg_191    |   9|          2|   24|         48|
    |ap_NS_fsm                       |  27|          5|    1|          5|
    |ap_done                         |   9|          2|    1|          2|
    |ap_enable_reg_pp0_iter1         |   9|          2|    1|          2|
    |ap_enable_reg_pp0_iter2         |   9|          2|    1|          2|
    |ap_phi_mux_g_i_i_phi_fu_207_p4  |   9|          2|    5|         10|
    |g_i_i_reg_203                   |   9|          2|    5|         10|
    |in_stream_TDATA_blk_n           |   9|          2|    1|          2|
    |in_stream_V_data_V_0_data_out   |   9|          2|   64|        128|
    |in_stream_V_data_V_0_state      |  15|          3|    2|          6|
    |in_stream_V_dest_V_0_state      |  15|          3|    2|          6|
    |n_out_blk_n                     |   9|          2|    1|          2|
    |num_images_out_blk_n            |   9|          2|    1|          2|
    +--------------------------------+----+-----------+-----+-----------+
    |Total                           | 147|         31|  109|        225|
    +--------------------------------+----+-----------+-----+-----------+

    * Register: 
    +-------------------------------------+----+----+-----+-----------+
    |                 Name                | FF | LUT| Bits| Const Bits|
    +-------------------------------------+----+----+-----+-----------+
    |agg_result_V_write_a_reg_191         |  24|   0|   24|          0|
    |ap_CS_fsm                            |   4|   0|    4|          0|
    |ap_done_reg                          |   1|   0|    1|          0|
    |ap_enable_reg_pp0_iter0              |   1|   0|    1|          0|
    |ap_enable_reg_pp0_iter1              |   1|   0|    1|          0|
    |ap_enable_reg_pp0_iter2              |   1|   0|    1|          0|
    |exitcond1_i_i_reg_699                |   1|   0|    1|          0|
    |exitcond1_i_i_reg_699_pp0_iter1_reg  |   1|   0|    1|          0|
    |g_i_i_reg_203                        |   5|   0|    5|          0|
    |g_reg_703                            |   5|   0|    5|          0|
    |in_stream_V_data_V_0_payload_A       |  64|   0|   64|          0|
    |in_stream_V_data_V_0_payload_B       |  64|   0|   64|          0|
    |in_stream_V_data_V_0_sel_rd          |   1|   0|    1|          0|
    |in_stream_V_data_V_0_sel_wr          |   1|   0|    1|          0|
    |in_stream_V_data_V_0_state           |   2|   0|    2|          0|
    |in_stream_V_dest_V_0_state           |   2|   0|    2|          0|
    |p_Result_0_1_i_i_reg_718             |   8|   0|    8|          0|
    |p_Result_0_2_i_i_reg_723             |   8|   0|    8|          0|
    |p_Result_0_3_i_i_reg_728             |   8|   0|    8|          0|
    |p_Result_0_4_i_i_reg_733             |   8|   0|    8|          0|
    |p_Result_0_6_i_i_reg_743             |   8|   0|    8|          0|
    |p_Result_0_7_i_i_reg_748             |   8|   0|    8|          0|
    |sq_V_6_reg_738                       |  16|   0|   16|          0|
    |sq_V_9_reg_753                       |  16|   0|   16|          0|
    |tmp11_reg_773                        |  16|   0|   24|          8|
    |tmp12_reg_793                        |  16|   0|   24|          8|
    |tmp1_reg_763                         |  16|   0|   24|          8|
    |tmp4_reg_768                         |  16|   0|   24|          8|
    |tmp5_reg_778                         |  16|   0|   24|          8|
    |tmp7_reg_783                         |  16|   0|   24|          8|
    |tmp8_reg_788                         |  16|   0|   24|          8|
    |tmp_1_reg_713                        |   8|   0|    8|          0|
    |tmp_data_V_reg_708                   |  64|   0|   64|          0|
    |tmp_reg_758                          |  16|   0|   24|          8|
    +-------------------------------------+----+----+-----+-----------+
    |Total                                | 458|   0|  522|         64|
    +-------------------------------------+----+----+-----+-----------+



================================================================
== Interface
================================================================
* Summary: 
+-----------------------+-----+-----+------------+----------------------+--------------+
|       RTL Ports       | Dir | Bits|  Protocol  |     Source Object    |    C Type    |
+-----------------------+-----+-----+------------+----------------------+--------------+
|ap_clk                 |  in |    1| ap_ctrl_hs | load_and_calc_norm51 | return value |
|ap_rst                 |  in |    1| ap_ctrl_hs | load_and_calc_norm51 | return value |
|ap_start               |  in |    1| ap_ctrl_hs | load_and_calc_norm51 | return value |
|ap_done                | out |    1| ap_ctrl_hs | load_and_calc_norm51 | return value |
|ap_continue            |  in |    1| ap_ctrl_hs | load_and_calc_norm51 | return value |
|ap_idle                | out |    1| ap_ctrl_hs | load_and_calc_norm51 | return value |
|ap_ready               | out |    1| ap_ctrl_hs | load_and_calc_norm51 | return value |
|ap_return              | out |   24| ap_ctrl_hs | load_and_calc_norm51 | return value |
|in_stream_TDATA        |  in |   64|    axis    |  in_stream_V_data_V  |    pointer   |
|in_stream_TVALID       |  in |    1|    axis    |  in_stream_V_dest_V  |    pointer   |
|in_stream_TREADY       | out |    1|    axis    |  in_stream_V_dest_V  |    pointer   |
|in_stream_TDEST        |  in |    1|    axis    |  in_stream_V_dest_V  |    pointer   |
|in_stream_TKEEP        |  in |    8|    axis    |  in_stream_V_keep_V  |    pointer   |
|in_stream_TSTRB        |  in |    8|    axis    |  in_stream_V_strb_V  |    pointer   |
|in_stream_TUSER        |  in |    1|    axis    |  in_stream_V_user_V  |    pointer   |
|in_stream_TLAST        |  in |    1|    axis    |  in_stream_V_last_V  |    pointer   |
|in_stream_TID          |  in |    1|    axis    |   in_stream_V_id_V   |    pointer   |
|x_pack_V_address1      | out |    5|  ap_memory |       x_pack_V       |     array    |
|x_pack_V_ce1           | out |    1|  ap_memory |       x_pack_V       |     array    |
|x_pack_V_we1           | out |    1|  ap_memory |       x_pack_V       |     array    |
|x_pack_V_d1            | out |  128|  ap_memory |       x_pack_V       |     array    |
|n                      |  in |   31|   ap_none  |           n          |    scalar    |
|num_images             |  in |   32|   ap_none  |      num_images      |    scalar    |
|n_out_din              | out |   31|   ap_fifo  |         n_out        |    pointer   |
|n_out_full_n           |  in |    1|   ap_fifo  |         n_out        |    pointer   |
|n_out_write            | out |    1|   ap_fifo  |         n_out        |    pointer   |
|num_images_out_din     | out |   32|   ap_fifo  |    num_images_out    |    pointer   |
|num_images_out_full_n  |  in |    1|   ap_fifo  |    num_images_out    |    pointer   |
|num_images_out_write   | out |    1|   ap_fifo  |    num_images_out    |    pointer   |
+-----------------------+-----+-----+------------+----------------------+--------------+

