

================================================================
== Vivado HLS Report for 'load_and_calc_norm'
================================================================
* Date:           Wed Feb 18 17:52:14 2026

* Version:        2018.2 (Build 2258646 on Thu Jun 14 20:25:20 MDT 2018)
* Project:        ADSD
* Solution:       solution1
* Product family: zynq
* Target device:  xc7z020clg484-1


================================================================
== Performance Estimates
================================================================
+ Timing (ns): 
    * Summary: 
    +--------+-------+----------+------------+
    |  Clock | Target| Estimated| Uncertainty|
    +--------+-------+----------+------------+
    |ap_clk  |  10.00|     8.274|        1.25|
    +--------+-------+----------+------------+

+ Latency (clock cycles): 
    * Summary: 
    +-----+-----+-----+-----+---------+
    |  Latency  |  Interval | Pipeline|
    | min | max | min | max |   Type  |
    +-----+-----+-----+-----+---------+
    |  101|  101|  101|  101|   none  |
    +-----+-----+-----+-----+---------+

    + Detail: 
        * Instance: 
        N/A

        * Loop: 
        +-------------+-----+-----+----------+-----------+-----------+------+----------+
        |             |  Latency  | Iteration|  Initiation Interval  | Trip |          |
        |  Loop Name  | min | max |  Latency |  achieved |   target  | Count| Pipelined|
        +-------------+-----+-----+----------+-----------+-----------+------+----------+
        |- load_loop  |   99|   99|         3|          1|          1|    98|    yes   |
        +-------------+-----+-----+----------+-----------+-----------+------+----------+



================================================================
== Utilization Estimates
================================================================
* Summary: 
+-----------------+---------+-------+--------+-------+
|       Name      | BRAM_18K| DSP48E|   FF   |  LUT  |
+-----------------+---------+-------+--------+-------+
|DSP              |        -|      -|       -|      -|
|Expression       |        -|      0|       0|    630|
|FIFO             |        -|      -|       -|      -|
|Instance         |        -|      -|       -|      -|
|Memory           |        -|      -|       -|      -|
|Multiplexer      |        -|      -|       -|    114|
|Register         |        -|      -|     277|      -|
+-----------------+---------+-------+--------+-------+
|Total            |        0|      0|     277|    744|
+-----------------+---------+-------+--------+-------+
|Available        |      280|    220|  106400|  53200|
+-----------------+---------+-------+--------+-------+
|Utilization (%)  |        0|      0|   ~0   |      1|
+-----------------+---------+-------+--------+-------+

+ Detail: 
    * Instance: 
    N/A

    * DSP48: 
    N/A

    * Memory: 
    N/A

    * FIFO: 
    N/A

    * Expression: 
    +-------------------------------------+----------+-------+---+----+------------+------------+
    |            Variable Name            | Operation| DSP48E| FF| LUT| Bitwidth P0| Bitwidth P1|
    +-------------------------------------+----------+-------+---+----+------------+------------+
    |r_V_1_fu_460_p2                      |     *    |      0|  0|  41|           8|           8|
    |r_V_2_fu_490_p2                      |     *    |      0|  0|  41|           8|           8|
    |r_V_3_fu_512_p2                      |     *    |      0|  0|  41|           8|           8|
    |r_V_4_fu_534_p2                      |     *    |      0|  0|  41|           8|           8|
    |r_V_5_fu_564_p2                      |     *    |      0|  0|  41|           8|           8|
    |r_V_6_fu_594_p2                      |     *    |      0|  0|  41|           8|           8|
    |r_V_7_fu_616_p2                      |     *    |      0|  0|  41|           8|           8|
    |r_V_fu_430_p2                        |     *    |      0|  0|  41|           8|           8|
    |i_1_fu_377_p2                        |     +    |      0|  0|  15|           7|           1|
    |p_Val2_4_7_fu_690_p2                 |     +    |      0|  0|  32|          24|          24|
    |tmp1_fu_668_p2                       |     +    |      0|  0|  32|          24|          24|
    |tmp2_fu_622_p2                       |     +    |      0|  0|  31|          24|          24|
    |tmp3_fu_662_p2                       |     +    |      0|  0|  32|          24|          24|
    |tmp4_fu_679_p2                       |     +    |      0|  0|  32|          24|          24|
    |tmp5_fu_628_p2                       |     +    |      0|  0|  31|          24|          24|
    |tmp6_fu_673_p2                       |     +    |      0|  0|  32|          24|          24|
    |tmp_1_fu_684_p2                      |     +    |      0|  0|  32|          24|          24|
    |ap_block_pp0_stage0_11001            |    and   |      0|  0|   2|           1|           1|
    |ap_block_state3_pp0_stage0_iter1     |    and   |      0|  0|   2|           1|           1|
    |in_stream_V_data_V_0_load_A          |    and   |      0|  0|   2|           1|           1|
    |in_stream_V_data_V_0_load_B          |    and   |      0|  0|   2|           1|           1|
    |exitcond1_fu_371_p2                  |   icmp   |      0|  0|  11|           7|           6|
    |in_stream_V_data_V_0_state_cmp_full  |   icmp   |      0|  0|   8|           2|           1|
    |ap_block_state1                      |    or    |      0|  0|   2|           1|           1|
    |ap_enable_pp0                        |    xor   |      0|  0|   2|           1|           2|
    |ap_enable_reg_pp0_iter1              |    xor   |      0|  0|   2|           2|           1|
    +-------------------------------------+----------+-------+---+----+------------+------------+
    |Total                                |          |      0|  0| 630|         280|         272|
    +-------------------------------------+----------+-------+---+----+------------+------------+

    * Multiplexer: 
    +-------------------------------+----+-----------+-----+-----------+
    |              Name             | LUT| Input Size| Bits| Total Bits|
    +-------------------------------+----+-----------+-----+-----------+
    |ap_NS_fsm                      |  21|          4|    1|          4|
    |ap_done                        |   9|          2|    1|          2|
    |ap_enable_reg_pp0_iter1        |   9|          2|    1|          2|
    |ap_enable_reg_pp0_iter2        |   9|          2|    1|          2|
    |calculated_norm_V_reg_348      |   9|          2|   24|         48|
    |i_reg_360                      |   9|          2|    7|         14|
    |in_stream_TDATA_blk_n          |   9|          2|    1|          2|
    |in_stream_V_data_V_0_data_out  |   9|          2|   64|        128|
    |in_stream_V_data_V_0_state     |  15|          3|    2|          6|
    |in_stream_V_dest_V_0_state     |  15|          3|    2|          6|
    +-------------------------------+----+-----------+-----+-----------+
    |Total                          | 114|         24|  104|        214|
    +-------------------------------+----+-----------+-----+-----------+

    * Register: 
    +---------------------------------+----+----+-----+-----------+
    |               Name              | FF | LUT| Bits| Const Bits|
    +---------------------------------+----+----+-----+-----------+
    |ap_CS_fsm                        |   3|   0|    3|          0|
    |ap_done_reg                      |   1|   0|    1|          0|
    |ap_enable_reg_pp0_iter0          |   1|   0|    1|          0|
    |ap_enable_reg_pp0_iter1          |   1|   0|    1|          0|
    |ap_enable_reg_pp0_iter2          |   1|   0|    1|          0|
    |calculated_norm_V_reg_348        |  24|   0|   24|          0|
    |exitcond1_reg_696                |   1|   0|    1|          0|
    |exitcond1_reg_696_pp0_iter1_reg  |   1|   0|    1|          0|
    |i_reg_360                        |   7|   0|    7|          0|
    |in_stream_V_data_V_0_payload_A   |  64|   0|   64|          0|
    |in_stream_V_data_V_0_payload_B   |  64|   0|   64|          0|
    |in_stream_V_data_V_0_sel_rd      |   1|   0|    1|          0|
    |in_stream_V_data_V_0_sel_wr      |   1|   0|    1|          0|
    |in_stream_V_data_V_0_state       |   2|   0|    2|          0|
    |in_stream_V_dest_V_0_state       |   2|   0|    2|          0|
    |r_V_2_reg_714                    |  16|   0|   16|          0|
    |r_V_3_reg_719                    |  16|   0|   16|          0|
    |r_V_6_reg_724                    |  16|   0|   16|          0|
    |r_V_7_reg_729                    |  16|   0|   16|          0|
    |tmp2_reg_734                     |  16|   0|   24|          8|
    |tmp5_reg_739                     |  16|   0|   24|          8|
    |tmp_2_cast_reg_709               |   6|   0|    6|          0|
    |tmp_2_reg_705                    |   1|   0|    1|          0|
    +---------------------------------+----+----+-----+-----------+
    |Total                            | 277|   0|  293|         16|
    +---------------------------------+----+----+-----+-----------+



================================================================
== Interface
================================================================
* Summary: 
+-----------------------+-----+-----+------------+--------------------+--------------+
|       RTL Ports       | Dir | Bits|  Protocol  |    Source Object   |    C Type    |
+-----------------------+-----+-----+------------+--------------------+--------------+
|ap_clk                 |  in |    1| ap_ctrl_hs | load_and_calc_norm | return value |
|ap_rst                 |  in |    1| ap_ctrl_hs | load_and_calc_norm | return value |
|ap_start               |  in |    1| ap_ctrl_hs | load_and_calc_norm | return value |
|ap_done                | out |    1| ap_ctrl_hs | load_and_calc_norm | return value |
|ap_continue            |  in |    1| ap_ctrl_hs | load_and_calc_norm | return value |
|ap_idle                | out |    1| ap_ctrl_hs | load_and_calc_norm | return value |
|ap_ready               | out |    1| ap_ctrl_hs | load_and_calc_norm | return value |
|ap_return              | out |   24| ap_ctrl_hs | load_and_calc_norm | return value |
|in_stream_TDATA        |  in |   64|    axis    | in_stream_V_data_V |    pointer   |
|in_stream_TVALID       |  in |    1|    axis    | in_stream_V_dest_V |    pointer   |
|in_stream_TREADY       | out |    1|    axis    | in_stream_V_dest_V |    pointer   |
|in_stream_TDEST        |  in |    1|    axis    | in_stream_V_dest_V |    pointer   |
|in_stream_TKEEP        |  in |    8|    axis    | in_stream_V_keep_V |    pointer   |
|in_stream_TSTRB        |  in |    8|    axis    | in_stream_V_strb_V |    pointer   |
|in_stream_TUSER        |  in |    1|    axis    | in_stream_V_user_V |    pointer   |
|in_stream_TLAST        |  in |    1|    axis    | in_stream_V_last_V |    pointer   |
|in_stream_TID          |  in |    1|    axis    |  in_stream_V_id_V  |    pointer   |
|x_local_0_V_address0   | out |    6|  ap_memory |     x_local_0_V    |     array    |
|x_local_0_V_ce0        | out |    1|  ap_memory |     x_local_0_V    |     array    |
|x_local_0_V_we0        | out |    1|  ap_memory |     x_local_0_V    |     array    |
|x_local_0_V_d0         | out |    8|  ap_memory |     x_local_0_V    |     array    |
|x_local_1_V_address0   | out |    6|  ap_memory |     x_local_1_V    |     array    |
|x_local_1_V_ce0        | out |    1|  ap_memory |     x_local_1_V    |     array    |
|x_local_1_V_we0        | out |    1|  ap_memory |     x_local_1_V    |     array    |
|x_local_1_V_d0         | out |    8|  ap_memory |     x_local_1_V    |     array    |
|x_local_2_V_address0   | out |    6|  ap_memory |     x_local_2_V    |     array    |
|x_local_2_V_ce0        | out |    1|  ap_memory |     x_local_2_V    |     array    |
|x_local_2_V_we0        | out |    1|  ap_memory |     x_local_2_V    |     array    |
|x_local_2_V_d0         | out |    8|  ap_memory |     x_local_2_V    |     array    |
|x_local_3_V_address0   | out |    6|  ap_memory |     x_local_3_V    |     array    |
|x_local_3_V_ce0        | out |    1|  ap_memory |     x_local_3_V    |     array    |
|x_local_3_V_we0        | out |    1|  ap_memory |     x_local_3_V    |     array    |
|x_local_3_V_d0         | out |    8|  ap_memory |     x_local_3_V    |     array    |
|x_local_4_V_address0   | out |    6|  ap_memory |     x_local_4_V    |     array    |
|x_local_4_V_ce0        | out |    1|  ap_memory |     x_local_4_V    |     array    |
|x_local_4_V_we0        | out |    1|  ap_memory |     x_local_4_V    |     array    |
|x_local_4_V_d0         | out |    8|  ap_memory |     x_local_4_V    |     array    |
|x_local_5_V_address0   | out |    6|  ap_memory |     x_local_5_V    |     array    |
|x_local_5_V_ce0        | out |    1|  ap_memory |     x_local_5_V    |     array    |
|x_local_5_V_we0        | out |    1|  ap_memory |     x_local_5_V    |     array    |
|x_local_5_V_d0         | out |    8|  ap_memory |     x_local_5_V    |     array    |
|x_local_6_V_address0   | out |    6|  ap_memory |     x_local_6_V    |     array    |
|x_local_6_V_ce0        | out |    1|  ap_memory |     x_local_6_V    |     array    |
|x_local_6_V_we0        | out |    1|  ap_memory |     x_local_6_V    |     array    |
|x_local_6_V_d0         | out |    8|  ap_memory |     x_local_6_V    |     array    |
|x_local_7_V_address0   | out |    6|  ap_memory |     x_local_7_V    |     array    |
|x_local_7_V_ce0        | out |    1|  ap_memory |     x_local_7_V    |     array    |
|x_local_7_V_we0        | out |    1|  ap_memory |     x_local_7_V    |     array    |
|x_local_7_V_d0         | out |    8|  ap_memory |     x_local_7_V    |     array    |
|x_local_8_V_address0   | out |    6|  ap_memory |     x_local_8_V    |     array    |
|x_local_8_V_ce0        | out |    1|  ap_memory |     x_local_8_V    |     array    |
|x_local_8_V_we0        | out |    1|  ap_memory |     x_local_8_V    |     array    |
|x_local_8_V_d0         | out |    8|  ap_memory |     x_local_8_V    |     array    |
|x_local_9_V_address0   | out |    6|  ap_memory |     x_local_9_V    |     array    |
|x_local_9_V_ce0        | out |    1|  ap_memory |     x_local_9_V    |     array    |
|x_local_9_V_we0        | out |    1|  ap_memory |     x_local_9_V    |     array    |
|x_local_9_V_d0         | out |    8|  ap_memory |     x_local_9_V    |     array    |
|x_local_10_V_address0  | out |    6|  ap_memory |    x_local_10_V    |     array    |
|x_local_10_V_ce0       | out |    1|  ap_memory |    x_local_10_V    |     array    |
|x_local_10_V_we0       | out |    1|  ap_memory |    x_local_10_V    |     array    |
|x_local_10_V_d0        | out |    8|  ap_memory |    x_local_10_V    |     array    |
|x_local_11_V_address0  | out |    6|  ap_memory |    x_local_11_V    |     array    |
|x_local_11_V_ce0       | out |    1|  ap_memory |    x_local_11_V    |     array    |
|x_local_11_V_we0       | out |    1|  ap_memory |    x_local_11_V    |     array    |
|x_local_11_V_d0        | out |    8|  ap_memory |    x_local_11_V    |     array    |
|x_local_12_V_address0  | out |    6|  ap_memory |    x_local_12_V    |     array    |
|x_local_12_V_ce0       | out |    1|  ap_memory |    x_local_12_V    |     array    |
|x_local_12_V_we0       | out |    1|  ap_memory |    x_local_12_V    |     array    |
|x_local_12_V_d0        | out |    8|  ap_memory |    x_local_12_V    |     array    |
|x_local_13_V_address0  | out |    6|  ap_memory |    x_local_13_V    |     array    |
|x_local_13_V_ce0       | out |    1|  ap_memory |    x_local_13_V    |     array    |
|x_local_13_V_we0       | out |    1|  ap_memory |    x_local_13_V    |     array    |
|x_local_13_V_d0        | out |    8|  ap_memory |    x_local_13_V    |     array    |
|x_local_14_V_address0  | out |    6|  ap_memory |    x_local_14_V    |     array    |
|x_local_14_V_ce0       | out |    1|  ap_memory |    x_local_14_V    |     array    |
|x_local_14_V_we0       | out |    1|  ap_memory |    x_local_14_V    |     array    |
|x_local_14_V_d0        | out |    8|  ap_memory |    x_local_14_V    |     array    |
|x_local_15_V_address0  | out |    6|  ap_memory |    x_local_15_V    |     array    |
|x_local_15_V_ce0       | out |    1|  ap_memory |    x_local_15_V    |     array    |
|x_local_15_V_we0       | out |    1|  ap_memory |    x_local_15_V    |     array    |
|x_local_15_V_d0        | out |    8|  ap_memory |    x_local_15_V    |     array    |
+-----------------------+-----+-----+------------+--------------------+--------------+

