

================================================================
== Vivado HLS Report for 'p_ADSD_Classifier_cp_1'
================================================================
* Date:           Wed Feb 18 17:52:31 2026

* Version:        2018.2 (Build 2258646 on Thu Jun 14 20:25:20 MDT 2018)
* Project:        ADSD
* Solution:       solution1
* Product family: zynq
* Target device:  xc7z020clg484-1


================================================================
== Performance Estimates
================================================================
+ Timing (ns): 
    * Summary: 
    +--------+-------+----------+------------+
    |  Clock | Target| Estimated| Uncertainty|
    +--------+-------+----------+------------+
    |ap_clk  |  10.00|     5.624|        1.25|
    +--------+-------+----------+------------+

+ Latency (clock cycles): 
    * Summary: 
    +-----+-----+-----+-----+---------+
    |  Latency  |  Interval | Pipeline|
    | min | max | min | max |   Type  |
    +-----+-----+-----+-----+---------+
    |    0|    0|    0|    0|   none  |
    +-----+-----+-----+-----+---------+

    + Detail: 
        * Instance: 
        N/A

        * Loop: 
        N/A



================================================================
== Utilization Estimates
================================================================
* Summary: 
+-----------------+---------+-------+--------+-------+
|       Name      | BRAM_18K| DSP48E|   FF   |  LUT  |
+-----------------+---------+-------+--------+-------+
|DSP              |        -|      -|       -|      -|
|Expression       |        -|      -|       0|     15|
|FIFO             |        -|      -|       -|      -|
|Instance         |        -|      -|       -|      -|
|Memory           |        -|      -|       -|      -|
|Multiplexer      |        -|      -|       -|     27|
|Register         |        -|      -|       3|      -|
+-----------------+---------+-------+--------+-------+
|Total            |        0|      0|       3|     42|
+-----------------+---------+-------+--------+-------+
|Available        |      280|    220|  106400|  53200|
+-----------------+---------+-------+--------+-------+
|Utilization (%)  |        0|      0|   ~0   |   ~0  |
+-----------------+---------+-------+--------+-------+

+ Detail: 
    * Instance: 
    N/A

    * DSP48: 
    N/A

    * Memory: 
    N/A

    * FIFO: 
    N/A

    * Expression: 
    +---------------------------+----------+-------+---+----+------------+------------+
    |       Variable Name       | Operation| DSP48E| FF| LUT| Bitwidth P0| Bitwidth P1|
    +---------------------------+----------+-------+---+----+------------+------------+
    |out_val_last_V_i_fu_35_p2  |   icmp   |      0|  0|  13|          12|          12|
    |ap_block_state1            |    or    |      0|  0|   2|           1|           1|
    +---------------------------+----------+-------+---+----+------------+------------+
    |Total                      |          |      0|  0|  15|          13|          13|
    +---------------------------+----------+-------+---+----+------------+------------+

    * Multiplexer: 
    +---------------+----+-----------+-----+-----------+
    |      Name     | LUT| Input Size| Bits| Total Bits|
    +---------------+----+-----------+-----+-----------+
    |ap_done        |   9|          2|    1|          2|
    |n_0_i_i_blk_n  |   9|          2|    1|          2|
    |tmp_last_V22   |   9|          2|    1|          2|
    +---------------+----+-----------+-----+-----------+
    |Total          |  27|          6|    3|          6|
    +---------------+----+-----------+-----+-----------+

    * Register: 
    +-------------------+---+----+-----+-----------+
    |        Name       | FF| LUT| Bits| Const Bits|
    +-------------------+---+----+-----+-----------+
    |ap_CS_fsm          |  1|   0|    1|          0|
    |ap_done_reg        |  1|   0|    1|          0|
    |tmp_last_V22_preg  |  1|   0|    1|          0|
    +-------------------+---+----+-----+-----------+
    |Total              |  3|   0|    3|          0|
    +-------------------+---+----+-----+-----------+



================================================================
== Interface
================================================================
* Summary: 
+---------------------+-----+-----+------------+------------------------+--------------+
|      RTL Ports      | Dir | Bits|  Protocol  |      Source Object     |    C Type    |
+---------------------+-----+-----+------------+------------------------+--------------+
|ap_clk               |  in |    1| ap_ctrl_hs | __ADSD/Classifier.cp.1 | return value |
|ap_rst               |  in |    1| ap_ctrl_hs | __ADSD/Classifier.cp.1 | return value |
|ap_start             |  in |    1| ap_ctrl_hs | __ADSD/Classifier.cp.1 | return value |
|ap_done              | out |    1| ap_ctrl_hs | __ADSD/Classifier.cp.1 | return value |
|ap_continue          |  in |    1| ap_ctrl_hs | __ADSD/Classifier.cp.1 | return value |
|ap_idle              | out |    1| ap_ctrl_hs | __ADSD/Classifier.cp.1 | return value |
|ap_ready             | out |    1| ap_ctrl_hs | __ADSD/Classifier.cp.1 | return value |
|n_0_i_i_dout         |  in |   12|   ap_fifo  |         n_0_i_i        |    pointer   |
|n_0_i_i_empty_n      |  in |    1|   ap_fifo  |         n_0_i_i        |    pointer   |
|n_0_i_i_read         | out |    1|   ap_fifo  |         n_0_i_i        |    pointer   |
|tmp_last_V22         | out |    1|   ap_vld   |      tmp_last_V22      |    pointer   |
|tmp_last_V22_ap_vld  | out |    1|   ap_vld   |      tmp_last_V22      |    pointer   |
+---------------------+-----+-----+------------+------------------------+--------------+

