

================================================================
== Vivado HLS Report for 'p_ADSD_Classifier_cp'
================================================================
* Date:           Wed Feb 18 17:52:32 2026

* Version:        2018.2 (Build 2258646 on Thu Jun 14 20:25:20 MDT 2018)
* Project:        ADSD
* Solution:       solution1
* Product family: zynq
* Target device:  xc7z020clg484-1


================================================================
== Performance Estimates
================================================================
+ Timing (ns): 
    * Summary: 
    +--------+-------+----------+------------+
    |  Clock | Target| Estimated| Uncertainty|
    +--------+-------+----------+------------+
    |ap_clk  |  10.00|     0.000|        1.25|
    +--------+-------+----------+------------+

+ Latency (clock cycles): 
    * Summary: 
    +-----+-----+-----+-----+---------+
    |  Latency  |  Interval | Pipeline|
    | min | max | min | max |   Type  |
    +-----+-----+-----+-----+---------+
    |    0|    0|    0|    0|   none  |
    +-----+-----+-----+-----+---------+

    + Detail: 
        * Instance: 
        N/A

        * Loop: 
        N/A



================================================================
== Utilization Estimates
================================================================
* Summary: 
+-----------------+---------+-------+--------+-------+
|       Name      | BRAM_18K| DSP48E|   FF   |  LUT  |
+-----------------+---------+-------+--------+-------+
|DSP              |        -|      -|       -|      -|
|Expression       |        -|      -|       0|      4|
|FIFO             |        -|      -|       -|      -|
|Instance         |        -|      -|       -|      -|
|Memory           |        -|      -|       -|      -|
|Multiplexer      |        -|      -|       -|     27|
|Register         |        -|      -|       3|      -|
+-----------------+---------+-------+--------+-------+
|Total            |        0|      0|       3|     31|
+-----------------+---------+-------+--------+-------+
|Available        |      280|    220|  106400|  53200|
+-----------------+---------+-------+--------+-------+
|Utilization (%)  |        0|      0|   ~0   |   ~0  |
+-----------------+---------+-------+--------+-------+

+ Detail: 
    * Instance: 
    N/A

    * DSP48: 
    N/A

    * Memory: 
    N/A

    * FIFO: 
    N/A

    * Expression: 
    +-----------------+----------+-------+---+----+------------+------------+
    |  Variable Name  | Operation| DSP48E| FF| LUT| Bitwidth P0| Bitwidth P1|
    +-----------------+----------+-------+---+----+------------+------------+
    |ap_condition_63  |    and   |      0|  0|   2|           1|           1|
    |ap_block_state1  |    or    |      0|  0|   2|           1|           1|
    +-----------------+----------+-------+---+----+------------+------------+
    |Total            |          |      0|  0|   4|           2|           2|
    +-----------------+----------+-------+---+----+------------+------------+

    * Multiplexer: 
    +----------------------------------+----+-----------+-----+-----------+
    |               Name               | LUT| Input Size| Bits| Total Bits|
    +----------------------------------+----+-----------+-----+-----------+
    |ap_done                           |   9|          2|    1|          2|
    |ap_sig_ioackin_out_stream_TREADY  |   9|          2|    1|          2|
    |out_stream_TDATA_blk_n            |   9|          2|    1|          2|
    +----------------------------------+----+-----------+-----+-----------+
    |Total                             |  27|          6|    3|          6|
    +----------------------------------+----+-----------+-----+-----------+

    * Register: 
    +----------------------------------+---+----+-----+-----------+
    |               Name               | FF| LUT| Bits| Const Bits|
    +----------------------------------+---+----+-----+-----------+
    |ap_CS_fsm                         |  1|   0|    1|          0|
    |ap_done_reg                       |  1|   0|    1|          0|
    |ap_reg_ioackin_out_stream_TREADY  |  1|   0|    1|          0|
    +----------------------------------+---+----+-----+-----------+
    |Total                             |  3|   0|    3|          0|
    +----------------------------------+---+----+-----+-----------+



================================================================
== Interface
================================================================
* Summary: 
+-------------------+-----+-----+------------+----------------------+--------------+
|     RTL Ports     | Dir | Bits|  Protocol  |     Source Object    |    C Type    |
+-------------------+-----+-----+------------+----------------------+--------------+
|ap_clk             |  in |    1| ap_ctrl_hs | __ADSD/Classifier.cp | return value |
|ap_rst             |  in |    1| ap_ctrl_hs | __ADSD/Classifier.cp | return value |
|ap_start           |  in |    1| ap_ctrl_hs | __ADSD/Classifier.cp | return value |
|ap_done            | out |    1| ap_ctrl_hs | __ADSD/Classifier.cp | return value |
|ap_continue        |  in |    1| ap_ctrl_hs | __ADSD/Classifier.cp | return value |
|ap_idle            | out |    1| ap_ctrl_hs | __ADSD/Classifier.cp | return value |
|ap_ready           | out |    1| ap_ctrl_hs | __ADSD/Classifier.cp | return value |
|out_stream_TDATA   | out |   32|    axis    |  out_stream_V_data_V |    pointer   |
|out_stream_TVALID  | out |    1|    axis    |  out_stream_V_last_V |    pointer   |
|out_stream_TREADY  |  in |    1|    axis    |  out_stream_V_last_V |    pointer   |
|out_stream_TLAST   | out |    1|    axis    |  out_stream_V_last_V |    pointer   |
|out_stream_TKEEP   | out |    1|    axis    |  out_stream_V_keep_V |    pointer   |
|out_stream_TSTRB   | out |    1|    axis    |  out_stream_V_strb_V |    pointer   |
|tmp_data_V19       |  in |   32|   ap_none  |     tmp_data_V19     |    pointer   |
|tmp_keep_V20       |  in |    1|   ap_none  |     tmp_keep_V20     |    pointer   |
|tmp_strb_V21       |  in |    1|   ap_none  |     tmp_strb_V21     |    pointer   |
|tmp_last_V22       |  in |    1|   ap_none  |     tmp_last_V22     |    pointer   |
+-------------------+-----+-----+------------+----------------------+--------------+

