

================================================================
== Vivado HLS Report for 'classify'
================================================================
* Date:           Wed Feb 11 20:56:36 2026

* Version:        2018.2 (Build 2258646 on Thu Jun 14 20:25:20 MDT 2018)
* Project:        ADSD
* Solution:       solution1
* Product family: zynq
* Target device:  xc7z020clg484-1


================================================================
== Performance Estimates
================================================================
+ Timing (ns): 
    * Summary: 
    +--------+-------+----------+------------+
    |  Clock | Target| Estimated| Uncertainty|
    +--------+-------+----------+------------+
    |ap_clk  |  10.00|     8.833|        1.25|
    +--------+-------+----------+------------+

+ Latency (clock cycles): 
    * Summary: 
    +------+------+-----+-----+----------+
    |   Latency   |  Interval | Pipeline |
    |  min |  max | min | max |   Type   |
    +------+------+-----+-----+----------+
    |  1064|  1064|  957|  957| dataflow |
    +------+------+-----+-----+----------+

    + Detail: 
        * Instance: 
        N/A

        * Loop: 
        N/A

============================================================
+ Verbose Summary: Synthesis Manager
============================================================
InlineROM: 1
ExposeGlobal: 0
============================================================
+ Verbose Summary: CDFG Model
============================================================
IsTopModel: 1
ResetActiveHigh: 1
IsCombinational: 2
IsDatapathOnly: 0
HasWiredReturn: 1
HasMFsm: 0
HasVarLatency: 1
IsPipeline: 0
IsRtlPipelined: 0
IsInstanceOverlapped: 0
IsDontTouch: 0
HasImplIP: 0
IsGatedGlobalClock: 0


============================================================
+ Verbose Summary: Schedule
============================================================
* Number of FSM states : 4
* Pipeline : 0
* Dataflow Pipeline: 1
  DF-Pipeline-0: Size = 4, States = { 1 2 3 4 }

* FSM state transitions: 
1 --> 
	2  / true
2 --> 
	3  / true
3 --> 
	4  / true
4 --> 

* FSM state operations: 

State 1 <SV = 0> <Delay = 4.63>
ST_1 : Operation 5 [1/1] (1.00ns)   --->   "%x_norm_in_V_read = call i24 @_ssdm_op_Read.s_axilite.i24(i24 %x_norm_in_V)"   --->   Operation 5 'read' 'x_norm_in_V_read' <Predicate = true> <Delay = 1.00> <Core = "s_axilite">   --->   Core 10 's_axilite' <Latency = 0> <II = 1> <Delay = 1.00> <Adapter> <Opcode : 'read' 'write'>
ST_1 : Operation 6 [1/1] (1.00ns)   --->   "%x_V_read = call i32 @_ssdm_op_Read.s_axilite.i32(i32 %x_V)"   --->   Operation 6 'read' 'x_V_read' <Predicate = true> <Delay = 1.00> <Core = "s_axilite">   --->   Core 10 's_axilite' <Latency = 0> <II = 1> <Delay = 1.00> <Adapter> <Opcode : 'read' 'write'>
ST_1 : Operation 7 [1/1] (0.00ns)   --->   "%x_norm_in_V_c = alloca i24, align 4"   --->   Operation 7 'alloca' 'x_norm_in_V_c' <Predicate = true> <Delay = 0.00> <Core = "FIFO">   --->   Core 32 'FIFO' <Latency = 0> <II = 1> <Delay = 3.63> <Storage> <Opcode : 'read' 'write' 'nbread' 'nbwrite'> <Ports = 0> <Width = 24> <Depth = 2> <FIFO>
ST_1 : Operation 8 [1/1] (0.00ns)   --->   "%x_local_0_V = alloca [49 x i8], align 1" [ADSD/Classifier.cpp:98]   --->   Operation 8 'alloca' 'x_local_0_V' <Predicate = true> <Delay = 0.00>
ST_1 : Operation 9 [1/1] (0.00ns)   --->   "%x_local_1_V = alloca [49 x i8], align 1" [ADSD/Classifier.cpp:98]   --->   Operation 9 'alloca' 'x_local_1_V' <Predicate = true> <Delay = 0.00>
ST_1 : Operation 10 [1/1] (0.00ns)   --->   "%x_local_2_V = alloca [49 x i8], align 1" [ADSD/Classifier.cpp:98]   --->   Operation 10 'alloca' 'x_local_2_V' <Predicate = true> <Delay = 0.00>
ST_1 : Operation 11 [1/1] (0.00ns)   --->   "%x_local_3_V = alloca [49 x i8], align 1" [ADSD/Classifier.cpp:98]   --->   Operation 11 'alloca' 'x_local_3_V' <Predicate = true> <Delay = 0.00>
ST_1 : Operation 12 [1/1] (0.00ns)   --->   "%x_local_4_V = alloca [49 x i8], align 1" [ADSD/Classifier.cpp:98]   --->   Operation 12 'alloca' 'x_local_4_V' <Predicate = true> <Delay = 0.00>
ST_1 : Operation 13 [1/1] (0.00ns)   --->   "%x_local_5_V = alloca [49 x i8], align 1" [ADSD/Classifier.cpp:98]   --->   Operation 13 'alloca' 'x_local_5_V' <Predicate = true> <Delay = 0.00>
ST_1 : Operation 14 [1/1] (0.00ns)   --->   "%x_local_6_V = alloca [49 x i8], align 1" [ADSD/Classifier.cpp:98]   --->   Operation 14 'alloca' 'x_local_6_V' <Predicate = true> <Delay = 0.00>
ST_1 : Operation 15 [1/1] (0.00ns)   --->   "%x_local_7_V = alloca [49 x i8], align 1" [ADSD/Classifier.cpp:98]   --->   Operation 15 'alloca' 'x_local_7_V' <Predicate = true> <Delay = 0.00>
ST_1 : Operation 16 [1/1] (0.00ns)   --->   "%x_local_8_V = alloca [49 x i8], align 1" [ADSD/Classifier.cpp:98]   --->   Operation 16 'alloca' 'x_local_8_V' <Predicate = true> <Delay = 0.00>
ST_1 : Operation 17 [1/1] (0.00ns)   --->   "%x_local_9_V = alloca [49 x i8], align 1" [ADSD/Classifier.cpp:98]   --->   Operation 17 'alloca' 'x_local_9_V' <Predicate = true> <Delay = 0.00>
ST_1 : Operation 18 [1/1] (0.00ns)   --->   "%x_local_10_V = alloca [49 x i8], align 1" [ADSD/Classifier.cpp:98]   --->   Operation 18 'alloca' 'x_local_10_V' <Predicate = true> <Delay = 0.00>
ST_1 : Operation 19 [1/1] (0.00ns)   --->   "%x_local_11_V = alloca [49 x i8], align 1" [ADSD/Classifier.cpp:98]   --->   Operation 19 'alloca' 'x_local_11_V' <Predicate = true> <Delay = 0.00>
ST_1 : Operation 20 [1/1] (0.00ns)   --->   "%x_local_12_V = alloca [49 x i8], align 1" [ADSD/Classifier.cpp:98]   --->   Operation 20 'alloca' 'x_local_12_V' <Predicate = true> <Delay = 0.00>
ST_1 : Operation 21 [1/1] (0.00ns)   --->   "%x_local_13_V = alloca [49 x i8], align 1" [ADSD/Classifier.cpp:98]   --->   Operation 21 'alloca' 'x_local_13_V' <Predicate = true> <Delay = 0.00>
ST_1 : Operation 22 [1/1] (0.00ns)   --->   "%x_local_14_V = alloca [49 x i8], align 1" [ADSD/Classifier.cpp:98]   --->   Operation 22 'alloca' 'x_local_14_V' <Predicate = true> <Delay = 0.00>
ST_1 : Operation 23 [1/1] (0.00ns)   --->   "%x_local_15_V = alloca [49 x i8], align 1" [ADSD/Classifier.cpp:98]   --->   Operation 23 'alloca' 'x_local_15_V' <Predicate = true> <Delay = 0.00>
ST_1 : Operation 24 [2/2] (3.63ns)   --->   "call fastcc void @load_data48(i64* %gmem, i32 %x_V_read, [49 x i8]* nocapture %x_local_0_V, [49 x i8]* nocapture %x_local_1_V, [49 x i8]* nocapture %x_local_2_V, [49 x i8]* nocapture %x_local_3_V, [49 x i8]* nocapture %x_local_4_V, [49 x i8]* nocapture %x_local_5_V, [49 x i8]* nocapture %x_local_6_V, [49 x i8]* nocapture %x_local_7_V, [49 x i8]* nocapture %x_local_8_V, [49 x i8]* nocapture %x_local_9_V, [49 x i8]* nocapture %x_local_10_V, [49 x i8]* nocapture %x_local_11_V, [49 x i8]* nocapture %x_local_12_V, [49 x i8]* nocapture %x_local_13_V, [49 x i8]* nocapture %x_local_14_V, [49 x i8]* nocapture %x_local_15_V, i24 %x_norm_in_V_read, i24* %x_norm_in_V_c)"   --->   Operation 24 'call' <Predicate = true> <Delay = 3.63> <CoreType = "Generic">   --->   Core 0 '' <Latency = 0> <II = 1> <Delay = 1.00> <Generic> <Opcode : >

State 2 <SV = 1> <Delay = 0.00>
ST_2 : Operation 25 [1/2] (0.00ns)   --->   "call fastcc void @load_data48(i64* %gmem, i32 %x_V_read, [49 x i8]* nocapture %x_local_0_V, [49 x i8]* nocapture %x_local_1_V, [49 x i8]* nocapture %x_local_2_V, [49 x i8]* nocapture %x_local_3_V, [49 x i8]* nocapture %x_local_4_V, [49 x i8]* nocapture %x_local_5_V, [49 x i8]* nocapture %x_local_6_V, [49 x i8]* nocapture %x_local_7_V, [49 x i8]* nocapture %x_local_8_V, [49 x i8]* nocapture %x_local_9_V, [49 x i8]* nocapture %x_local_10_V, [49 x i8]* nocapture %x_local_11_V, [49 x i8]* nocapture %x_local_12_V, [49 x i8]* nocapture %x_local_13_V, [49 x i8]* nocapture %x_local_14_V, [49 x i8]* nocapture %x_local_15_V, i24 %x_norm_in_V_read, i24* %x_norm_in_V_c)"   --->   Operation 25 'call' <Predicate = true> <Delay = 0.00> <CoreType = "Generic">   --->   Core 0 '' <Latency = 0> <II = 1> <Delay = 1.00> <Generic> <Opcode : >

State 3 <SV = 2> <Delay = 0.00>
ST_3 : Operation 26 [2/2] (0.00ns)   --->   "%result = call fastcc double @compute_class([49 x i8]* %x_local_0_V, [49 x i8]* %x_local_1_V, [49 x i8]* %x_local_2_V, [49 x i8]* %x_local_3_V, [49 x i8]* %x_local_4_V, [49 x i8]* %x_local_5_V, [49 x i8]* %x_local_6_V, [49 x i8]* %x_local_7_V, [49 x i8]* %x_local_8_V, [49 x i8]* %x_local_9_V, [49 x i8]* %x_local_10_V, [49 x i8]* %x_local_11_V, [49 x i8]* %x_local_12_V, [49 x i8]* %x_local_13_V, [49 x i8]* %x_local_14_V, [49 x i8]* %x_local_15_V, i24* %x_norm_in_V_c)" [ADSD/Classifier.cpp:107]   --->   Operation 26 'call' 'result' <Predicate = true> <Delay = 0.00> <Core = "FIFO">   --->   Core 32 'FIFO' <Latency = 0> <II = 1> <Delay = 3.63> <Storage> <Opcode : 'read' 'write' 'nbread' 'nbwrite'> <Ports = 0> <Width = 24> <Depth = 2> <FIFO>

State 4 <SV = 3> <Delay = 3.12>
ST_4 : Operation 27 [1/1] (0.00ns)   --->   "call void (...)* @_ssdm_op_SpecBitsMap(i64* %gmem), !map !179"   --->   Operation 27 'specbitsmap' <Predicate = true> <Delay = 0.00>
ST_4 : Operation 28 [1/1] (0.00ns)   --->   "call void (...)* @_ssdm_op_SpecDataflowPipeline(i32 -1, [1 x i8]* @p_str) nounwind" [ADSD/Classifier.cpp:102]   --->   Operation 28 'specdataflowpipeline' <Predicate = true> <Delay = 0.00>
ST_4 : Operation 29 [1/1] (0.00ns)   --->   "call void (...)* @_ssdm_op_SpecBitsMap(i24 %x_norm_in_V), !map !185"   --->   Operation 29 'specbitsmap' <Predicate = true> <Delay = 0.00>
ST_4 : Operation 30 [1/1] (0.00ns)   --->   "call void (...)* @_ssdm_op_SpecBitsMap(double 0.000000e+00) nounwind, !map !191"   --->   Operation 30 'specbitsmap' <Predicate = true> <Delay = 0.00>
ST_4 : Operation 31 [1/1] (0.00ns)   --->   "call void (...)* @_ssdm_op_SpecTopModule([9 x i8]* @classify_str) nounwind"   --->   Operation 31 'spectopmodule' <Predicate = true> <Delay = 0.00>
ST_4 : Operation 32 [1/1] (0.00ns)   --->   "call void (...)* @_ssdm_op_SpecInterface(i64* %gmem, [6 x i8]* @p_str15, i32 0, i32 0, [1 x i8]* @p_str, i32 0, i32 98, [5 x i8]* @p_str16, [6 x i8]* @p_str17, [1 x i8]* @p_str, i32 16, i32 16, i32 16, i32 16, [1 x i8]* @p_str, [1 x i8]* @p_str)"   --->   Operation 32 'specinterface' <Predicate = true> <Delay = 0.00>
ST_4 : Operation 33 [1/1] (0.00ns)   --->   "call void (...)* @_ssdm_op_SpecInterface(i32 %x_V, [10 x i8]* @mode, i32 0, i32 0, [1 x i8]* @p_str, i32 0, i32 98, [1 x i8]* @bundle, [6 x i8]* @p_str17, [1 x i8]* @p_str, i32 16, i32 16, i32 16, i32 16, [1 x i8]* @p_str, [1 x i8]* @p_str)"   --->   Operation 33 'specinterface' <Predicate = true> <Delay = 0.00>
ST_4 : Operation 34 [1/1] (0.00ns)   --->   "call void (...)* @_ssdm_op_SpecInterface(i24 %x_norm_in_V, [10 x i8]* @p_str18, i32 0, i32 0, [1 x i8]* @p_str, i32 0, i32 0, [8 x i8]* @p_str19, [1 x i8]* @p_str, [1 x i8]* @p_str, i32 0, i32 0, i32 0, i32 0, [1 x i8]* @p_str, [1 x i8]* @p_str) nounwind" [ADSD/Classifier.cpp:86]   --->   Operation 34 'specinterface' <Predicate = true> <Delay = 0.00>
ST_4 : Operation 35 [1/1] (0.00ns)   --->   "call void (...)* @_ssdm_op_SpecInterface(i32 0, [10 x i8]* @p_str18, i32 0, i32 0, [1 x i8]* @p_str, i32 0, i32 0, [8 x i8]* @p_str19, [1 x i8]* @p_str, [1 x i8]* @p_str, i32 0, i32 0, i32 0, i32 0, [1 x i8]* @p_str, [1 x i8]* @p_str) nounwind" [ADSD/Classifier.cpp:87]   --->   Operation 35 'specinterface' <Predicate = true> <Delay = 0.00>
ST_4 : Operation 36 [1/1] (0.00ns)   --->   "%empty = call i32 (...)* @_ssdm_op_SpecChannel([14 x i8]* @x_norm_in_OC_V_c_str, i32 1, [1 x i8]* @p_str, [1 x i8]* @p_str, i32 2, i32 0, i24* %x_norm_in_V_c, i24* %x_norm_in_V_c)"   --->   Operation 36 'specchannel' 'empty' <Predicate = true> <Delay = 0.00>
ST_4 : Operation 37 [1/1] (0.00ns)   --->   "call void (...)* @_ssdm_op_SpecInterface(i24* %x_norm_in_V_c, [8 x i8]* @ap_fifo_str, i32 0, i32 0, [1 x i8]* @p_str, i32 0, i32 0, [1 x i8]* @p_str, [1 x i8]* @p_str, [1 x i8]* @p_str, i32 2, i32 2, i32 16, i32 16, [1 x i8]* @p_str, [1 x i8]* @p_str)"   --->   Operation 37 'specinterface' <Predicate = true> <Delay = 0.00>
ST_4 : Operation 38 [1/2] (3.12ns)   --->   "%result = call fastcc double @compute_class([49 x i8]* %x_local_0_V, [49 x i8]* %x_local_1_V, [49 x i8]* %x_local_2_V, [49 x i8]* %x_local_3_V, [49 x i8]* %x_local_4_V, [49 x i8]* %x_local_5_V, [49 x i8]* %x_local_6_V, [49 x i8]* %x_local_7_V, [49 x i8]* %x_local_8_V, [49 x i8]* %x_local_9_V, [49 x i8]* %x_local_10_V, [49 x i8]* %x_local_11_V, [49 x i8]* %x_local_12_V, [49 x i8]* %x_local_13_V, [49 x i8]* %x_local_14_V, [49 x i8]* %x_local_15_V, i24* %x_norm_in_V_c)" [ADSD/Classifier.cpp:107]   --->   Operation 38 'call' 'result' <Predicate = true> <Delay = 3.12> <Core = "FIFO">   --->   Core 32 'FIFO' <Latency = 0> <II = 1> <Delay = 3.63> <Storage> <Opcode : 'read' 'write' 'nbread' 'nbwrite'> <Ports = 0> <Width = 24> <Depth = 2> <FIFO>
ST_4 : Operation 39 [1/1] (0.00ns)   --->   "%result_load_loc_chan = call fastcc double @Block__proc(double %result)" [ADSD/Classifier.cpp:107]   --->   Operation 39 'call' 'result_load_loc_chan' <Predicate = true> <Delay = 0.00> <Core = "FIFO">   --->   Core 32 'FIFO' <Latency = 0> <II = 1> <Delay = 3.63> <Storage> <Opcode : 'read' 'write' 'nbread' 'nbwrite'> <Ports = 0> <Width = 24> <Depth = 2> <FIFO>
ST_4 : Operation 40 [1/1] (0.00ns)   --->   "%tmp = call fastcc double @"__ADSD/Classifier.cp"(double %result_load_loc_chan)" [ADSD/Classifier.cpp:107]   --->   Operation 40 'call' 'tmp' <Predicate = true> <Delay = 0.00> <CoreType = "Generic">   --->   Core 0 '' <Latency = 0> <II = 1> <Delay = 1.00> <Generic> <Opcode : >
ST_4 : Operation 41 [1/1] (0.00ns)   --->   "ret double %tmp" [ADSD/Classifier.cpp:109]   --->   Operation 41 'ret' <Predicate = true> <Delay = 0.00>


============================================================
+ Verbose Summary: Timing violations
============================================================
Target clock period: 10ns, clock uncertainty: 1.25ns.

 <State 1>: 4.63ns
The critical path consists of the following:
	s_axi read on port 'x_norm_in_V' [53]  (1 ns)
	'call' operation to 'load_data48' [82]  (3.63 ns)

 <State 2>: 0ns
The critical path consists of the following:

 <State 3>: 0ns
The critical path consists of the following:

 <State 4>: 3.12ns
The critical path consists of the following:
	'call' operation ('result', ADSD/Classifier.cpp:107) to 'compute_class' [83]  (3.12 ns)


============================================================
+ Verbose Summary: Binding
============================================================
N/A
* FSMD analyzer results:
  - Output states:
 - Input state : 
  - Chain level:
	State 1
	State 2
	State 3
	State 4


============================================================
+ Verbose Summary: Datapath Resource usage 
============================================================
N/A
