

================================================================
== Vivado HLS Report for 'classify'
================================================================
* Date:           Tue Feb 24 23:51:04 2026

* Version:        2018.2 (Build 2258646 on Thu Jun 14 20:25:20 MDT 2018)
* Project:        ADSD
* Solution:       solution1
* Product family: zynq
* Target device:  xc7z020clg484-1


================================================================
== Performance Estimates
================================================================
+ Timing (ns): 
    * Summary: 
    +--------+-------+----------+------------+
    |  Clock | Target| Estimated| Uncertainty|
    +--------+-------+----------+------------+
    |ap_clk  |  10.00|     9.599|        1.25|
    +--------+-------+----------+------------+

+ Latency (clock cycles): 
    * Summary: 
    +---------+---------+---------+---------+---------+
    |      Latency      |      Interval     | Pipeline|
    |   min   |   max   |   min   |   max   |   Type  |
    +---------+---------+---------+---------+---------+
    |  2413832|  2413832|  2413832|  2413832|   none  |
    +---------+---------+---------+---------+---------+

    + Detail: 
        * Instance: 
        +-------------------------+----------------------+------+------+-----+-----+----------+
        |                         |                      |   Latency   |  Interval | Pipeline |
        |         Instance        |        Module        |  min |  max | min | max |   Type   |
        +-------------------------+----------------------+------+------+-----+-----+----------+
        |dataflow_in_loop_Bat_U0  |dataflow_in_loop_Bat  |  1029|  1029|  928|  928| dataflow |
        +-------------------------+----------------------+------+------+-----+-----+----------+

        * Loop: 
        +--------------+---------+---------+----------+-----------+-----------+------+----------+
        |              |      Latency      | Iteration|  Initiation Interval  | Trip |          |
        |   Loop Name  |   min   |   max   |  Latency |  achieved |   target  | Count| Pipelined|
        +--------------+---------+---------+----------+-----------+-----------+------+----------+
        |- Batch_Loop  |  2413830|  2413830|      1031|          -|          -|  2601|    no    |
        +--------------+---------+---------+----------+-----------+-----------+------+----------+



================================================================
== Utilization Estimates
================================================================
* Summary: 
+-----------------+---------+-------+--------+-------+
|       Name      | BRAM_18K| DSP48E|   FF   |  LUT  |
+-----------------+---------+-------+--------+-------+
|DSP              |        -|      -|       -|      -|
|Expression       |        -|      -|       0|     24|
|FIFO             |        -|      -|       -|      -|
|Instance         |      116|      1|    8587|  28431|
|Memory           |        -|      -|       -|      -|
|Multiplexer      |        -|      -|       -|     18|
|Register         |        -|      -|      26|      -|
+-----------------+---------+-------+--------+-------+
|Total            |      116|      1|    8613|  28473|
+-----------------+---------+-------+--------+-------+
|Available        |      280|    220|  106400|  53200|
+-----------------+---------+-------+--------+-------+
|Utilization (%)  |       41|   ~0  |       8|     53|
+-----------------+---------+-------+--------+-------+

+ Detail: 
    * Instance: 
    +--------------------------+------------------------+---------+-------+------+-------+
    |         Instance         |         Module         | BRAM_18K| DSP48E|  FF  |  LUT  |
    +--------------------------+------------------------+---------+-------+------+-------+
    |classify_control_s_axi_U  |classify_control_s_axi  |        0|      0|    74|    104|
    |dataflow_in_loop_Bat_U0   |dataflow_in_loop_Bat    |      116|      1|  8513|  28327|
    +--------------------------+------------------------+---------+-------+------+-------+
    |Total                     |                        |      116|      1|  8587|  28431|
    +--------------------------+------------------------+---------+-------+------+-------+

    * DSP48: 
    N/A

    * Memory: 
    N/A

    * FIFO: 
    N/A

    * Expression: 
    +----------------------------+----------+-------+---+----+------------+------------+
    |        Variable Name       | Operation| DSP48E| FF| LUT| Bitwidth P0| Bitwidth P1|
    +----------------------------+----------+-------+---+----+------------+------------+
    |loop_dataflow_input_count   |     +    |      0|  0|  12|          12|           1|
    |loop_dataflow_output_count  |     +    |      0|  0|  12|          12|           1|
    +----------------------------+----------+-------+---+----+------------+------------+
    |Total                       |          |      0|  0|  24|          24|           2|
    +----------------------------+----------+-------+---+----+------------+------------+

    * Multiplexer: 
    +----------------------------+----+-----------+-----+-----------+
    |            Name            | LUT| Input Size| Bits| Total Bits|
    +----------------------------+----+-----------+-----+-----------+
    |loop_dataflow_input_count   |   9|          2|   12|         24|
    |loop_dataflow_output_count  |   9|          2|   12|         24|
    +----------------------------+----+-----------+-----+-----------+
    |Total                       |  18|          4|   24|         48|
    +----------------------------+----+-----------+-----+-----------+

    * Register: 
    +----------------------------+----+----+-----+-----------+
    |            Name            | FF | LUT| Bits| Const Bits|
    +----------------------------+----+----+-----+-----------+
    |loop_dataflow_busy          |   1|   0|    1|          0|
    |loop_dataflow_enable        |   1|   0|    1|          0|
    |loop_dataflow_input_count   |  12|   0|   12|          0|
    |loop_dataflow_output_count  |  12|   0|   12|          0|
    +----------------------------+----+----+-----+-----------+
    |Total                       |  26|   0|   26|          0|
    +----------------------------+----+----+-----+-----------+



================================================================
== Interface
================================================================
* Summary: 
+-----------------------+-----+-----+------------+---------------------+--------------+
|       RTL Ports       | Dir | Bits|  Protocol  |    Source Object    |    C Type    |
+-----------------------+-----+-----+------------+---------------------+--------------+
|s_axi_control_AWVALID  |  in |    1|    s_axi   |       control       |    scalar    |
|s_axi_control_AWREADY  | out |    1|    s_axi   |       control       |    scalar    |
|s_axi_control_AWADDR   |  in |    5|    s_axi   |       control       |    scalar    |
|s_axi_control_WVALID   |  in |    1|    s_axi   |       control       |    scalar    |
|s_axi_control_WREADY   | out |    1|    s_axi   |       control       |    scalar    |
|s_axi_control_WDATA    |  in |   32|    s_axi   |       control       |    scalar    |
|s_axi_control_WSTRB    |  in |    4|    s_axi   |       control       |    scalar    |
|s_axi_control_ARVALID  |  in |    1|    s_axi   |       control       |    scalar    |
|s_axi_control_ARREADY  | out |    1|    s_axi   |       control       |    scalar    |
|s_axi_control_ARADDR   |  in |    5|    s_axi   |       control       |    scalar    |
|s_axi_control_RVALID   | out |    1|    s_axi   |       control       |    scalar    |
|s_axi_control_RREADY   |  in |    1|    s_axi   |       control       |    scalar    |
|s_axi_control_RDATA    | out |   32|    s_axi   |       control       |    scalar    |
|s_axi_control_RRESP    | out |    2|    s_axi   |       control       |    scalar    |
|s_axi_control_BVALID   | out |    1|    s_axi   |       control       |    scalar    |
|s_axi_control_BREADY   |  in |    1|    s_axi   |       control       |    scalar    |
|s_axi_control_BRESP    | out |    2|    s_axi   |       control       |    scalar    |
|ap_clk                 |  in |    1| ap_ctrl_hs |       classify      | return value |
|ap_rst_n               |  in |    1| ap_ctrl_hs |       classify      | return value |
|interrupt              | out |    1| ap_ctrl_hs |       classify      | return value |
|in_stream_TDATA        |  in |   64|    axis    |  in_stream_V_data_V |    pointer   |
|in_stream_TKEEP        |  in |    8|    axis    |  in_stream_V_keep_V |    pointer   |
|in_stream_TSTRB        |  in |    8|    axis    |  in_stream_V_strb_V |    pointer   |
|in_stream_TUSER        |  in |    1|    axis    |  in_stream_V_user_V |    pointer   |
|in_stream_TLAST        |  in |    1|    axis    |  in_stream_V_last_V |    pointer   |
|in_stream_TID          |  in |    1|    axis    |   in_stream_V_id_V  |    pointer   |
|in_stream_TDEST        |  in |    1|    axis    |  in_stream_V_dest_V |    pointer   |
|in_stream_TVALID       |  in |    1|    axis    |  in_stream_V_dest_V |    pointer   |
|in_stream_TREADY       | out |    1|    axis    |  in_stream_V_dest_V |    pointer   |
|out_stream_TDATA       | out |   32|    axis    | out_stream_V_data_V |    pointer   |
|out_stream_TKEEP       | out |    1|    axis    | out_stream_V_keep_V |    pointer   |
|out_stream_TSTRB       | out |    1|    axis    | out_stream_V_strb_V |    pointer   |
|out_stream_TLAST       | out |    1|    axis    | out_stream_V_last_V |    pointer   |
|out_stream_TVALID      | out |    1|    axis    | out_stream_V_last_V |    pointer   |
|out_stream_TREADY      |  in |    1|    axis    | out_stream_V_last_V |    pointer   |
+-----------------------+-----+-----+------------+---------------------+--------------+

============================================================
+ Verbose Summary: Synthesis Manager
============================================================
InlineROM: 1
ExposeGlobal: 0
============================================================
+ Verbose Summary: CDFG Model
============================================================
IsTopModel: 1
ResetActiveHigh: 1
IsCombinational: 2
IsDatapathOnly: 2
HasWiredReturn: 1
HasMFsm: 0
HasVarLatency: 1
IsPipeline: 0
IsRtlPipelined: 0
IsInstanceOverlapped: 0
IsDontTouch: 0
HasImplIP: 0
IsGatedGlobalClock: 0


============================================================
+ Verbose Summary: Schedule
============================================================
* Number of FSM states : 4
* Pipeline : 0
* Dataflow Pipeline: 1
  DF-Pipeline-0: Size = 2, States = { 2 3 }

* FSM state transitions: 
1 --> 
	2  / true
2 --> 
	3  / (!exitcond_i_i)
	4  / (exitcond_i_i)
3 --> 
	2  / (!exitcond_i_i)
4 --> 

* FSM state operations: 

State 1 <SV = 0> <Delay = 1.76>
ST_1 : Operation 5 [1/1] (0.00ns)   --->   "call void (...)* @_ssdm_op_SpecBitsMap(i64* %in_stream_V_data_V), !map !179"   --->   Operation 5 'specbitsmap' <Predicate = true> <Delay = 0.00>
ST_1 : Operation 6 [1/1] (0.00ns)   --->   "call void (...)* @_ssdm_op_SpecBitsMap(i8* %in_stream_V_keep_V), !map !185"   --->   Operation 6 'specbitsmap' <Predicate = true> <Delay = 0.00>
ST_1 : Operation 7 [1/1] (0.00ns)   --->   "call void (...)* @_ssdm_op_SpecBitsMap(i8* %in_stream_V_strb_V), !map !189"   --->   Operation 7 'specbitsmap' <Predicate = true> <Delay = 0.00>
ST_1 : Operation 8 [1/1] (0.00ns)   --->   "call void (...)* @_ssdm_op_SpecBitsMap(i1* %in_stream_V_user_V), !map !193"   --->   Operation 8 'specbitsmap' <Predicate = true> <Delay = 0.00>
ST_1 : Operation 9 [1/1] (0.00ns)   --->   "call void (...)* @_ssdm_op_SpecBitsMap(i1* %in_stream_V_last_V), !map !197"   --->   Operation 9 'specbitsmap' <Predicate = true> <Delay = 0.00>
ST_1 : Operation 10 [1/1] (0.00ns)   --->   "call void (...)* @_ssdm_op_SpecBitsMap(i1* %in_stream_V_id_V), !map !201"   --->   Operation 10 'specbitsmap' <Predicate = true> <Delay = 0.00>
ST_1 : Operation 11 [1/1] (0.00ns)   --->   "call void (...)* @_ssdm_op_SpecBitsMap(i1* %in_stream_V_dest_V), !map !205"   --->   Operation 11 'specbitsmap' <Predicate = true> <Delay = 0.00>
ST_1 : Operation 12 [1/1] (0.00ns)   --->   "call void (...)* @_ssdm_op_SpecBitsMap(i32* %out_stream_V_data_V), !map !209"   --->   Operation 12 'specbitsmap' <Predicate = true> <Delay = 0.00>
ST_1 : Operation 13 [1/1] (0.00ns)   --->   "call void (...)* @_ssdm_op_SpecBitsMap(i1* %out_stream_V_keep_V), !map !213"   --->   Operation 13 'specbitsmap' <Predicate = true> <Delay = 0.00>
ST_1 : Operation 14 [1/1] (0.00ns)   --->   "call void (...)* @_ssdm_op_SpecBitsMap(i1* %out_stream_V_strb_V), !map !217"   --->   Operation 14 'specbitsmap' <Predicate = true> <Delay = 0.00>
ST_1 : Operation 15 [1/1] (0.00ns)   --->   "call void (...)* @_ssdm_op_SpecBitsMap(i1* %out_stream_V_last_V), !map !221"   --->   Operation 15 'specbitsmap' <Predicate = true> <Delay = 0.00>
ST_1 : Operation 16 [1/1] (0.00ns)   --->   "call void (...)* @_ssdm_op_SpecBitsMap(i32 %num_images), !map !225"   --->   Operation 16 'specbitsmap' <Predicate = true> <Delay = 0.00>
ST_1 : Operation 17 [1/1] (0.00ns)   --->   "call void (...)* @_ssdm_op_SpecTopModule([9 x i8]* @classify_str) nounwind"   --->   Operation 17 'spectopmodule' <Predicate = true> <Delay = 0.00>
ST_1 : Operation 18 [1/1] (0.00ns)   --->   "call void (...)* @_ssdm_op_SpecInterface(i64* %in_stream_V_data_V, i8* %in_stream_V_keep_V, i8* %in_stream_V_strb_V, i1* %in_stream_V_user_V, i1* %in_stream_V_last_V, i1* %in_stream_V_id_V, i1* %in_stream_V_dest_V, [5 x i8]* @p_str15, i32 1, i32 1, [5 x i8]* @p_str16, i32 0, i32 0, [1 x i8]* @p_str, [1 x i8]* @p_str, [1 x i8]* @p_str, i32 0, i32 0, i32 0, i32 0, [1 x i8]* @p_str, [1 x i8]* @p_str) nounwind" [ADSD/Classifier.cpp:114]   --->   Operation 18 'specinterface' <Predicate = true> <Delay = 0.00>
ST_1 : Operation 19 [1/1] (0.00ns)   --->   "call void (...)* @_ssdm_op_SpecInterface(i32* %out_stream_V_data_V, i1* %out_stream_V_keep_V, i1* %out_stream_V_strb_V, i1* %out_stream_V_last_V, [5 x i8]* @p_str15, i32 1, i32 1, [5 x i8]* @p_str16, i32 0, i32 0, [1 x i8]* @p_str, [1 x i8]* @p_str, [1 x i8]* @p_str, i32 0, i32 0, i32 0, i32 0, [1 x i8]* @p_str, [1 x i8]* @p_str) nounwind" [ADSD/Classifier.cpp:115]   --->   Operation 19 'specinterface' <Predicate = true> <Delay = 0.00>
ST_1 : Operation 20 [1/1] (0.00ns)   --->   "call void (...)* @_ssdm_op_SpecInterface(i32 %num_images, [10 x i8]* @p_str17, i32 0, i32 0, [1 x i8]* @p_str, i32 0, i32 0, [8 x i8]* @p_str18, [1 x i8]* @p_str, [1 x i8]* @p_str, i32 0, i32 0, i32 0, i32 0, [1 x i8]* @p_str, [1 x i8]* @p_str) nounwind" [ADSD/Classifier.cpp:116]   --->   Operation 20 'specinterface' <Predicate = true> <Delay = 0.00>
ST_1 : Operation 21 [1/1] (0.00ns)   --->   "call void (...)* @_ssdm_op_SpecInterface(i32 0, [10 x i8]* @p_str17, i32 0, i32 0, [1 x i8]* @p_str, i32 0, i32 0, [8 x i8]* @p_str18, [1 x i8]* @p_str, [1 x i8]* @p_str, i32 0, i32 0, i32 0, i32 0, [1 x i8]* @p_str, [1 x i8]* @p_str) nounwind" [ADSD/Classifier.cpp:117]   --->   Operation 21 'specinterface' <Predicate = true> <Delay = 0.00>
ST_1 : Operation 22 [1/1] (1.76ns)   --->   "br label %0"   --->   Operation 22 'br' <Predicate = true> <Delay = 1.76>

State 2 <SV = 1> <Delay = 1.99>
ST_2 : Operation 23 [1/1] (0.00ns)   --->   "%n_0_i_i = phi i12 [ 0, %codeRepl ], [ %n, %1 ]"   --->   Operation 23 'phi' 'n_0_i_i' <Predicate = true> <Delay = 0.00>
ST_2 : Operation 24 [1/1] (1.99ns)   --->   "%exitcond_i_i = icmp eq i12 %n_0_i_i, -1495" [ADSD/Classifier.cpp:128]   --->   Operation 24 'icmp' 'exitcond_i_i' <Predicate = true> <Delay = 1.99> <Core = "Cmp">   --->   Core 25 'Cmp' <Latency = 0> <II = 1> <Delay = 1.55> <FuncUnit> <Opcode : 'icmp'> <InPorts = 2> <OutPorts = 1>
ST_2 : Operation 25 [1/1] (0.00ns)   --->   "%empty = call i32 (...)* @_ssdm_op_SpecLoopTripCount(i64 2601, i64 2601, i64 2601)"   --->   Operation 25 'speclooptripcount' 'empty' <Predicate = true> <Delay = 0.00>
ST_2 : Operation 26 [1/1] (0.00ns)   --->   "call void (...)* @_ssdm_op_SpecDataflowPipeline(i32 -1, [21 x i8]* @dataflow_parent_loop, i12 %n_0_i_i, i12 -1495)" [ADSD/Classifier.cpp:128]   --->   Operation 26 'specdataflowpipeline' <Predicate = true> <Delay = 0.00>
ST_2 : Operation 27 [1/1] (1.54ns)   --->   "%n = add i12 %n_0_i_i, 1" [ADSD/Classifier.cpp:128]   --->   Operation 27 'add' 'n' <Predicate = true> <Delay = 1.54> <Core = "AddSub">   --->   Core 14 'AddSub' <Latency = 0> <II = 1> <Delay = 1.54> <FuncUnit> <Opcode : 'add' 'sub'> <InPorts = 2> <OutPorts = 1>
ST_2 : Operation 28 [1/1] (0.00ns)   --->   "br i1 %exitcond_i_i, label %classify_.exit, label %1" [ADSD/Classifier.cpp:128]   --->   Operation 28 'br' <Predicate = true> <Delay = 0.00>
ST_2 : Operation 29 [2/2] (0.00ns)   --->   "call fastcc void @dataflow_in_loop_Bat(i64* %in_stream_V_data_V, i8* %in_stream_V_keep_V, i8* %in_stream_V_strb_V, i1* %in_stream_V_user_V, i1* %in_stream_V_last_V, i1* %in_stream_V_id_V, i1* %in_stream_V_dest_V, i32* %out_stream_V_data_V, i1* %out_stream_V_keep_V, i1* %out_stream_V_strb_V, i1* %out_stream_V_last_V, i12 %n_0_i_i)" [ADSD/Classifier.cpp:128]   --->   Operation 29 'call' <Predicate = (!exitcond_i_i)> <Delay = 0.00> <CoreType = "Generic">   --->   Core 0 '' <Latency = 0> <II = 1> <Delay = 1.00> <Generic> <Opcode : >

State 3 <SV = 2> <Delay = 0.00>
ST_3 : Operation 30 [1/1] (0.00ns)   --->   "call void (...)* @_ssdm_op_SpecLoopName([11 x i8]* @p_str20) nounwind" [ADSD/Classifier.cpp:128]   --->   Operation 30 'specloopname' <Predicate = (!exitcond_i_i)> <Delay = 0.00>
ST_3 : Operation 31 [1/2] (0.00ns)   --->   "call fastcc void @dataflow_in_loop_Bat(i64* %in_stream_V_data_V, i8* %in_stream_V_keep_V, i8* %in_stream_V_strb_V, i1* %in_stream_V_user_V, i1* %in_stream_V_last_V, i1* %in_stream_V_id_V, i1* %in_stream_V_dest_V, i32* %out_stream_V_data_V, i1* %out_stream_V_keep_V, i1* %out_stream_V_strb_V, i1* %out_stream_V_last_V, i12 %n_0_i_i)" [ADSD/Classifier.cpp:128]   --->   Operation 31 'call' <Predicate = (!exitcond_i_i)> <Delay = 0.00> <CoreType = "Generic">   --->   Core 0 '' <Latency = 0> <II = 1> <Delay = 1.00> <Generic> <Opcode : >
ST_3 : Operation 32 [1/1] (0.00ns)   --->   "br label %0" [ADSD/Classifier.cpp:128]   --->   Operation 32 'br' <Predicate = (!exitcond_i_i)> <Delay = 0.00>

State 4 <SV = 3> <Delay = 0.00>
ST_4 : Operation 33 [1/1] (0.00ns)   --->   "ret void" [ADSD/Classifier.cpp:138]   --->   Operation 33 'ret' <Predicate = true> <Delay = 0.00>


============================================================
+ Verbose Summary: Binding
============================================================
STG Binding: 
---------------- STG Properties BEGIN ----------------
- Is combinational: 0
- Is one-state seq: 0
- Is datapath-only: 0
- Is pipelined: 0
- Is top level: 1
Port [ Return ] is wired: 1; IO mode=ap_ctrl_hs:ce=0
Port [ in_stream_V_data_V]:  wired=1; compound=1; hidden=0; nouse=0; global=0; static=0; extern=0; dir=0; type=0; pingpong=0; private_global=0; IO mode=axis:ce=0
Port [ in_stream_V_keep_V]:  wired=1; compound=1; hidden=0; nouse=0; global=0; static=0; extern=0; dir=0; type=0; pingpong=0; private_global=0; IO mode=axis:ce=0
Port [ in_stream_V_strb_V]:  wired=1; compound=1; hidden=0; nouse=0; global=0; static=0; extern=0; dir=0; type=0; pingpong=0; private_global=0; IO mode=axis:ce=0
Port [ in_stream_V_user_V]:  wired=1; compound=1; hidden=0; nouse=0; global=0; static=0; extern=0; dir=0; type=0; pingpong=0; private_global=0; IO mode=axis:ce=0
Port [ in_stream_V_last_V]:  wired=1; compound=1; hidden=0; nouse=0; global=0; static=0; extern=0; dir=0; type=0; pingpong=0; private_global=0; IO mode=axis:ce=0
Port [ in_stream_V_id_V]:  wired=1; compound=1; hidden=0; nouse=0; global=0; static=0; extern=0; dir=0; type=0; pingpong=0; private_global=0; IO mode=axis:ce=0
Port [ in_stream_V_dest_V]:  wired=1; compound=1; hidden=0; nouse=0; global=0; static=0; extern=0; dir=0; type=0; pingpong=0; private_global=0; IO mode=axis:ce=0
Port [ out_stream_V_data_V]:  wired=1; compound=1; hidden=0; nouse=0; global=0; static=0; extern=0; dir=1; type=0; pingpong=0; private_global=0; IO mode=axis:ce=0
Port [ out_stream_V_keep_V]:  wired=1; compound=1; hidden=0; nouse=0; global=0; static=0; extern=0; dir=1; type=0; pingpong=0; private_global=0; IO mode=axis:ce=0
Port [ out_stream_V_strb_V]:  wired=1; compound=1; hidden=0; nouse=0; global=0; static=0; extern=0; dir=1; type=0; pingpong=0; private_global=0; IO mode=axis:ce=0
Port [ out_stream_V_last_V]:  wired=1; compound=1; hidden=0; nouse=0; global=0; static=0; extern=0; dir=1; type=0; pingpong=0; private_global=0; IO mode=axis:ce=0
Port [ num_images]:  wired=1; compound=0; hidden=0; nouse=1; global=0; static=0; extern=0; dir=0; type=0; pingpong=0; private_global=0; IO mode=ap_none:ce=0
Port [ svs_V_0]:  wired=0; compound=1; hidden=1; nouse=1; global=1; static=1; extern=0; dir=0; type=1; pingpong=0; private_global=0; linkage=7; visibility=0; MemPort=[1]; IO mode=ap_memory:ce=0
Port [ svs_V_1]:  wired=0; compound=1; hidden=1; nouse=1; global=1; static=1; extern=0; dir=0; type=1; pingpong=0; private_global=0; linkage=7; visibility=0; MemPort=[1]; IO mode=ap_memory:ce=0
Port [ svs_V_2]:  wired=0; compound=1; hidden=1; nouse=1; global=1; static=1; extern=0; dir=0; type=1; pingpong=0; private_global=0; linkage=7; visibility=0; MemPort=[1]; IO mode=ap_memory:ce=0
Port [ svs_V_3]:  wired=0; compound=1; hidden=1; nouse=1; global=1; static=1; extern=0; dir=0; type=1; pingpong=0; private_global=0; linkage=7; visibility=0; MemPort=[1]; IO mode=ap_memory:ce=0
Port [ svs_V_4]:  wired=0; compound=1; hidden=1; nouse=1; global=1; static=1; extern=0; dir=0; type=1; pingpong=0; private_global=0; linkage=7; visibility=0; MemPort=[1]; IO mode=ap_memory:ce=0
Port [ svs_V_5]:  wired=0; compound=1; hidden=1; nouse=1; global=1; static=1; extern=0; dir=0; type=1; pingpong=0; private_global=0; linkage=7; visibility=0; MemPort=[1]; IO mode=ap_memory:ce=0
Port [ svs_V_6]:  wired=0; compound=1; hidden=1; nouse=1; global=1; static=1; extern=0; dir=0; type=1; pingpong=0; private_global=0; linkage=7; visibility=0; MemPort=[1]; IO mode=ap_memory:ce=0
Port [ svs_V_7]:  wired=0; compound=1; hidden=1; nouse=1; global=1; static=1; extern=0; dir=0; type=1; pingpong=0; private_global=0; linkage=7; visibility=0; MemPort=[1]; IO mode=ap_memory:ce=0
Port [ svs_V_8]:  wired=0; compound=1; hidden=1; nouse=1; global=1; static=1; extern=0; dir=0; type=1; pingpong=0; private_global=0; linkage=7; visibility=0; MemPort=[1]; IO mode=ap_memory:ce=0
Port [ svs_V_9]:  wired=0; compound=1; hidden=1; nouse=1; global=1; static=1; extern=0; dir=0; type=1; pingpong=0; private_global=0; linkage=7; visibility=0; MemPort=[1]; IO mode=ap_memory:ce=0
Port [ svs_V_10]:  wired=0; compound=1; hidden=1; nouse=1; global=1; static=1; extern=0; dir=0; type=1; pingpong=0; private_global=0; linkage=7; visibility=0; MemPort=[1]; IO mode=ap_memory:ce=0
Port [ svs_V_11]:  wired=0; compound=1; hidden=1; nouse=1; global=1; static=1; extern=0; dir=0; type=1; pingpong=0; private_global=0; linkage=7; visibility=0; MemPort=[1]; IO mode=ap_memory:ce=0
Port [ svs_V_12]:  wired=0; compound=1; hidden=1; nouse=1; global=1; static=1; extern=0; dir=0; type=1; pingpong=0; private_global=0; linkage=7; visibility=0; MemPort=[1]; IO mode=ap_memory:ce=0
Port [ svs_V_13]:  wired=0; compound=1; hidden=1; nouse=1; global=1; static=1; extern=0; dir=0; type=1; pingpong=0; private_global=0; linkage=7; visibility=0; MemPort=[1]; IO mode=ap_memory:ce=0
Port [ svs_V_14]:  wired=0; compound=1; hidden=1; nouse=1; global=1; static=1; extern=0; dir=0; type=1; pingpong=0; private_global=0; linkage=7; visibility=0; MemPort=[1]; IO mode=ap_memory:ce=0
Port [ svs_V_15]:  wired=0; compound=1; hidden=1; nouse=1; global=1; static=1; extern=0; dir=0; type=1; pingpong=0; private_global=0; linkage=7; visibility=0; MemPort=[1]; IO mode=ap_memory:ce=0
Port [ alphas_V_044]:  wired=0; compound=1; hidden=1; nouse=1; global=1; static=1; extern=0; dir=0; type=1; pingpong=0; private_global=0; linkage=7; visibility=0; MemPort=[1]; IO mode=ap_memory:ce=0
Port [ alphas_V_145]:  wired=0; compound=1; hidden=1; nouse=1; global=1; static=1; extern=0; dir=0; type=1; pingpong=0; private_global=0; linkage=7; visibility=0; MemPort=[1]; IO mode=ap_memory:ce=0
Port [ alphas_V_252]:  wired=0; compound=1; hidden=1; nouse=1; global=1; static=1; extern=0; dir=0; type=1; pingpong=0; private_global=0; linkage=7; visibility=0; MemPort=[1]; IO mode=ap_memory:ce=0
Port [ alphas_V_353]:  wired=0; compound=1; hidden=1; nouse=1; global=1; static=1; extern=0; dir=0; type=1; pingpong=0; private_global=0; linkage=7; visibility=0; MemPort=[1]; IO mode=ap_memory:ce=0
Port [ alphas_V_454]:  wired=0; compound=1; hidden=1; nouse=1; global=1; static=1; extern=0; dir=0; type=1; pingpong=0; private_global=0; linkage=7; visibility=0; MemPort=[1]; IO mode=ap_memory:ce=0
Port [ alphas_V_555]:  wired=0; compound=1; hidden=1; nouse=1; global=1; static=1; extern=0; dir=0; type=1; pingpong=0; private_global=0; linkage=7; visibility=0; MemPort=[1]; IO mode=ap_memory:ce=0
Port [ alphas_V_656]:  wired=0; compound=1; hidden=1; nouse=1; global=1; static=1; extern=0; dir=0; type=1; pingpong=0; private_global=0; linkage=7; visibility=0; MemPort=[1]; IO mode=ap_memory:ce=0
Port [ alphas_V_757]:  wired=0; compound=1; hidden=1; nouse=1; global=1; static=1; extern=0; dir=0; type=1; pingpong=0; private_global=0; linkage=7; visibility=0; MemPort=[1]; IO mode=ap_memory:ce=0
Port [ alphas_V_858]:  wired=0; compound=1; hidden=1; nouse=1; global=1; static=1; extern=0; dir=0; type=1; pingpong=0; private_global=0; linkage=7; visibility=0; MemPort=[1]; IO mode=ap_memory:ce=0
Port [ alphas_V_959]:  wired=0; compound=1; hidden=1; nouse=1; global=1; static=1; extern=0; dir=0; type=1; pingpong=0; private_global=0; linkage=7; visibility=0; MemPort=[1]; IO mode=ap_memory:ce=0
Port [ alphas_V_1046]:  wired=0; compound=1; hidden=1; nouse=1; global=1; static=1; extern=0; dir=0; type=1; pingpong=0; private_global=0; linkage=7; visibility=0; MemPort=[1]; IO mode=ap_memory:ce=0
Port [ alphas_V_1147]:  wired=0; compound=1; hidden=1; nouse=1; global=1; static=1; extern=0; dir=0; type=1; pingpong=0; private_global=0; linkage=7; visibility=0; MemPort=[1]; IO mode=ap_memory:ce=0
Port [ alphas_V_1248]:  wired=0; compound=1; hidden=1; nouse=1; global=1; static=1; extern=0; dir=0; type=1; pingpong=0; private_global=0; linkage=7; visibility=0; MemPort=[1]; IO mode=ap_memory:ce=0
Port [ alphas_V_1349]:  wired=0; compound=1; hidden=1; nouse=1; global=1; static=1; extern=0; dir=0; type=1; pingpong=0; private_global=0; linkage=7; visibility=0; MemPort=[1]; IO mode=ap_memory:ce=0
Port [ alphas_V_1450]:  wired=0; compound=1; hidden=1; nouse=1; global=1; static=1; extern=0; dir=0; type=1; pingpong=0; private_global=0; linkage=7; visibility=0; MemPort=[1]; IO mode=ap_memory:ce=0
Port [ alphas_V_1551]:  wired=0; compound=1; hidden=1; nouse=1; global=1; static=1; extern=0; dir=0; type=1; pingpong=0; private_global=0; linkage=7; visibility=0; MemPort=[1]; IO mode=ap_memory:ce=0
Port [ sv_norms_V_0]:  wired=0; compound=1; hidden=1; nouse=1; global=1; static=1; extern=0; dir=0; type=1; pingpong=0; private_global=0; linkage=7; visibility=0; MemPort=[1]; IO mode=ap_memory:ce=0
Port [ sv_norms_V_1]:  wired=0; compound=1; hidden=1; nouse=1; global=1; static=1; extern=0; dir=0; type=1; pingpong=0; private_global=0; linkage=7; visibility=0; MemPort=[1]; IO mode=ap_memory:ce=0
Port [ sv_norms_V_2]:  wired=0; compound=1; hidden=1; nouse=1; global=1; static=1; extern=0; dir=0; type=1; pingpong=0; private_global=0; linkage=7; visibility=0; MemPort=[1]; IO mode=ap_memory:ce=0
Port [ sv_norms_V_3]:  wired=0; compound=1; hidden=1; nouse=1; global=1; static=1; extern=0; dir=0; type=1; pingpong=0; private_global=0; linkage=7; visibility=0; MemPort=[1]; IO mode=ap_memory:ce=0
Port [ sv_norms_V_4]:  wired=0; compound=1; hidden=1; nouse=1; global=1; static=1; extern=0; dir=0; type=1; pingpong=0; private_global=0; linkage=7; visibility=0; MemPort=[1]; IO mode=ap_memory:ce=0
Port [ sv_norms_V_5]:  wired=0; compound=1; hidden=1; nouse=1; global=1; static=1; extern=0; dir=0; type=1; pingpong=0; private_global=0; linkage=7; visibility=0; MemPort=[1]; IO mode=ap_memory:ce=0
Port [ sv_norms_V_6]:  wired=0; compound=1; hidden=1; nouse=1; global=1; static=1; extern=0; dir=0; type=1; pingpong=0; private_global=0; linkage=7; visibility=0; MemPort=[1]; IO mode=ap_memory:ce=0
Port [ sv_norms_V_7]:  wired=0; compound=1; hidden=1; nouse=1; global=1; static=1; extern=0; dir=0; type=1; pingpong=0; private_global=0; linkage=7; visibility=0; MemPort=[1]; IO mode=ap_memory:ce=0
Port [ sv_norms_V_8]:  wired=0; compound=1; hidden=1; nouse=1; global=1; static=1; extern=0; dir=0; type=1; pingpong=0; private_global=0; linkage=7; visibility=0; MemPort=[1]; IO mode=ap_memory:ce=0
Port [ sv_norms_V_9]:  wired=0; compound=1; hidden=1; nouse=1; global=1; static=1; extern=0; dir=0; type=1; pingpong=0; private_global=0; linkage=7; visibility=0; MemPort=[1]; IO mode=ap_memory:ce=0
Port [ sv_norms_V_10]:  wired=0; compound=1; hidden=1; nouse=1; global=1; static=1; extern=0; dir=0; type=1; pingpong=0; private_global=0; linkage=7; visibility=0; MemPort=[1]; IO mode=ap_memory:ce=0
Port [ sv_norms_V_11]:  wired=0; compound=1; hidden=1; nouse=1; global=1; static=1; extern=0; dir=0; type=1; pingpong=0; private_global=0; linkage=7; visibility=0; MemPort=[1]; IO mode=ap_memory:ce=0
Port [ sv_norms_V_12]:  wired=0; compound=1; hidden=1; nouse=1; global=1; static=1; extern=0; dir=0; type=1; pingpong=0; private_global=0; linkage=7; visibility=0; MemPort=[1]; IO mode=ap_memory:ce=0
Port [ sv_norms_V_13]:  wired=0; compound=1; hidden=1; nouse=1; global=1; static=1; extern=0; dir=0; type=1; pingpong=0; private_global=0; linkage=7; visibility=0; MemPort=[1]; IO mode=ap_memory:ce=0
Port [ sv_norms_V_14]:  wired=0; compound=1; hidden=1; nouse=1; global=1; static=1; extern=0; dir=0; type=1; pingpong=0; private_global=0; linkage=7; visibility=0; MemPort=[1]; IO mode=ap_memory:ce=0
Port [ sv_norms_V_15]:  wired=0; compound=1; hidden=1; nouse=1; global=1; static=1; extern=0; dir=0; type=1; pingpong=0; private_global=0; linkage=7; visibility=0; MemPort=[1]; IO mode=ap_memory:ce=0
---------------- STG Properties END ------------------

---------------- Datapath Model BEGIN ----------------

<LifeTime>
<method=bitvector/>
StgValue_5   (specbitsmap         ) [ 00000]
StgValue_6   (specbitsmap         ) [ 00000]
StgValue_7   (specbitsmap         ) [ 00000]
StgValue_8   (specbitsmap         ) [ 00000]
StgValue_9   (specbitsmap         ) [ 00000]
StgValue_10  (specbitsmap         ) [ 00000]
StgValue_11  (specbitsmap         ) [ 00000]
StgValue_12  (specbitsmap         ) [ 00000]
StgValue_13  (specbitsmap         ) [ 00000]
StgValue_14  (specbitsmap         ) [ 00000]
StgValue_15  (specbitsmap         ) [ 00000]
StgValue_16  (specbitsmap         ) [ 00000]
StgValue_17  (spectopmodule       ) [ 00000]
StgValue_18  (specinterface       ) [ 00000]
StgValue_19  (specinterface       ) [ 00000]
StgValue_20  (specinterface       ) [ 00000]
StgValue_21  (specinterface       ) [ 00000]
StgValue_22  (br                  ) [ 01110]
n_0_i_i      (phi                 ) [ 00110]
exitcond_i_i (icmp                ) [ 00110]
empty        (speclooptripcount   ) [ 00000]
StgValue_26  (specdataflowpipeline) [ 00000]
n            (add                 ) [ 01110]
StgValue_28  (br                  ) [ 00000]
StgValue_30  (specloopname        ) [ 00000]
StgValue_31  (call                ) [ 00000]
StgValue_32  (br                  ) [ 01110]
StgValue_33  (ret                 ) [ 00000]
</LifeTime>

<model>

<comp_list>
<comp id="0" class="1000" name="in_stream_V_data_V">
<pin_list>
<pin id="1" dir="1" index="0" bw="1" slack="0"/>
</pin_list>
<bind>
<StgValue><ssdm name="in_stream_V_data_V"/></StgValue>
</bind>
</comp>

<comp id="2" class="1000" name="in_stream_V_keep_V">
<pin_list>
<pin id="3" dir="1" index="0" bw="1" slack="0"/>
</pin_list>
<bind>
<StgValue><ssdm name="in_stream_V_keep_V"/></StgValue>
</bind>
</comp>

<comp id="4" class="1000" name="in_stream_V_strb_V">
<pin_list>
<pin id="5" dir="1" index="0" bw="1" slack="0"/>
</pin_list>
<bind>
<StgValue><ssdm name="in_stream_V_strb_V"/></StgValue>
</bind>
</comp>

<comp id="6" class="1000" name="in_stream_V_user_V">
<pin_list>
<pin id="7" dir="1" index="0" bw="1" slack="0"/>
</pin_list>
<bind>
<StgValue><ssdm name="in_stream_V_user_V"/></StgValue>
</bind>
</comp>

<comp id="8" class="1000" name="in_stream_V_last_V">
<pin_list>
<pin id="9" dir="1" index="0" bw="1" slack="0"/>
</pin_list>
<bind>
<StgValue><ssdm name="in_stream_V_last_V"/></StgValue>
</bind>
</comp>

<comp id="10" class="1000" name="in_stream_V_id_V">
<pin_list>
<pin id="11" dir="1" index="0" bw="1" slack="0"/>
</pin_list>
<bind>
<StgValue><ssdm name="in_stream_V_id_V"/></StgValue>
</bind>
</comp>

<comp id="12" class="1000" name="in_stream_V_dest_V">
<pin_list>
<pin id="13" dir="1" index="0" bw="1" slack="0"/>
</pin_list>
<bind>
<StgValue><ssdm name="in_stream_V_dest_V"/></StgValue>
</bind>
</comp>

<comp id="14" class="1000" name="out_stream_V_data_V">
<pin_list>
<pin id="15" dir="1" index="0" bw="1" slack="0"/>
</pin_list>
<bind>
<StgValue><ssdm name="out_stream_V_data_V"/></StgValue>
</bind>
</comp>

<comp id="16" class="1000" name="out_stream_V_keep_V">
<pin_list>
<pin id="17" dir="1" index="0" bw="1" slack="0"/>
</pin_list>
<bind>
<StgValue><ssdm name="out_stream_V_keep_V"/></StgValue>
</bind>
</comp>

<comp id="18" class="1000" name="out_stream_V_strb_V">
<pin_list>
<pin id="19" dir="1" index="0" bw="1" slack="0"/>
</pin_list>
<bind>
<StgValue><ssdm name="out_stream_V_strb_V"/></StgValue>
</bind>
</comp>

<comp id="20" class="1000" name="out_stream_V_last_V">
<pin_list>
<pin id="21" dir="1" index="0" bw="1" slack="0"/>
</pin_list>
<bind>
<StgValue><ssdm name="out_stream_V_last_V"/></StgValue>
</bind>
</comp>

<comp id="22" class="1000" name="num_images">
<pin_list>
<pin id="23" dir="1" index="0" bw="1" slack="2147483647"/>
</pin_list>
<bind>
<StgValue><ssdm name="num_images"/></StgValue>
</bind>
</comp>

<comp id="24" class="1000" name="svs_V_0">
<pin_list>
<pin id="25" dir="1" index="0" bw="1" slack="0"/>
</pin_list>
<bind>
<StgValue><ssdm name="svs_V_0"/><MemPortTyVec>1 </MemPortTyVec>
</StgValue>
</bind>
</comp>

<comp id="26" class="1000" name="svs_V_1">
<pin_list>
<pin id="27" dir="1" index="0" bw="1" slack="0"/>
</pin_list>
<bind>
<StgValue><ssdm name="svs_V_1"/><MemPortTyVec>1 </MemPortTyVec>
</StgValue>
</bind>
</comp>

<comp id="28" class="1000" name="svs_V_2">
<pin_list>
<pin id="29" dir="1" index="0" bw="1" slack="0"/>
</pin_list>
<bind>
<StgValue><ssdm name="svs_V_2"/><MemPortTyVec>1 </MemPortTyVec>
</StgValue>
</bind>
</comp>

<comp id="30" class="1000" name="svs_V_3">
<pin_list>
<pin id="31" dir="1" index="0" bw="1" slack="0"/>
</pin_list>
<bind>
<StgValue><ssdm name="svs_V_3"/><MemPortTyVec>1 </MemPortTyVec>
</StgValue>
</bind>
</comp>

<comp id="32" class="1000" name="svs_V_4">
<pin_list>
<pin id="33" dir="1" index="0" bw="1" slack="0"/>
</pin_list>
<bind>
<StgValue><ssdm name="svs_V_4"/><MemPortTyVec>1 </MemPortTyVec>
</StgValue>
</bind>
</comp>

<comp id="34" class="1000" name="svs_V_5">
<pin_list>
<pin id="35" dir="1" index="0" bw="1" slack="0"/>
</pin_list>
<bind>
<StgValue><ssdm name="svs_V_5"/><MemPortTyVec>1 </MemPortTyVec>
</StgValue>
</bind>
</comp>

<comp id="36" class="1000" name="svs_V_6">
<pin_list>
<pin id="37" dir="1" index="0" bw="1" slack="0"/>
</pin_list>
<bind>
<StgValue><ssdm name="svs_V_6"/><MemPortTyVec>1 </MemPortTyVec>
</StgValue>
</bind>
</comp>

<comp id="38" class="1000" name="svs_V_7">
<pin_list>
<pin id="39" dir="1" index="0" bw="1" slack="0"/>
</pin_list>
<bind>
<StgValue><ssdm name="svs_V_7"/><MemPortTyVec>1 </MemPortTyVec>
</StgValue>
</bind>
</comp>

<comp id="40" class="1000" name="svs_V_8">
<pin_list>
<pin id="41" dir="1" index="0" bw="1" slack="0"/>
</pin_list>
<bind>
<StgValue><ssdm name="svs_V_8"/><MemPortTyVec>1 </MemPortTyVec>
</StgValue>
</bind>
</comp>

<comp id="42" class="1000" name="svs_V_9">
<pin_list>
<pin id="43" dir="1" index="0" bw="1" slack="0"/>
</pin_list>
<bind>
<StgValue><ssdm name="svs_V_9"/><MemPortTyVec>1 </MemPortTyVec>
</StgValue>
</bind>
</comp>

<comp id="44" class="1000" name="svs_V_10">
<pin_list>
<pin id="45" dir="1" index="0" bw="1" slack="0"/>
</pin_list>
<bind>
<StgValue><ssdm name="svs_V_10"/><MemPortTyVec>1 </MemPortTyVec>
</StgValue>
</bind>
</comp>

<comp id="46" class="1000" name="svs_V_11">
<pin_list>
<pin id="47" dir="1" index="0" bw="1" slack="0"/>
</pin_list>
<bind>
<StgValue><ssdm name="svs_V_11"/><MemPortTyVec>1 </MemPortTyVec>
</StgValue>
</bind>
</comp>

<comp id="48" class="1000" name="svs_V_12">
<pin_list>
<pin id="49" dir="1" index="0" bw="1" slack="0"/>
</pin_list>
<bind>
<StgValue><ssdm name="svs_V_12"/><MemPortTyVec>1 </MemPortTyVec>
</StgValue>
</bind>
</comp>

<comp id="50" class="1000" name="svs_V_13">
<pin_list>
<pin id="51" dir="1" index="0" bw="1" slack="0"/>
</pin_list>
<bind>
<StgValue><ssdm name="svs_V_13"/><MemPortTyVec>1 </MemPortTyVec>
</StgValue>
</bind>
</comp>

<comp id="52" class="1000" name="svs_V_14">
<pin_list>
<pin id="53" dir="1" index="0" bw="1" slack="0"/>
</pin_list>
<bind>
<StgValue><ssdm name="svs_V_14"/><MemPortTyVec>1 </MemPortTyVec>
</StgValue>
</bind>
</comp>

<comp id="54" class="1000" name="svs_V_15">
<pin_list>
<pin id="55" dir="1" index="0" bw="1" slack="0"/>
</pin_list>
<bind>
<StgValue><ssdm name="svs_V_15"/><MemPortTyVec>1 </MemPortTyVec>
</StgValue>
</bind>
</comp>

<comp id="56" class="1000" name="alphas_V_044">
<pin_list>
<pin id="57" dir="1" index="0" bw="1" slack="0"/>
</pin_list>
<bind>
<StgValue><ssdm name="alphas_V_044"/><MemPortTyVec>1 </MemPortTyVec>
</StgValue>
</bind>
</comp>

<comp id="58" class="1000" name="alphas_V_145">
<pin_list>
<pin id="59" dir="1" index="0" bw="1" slack="0"/>
</pin_list>
<bind>
<StgValue><ssdm name="alphas_V_145"/><MemPortTyVec>1 </MemPortTyVec>
</StgValue>
</bind>
</comp>

<comp id="60" class="1000" name="alphas_V_252">
<pin_list>
<pin id="61" dir="1" index="0" bw="1" slack="0"/>
</pin_list>
<bind>
<StgValue><ssdm name="alphas_V_252"/><MemPortTyVec>1 </MemPortTyVec>
</StgValue>
</bind>
</comp>

<comp id="62" class="1000" name="alphas_V_353">
<pin_list>
<pin id="63" dir="1" index="0" bw="1" slack="0"/>
</pin_list>
<bind>
<StgValue><ssdm name="alphas_V_353"/><MemPortTyVec>1 </MemPortTyVec>
</StgValue>
</bind>
</comp>

<comp id="64" class="1000" name="alphas_V_454">
<pin_list>
<pin id="65" dir="1" index="0" bw="1" slack="0"/>
</pin_list>
<bind>
<StgValue><ssdm name="alphas_V_454"/><MemPortTyVec>1 </MemPortTyVec>
</StgValue>
</bind>
</comp>

<comp id="66" class="1000" name="alphas_V_555">
<pin_list>
<pin id="67" dir="1" index="0" bw="1" slack="0"/>
</pin_list>
<bind>
<StgValue><ssdm name="alphas_V_555"/><MemPortTyVec>1 </MemPortTyVec>
</StgValue>
</bind>
</comp>

<comp id="68" class="1000" name="alphas_V_656">
<pin_list>
<pin id="69" dir="1" index="0" bw="1" slack="0"/>
</pin_list>
<bind>
<StgValue><ssdm name="alphas_V_656"/><MemPortTyVec>1 </MemPortTyVec>
</StgValue>
</bind>
</comp>

<comp id="70" class="1000" name="alphas_V_757">
<pin_list>
<pin id="71" dir="1" index="0" bw="1" slack="0"/>
</pin_list>
<bind>
<StgValue><ssdm name="alphas_V_757"/><MemPortTyVec>1 </MemPortTyVec>
</StgValue>
</bind>
</comp>

<comp id="72" class="1000" name="alphas_V_858">
<pin_list>
<pin id="73" dir="1" index="0" bw="1" slack="0"/>
</pin_list>
<bind>
<StgValue><ssdm name="alphas_V_858"/><MemPortTyVec>1 </MemPortTyVec>
</StgValue>
</bind>
</comp>

<comp id="74" class="1000" name="alphas_V_959">
<pin_list>
<pin id="75" dir="1" index="0" bw="1" slack="0"/>
</pin_list>
<bind>
<StgValue><ssdm name="alphas_V_959"/><MemPortTyVec>1 </MemPortTyVec>
</StgValue>
</bind>
</comp>

<comp id="76" class="1000" name="alphas_V_1046">
<pin_list>
<pin id="77" dir="1" index="0" bw="1" slack="0"/>
</pin_list>
<bind>
<StgValue><ssdm name="alphas_V_1046"/><MemPortTyVec>1 </MemPortTyVec>
</StgValue>
</bind>
</comp>

<comp id="78" class="1000" name="alphas_V_1147">
<pin_list>
<pin id="79" dir="1" index="0" bw="1" slack="0"/>
</pin_list>
<bind>
<StgValue><ssdm name="alphas_V_1147"/><MemPortTyVec>1 </MemPortTyVec>
</StgValue>
</bind>
</comp>

<comp id="80" class="1000" name="alphas_V_1248">
<pin_list>
<pin id="81" dir="1" index="0" bw="1" slack="0"/>
</pin_list>
<bind>
<StgValue><ssdm name="alphas_V_1248"/><MemPortTyVec>1 </MemPortTyVec>
</StgValue>
</bind>
</comp>

<comp id="82" class="1000" name="alphas_V_1349">
<pin_list>
<pin id="83" dir="1" index="0" bw="1" slack="0"/>
</pin_list>
<bind>
<StgValue><ssdm name="alphas_V_1349"/><MemPortTyVec>1 </MemPortTyVec>
</StgValue>
</bind>
</comp>

<comp id="84" class="1000" name="alphas_V_1450">
<pin_list>
<pin id="85" dir="1" index="0" bw="1" slack="0"/>
</pin_list>
<bind>
<StgValue><ssdm name="alphas_V_1450"/><MemPortTyVec>1 </MemPortTyVec>
</StgValue>
</bind>
</comp>

<comp id="86" class="1000" name="alphas_V_1551">
<pin_list>
<pin id="87" dir="1" index="0" bw="1" slack="0"/>
</pin_list>
<bind>
<StgValue><ssdm name="alphas_V_1551"/><MemPortTyVec>1 </MemPortTyVec>
</StgValue>
</bind>
</comp>

<comp id="88" class="1000" name="sv_norms_V_0">
<pin_list>
<pin id="89" dir="1" index="0" bw="1" slack="0"/>
</pin_list>
<bind>
<StgValue><ssdm name="sv_norms_V_0"/><MemPortTyVec>1 </MemPortTyVec>
</StgValue>
</bind>
</comp>

<comp id="90" class="1000" name="sv_norms_V_1">
<pin_list>
<pin id="91" dir="1" index="0" bw="1" slack="0"/>
</pin_list>
<bind>
<StgValue><ssdm name="sv_norms_V_1"/><MemPortTyVec>1 </MemPortTyVec>
</StgValue>
</bind>
</comp>

<comp id="92" class="1000" name="sv_norms_V_2">
<pin_list>
<pin id="93" dir="1" index="0" bw="1" slack="0"/>
</pin_list>
<bind>
<StgValue><ssdm name="sv_norms_V_2"/><MemPortTyVec>1 </MemPortTyVec>
</StgValue>
</bind>
</comp>

<comp id="94" class="1000" name="sv_norms_V_3">
<pin_list>
<pin id="95" dir="1" index="0" bw="1" slack="0"/>
</pin_list>
<bind>
<StgValue><ssdm name="sv_norms_V_3"/><MemPortTyVec>1 </MemPortTyVec>
</StgValue>
</bind>
</comp>

<comp id="96" class="1000" name="sv_norms_V_4">
<pin_list>
<pin id="97" dir="1" index="0" bw="1" slack="0"/>
</pin_list>
<bind>
<StgValue><ssdm name="sv_norms_V_4"/><MemPortTyVec>1 </MemPortTyVec>
</StgValue>
</bind>
</comp>

<comp id="98" class="1000" name="sv_norms_V_5">
<pin_list>
<pin id="99" dir="1" index="0" bw="1" slack="0"/>
</pin_list>
<bind>
<StgValue><ssdm name="sv_norms_V_5"/><MemPortTyVec>1 </MemPortTyVec>
</StgValue>
</bind>
</comp>

<comp id="100" class="1000" name="sv_norms_V_6">
<pin_list>
<pin id="101" dir="1" index="0" bw="1" slack="0"/>
</pin_list>
<bind>
<StgValue><ssdm name="sv_norms_V_6"/><MemPortTyVec>1 </MemPortTyVec>
</StgValue>
</bind>
</comp>

<comp id="102" class="1000" name="sv_norms_V_7">
<pin_list>
<pin id="103" dir="1" index="0" bw="1" slack="0"/>
</pin_list>
<bind>
<StgValue><ssdm name="sv_norms_V_7"/><MemPortTyVec>1 </MemPortTyVec>
</StgValue>
</bind>
</comp>

<comp id="104" class="1000" name="sv_norms_V_8">
<pin_list>
<pin id="105" dir="1" index="0" bw="1" slack="0"/>
</pin_list>
<bind>
<StgValue><ssdm name="sv_norms_V_8"/><MemPortTyVec>1 </MemPortTyVec>
</StgValue>
</bind>
</comp>

<comp id="106" class="1000" name="sv_norms_V_9">
<pin_list>
<pin id="107" dir="1" index="0" bw="1" slack="0"/>
</pin_list>
<bind>
<StgValue><ssdm name="sv_norms_V_9"/><MemPortTyVec>1 </MemPortTyVec>
</StgValue>
</bind>
</comp>

<comp id="108" class="1000" name="sv_norms_V_10">
<pin_list>
<pin id="109" dir="1" index="0" bw="1" slack="0"/>
</pin_list>
<bind>
<StgValue><ssdm name="sv_norms_V_10"/><MemPortTyVec>1 </MemPortTyVec>
</StgValue>
</bind>
</comp>

<comp id="110" class="1000" name="sv_norms_V_11">
<pin_list>
<pin id="111" dir="1" index="0" bw="1" slack="0"/>
</pin_list>
<bind>
<StgValue><ssdm name="sv_norms_V_11"/><MemPortTyVec>1 </MemPortTyVec>
</StgValue>
</bind>
</comp>

<comp id="112" class="1000" name="sv_norms_V_12">
<pin_list>
<pin id="113" dir="1" index="0" bw="1" slack="0"/>
</pin_list>
<bind>
<StgValue><ssdm name="sv_norms_V_12"/><MemPortTyVec>1 </MemPortTyVec>
</StgValue>
</bind>
</comp>

<comp id="114" class="1000" name="sv_norms_V_13">
<pin_list>
<pin id="115" dir="1" index="0" bw="1" slack="0"/>
</pin_list>
<bind>
<StgValue><ssdm name="sv_norms_V_13"/><MemPortTyVec>1 </MemPortTyVec>
</StgValue>
</bind>
</comp>

<comp id="116" class="1000" name="sv_norms_V_14">
<pin_list>
<pin id="117" dir="1" index="0" bw="1" slack="0"/>
</pin_list>
<bind>
<StgValue><ssdm name="sv_norms_V_14"/><MemPortTyVec>1 </MemPortTyVec>
</StgValue>
</bind>
</comp>

<comp id="118" class="1000" name="sv_norms_V_15">
<pin_list>
<pin id="119" dir="1" index="0" bw="1" slack="0"/>
</pin_list>
<bind>
<StgValue><ssdm name="sv_norms_V_15"/><MemPortTyVec>1 </MemPortTyVec>
</StgValue>
</bind>
</comp>

<comp id="120" class="1001" name="const_120">
<pin_list>
<pin id="121" dir="1" index="0" bw="1" slack="2147483647"/>
</pin_list>
<bind>
<StgValue><ssdm name="_ssdm_op_SpecBitsMap"/></StgValue>
</bind>
</comp>

<comp id="122" class="1001" name="const_122">
<pin_list>
<pin id="123" dir="1" index="0" bw="1" slack="2147483647"/>
</pin_list>
<bind>
<StgValue><ssdm name="_ssdm_op_SpecTopModule"/></StgValue>
</bind>
</comp>

<comp id="124" class="1001" name="const_124">
<pin_list>
<pin id="125" dir="1" index="0" bw="1" slack="2147483647"/>
</pin_list>
<bind>
<StgValue><ssdm name="classify_str"/></StgValue>
</bind>
</comp>

<comp id="126" class="1001" name="const_126">
<pin_list>
<pin id="127" dir="1" index="0" bw="1" slack="2147483647"/>
</pin_list>
<bind>
<StgValue><ssdm name="_ssdm_op_SpecInterface"/></StgValue>
</bind>
</comp>

<comp id="128" class="1001" name="const_128">
<pin_list>
<pin id="129" dir="1" index="0" bw="1" slack="2147483647"/>
</pin_list>
<bind>
<StgValue><ssdm name="p_str15"/></StgValue>
</bind>
</comp>

<comp id="130" class="1001" name="const_130">
<pin_list>
<pin id="131" dir="1" index="0" bw="1" slack="2147483647"/>
</pin_list>
<bind>
<StgValue><ssdm name=""/></StgValue>
</bind>
</comp>

<comp id="132" class="1001" name="const_132">
<pin_list>
<pin id="133" dir="1" index="0" bw="1" slack="2147483647"/>
</pin_list>
<bind>
<StgValue><ssdm name="p_str16"/></StgValue>
</bind>
</comp>

<comp id="134" class="1001" name="const_134">
<pin_list>
<pin id="135" dir="1" index="0" bw="1" slack="2147483647"/>
</pin_list>
<bind>
<StgValue><ssdm name=""/></StgValue>
</bind>
</comp>

<comp id="136" class="1001" name="const_136">
<pin_list>
<pin id="137" dir="1" index="0" bw="1" slack="2147483647"/>
</pin_list>
<bind>
<StgValue><ssdm name="p_str"/></StgValue>
</bind>
</comp>

<comp id="138" class="1001" name="const_138">
<pin_list>
<pin id="139" dir="1" index="0" bw="1" slack="2147483647"/>
</pin_list>
<bind>
<StgValue><ssdm name="p_str17"/></StgValue>
</bind>
</comp>

<comp id="140" class="1001" name="const_140">
<pin_list>
<pin id="141" dir="1" index="0" bw="1" slack="2147483647"/>
</pin_list>
<bind>
<StgValue><ssdm name="p_str18"/></StgValue>
</bind>
</comp>

<comp id="142" class="1001" name="const_142">
<pin_list>
<pin id="143" dir="1" index="0" bw="1" slack="1"/>
</pin_list>
<bind>
<StgValue><ssdm name=""/></StgValue>
</bind>
</comp>

<comp id="144" class="1001" name="const_144">
<pin_list>
<pin id="145" dir="1" index="0" bw="1" slack="0"/>
</pin_list>
<bind>
<StgValue><ssdm name=""/></StgValue>
</bind>
</comp>

<comp id="146" class="1001" name="const_146">
<pin_list>
<pin id="147" dir="1" index="0" bw="1" slack="2147483647"/>
</pin_list>
<bind>
<StgValue><ssdm name="_ssdm_op_SpecLoopTripCount"/></StgValue>
</bind>
</comp>

<comp id="148" class="1001" name="const_148">
<pin_list>
<pin id="149" dir="1" index="0" bw="1" slack="2147483647"/>
</pin_list>
<bind>
<StgValue><ssdm name=""/></StgValue>
</bind>
</comp>

<comp id="150" class="1001" name="const_150">
<pin_list>
<pin id="151" dir="1" index="0" bw="1" slack="2147483647"/>
</pin_list>
<bind>
<StgValue><ssdm name="_ssdm_op_SpecDataflowPipeline"/></StgValue>
</bind>
</comp>

<comp id="152" class="1001" name="const_152">
<pin_list>
<pin id="153" dir="1" index="0" bw="1" slack="2147483647"/>
</pin_list>
<bind>
<StgValue><ssdm name=""/></StgValue>
</bind>
</comp>

<comp id="154" class="1001" name="const_154">
<pin_list>
<pin id="155" dir="1" index="0" bw="1" slack="2147483647"/>
</pin_list>
<bind>
<StgValue><ssdm name="dataflow_parent_loop"/></StgValue>
</bind>
</comp>

<comp id="156" class="1001" name="const_156">
<pin_list>
<pin id="157" dir="1" index="0" bw="1" slack="0"/>
</pin_list>
<bind>
<StgValue><ssdm name=""/></StgValue>
</bind>
</comp>

<comp id="158" class="1001" name="const_158">
<pin_list>
<pin id="159" dir="1" index="0" bw="1" slack="0"/>
</pin_list>
<bind>
<StgValue><ssdm name="dataflow_in_loop_Bat"/></StgValue>
</bind>
</comp>

<comp id="160" class="1001" name="const_160">
<pin_list>
<pin id="161" dir="1" index="0" bw="1" slack="2147483647"/>
</pin_list>
<bind>
<StgValue><ssdm name="_ssdm_op_SpecLoopName"/></StgValue>
</bind>
</comp>

<comp id="162" class="1001" name="const_162">
<pin_list>
<pin id="163" dir="1" index="0" bw="1" slack="2147483647"/>
</pin_list>
<bind>
<StgValue><ssdm name="p_str20"/></StgValue>
</bind>
</comp>

<comp id="164" class="1005" name="n_0_i_i_reg_164">
<pin_list>
<pin id="165" dir="0" index="0" bw="12" slack="1"/>
<pin id="166" dir="1" index="1" bw="12" slack="1"/>
</pin_list>
<bind>
<opset="n_0_i_i (phireg) "/>
</bind>
</comp>

<comp id="168" class="1004" name="n_0_i_i_phi_fu_168">
<pin_list>
<pin id="169" dir="0" index="0" bw="1" slack="1"/>
<pin id="170" dir="0" index="1" bw="0" slack="2147483647"/>
<pin id="171" dir="0" index="2" bw="12" slack="0"/>
<pin id="172" dir="0" index="3" bw="0" slack="2147483647"/>
<pin id="173" dir="1" index="4" bw="12" slack="0"/>
</pin_list>
<bind>
<opcode="phi(47) " fcode="phi"/>
<opset="n_0_i_i/2 "/>
</bind>
</comp>

<comp id="176" class="1004" name="grp_dataflow_in_loop_Bat_fu_176">
<pin_list>
<pin id="177" dir="0" index="0" bw="0" slack="0"/>
<pin id="178" dir="0" index="1" bw="64" slack="0"/>
<pin id="179" dir="0" index="2" bw="8" slack="0"/>
<pin id="180" dir="0" index="3" bw="8" slack="0"/>
<pin id="181" dir="0" index="4" bw="1" slack="0"/>
<pin id="182" dir="0" index="5" bw="1" slack="0"/>
<pin id="183" dir="0" index="6" bw="1" slack="0"/>
<pin id="184" dir="0" index="7" bw="1" slack="0"/>
<pin id="185" dir="0" index="8" bw="32" slack="0"/>
<pin id="186" dir="0" index="9" bw="1" slack="0"/>
<pin id="187" dir="0" index="10" bw="1" slack="0"/>
<pin id="188" dir="0" index="11" bw="1" slack="0"/>
<pin id="189" dir="0" index="12" bw="12" slack="0"/>
<pin id="190" dir="0" index="13" bw="125" slack="0"/>
<pin id="191" dir="0" index="14" bw="125" slack="0"/>
<pin id="192" dir="0" index="15" bw="125" slack="0"/>
<pin id="193" dir="0" index="16" bw="128" slack="0"/>
<pin id="194" dir="0" index="17" bw="125" slack="0"/>
<pin id="195" dir="0" index="18" bw="125" slack="0"/>
<pin id="196" dir="0" index="19" bw="126" slack="0"/>
<pin id="197" dir="0" index="20" bw="125" slack="0"/>
<pin id="198" dir="0" index="21" bw="128" slack="0"/>
<pin id="199" dir="0" index="22" bw="126" slack="0"/>
<pin id="200" dir="0" index="23" bw="125" slack="0"/>
<pin id="201" dir="0" index="24" bw="125" slack="0"/>
<pin id="202" dir="0" index="25" bw="126" slack="0"/>
<pin id="203" dir="0" index="26" bw="127" slack="0"/>
<pin id="204" dir="0" index="27" bw="126" slack="0"/>
<pin id="205" dir="0" index="28" bw="128" slack="0"/>
<pin id="206" dir="0" index="29" bw="7" slack="0"/>
<pin id="207" dir="0" index="30" bw="6" slack="0"/>
<pin id="208" dir="0" index="31" bw="6" slack="0"/>
<pin id="209" dir="0" index="32" bw="8" slack="0"/>
<pin id="210" dir="0" index="33" bw="6" slack="0"/>
<pin id="211" dir="0" index="34" bw="5" slack="0"/>
<pin id="212" dir="0" index="35" bw="5" slack="0"/>
<pin id="213" dir="0" index="36" bw="6" slack="0"/>
<pin id="214" dir="0" index="37" bw="5" slack="0"/>
<pin id="215" dir="0" index="38" bw="5" slack="0"/>
<pin id="216" dir="0" index="39" bw="6" slack="0"/>
<pin id="217" dir="0" index="40" bw="7" slack="0"/>
<pin id="218" dir="0" index="41" bw="5" slack="0"/>
<pin id="219" dir="0" index="42" bw="5" slack="0"/>
<pin id="220" dir="0" index="43" bw="6" slack="0"/>
<pin id="221" dir="0" index="44" bw="5" slack="0"/>
<pin id="222" dir="0" index="45" bw="30" slack="0"/>
<pin id="223" dir="0" index="46" bw="28" slack="0"/>
<pin id="224" dir="0" index="47" bw="30" slack="0"/>
<pin id="225" dir="0" index="48" bw="28" slack="0"/>
<pin id="226" dir="0" index="49" bw="28" slack="0"/>
<pin id="227" dir="0" index="50" bw="28" slack="0"/>
<pin id="228" dir="0" index="51" bw="29" slack="0"/>
<pin id="229" dir="0" index="52" bw="27" slack="0"/>
<pin id="230" dir="0" index="53" bw="29" slack="0"/>
<pin id="231" dir="0" index="54" bw="29" slack="0"/>
<pin id="232" dir="0" index="55" bw="28" slack="0"/>
<pin id="233" dir="0" index="56" bw="28" slack="0"/>
<pin id="234" dir="0" index="57" bw="29" slack="0"/>
<pin id="235" dir="0" index="58" bw="28" slack="0"/>
<pin id="236" dir="0" index="59" bw="27" slack="0"/>
<pin id="237" dir="0" index="60" bw="30" slack="0"/>
<pin id="238" dir="1" index="61" bw="0" slack="2147483647"/>
</pin_list>
<bind>
<opcode="call(48) " fcode="call"/>
<opset="StgValue_29/2 "/>
</bind>
</comp>

<comp id="300" class="1004" name="exitcond_i_i_fu_300">
<pin_list>
<pin id="301" dir="0" index="0" bw="12" slack="0"/>
<pin id="302" dir="0" index="1" bw="12" slack="0"/>
<pin id="303" dir="1" index="2" bw="1" slack="1"/>
</pin_list>
<bind>
<opcode="icmp(45) " fcode="icmp"/>
<opset="exitcond_i_i/2 "/>
</bind>
</comp>

<comp id="306" class="1004" name="n_fu_306">
<pin_list>
<pin id="307" dir="0" index="0" bw="12" slack="0"/>
<pin id="308" dir="0" index="1" bw="1" slack="0"/>
<pin id="309" dir="1" index="2" bw="12" slack="0"/>
</pin_list>
<bind>
<opcode="add(8) " fcode="add"/>
<opset="n/2 "/>
</bind>
</comp>

<comp id="312" class="1005" name="exitcond_i_i_reg_312">
<pin_list>
<pin id="313" dir="0" index="0" bw="1" slack="1"/>
<pin id="314" dir="1" index="1" bw="1" slack="2147483647"/>
</pin_list>
<bind>
<opset="exitcond_i_i "/>
</bind>
</comp>

<comp id="316" class="1005" name="n_reg_316">
<pin_list>
<pin id="317" dir="0" index="0" bw="12" slack="0"/>
<pin id="318" dir="1" index="1" bw="12" slack="0"/>
</pin_list>
<bind>
<opset="n "/>
</bind>
</comp>

</comp_list>

<net_list>
<net id="167"><net_src comp="142" pin="0"/><net_sink comp="164" pin=0"/></net>

<net id="174"><net_src comp="164" pin="1"/><net_sink comp="168" pin=0"/></net>

<net id="175"><net_src comp="168" pin="4"/><net_sink comp="164" pin=0"/></net>

<net id="239"><net_src comp="158" pin="0"/><net_sink comp="176" pin=0"/></net>

<net id="240"><net_src comp="0" pin="0"/><net_sink comp="176" pin=1"/></net>

<net id="241"><net_src comp="2" pin="0"/><net_sink comp="176" pin=2"/></net>

<net id="242"><net_src comp="4" pin="0"/><net_sink comp="176" pin=3"/></net>

<net id="243"><net_src comp="6" pin="0"/><net_sink comp="176" pin=4"/></net>

<net id="244"><net_src comp="8" pin="0"/><net_sink comp="176" pin=5"/></net>

<net id="245"><net_src comp="10" pin="0"/><net_sink comp="176" pin=6"/></net>

<net id="246"><net_src comp="12" pin="0"/><net_sink comp="176" pin=7"/></net>

<net id="247"><net_src comp="14" pin="0"/><net_sink comp="176" pin=8"/></net>

<net id="248"><net_src comp="16" pin="0"/><net_sink comp="176" pin=9"/></net>

<net id="249"><net_src comp="18" pin="0"/><net_sink comp="176" pin=10"/></net>

<net id="250"><net_src comp="20" pin="0"/><net_sink comp="176" pin=11"/></net>

<net id="251"><net_src comp="168" pin="4"/><net_sink comp="176" pin=12"/></net>

<net id="252"><net_src comp="24" pin="0"/><net_sink comp="176" pin=13"/></net>

<net id="253"><net_src comp="26" pin="0"/><net_sink comp="176" pin=14"/></net>

<net id="254"><net_src comp="28" pin="0"/><net_sink comp="176" pin=15"/></net>

<net id="255"><net_src comp="30" pin="0"/><net_sink comp="176" pin=16"/></net>

<net id="256"><net_src comp="32" pin="0"/><net_sink comp="176" pin=17"/></net>

<net id="257"><net_src comp="34" pin="0"/><net_sink comp="176" pin=18"/></net>

<net id="258"><net_src comp="36" pin="0"/><net_sink comp="176" pin=19"/></net>

<net id="259"><net_src comp="38" pin="0"/><net_sink comp="176" pin=20"/></net>

<net id="260"><net_src comp="40" pin="0"/><net_sink comp="176" pin=21"/></net>

<net id="261"><net_src comp="42" pin="0"/><net_sink comp="176" pin=22"/></net>

<net id="262"><net_src comp="44" pin="0"/><net_sink comp="176" pin=23"/></net>

<net id="263"><net_src comp="46" pin="0"/><net_sink comp="176" pin=24"/></net>

<net id="264"><net_src comp="48" pin="0"/><net_sink comp="176" pin=25"/></net>

<net id="265"><net_src comp="50" pin="0"/><net_sink comp="176" pin=26"/></net>

<net id="266"><net_src comp="52" pin="0"/><net_sink comp="176" pin=27"/></net>

<net id="267"><net_src comp="54" pin="0"/><net_sink comp="176" pin=28"/></net>

<net id="268"><net_src comp="56" pin="0"/><net_sink comp="176" pin=29"/></net>

<net id="269"><net_src comp="58" pin="0"/><net_sink comp="176" pin=30"/></net>

<net id="270"><net_src comp="60" pin="0"/><net_sink comp="176" pin=31"/></net>

<net id="271"><net_src comp="62" pin="0"/><net_sink comp="176" pin=32"/></net>

<net id="272"><net_src comp="64" pin="0"/><net_sink comp="176" pin=33"/></net>

<net id="273"><net_src comp="66" pin="0"/><net_sink comp="176" pin=34"/></net>

<net id="274"><net_src comp="68" pin="0"/><net_sink comp="176" pin=35"/></net>

<net id="275"><net_src comp="70" pin="0"/><net_sink comp="176" pin=36"/></net>

<net id="276"><net_src comp="72" pin="0"/><net_sink comp="176" pin=37"/></net>

<net id="277"><net_src comp="74" pin="0"/><net_sink comp="176" pin=38"/></net>

<net id="278"><net_src comp="76" pin="0"/><net_sink comp="176" pin=39"/></net>

<net id="279"><net_src comp="78" pin="0"/><net_sink comp="176" pin=40"/></net>

<net id="280"><net_src comp="80" pin="0"/><net_sink comp="176" pin=41"/></net>

<net id="281"><net_src comp="82" pin="0"/><net_sink comp="176" pin=42"/></net>

<net id="282"><net_src comp="84" pin="0"/><net_sink comp="176" pin=43"/></net>

<net id="283"><net_src comp="86" pin="0"/><net_sink comp="176" pin=44"/></net>

<net id="284"><net_src comp="88" pin="0"/><net_sink comp="176" pin=45"/></net>

<net id="285"><net_src comp="90" pin="0"/><net_sink comp="176" pin=46"/></net>

<net id="286"><net_src comp="92" pin="0"/><net_sink comp="176" pin=47"/></net>

<net id="287"><net_src comp="94" pin="0"/><net_sink comp="176" pin=48"/></net>

<net id="288"><net_src comp="96" pin="0"/><net_sink comp="176" pin=49"/></net>

<net id="289"><net_src comp="98" pin="0"/><net_sink comp="176" pin=50"/></net>

<net id="290"><net_src comp="100" pin="0"/><net_sink comp="176" pin=51"/></net>

<net id="291"><net_src comp="102" pin="0"/><net_sink comp="176" pin=52"/></net>

<net id="292"><net_src comp="104" pin="0"/><net_sink comp="176" pin=53"/></net>

<net id="293"><net_src comp="106" pin="0"/><net_sink comp="176" pin=54"/></net>

<net id="294"><net_src comp="108" pin="0"/><net_sink comp="176" pin=55"/></net>

<net id="295"><net_src comp="110" pin="0"/><net_sink comp="176" pin=56"/></net>

<net id="296"><net_src comp="112" pin="0"/><net_sink comp="176" pin=57"/></net>

<net id="297"><net_src comp="114" pin="0"/><net_sink comp="176" pin=58"/></net>

<net id="298"><net_src comp="116" pin="0"/><net_sink comp="176" pin=59"/></net>

<net id="299"><net_src comp="118" pin="0"/><net_sink comp="176" pin=60"/></net>

<net id="304"><net_src comp="168" pin="4"/><net_sink comp="300" pin=0"/></net>

<net id="305"><net_src comp="144" pin="0"/><net_sink comp="300" pin=1"/></net>

<net id="310"><net_src comp="168" pin="4"/><net_sink comp="306" pin=0"/></net>

<net id="311"><net_src comp="156" pin="0"/><net_sink comp="306" pin=1"/></net>

<net id="315"><net_src comp="300" pin="2"/><net_sink comp="312" pin=0"/></net>

<net id="319"><net_src comp="306" pin="2"/><net_sink comp="316" pin=0"/></net>

<net id="320"><net_src comp="316" pin="1"/><net_sink comp="168" pin=2"/></net>

</net_list>

</model> 
---------------- Datapath Model END ------------------

* FSMD analyzer results:
  - Output states:
	Port: out_stream_V_data_V | {2 3 }
	Port: out_stream_V_keep_V | {2 3 }
	Port: out_stream_V_strb_V | {2 3 }
	Port: out_stream_V_last_V | {2 3 }
 - Input state : 
	Port: classify : in_stream_V_data_V | {2 3 }
	Port: classify : in_stream_V_keep_V | {2 3 }
	Port: classify : in_stream_V_strb_V | {2 3 }
	Port: classify : in_stream_V_user_V | {2 3 }
	Port: classify : in_stream_V_last_V | {2 3 }
	Port: classify : in_stream_V_id_V | {2 3 }
	Port: classify : in_stream_V_dest_V | {2 3 }
	Port: classify : svs_V_0 | {2 3 }
	Port: classify : svs_V_1 | {2 3 }
	Port: classify : svs_V_2 | {2 3 }
	Port: classify : svs_V_3 | {2 3 }
	Port: classify : svs_V_4 | {2 3 }
	Port: classify : svs_V_5 | {2 3 }
	Port: classify : svs_V_6 | {2 3 }
	Port: classify : svs_V_7 | {2 3 }
	Port: classify : svs_V_8 | {2 3 }
	Port: classify : svs_V_9 | {2 3 }
	Port: classify : svs_V_10 | {2 3 }
	Port: classify : svs_V_11 | {2 3 }
	Port: classify : svs_V_12 | {2 3 }
	Port: classify : svs_V_13 | {2 3 }
	Port: classify : svs_V_14 | {2 3 }
	Port: classify : svs_V_15 | {2 3 }
	Port: classify : alphas_V_044 | {2 3 }
	Port: classify : alphas_V_145 | {2 3 }
	Port: classify : alphas_V_252 | {2 3 }
	Port: classify : alphas_V_353 | {2 3 }
	Port: classify : alphas_V_454 | {2 3 }
	Port: classify : alphas_V_555 | {2 3 }
	Port: classify : alphas_V_656 | {2 3 }
	Port: classify : alphas_V_757 | {2 3 }
	Port: classify : alphas_V_858 | {2 3 }
	Port: classify : alphas_V_959 | {2 3 }
	Port: classify : alphas_V_1046 | {2 3 }
	Port: classify : alphas_V_1147 | {2 3 }
	Port: classify : alphas_V_1248 | {2 3 }
	Port: classify : alphas_V_1349 | {2 3 }
	Port: classify : alphas_V_1450 | {2 3 }
	Port: classify : alphas_V_1551 | {2 3 }
	Port: classify : sv_norms_V_0 | {2 3 }
	Port: classify : sv_norms_V_1 | {2 3 }
	Port: classify : sv_norms_V_2 | {2 3 }
	Port: classify : sv_norms_V_3 | {2 3 }
	Port: classify : sv_norms_V_4 | {2 3 }
	Port: classify : sv_norms_V_5 | {2 3 }
	Port: classify : sv_norms_V_6 | {2 3 }
	Port: classify : sv_norms_V_7 | {2 3 }
	Port: classify : sv_norms_V_8 | {2 3 }
	Port: classify : sv_norms_V_9 | {2 3 }
	Port: classify : sv_norms_V_10 | {2 3 }
	Port: classify : sv_norms_V_11 | {2 3 }
	Port: classify : sv_norms_V_12 | {2 3 }
	Port: classify : sv_norms_V_13 | {2 3 }
	Port: classify : sv_norms_V_14 | {2 3 }
	Port: classify : sv_norms_V_15 | {2 3 }
  - Chain level:
	State 1
	State 2
		exitcond_i_i : 1
		StgValue_26 : 1
		n : 1
		StgValue_28 : 2
		StgValue_29 : 1
	State 3
	State 4


============================================================
+ Verbose Summary: Datapath Resource usage 
============================================================

* Functional unit list:
|----------|---------------------------------|---------|---------|---------|---------|---------|
| Operation|         Functional Unit         |   BRAM  |  DSP48E |  Delay  |    FF   |   LUT   |
|----------|---------------------------------|---------|---------|---------|---------|---------|
|   call   | grp_dataflow_in_loop_Bat_fu_176 |    0    |    1    | 150.457 |  10384  |  27450  |
|----------|---------------------------------|---------|---------|---------|---------|---------|
|   icmp   |       exitcond_i_i_fu_300       |    0    |    0    |    0    |    0    |    13   |
|----------|---------------------------------|---------|---------|---------|---------|---------|
|    add   |             n_fu_306            |    0    |    0    |    0    |    0    |    12   |
|----------|---------------------------------|---------|---------|---------|---------|---------|
|   Total  |                                 |    0    |    1    | 150.457 |  10384  |  27475  |
|----------|---------------------------------|---------|---------|---------|---------|---------|

Memories:
+-------------+--------+--------+--------+
|             |  BRAM  |   FF   |   LUT  |
+-------------+--------+--------+--------+
| alphas_V_044|    0   |    7   |    2   |
|alphas_V_1046|    0   |    6   |    2   |
|alphas_V_1147|    0   |    7   |    2   |
|alphas_V_1248|    0   |    5   |    1   |
|alphas_V_1349|    0   |    5   |    1   |
| alphas_V_145|    0   |    6   |    2   |
|alphas_V_1450|    0   |    6   |    2   |
|alphas_V_1551|    0   |    5   |    1   |
| alphas_V_252|    0   |    6   |    2   |
| alphas_V_353|    0   |    8   |    2   |
| alphas_V_454|    0   |    6   |    2   |
| alphas_V_555|    0   |    5   |    1   |
| alphas_V_656|    0   |    5   |    1   |
| alphas_V_757|    0   |    6   |    2   |
| alphas_V_858|    0   |    5   |    1   |
| alphas_V_959|    0   |    5   |    1   |
| sv_norms_V_0|    0   |   30   |    6   |
| sv_norms_V_1|    0   |   28   |    5   |
|sv_norms_V_10|    0   |   28   |    5   |
|sv_norms_V_11|    0   |   28   |    5   |
|sv_norms_V_12|    0   |   29   |    5   |
|sv_norms_V_13|    0   |   28   |    5   |
|sv_norms_V_14|    0   |   27   |    5   |
|sv_norms_V_15|    0   |   30   |    5   |
| sv_norms_V_2|    0   |   30   |    6   |
| sv_norms_V_3|    0   |   28   |    5   |
| sv_norms_V_4|    0   |   28   |    5   |
| sv_norms_V_5|    0   |   28   |    5   |
| sv_norms_V_6|    0   |   29   |    5   |
| sv_norms_V_7|    0   |   27   |    5   |
| sv_norms_V_8|    0   |   29   |    5   |
| sv_norms_V_9|    0   |   29   |    5   |
|   svs_V_0   |    7   |    0   |    0   |
|   svs_V_1   |    7   |    0   |    0   |
|   svs_V_10  |    7   |    0   |    0   |
|   svs_V_11  |    7   |    0   |    0   |
|   svs_V_12  |    7   |    0   |    0   |
|   svs_V_13  |    8   |    0   |    0   |
|   svs_V_14  |    7   |    0   |    0   |
|   svs_V_15  |    8   |    0   |    0   |
|   svs_V_2   |    7   |    0   |    0   |
|   svs_V_3   |    8   |    0   |    0   |
|   svs_V_4   |    7   |    0   |    0   |
|   svs_V_5   |    7   |    0   |    0   |
|   svs_V_6   |    7   |    0   |    0   |
|   svs_V_7   |    7   |    0   |    0   |
|   svs_V_8   |    8   |    0   |    0   |
|   svs_V_9   |    7   |    0   |    0   |
+-------------+--------+--------+--------+
|    Total    |   116  |   549  |   107  |
+-------------+--------+--------+--------+

* Register list:
+--------------------+--------+
|                    |   FF   |
+--------------------+--------+
|exitcond_i_i_reg_312|    1   |
|   n_0_i_i_reg_164  |   12   |
|      n_reg_316     |   12   |
+--------------------+--------+
|        Total       |   25   |
+--------------------+--------+

* Multiplexer (MUX) list: 
|-----------------|------|------|------|--------||---------||---------|
|       Comp      |  Pin | Size |  BW  | S x BW ||  Delay  ||   LUT   |
|-----------------|------|------|------|--------||---------||---------|
| n_0_i_i_reg_164 |  p0  |   2  |  12  |   24   ||    9    |
|-----------------|------|------|------|--------||---------||---------|
|      Total      |      |      |      |   24   ||  1.769  ||    9    |
|-----------------|------|------|------|--------||---------||---------|



* Summary:
+-----------+--------+--------+--------+--------+--------+
|           |  BRAM  | DSP48E |  Delay |   FF   |   LUT  |
+-----------+--------+--------+--------+--------+--------+
|  Function |    0   |    1   |   150  |  10384 |  27475 |
|   Memory  |   116  |    -   |    -   |   549  |   107  |
|Multiplexer|    -   |    -   |    1   |    -   |    9   |
|  Register |    -   |    -   |    -   |   25   |    -   |
+-----------+--------+--------+--------+--------+--------+
|   Total   |   116  |    1   |   152  |  10958 |  27591 |
+-----------+--------+--------+--------+--------+--------+
