

================================================================
== Vivado HLS Report for 'classify'
================================================================
* Date:           Tue Mar 10 04:31:55 2026

* Version:        2018.2 (Build 2258646 on Thu Jun 14 20:25:20 MDT 2018)
* Project:        MathieuHelpMe
* Solution:       solution1
* Product family: zynq
* Target device:  xc7z020clg484-1


================================================================
== Performance Estimates
================================================================
+ Timing (ns): 
    * Summary: 
    +--------+-------+----------+------------+
    |  Clock | Target| Estimated| Uncertainty|
    +--------+-------+----------+------------+
    |ap_clk  |  10.00|     8.742|        1.25|
    +--------+-------+----------+------------+

+ Latency (clock cycles): 
    * Summary: 
    +--------+--------+--------+--------+---------+
    |     Latency     |     Interval    | Pipeline|
    |   min  |   max  |   min  |   max  |   Type  |
    +--------+--------+--------+--------+---------+
    |  743955|  743955|  743955|  743955|   none  |
    +--------+--------+--------+--------+---------+

    + Detail: 
        * Instance: 
        N/A

        * Loop: 
        +----------+--------+--------+----------+-----------+-----------+------+----------+
        |          |     Latency     | Iteration|  Initiation Interval  | Trip |          |
        | Loop Name|   min  |   max  |  Latency |  achieved |   target  | Count| Pipelined|
        +----------+--------+--------+----------+-----------+-----------+------+----------+
        |- Loop 1  |  743953|  743953|       354|          -|          -|  2601|    no    |
        +----------+--------+--------+----------+-----------+-----------+------+----------+

============================================================
+ Verbose Summary: Synthesis Manager
============================================================
InlineROM: 1
ExposeGlobal: 0
============================================================
+ Verbose Summary: CDFG Model
============================================================
IsTopModel: 1
ResetActiveHigh: 1
IsCombinational: 2
IsDatapathOnly: 0
HasWiredReturn: 1
HasMFsm: 0
HasVarLatency: 1
IsPipeline: 0
IsRtlPipelined: 0
IsInstanceOverlapped: 0
IsDontTouch: 0
HasImplIP: 0
IsGatedGlobalClock: 0


============================================================
+ Verbose Summary: Schedule
============================================================
* Number of FSM states : 4
* Pipeline : 0
* Dataflow Pipeline: 1
  DF-Pipeline-0: Size = 2, States = { 2 3 }

* FSM state transitions: 
1 --> 
	2  / true
2 --> 
	3  / (tmp)
	4  / (!tmp)
3 --> 
	2  / (tmp)
4 --> 

* FSM state operations: 

State 1 <SV = 0> <Delay = 1.76>
ST_1 : Operation 5 [1/1] (0.00ns)   --->   "call void (...)* @_ssdm_op_SpecBitsMap(i64* %in_stream_V_data_V), !map !217"   --->   Operation 5 'specbitsmap' <Predicate = true> <Delay = 0.00>
ST_1 : Operation 6 [1/1] (0.00ns)   --->   "call void (...)* @_ssdm_op_SpecBitsMap(i8* %in_stream_V_keep_V), !map !223"   --->   Operation 6 'specbitsmap' <Predicate = true> <Delay = 0.00>
ST_1 : Operation 7 [1/1] (0.00ns)   --->   "call void (...)* @_ssdm_op_SpecBitsMap(i8* %in_stream_V_strb_V), !map !227"   --->   Operation 7 'specbitsmap' <Predicate = true> <Delay = 0.00>
ST_1 : Operation 8 [1/1] (0.00ns)   --->   "call void (...)* @_ssdm_op_SpecBitsMap(i1* %in_stream_V_user_V), !map !231"   --->   Operation 8 'specbitsmap' <Predicate = true> <Delay = 0.00>
ST_1 : Operation 9 [1/1] (0.00ns)   --->   "call void (...)* @_ssdm_op_SpecBitsMap(i1* %in_stream_V_last_V), !map !235"   --->   Operation 9 'specbitsmap' <Predicate = true> <Delay = 0.00>
ST_1 : Operation 10 [1/1] (0.00ns)   --->   "call void (...)* @_ssdm_op_SpecBitsMap(i1* %in_stream_V_id_V), !map !239"   --->   Operation 10 'specbitsmap' <Predicate = true> <Delay = 0.00>
ST_1 : Operation 11 [1/1] (0.00ns)   --->   "call void (...)* @_ssdm_op_SpecBitsMap(i1* %in_stream_V_dest_V), !map !243"   --->   Operation 11 'specbitsmap' <Predicate = true> <Delay = 0.00>
ST_1 : Operation 12 [1/1] (0.00ns)   --->   "call void (...)* @_ssdm_op_SpecBitsMap(i32* %out_stream_V_data_V), !map !247"   --->   Operation 12 'specbitsmap' <Predicate = true> <Delay = 0.00>
ST_1 : Operation 13 [1/1] (0.00ns)   --->   "call void (...)* @_ssdm_op_SpecBitsMap(i1* %out_stream_V_keep_V), !map !251"   --->   Operation 13 'specbitsmap' <Predicate = true> <Delay = 0.00>
ST_1 : Operation 14 [1/1] (0.00ns)   --->   "call void (...)* @_ssdm_op_SpecBitsMap(i1* %out_stream_V_strb_V), !map !255"   --->   Operation 14 'specbitsmap' <Predicate = true> <Delay = 0.00>
ST_1 : Operation 15 [1/1] (0.00ns)   --->   "call void (...)* @_ssdm_op_SpecBitsMap(i1* %out_stream_V_last_V), !map !259"   --->   Operation 15 'specbitsmap' <Predicate = true> <Delay = 0.00>
ST_1 : Operation 16 [1/1] (0.00ns)   --->   "call void (...)* @_ssdm_op_SpecBitsMap(i32 %num_images), !map !263"   --->   Operation 16 'specbitsmap' <Predicate = true> <Delay = 0.00>
ST_1 : Operation 17 [1/1] (0.00ns)   --->   "call void (...)* @_ssdm_op_SpecTopModule([9 x i8]* @classify_str) nounwind"   --->   Operation 17 'spectopmodule' <Predicate = true> <Delay = 0.00>
ST_1 : Operation 18 [1/1] (0.00ns)   --->   "call void (...)* @_ssdm_op_SpecMemCore([31 x i128]* null, [1 x i8]* @p_str4000, [12 x i8]* @p_str4026, [1 x i8]* @p_str4000, i32 -1, [1 x i8]* @p_str4000, [1 x i8]* @p_str4000, [1 x i8]* @p_str4000, [1 x i8]* @p_str4000, [1 x i8]* @p_str4000)" [MathieuHelpMe/Classifier.cpp:176]   --->   Operation 18 'specmemcore' <Predicate = true> <Delay = 0.00>
ST_1 : Operation 19 [1/1] (0.00ns)   --->   "call void (...)* @_ssdm_op_SpecInterface(i64* %in_stream_V_data_V, i8* %in_stream_V_keep_V, i8* %in_stream_V_strb_V, i1* %in_stream_V_user_V, i1* %in_stream_V_last_V, i1* %in_stream_V_id_V, i1* %in_stream_V_dest_V, [5 x i8]* @p_str4020, i32 1, i32 1, [5 x i8]* @p_str4021, i32 0, i32 0, [1 x i8]* @p_str4000, [1 x i8]* @p_str4000, [1 x i8]* @p_str4000, i32 0, i32 0, i32 0, i32 0, [1 x i8]* @p_str4000, [1 x i8]* @p_str4000) nounwind" [MathieuHelpMe/Classifier.cpp:157]   --->   Operation 19 'specinterface' <Predicate = true> <Delay = 0.00>
ST_1 : Operation 20 [1/1] (0.00ns)   --->   "call void (...)* @_ssdm_op_SpecInterface(i32* %out_stream_V_data_V, i1* %out_stream_V_keep_V, i1* %out_stream_V_strb_V, i1* %out_stream_V_last_V, [5 x i8]* @p_str4020, i32 1, i32 1, [5 x i8]* @p_str4021, i32 0, i32 0, [1 x i8]* @p_str4000, [1 x i8]* @p_str4000, [1 x i8]* @p_str4000, i32 0, i32 0, i32 0, i32 0, [1 x i8]* @p_str4000, [1 x i8]* @p_str4000) nounwind" [MathieuHelpMe/Classifier.cpp:158]   --->   Operation 20 'specinterface' <Predicate = true> <Delay = 0.00>
ST_1 : Operation 21 [1/1] (0.00ns)   --->   "call void (...)* @_ssdm_op_SpecInterface(i32 %num_images, [10 x i8]* @p_str4022, i32 0, i32 0, [1 x i8]* @p_str4000, i32 0, i32 0, [8 x i8]* @p_str4023, [1 x i8]* @p_str4000, [1 x i8]* @p_str4000, i32 0, i32 0, i32 0, i32 0, [1 x i8]* @p_str4000, [1 x i8]* @p_str4000) nounwind" [MathieuHelpMe/Classifier.cpp:159]   --->   Operation 21 'specinterface' <Predicate = true> <Delay = 0.00>
ST_1 : Operation 22 [1/1] (0.00ns)   --->   "call void (...)* @_ssdm_op_SpecInterface(i32 0, [10 x i8]* @p_str4022, i32 0, i32 0, [1 x i8]* @p_str4000, i32 0, i32 0, [8 x i8]* @p_str4023, [1 x i8]* @p_str4000, [1 x i8]* @p_str4000, i32 0, i32 0, i32 0, i32 0, [1 x i8]* @p_str4000, [1 x i8]* @p_str4000) nounwind" [MathieuHelpMe/Classifier.cpp:160]   --->   Operation 22 'specinterface' <Predicate = true> <Delay = 0.00>
ST_1 : Operation 23 [1/1] (0.00ns)   --->   "call void (...)* @_ssdm_op_SpecMemCore([186 x i125]* @svs0_pack_V_0, [186 x i126]* @svs0_pack_V_1, [186 x i125]* @svs0_pack_V_2, [186 x i126]* @svs0_pack_V_3, [186 x i126]* @svs0_pack_V_4, [186 x i126]* @svs0_pack_V_5, [186 x i126]* @svs0_pack_V_6, [186 x i125]* @svs0_pack_V_7, [186 x i125]* @svs0_pack_V_8, [186 x i126]* @svs0_pack_V_9, [186 x i126]* @svs0_pack_V_10, [186 x i126]* @svs0_pack_V_11, [186 x i127]* @svs0_pack_V_12, [186 x i126]* @svs0_pack_V_13, [186 x i126]* @svs0_pack_V_14, [186 x i124]* @svs0_pack_V_15, [1 x i8]* @p_str4000, [12 x i8]* @p_str4024, [1 x i8]* @p_str4000, i32 -1, [1 x i8]* @p_str4000, [1 x i8]* @p_str4000, [1 x i8]* @p_str4000, [1 x i8]* @p_str4000, [1 x i8]* @p_str4000)" [MathieuHelpMe/Classifier.cpp:164]   --->   Operation 23 'specmemcore' <Predicate = true> <Delay = 0.00>
ST_1 : Operation 24 [1/1] (0.00ns)   --->   "call void (...)* @_ssdm_op_SpecMemCore([186 x i126]* @svs1_pack_V_0, [186 x i126]* @svs1_pack_V_1, [186 x i126]* @svs1_pack_V_2, [186 x i126]* @svs1_pack_V_3, [186 x i126]* @svs1_pack_V_4, [186 x i124]* @svs1_pack_V_5, [186 x i126]* @svs1_pack_V_6, [186 x i125]* @svs1_pack_V_7, [186 x i126]* @svs1_pack_V_8, [186 x i124]* @svs1_pack_V_9, [186 x i126]* @svs1_pack_V_10, [186 x i125]* @svs1_pack_V_11, [186 x i125]* @svs1_pack_V_12, [186 x i125]* @svs1_pack_V_13, [186 x i126]* @svs1_pack_V_14, [186 x i126]* @svs1_pack_V_15, [1 x i8]* @p_str4000, [12 x i8]* @p_str4024, [1 x i8]* @p_str4000, i32 -1, [1 x i8]* @p_str4000, [1 x i8]* @p_str4000, [1 x i8]* @p_str4000, [1 x i8]* @p_str4000, [1 x i8]* @p_str4000)" [MathieuHelpMe/Classifier.cpp:165]   --->   Operation 24 'specmemcore' <Predicate = true> <Delay = 0.00>
ST_1 : Operation 25 [1/1] (1.00ns)   --->   "%num_images_read = call i32 @_ssdm_op_Read.s_axilite.i32(i32 %num_images)"   --->   Operation 25 'read' 'num_images_read' <Predicate = true> <Delay = 1.00> <Core = "s_axilite">   --->   Core 10 's_axilite' <Latency = 0> <II = 1> <Delay = 1.00> <Adapter> <Opcode : 'read' 'write'>
ST_1 : Operation 26 [1/1] (1.76ns)   --->   "br label %1" [MathieuHelpMe/Classifier.cpp:172]   --->   Operation 26 'br' <Predicate = true> <Delay = 1.76>

State 2 <SV = 1> <Delay = 2.52>
ST_2 : Operation 27 [1/1] (0.00ns)   --->   "%n = phi i31 [ 0, %0 ], [ %n_1, %2 ]"   --->   Operation 27 'phi' 'n' <Predicate = true> <Delay = 0.00>
ST_2 : Operation 28 [1/1] (0.00ns)   --->   "%n_cast = zext i31 %n to i32" [MathieuHelpMe/Classifier.cpp:172]   --->   Operation 28 'zext' 'n_cast' <Predicate = true> <Delay = 0.00>
ST_2 : Operation 29 [1/1] (2.47ns)   --->   "%tmp = icmp slt i32 %n_cast, %num_images_read" [MathieuHelpMe/Classifier.cpp:172]   --->   Operation 29 'icmp' 'tmp' <Predicate = true> <Delay = 2.47> <Core = "Cmp">   --->   Core 25 'Cmp' <Latency = 0> <II = 1> <Delay = 2.47> <FuncUnit> <Opcode : 'icmp'> <InPorts = 2> <OutPorts = 1>
ST_2 : Operation 30 [1/1] (0.00ns)   --->   "call void (...)* @_ssdm_op_SpecDataflowPipeline(i32 -1, [21 x i8]* @dataflow_parent_loop, i31 %n, i32 %num_images)" [MathieuHelpMe/Classifier.cpp:172]   --->   Operation 30 'specdataflowpipeline' <Predicate = true> <Delay = 0.00>
ST_2 : Operation 31 [1/1] (2.52ns)   --->   "%n_1 = add i31 %n, 1" [MathieuHelpMe/Classifier.cpp:172]   --->   Operation 31 'add' 'n_1' <Predicate = true> <Delay = 2.52> <Core = "AddSub">   --->   Core 14 'AddSub' <Latency = 0> <II = 1> <Delay = 2.52> <FuncUnit> <Opcode : 'add' 'sub'> <InPorts = 2> <OutPorts = 1>
ST_2 : Operation 32 [1/1] (0.00ns)   --->   "br i1 %tmp, label %2, label %3" [MathieuHelpMe/Classifier.cpp:172]   --->   Operation 32 'br' <Predicate = true> <Delay = 0.00>
ST_2 : Operation 33 [2/2] (0.00ns)   --->   "call fastcc void @dataflow_in_loop(i64* %in_stream_V_data_V, i8* %in_stream_V_keep_V, i8* %in_stream_V_strb_V, i1* %in_stream_V_user_V, i1* %in_stream_V_last_V, i1* %in_stream_V_id_V, i1* %in_stream_V_dest_V, i32* %out_stream_V_data_V, i1* %out_stream_V_keep_V, i1* %out_stream_V_strb_V, i1* %out_stream_V_last_V, i31 %n, i32 %num_images_read)" [MathieuHelpMe/Classifier.cpp:172]   --->   Operation 33 'call' <Predicate = (tmp)> <Delay = 0.00> <CoreType = "Generic">   --->   Core 0 '' <Latency = 0> <II = 1> <Delay = 1.00> <Generic> <Opcode : >

State 3 <SV = 2> <Delay = 0.00>
ST_3 : Operation 34 [1/1] (0.00ns)   --->   "%tmp_s = call i32 (...)* @_ssdm_op_SpecRegionBegin([13 x i8]* @p_str4025)" [MathieuHelpMe/Classifier.cpp:172]   --->   Operation 34 'specregionbegin' 'tmp_s' <Predicate = (tmp)> <Delay = 0.00>
ST_3 : Operation 35 [1/1] (0.00ns)   --->   "call void (...)* @_ssdm_op_SpecLoopTripCount(i32 2601, i32 2601, i32 2601, [1 x i8]* @p_str4000) nounwind" [MathieuHelpMe/Classifier.cpp:173]   --->   Operation 35 'speclooptripcount' <Predicate = (tmp)> <Delay = 0.00>
ST_3 : Operation 36 [1/2] (0.00ns)   --->   "call fastcc void @dataflow_in_loop(i64* %in_stream_V_data_V, i8* %in_stream_V_keep_V, i8* %in_stream_V_strb_V, i1* %in_stream_V_user_V, i1* %in_stream_V_last_V, i1* %in_stream_V_id_V, i1* %in_stream_V_dest_V, i32* %out_stream_V_data_V, i1* %out_stream_V_keep_V, i1* %out_stream_V_strb_V, i1* %out_stream_V_last_V, i31 %n, i32 %num_images_read)" [MathieuHelpMe/Classifier.cpp:172]   --->   Operation 36 'call' <Predicate = (tmp)> <Delay = 0.00> <CoreType = "Generic">   --->   Core 0 '' <Latency = 0> <II = 1> <Delay = 1.00> <Generic> <Opcode : >
ST_3 : Operation 37 [1/1] (0.00ns)   --->   "%empty = call i32 (...)* @_ssdm_op_SpecRegionEnd([13 x i8]* @p_str4025, i32 %tmp_s)" [MathieuHelpMe/Classifier.cpp:180]   --->   Operation 37 'specregionend' 'empty' <Predicate = (tmp)> <Delay = 0.00>
ST_3 : Operation 38 [1/1] (0.00ns)   --->   "br label %1" [MathieuHelpMe/Classifier.cpp:172]   --->   Operation 38 'br' <Predicate = (tmp)> <Delay = 0.00>

State 4 <SV = 3> <Delay = 0.00>
ST_4 : Operation 39 [1/1] (0.00ns)   --->   "ret void" [MathieuHelpMe/Classifier.cpp:181]   --->   Operation 39 'ret' <Predicate = true> <Delay = 0.00>


============================================================
+ Verbose Summary: Timing violations
============================================================
Target clock period: 10ns, clock uncertainty: 1.25ns.

 <State 1>: 1.77ns
The critical path consists of the following:
	multiplexor before 'phi' operation ('n') with incoming values : ('n', MathieuHelpMe/Classifier.cpp:172) [101]  (1.77 ns)

 <State 2>: 2.52ns
The critical path consists of the following:
	'phi' operation ('n') with incoming values : ('n', MathieuHelpMe/Classifier.cpp:172) [101]  (0 ns)
	'add' operation ('n', MathieuHelpMe/Classifier.cpp:172) [105]  (2.52 ns)

 <State 3>: 0ns
The critical path consists of the following:

 <State 4>: 0ns
The critical path consists of the following:


============================================================
+ Verbose Summary: Binding
============================================================
N/A
* FSMD analyzer results:
  - Output states:
 - Input state : 
  - Chain level:
	State 1
	State 2
	State 3
	State 4


============================================================
+ Verbose Summary: Datapath Resource usage 
============================================================
N/A
