

================================================================
== Vivado HLS Report for 'dataflow_in_loop_Bat_1'
================================================================
* Date:           Wed Feb 18 17:52:10 2026

* Version:        2018.2 (Build 2258646 on Thu Jun 14 20:25:20 MDT 2018)
* Project:        ADSD
* Solution:       solution1
* Product family: zynq
* Target device:  xc7z020clg484-1


================================================================
== Performance Estimates
================================================================
+ Timing (ns): 
    * Summary: 
    +--------+-------+----------+------------+
    |  Clock | Target| Estimated| Uncertainty|
    +--------+-------+----------+------------+
    |ap_clk  |  10.00|     9.599|        1.25|
    +--------+-------+----------+------------+

+ Latency (clock cycles): 
    * Summary: 
    +------+------+-----+-----+----------+
    |   Latency   |  Interval | Pipeline |
    |  min |  max | min | max |   Type   |
    +------+------+-----+-----+----------+
    |  1039|  1039|  938|  938| dataflow |
    +------+------+-----+-----+----------+

    + Detail: 
        * Instance: 
        +---------------------------------------------+--------------------------+-----+-----+-----+-----+---------+
        |                                             |                          |  Latency  |  Interval | Pipeline|
        |                   Instance                  |          Module          | min | max | min | max |   Type  |
        +---------------------------------------------+--------------------------+-----+-----+-----+-----+---------+
        |grp_compute_class_fu_266                     |compute_class             |  937|  937|  937|  937|   none  |
        |grp_load_and_calc_norm_fu_383                |load_and_calc_norm        |  101|  101|  101|  101|   none  |
        |StgValue_38_p_ADSD_Classifier_cp_1_fu_433    |p_ADSD_Classifier_cp_1    |    0|    0|    0|    0|   none  |
        |StgValue_46_p_ADSD_Classifier_cp_fu_439      |p_ADSD_Classifier_cp      |    0|    0|    0|    0|   none  |
        |StgValue_30_dataflow_in_loop_Bat_2_fu_455    |dataflow_in_loop_Bat_2    |    0|    0|    0|    0|   none  |
        |StgValue_32_dataflow_in_loop_Bat_1_1_fu_462  |dataflow_in_loop_Bat_1_1  |    0|    0|    0|    0|   none  |
        |StgValue_35_p_ADSD_Classifier_cp_4_fu_468    |p_ADSD_Classifier_cp_4    |    0|    0|    0|    0|   none  |
        |StgValue_36_p_ADSD_Classifier_cp_3_fu_475    |p_ADSD_Classifier_cp_3    |    0|    0|    0|    0|   none  |
        |StgValue_37_p_ADSD_Classifier_cp_2_fu_480    |p_ADSD_Classifier_cp_2    |    0|    0|    0|    0|   none  |
        +---------------------------------------------+--------------------------+-----+-----+-----+-----+---------+

        * Loop: 
        N/A

============================================================
+ Verbose Summary: Synthesis Manager
============================================================
InlineROM: 1
ExposeGlobal: 0
============================================================
+ Verbose Summary: CDFG Model
============================================================
IsTopModel: 0
ResetActiveHigh: 1
IsCombinational: 2
IsDatapathOnly: 0
HasWiredReturn: 1
HasMFsm: 0
HasVarLatency: 1
IsPipeline: 0
IsRtlPipelined: 0
IsInstanceOverlapped: 0
IsDontTouch: 0
HasImplIP: 0
IsGatedGlobalClock: 0


============================================================
+ Verbose Summary: Schedule
============================================================
* Number of FSM states : 5
* Pipeline : 0
* Dataflow Pipeline: 1
  DF-Pipeline-0: Size = 5, States = { 1 2 3 4 5 }

* FSM state transitions: 
1 --> 
	2  / true
2 --> 
	3  / true
3 --> 
	4  / true
4 --> 
	5  / true
5 --> 

* FSM state operations: 

State 1 <SV = 0> <Delay = 2.32>
ST_1 : Operation 6 [1/1] (0.00ns)   --->   "%n_0_i_i_c1 = alloca i12, align 2"   --->   Operation 6 'alloca' 'n_0_i_i_c1' <Predicate = true> <Delay = 0.00> <Core = "FIFO">   --->   Core 32 'FIFO' <Latency = 0> <II = 1> <Delay = 3.63> <Storage> <Opcode : 'read' 'write' 'nbread' 'nbwrite'> <Ports = 0> <Width = 12> <Depth = 2> <FIFO>
ST_1 : Operation 7 [1/1] (0.00ns)   --->   "%n_0_i_i_c = alloca i12, align 2"   --->   Operation 7 'alloca' 'n_0_i_i_c' <Predicate = true> <Delay = 0.00> <Core = "FIFO">   --->   Core 32 'FIFO' <Latency = 0> <II = 1> <Delay = 3.63> <Storage> <Opcode : 'read' 'write' 'nbread' 'nbwrite'> <Ports = 0> <Width = 12> <Depth = 2> <FIFO>
ST_1 : Operation 8 [1/1] (2.32ns)   --->   "%x_local_0_V = alloca [49 x i8], align 1" [ADSD/Classifier.cpp:123]   --->   Operation 8 'alloca' 'x_local_0_V' <Predicate = true> <Delay = 2.32>
ST_1 : Operation 9 [1/1] (2.32ns)   --->   "%x_local_1_V = alloca [49 x i8], align 1" [ADSD/Classifier.cpp:123]   --->   Operation 9 'alloca' 'x_local_1_V' <Predicate = true> <Delay = 2.32>
ST_1 : Operation 10 [1/1] (2.32ns)   --->   "%x_local_2_V = alloca [49 x i8], align 1" [ADSD/Classifier.cpp:123]   --->   Operation 10 'alloca' 'x_local_2_V' <Predicate = true> <Delay = 2.32>
ST_1 : Operation 11 [1/1] (2.32ns)   --->   "%x_local_3_V = alloca [49 x i8], align 1" [ADSD/Classifier.cpp:123]   --->   Operation 11 'alloca' 'x_local_3_V' <Predicate = true> <Delay = 2.32>
ST_1 : Operation 12 [1/1] (2.32ns)   --->   "%x_local_4_V = alloca [49 x i8], align 1" [ADSD/Classifier.cpp:123]   --->   Operation 12 'alloca' 'x_local_4_V' <Predicate = true> <Delay = 2.32>
ST_1 : Operation 13 [1/1] (2.32ns)   --->   "%x_local_5_V = alloca [49 x i8], align 1" [ADSD/Classifier.cpp:123]   --->   Operation 13 'alloca' 'x_local_5_V' <Predicate = true> <Delay = 2.32>
ST_1 : Operation 14 [1/1] (2.32ns)   --->   "%x_local_6_V = alloca [49 x i8], align 1" [ADSD/Classifier.cpp:123]   --->   Operation 14 'alloca' 'x_local_6_V' <Predicate = true> <Delay = 2.32>
ST_1 : Operation 15 [1/1] (2.32ns)   --->   "%x_local_7_V = alloca [49 x i8], align 1" [ADSD/Classifier.cpp:123]   --->   Operation 15 'alloca' 'x_local_7_V' <Predicate = true> <Delay = 2.32>
ST_1 : Operation 16 [1/1] (2.32ns)   --->   "%x_local_8_V = alloca [49 x i8], align 1" [ADSD/Classifier.cpp:123]   --->   Operation 16 'alloca' 'x_local_8_V' <Predicate = true> <Delay = 2.32>
ST_1 : Operation 17 [1/1] (2.32ns)   --->   "%x_local_9_V = alloca [49 x i8], align 1" [ADSD/Classifier.cpp:123]   --->   Operation 17 'alloca' 'x_local_9_V' <Predicate = true> <Delay = 2.32>
ST_1 : Operation 18 [1/1] (2.32ns)   --->   "%x_local_10_V = alloca [49 x i8], align 1" [ADSD/Classifier.cpp:123]   --->   Operation 18 'alloca' 'x_local_10_V' <Predicate = true> <Delay = 2.32>
ST_1 : Operation 19 [1/1] (2.32ns)   --->   "%x_local_11_V = alloca [49 x i8], align 1" [ADSD/Classifier.cpp:123]   --->   Operation 19 'alloca' 'x_local_11_V' <Predicate = true> <Delay = 2.32>
ST_1 : Operation 20 [1/1] (2.32ns)   --->   "%x_local_12_V = alloca [49 x i8], align 1" [ADSD/Classifier.cpp:123]   --->   Operation 20 'alloca' 'x_local_12_V' <Predicate = true> <Delay = 2.32>
ST_1 : Operation 21 [1/1] (2.32ns)   --->   "%x_local_13_V = alloca [49 x i8], align 1" [ADSD/Classifier.cpp:123]   --->   Operation 21 'alloca' 'x_local_13_V' <Predicate = true> <Delay = 2.32>
ST_1 : Operation 22 [1/1] (2.32ns)   --->   "%x_local_14_V = alloca [49 x i8], align 1" [ADSD/Classifier.cpp:123]   --->   Operation 22 'alloca' 'x_local_14_V' <Predicate = true> <Delay = 2.32>
ST_1 : Operation 23 [1/1] (2.32ns)   --->   "%x_local_15_V = alloca [49 x i8], align 1" [ADSD/Classifier.cpp:123]   --->   Operation 23 'alloca' 'x_local_15_V' <Predicate = true> <Delay = 2.32>
ST_1 : Operation 24 [1/1] (0.00ns)   --->   "%tmp_data_V = alloca i32, align 4" [ADSD/Classifier.cpp:143]   --->   Operation 24 'alloca' 'tmp_data_V' <Predicate = true> <Delay = 0.00> <Core = "FIFO">   --->   Core 32 'FIFO' <Latency = 0> <II = 1> <Delay = 3.63> <Storage> <Opcode : 'read' 'write' 'nbread' 'nbwrite'> <Ports = 0> <Width = 12> <Depth = 2> <FIFO>
ST_1 : Operation 25 [1/1] (0.00ns)   --->   "%tmp_keep_V = alloca i1, align 1" [ADSD/Classifier.cpp:143]   --->   Operation 25 'alloca' 'tmp_keep_V' <Predicate = true> <Delay = 0.00> <Core = "FIFO">   --->   Core 32 'FIFO' <Latency = 0> <II = 1> <Delay = 3.63> <Storage> <Opcode : 'read' 'write' 'nbread' 'nbwrite'> <Ports = 0> <Width = 12> <Depth = 2> <FIFO>
ST_1 : Operation 26 [1/1] (0.00ns)   --->   "%tmp_strb_V = alloca i1, align 1" [ADSD/Classifier.cpp:143]   --->   Operation 26 'alloca' 'tmp_strb_V' <Predicate = true> <Delay = 0.00> <Core = "FIFO">   --->   Core 32 'FIFO' <Latency = 0> <II = 1> <Delay = 3.63> <Storage> <Opcode : 'read' 'write' 'nbread' 'nbwrite'> <Ports = 0> <Width = 12> <Depth = 2> <FIFO>
ST_1 : Operation 27 [1/1] (0.00ns)   --->   "%tmp_last_V = alloca i1, align 1" [ADSD/Classifier.cpp:143]   --->   Operation 27 'alloca' 'tmp_last_V' <Predicate = true> <Delay = 0.00> <Core = "FIFO">   --->   Core 32 'FIFO' <Latency = 0> <II = 1> <Delay = 3.63> <Storage> <Opcode : 'read' 'write' 'nbread' 'nbwrite'> <Ports = 0> <Width = 12> <Depth = 2> <FIFO>
ST_1 : Operation 28 [2/2] (0.00ns)   --->   "%op_V_assign1_channel = call fastcc i24 @load_and_calc_norm(i64* %in_stream_V_data_V, i8* %in_stream_V_keep_V, i8* %in_stream_V_strb_V, i1* %in_stream_V_user_V, i1* %in_stream_V_last_V, i1* %in_stream_V_id_V, i1* %in_stream_V_dest_V, [49 x i8]* %x_local_0_V, [49 x i8]* %x_local_1_V, [49 x i8]* %x_local_2_V, [49 x i8]* %x_local_3_V, [49 x i8]* %x_local_4_V, [49 x i8]* %x_local_5_V, [49 x i8]* %x_local_6_V, [49 x i8]* %x_local_7_V, [49 x i8]* %x_local_8_V, [49 x i8]* %x_local_9_V, [49 x i8]* %x_local_10_V, [49 x i8]* %x_local_11_V, [49 x i8]* %x_local_12_V, [49 x i8]* %x_local_13_V, [49 x i8]* %x_local_14_V, [49 x i8]* %x_local_15_V)" [ADSD/Classifier.cpp:130]   --->   Operation 28 'call' 'op_V_assign1_channel' <Predicate = true> <Delay = 0.00> <Core = "FIFO">   --->   Core 32 'FIFO' <Latency = 0> <II = 1> <Delay = 3.63> <Storage> <Opcode : 'read' 'write' 'nbread' 'nbwrite'> <Ports = 0> <Width = 12> <Depth = 2> <FIFO>

State 2 <SV = 1> <Delay = 3.63>
ST_2 : Operation 29 [1/1] (0.00ns)   --->   "%n_0_i_i_read = call i12 @_ssdm_op_Read.ap_auto.i12(i12 %n_0_i_i)"   --->   Operation 29 'read' 'n_0_i_i_read' <Predicate = true> <Delay = 0.00>
ST_2 : Operation 30 [1/1] (3.63ns)   --->   "call void @dataflow_in_loop_Bat.2(i12 %n_0_i_i_read, i12* %n_0_i_i_c1)"   --->   Operation 30 'call' <Predicate = true> <Delay = 3.63> <CoreType = "Generic">   --->   Core 0 '' <Latency = 0> <II = 1> <Delay = 1.00> <Generic> <Opcode : >
ST_2 : Operation 31 [1/2] (0.00ns)   --->   "%op_V_assign1_channel = call fastcc i24 @load_and_calc_norm(i64* %in_stream_V_data_V, i8* %in_stream_V_keep_V, i8* %in_stream_V_strb_V, i1* %in_stream_V_user_V, i1* %in_stream_V_last_V, i1* %in_stream_V_id_V, i1* %in_stream_V_dest_V, [49 x i8]* %x_local_0_V, [49 x i8]* %x_local_1_V, [49 x i8]* %x_local_2_V, [49 x i8]* %x_local_3_V, [49 x i8]* %x_local_4_V, [49 x i8]* %x_local_5_V, [49 x i8]* %x_local_6_V, [49 x i8]* %x_local_7_V, [49 x i8]* %x_local_8_V, [49 x i8]* %x_local_9_V, [49 x i8]* %x_local_10_V, [49 x i8]* %x_local_11_V, [49 x i8]* %x_local_12_V, [49 x i8]* %x_local_13_V, [49 x i8]* %x_local_14_V, [49 x i8]* %x_local_15_V)" [ADSD/Classifier.cpp:130]   --->   Operation 31 'call' 'op_V_assign1_channel' <Predicate = true> <Delay = 0.00> <Core = "FIFO">   --->   Core 32 'FIFO' <Latency = 0> <II = 1> <Delay = 3.63> <Storage> <Opcode : 'read' 'write' 'nbread' 'nbwrite'> <Ports = 0> <Width = 12> <Depth = 2> <FIFO>

State 3 <SV = 2> <Delay = 0.00>
ST_3 : Operation 32 [1/1] (0.00ns)   --->   "call fastcc void @dataflow_in_loop_Bat.1.1(i12* nocapture %n_0_i_i_c1, i12* %n_0_i_i_c)"   --->   Operation 32 'call' <Predicate = true> <Delay = 0.00> <CoreType = "Generic">   --->   Core 0 '' <Latency = 0> <II = 1> <Delay = 1.00> <Generic> <Opcode : >
ST_3 : Operation 33 [2/2] (0.00ns)   --->   "%res_internal_V = call fastcc i32 @compute_class([49 x i8]* %x_local_0_V, [49 x i8]* %x_local_1_V, [49 x i8]* %x_local_2_V, [49 x i8]* %x_local_3_V, [49 x i8]* %x_local_4_V, [49 x i8]* %x_local_5_V, [49 x i8]* %x_local_6_V, [49 x i8]* %x_local_7_V, [49 x i8]* %x_local_8_V, [49 x i8]* %x_local_9_V, [49 x i8]* %x_local_10_V, [49 x i8]* %x_local_11_V, [49 x i8]* %x_local_12_V, [49 x i8]* %x_local_13_V, [49 x i8]* %x_local_14_V, [49 x i8]* %x_local_15_V, i24 %op_V_assign1_channel)" [ADSD/Classifier.cpp:130]   --->   Operation 33 'call' 'res_internal_V' <Predicate = true> <Delay = 0.00> <Core = "FIFO">   --->   Core 32 'FIFO' <Latency = 0> <II = 1> <Delay = 3.63> <Storage> <Opcode : 'read' 'write' 'nbread' 'nbwrite'> <Ports = 0> <Width = 12> <Depth = 2> <FIFO>

State 4 <SV = 3> <Delay = 8.74>
ST_4 : Operation 34 [1/2] (8.74ns)   --->   "%res_internal_V = call fastcc i32 @compute_class([49 x i8]* %x_local_0_V, [49 x i8]* %x_local_1_V, [49 x i8]* %x_local_2_V, [49 x i8]* %x_local_3_V, [49 x i8]* %x_local_4_V, [49 x i8]* %x_local_5_V, [49 x i8]* %x_local_6_V, [49 x i8]* %x_local_7_V, [49 x i8]* %x_local_8_V, [49 x i8]* %x_local_9_V, [49 x i8]* %x_local_10_V, [49 x i8]* %x_local_11_V, [49 x i8]* %x_local_12_V, [49 x i8]* %x_local_13_V, [49 x i8]* %x_local_14_V, [49 x i8]* %x_local_15_V, i24 %op_V_assign1_channel)" [ADSD/Classifier.cpp:130]   --->   Operation 34 'call' 'res_internal_V' <Predicate = true> <Delay = 8.74> <Core = "FIFO">   --->   Core 32 'FIFO' <Latency = 0> <II = 1> <Delay = 3.63> <Storage> <Opcode : 'read' 'write' 'nbread' 'nbwrite'> <Ports = 0> <Width = 12> <Depth = 2> <FIFO>
ST_4 : Operation 35 [1/1] (0.00ns)   --->   "call fastcc void @"__ADSD/Classifier.cp.4"(i32 %res_internal_V, i32* %tmp_data_V)" [ADSD/Classifier.cpp:130]   --->   Operation 35 'call' <Predicate = true> <Delay = 0.00> <CoreType = "Generic">   --->   Core 0 '' <Latency = 0> <II = 1> <Delay = 1.00> <Generic> <Opcode : >
ST_4 : Operation 36 [1/1] (0.00ns)   --->   "call fastcc void @"__ADSD/Classifier.cp.3"(i1* %tmp_keep_V)"   --->   Operation 36 'call' <Predicate = true> <Delay = 0.00> <CoreType = "Generic">   --->   Core 0 '' <Latency = 0> <II = 1> <Delay = 1.00> <Generic> <Opcode : >
ST_4 : Operation 37 [1/1] (0.00ns)   --->   "call fastcc void @"__ADSD/Classifier.cp.2"(i1* %tmp_strb_V)"   --->   Operation 37 'call' <Predicate = true> <Delay = 0.00> <CoreType = "Generic">   --->   Core 0 '' <Latency = 0> <II = 1> <Delay = 1.00> <Generic> <Opcode : >
ST_4 : Operation 38 [1/1] (0.00ns)   --->   "call fastcc void @"__ADSD/Classifier.cp.1"(i12* nocapture %n_0_i_i_c, i1* %tmp_last_V)"   --->   Operation 38 'call' <Predicate = true> <Delay = 0.00> <CoreType = "Generic">   --->   Core 0 '' <Latency = 0> <II = 1> <Delay = 1.00> <Generic> <Opcode : >

State 5 <SV = 4> <Delay = 0.00>
ST_5 : Operation 39 [1/1] (0.00ns)   --->   "call void (...)* @_ssdm_op_SpecInterface(i1* %out_stream_V_last_V, i1* %out_stream_V_strb_V, i1* %out_stream_V_keep_V, i32* %out_stream_V_data_V, [5 x i8]* @p_str1546, i32 0, i32 0, [5 x i8]* @p_str1647, i32 0, i32 0, [1 x i8]* @p_str35, [1 x i8]* @p_str35, [1 x i8]* @p_str35, i32 0, i32 0, i32 0, i32 0, [1 x i8]* @p_str35, [1 x i8]* @p_str35)"   --->   Operation 39 'specinterface' <Predicate = true> <Delay = 0.00>
ST_5 : Operation 40 [1/1] (0.00ns)   --->   "call void (...)* @_ssdm_op_SpecInterface(i1* %in_stream_V_dest_V, i1* %in_stream_V_id_V, i1* %in_stream_V_last_V, i1* %in_stream_V_user_V, i8* %in_stream_V_strb_V, i8* %in_stream_V_keep_V, i64* %in_stream_V_data_V, [5 x i8]* @p_str1546, i32 0, i32 0, [5 x i8]* @p_str1647, i32 0, i32 0, [1 x i8]* @p_str35, [1 x i8]* @p_str35, [1 x i8]* @p_str35, i32 0, i32 0, i32 0, i32 0, [1 x i8]* @p_str35, [1 x i8]* @p_str35)"   --->   Operation 40 'specinterface' <Predicate = true> <Delay = 0.00>
ST_5 : Operation 41 [1/1] (0.00ns)   --->   "call void (...)* @_ssdm_op_SpecDataflowPipeline(i32 -1, [1 x i8]* @p_str35) nounwind" [ADSD/Classifier.cpp:121]   --->   Operation 41 'specdataflowpipeline' <Predicate = true> <Delay = 0.00>
ST_5 : Operation 42 [1/1] (0.00ns)   --->   "%empty = call i32 (...)* @_ssdm_op_SpecChannel([10 x i8]* @n_OC_0_OC_i_OC_i_c_s, i32 1, [1 x i8]* @p_str, [1 x i8]* @p_str, i32 2, i32 0, i12* %n_0_i_i_c, i12* %n_0_i_i_c)"   --->   Operation 42 'specchannel' 'empty' <Predicate = true> <Delay = 0.00>
ST_5 : Operation 43 [1/1] (0.00ns)   --->   "call void (...)* @_ssdm_op_SpecInterface(i12* %n_0_i_i_c, [8 x i8]* @ap_fifo_str, i32 0, i32 0, [1 x i8]* @p_str, i32 0, i32 0, [1 x i8]* @p_str, [1 x i8]* @p_str, [1 x i8]* @p_str, i32 2, i32 2, i32 16, i32 16, [1 x i8]* @p_str, [1 x i8]* @p_str)"   --->   Operation 43 'specinterface' <Predicate = true> <Delay = 0.00>
ST_5 : Operation 44 [1/1] (0.00ns)   --->   "%empty_34 = call i32 (...)* @_ssdm_op_SpecChannel([11 x i8]* @n_OC_0_OC_i_OC_i_c1_s, i32 1, [1 x i8]* @p_str, [1 x i8]* @p_str, i32 2, i32 0, i12* %n_0_i_i_c1, i12* %n_0_i_i_c1)"   --->   Operation 44 'specchannel' 'empty_34' <Predicate = true> <Delay = 0.00>
ST_5 : Operation 45 [1/1] (0.00ns)   --->   "call void (...)* @_ssdm_op_SpecInterface(i12* %n_0_i_i_c1, [8 x i8]* @ap_fifo_str, i32 0, i32 0, [1 x i8]* @p_str, i32 0, i32 0, [1 x i8]* @p_str, [1 x i8]* @p_str, [1 x i8]* @p_str, i32 2, i32 2, i32 16, i32 16, [1 x i8]* @p_str, [1 x i8]* @p_str)"   --->   Operation 45 'specinterface' <Predicate = true> <Delay = 0.00>
ST_5 : Operation 46 [1/1] (0.00ns)   --->   "call fastcc void @"__ADSD/Classifier.cp"(i32* %out_stream_V_data_V, i1* %out_stream_V_keep_V, i1* %out_stream_V_strb_V, i1* %out_stream_V_last_V, i32* %tmp_data_V, i1* %tmp_keep_V, i1* %tmp_strb_V, i1* %tmp_last_V)"   --->   Operation 46 'call' <Predicate = true> <Delay = 0.00> <CoreType = "Generic">   --->   Core 0 '' <Latency = 0> <II = 1> <Delay = 1.00> <Generic> <Opcode : >
ST_5 : Operation 47 [1/1] (0.00ns)   --->   "ret void"   --->   Operation 47 'ret' <Predicate = true> <Delay = 0.00>


============================================================
+ Verbose Summary: Binding
============================================================
STG Binding: 
---------------- STG Properties BEGIN ----------------
- Is combinational: 0
- Is one-state seq: 0
- Is datapath-only: 0
- Is pipelined: 0
- Is top level: 0
Port [ Return ] is wired: 1; IO mode=ap_ctrl_hs:ce=0
Port [ in_stream_V_data_V]:  wired=1; compound=1; hidden=0; nouse=0; global=0; static=0; extern=0; dir=0; type=0; pingpong=0; private_global=0; IO mode=axis:ce=0
Port [ in_stream_V_keep_V]:  wired=1; compound=1; hidden=0; nouse=0; global=0; static=0; extern=0; dir=0; type=0; pingpong=0; private_global=0; IO mode=axis:ce=0
Port [ in_stream_V_strb_V]:  wired=1; compound=1; hidden=0; nouse=0; global=0; static=0; extern=0; dir=0; type=0; pingpong=0; private_global=0; IO mode=axis:ce=0
Port [ in_stream_V_user_V]:  wired=1; compound=1; hidden=0; nouse=0; global=0; static=0; extern=0; dir=0; type=0; pingpong=0; private_global=0; IO mode=axis:ce=0
Port [ in_stream_V_last_V]:  wired=1; compound=1; hidden=0; nouse=0; global=0; static=0; extern=0; dir=0; type=0; pingpong=0; private_global=0; IO mode=axis:ce=0
Port [ in_stream_V_id_V]:  wired=1; compound=1; hidden=0; nouse=0; global=0; static=0; extern=0; dir=0; type=0; pingpong=0; private_global=0; IO mode=axis:ce=0
Port [ in_stream_V_dest_V]:  wired=1; compound=1; hidden=0; nouse=0; global=0; static=0; extern=0; dir=0; type=0; pingpong=0; private_global=0; IO mode=axis:ce=0
Port [ n_0_i_i]:  wired=1; compound=0; hidden=0; nouse=0; global=0; static=0; extern=0; dir=0; type=0; pingpong=0; private_global=0; IO mode=ap_none:ce=0
Port [ out_stream_V_data_V]:  wired=1; compound=1; hidden=0; nouse=0; global=0; static=0; extern=0; dir=1; type=0; pingpong=0; private_global=0; IO mode=axis:ce=0
Port [ out_stream_V_keep_V]:  wired=1; compound=1; hidden=0; nouse=0; global=0; static=0; extern=0; dir=1; type=0; pingpong=0; private_global=0; IO mode=axis:ce=0
Port [ out_stream_V_strb_V]:  wired=1; compound=1; hidden=0; nouse=0; global=0; static=0; extern=0; dir=1; type=0; pingpong=0; private_global=0; IO mode=axis:ce=0
Port [ out_stream_V_last_V]:  wired=1; compound=1; hidden=0; nouse=0; global=0; static=0; extern=0; dir=1; type=0; pingpong=0; private_global=0; IO mode=axis:ce=0
Port [ svs_V_0]:  wired=0; compound=1; hidden=1; nouse=1; global=1; static=1; extern=0; dir=0; type=1; pingpong=0; private_global=0; linkage=7; visibility=0; MemPort=[1]; IO mode=ap_memory:ce=0
Port [ svs_V_1]:  wired=0; compound=1; hidden=1; nouse=1; global=1; static=1; extern=0; dir=0; type=1; pingpong=0; private_global=0; linkage=7; visibility=0; MemPort=[1]; IO mode=ap_memory:ce=0
Port [ svs_V_2]:  wired=0; compound=1; hidden=1; nouse=1; global=1; static=1; extern=0; dir=0; type=1; pingpong=0; private_global=0; linkage=7; visibility=0; MemPort=[1]; IO mode=ap_memory:ce=0
Port [ svs_V_3]:  wired=0; compound=1; hidden=1; nouse=1; global=1; static=1; extern=0; dir=0; type=1; pingpong=0; private_global=0; linkage=7; visibility=0; MemPort=[1]; IO mode=ap_memory:ce=0
Port [ svs_V_4]:  wired=0; compound=1; hidden=1; nouse=1; global=1; static=1; extern=0; dir=0; type=1; pingpong=0; private_global=0; linkage=7; visibility=0; MemPort=[1]; IO mode=ap_memory:ce=0
Port [ svs_V_5]:  wired=0; compound=1; hidden=1; nouse=1; global=1; static=1; extern=0; dir=0; type=1; pingpong=0; private_global=0; linkage=7; visibility=0; MemPort=[1]; IO mode=ap_memory:ce=0
Port [ svs_V_6]:  wired=0; compound=1; hidden=1; nouse=1; global=1; static=1; extern=0; dir=0; type=1; pingpong=0; private_global=0; linkage=7; visibility=0; MemPort=[1]; IO mode=ap_memory:ce=0
Port [ svs_V_7]:  wired=0; compound=1; hidden=1; nouse=1; global=1; static=1; extern=0; dir=0; type=1; pingpong=0; private_global=0; linkage=7; visibility=0; MemPort=[1]; IO mode=ap_memory:ce=0
Port [ svs_V_8]:  wired=0; compound=1; hidden=1; nouse=1; global=1; static=1; extern=0; dir=0; type=1; pingpong=0; private_global=0; linkage=7; visibility=0; MemPort=[1]; IO mode=ap_memory:ce=0
Port [ svs_V_9]:  wired=0; compound=1; hidden=1; nouse=1; global=1; static=1; extern=0; dir=0; type=1; pingpong=0; private_global=0; linkage=7; visibility=0; MemPort=[1]; IO mode=ap_memory:ce=0
Port [ svs_V_10]:  wired=0; compound=1; hidden=1; nouse=1; global=1; static=1; extern=0; dir=0; type=1; pingpong=0; private_global=0; linkage=7; visibility=0; MemPort=[1]; IO mode=ap_memory:ce=0
Port [ svs_V_11]:  wired=0; compound=1; hidden=1; nouse=1; global=1; static=1; extern=0; dir=0; type=1; pingpong=0; private_global=0; linkage=7; visibility=0; MemPort=[1]; IO mode=ap_memory:ce=0
Port [ svs_V_12]:  wired=0; compound=1; hidden=1; nouse=1; global=1; static=1; extern=0; dir=0; type=1; pingpong=0; private_global=0; linkage=7; visibility=0; MemPort=[1]; IO mode=ap_memory:ce=0
Port [ svs_V_13]:  wired=0; compound=1; hidden=1; nouse=1; global=1; static=1; extern=0; dir=0; type=1; pingpong=0; private_global=0; linkage=7; visibility=0; MemPort=[1]; IO mode=ap_memory:ce=0
Port [ svs_V_14]:  wired=0; compound=1; hidden=1; nouse=1; global=1; static=1; extern=0; dir=0; type=1; pingpong=0; private_global=0; linkage=7; visibility=0; MemPort=[1]; IO mode=ap_memory:ce=0
Port [ svs_V_15]:  wired=0; compound=1; hidden=1; nouse=1; global=1; static=1; extern=0; dir=0; type=1; pingpong=0; private_global=0; linkage=7; visibility=0; MemPort=[1]; IO mode=ap_memory:ce=0
Port [ alphas_V_0]:  wired=0; compound=1; hidden=1; nouse=1; global=1; static=1; extern=0; dir=0; type=1; pingpong=0; private_global=0; linkage=7; visibility=0; MemPort=[1]; IO mode=ap_memory:ce=0
Port [ alphas_V_143]:  wired=0; compound=1; hidden=1; nouse=1; global=1; static=1; extern=0; dir=0; type=1; pingpong=0; private_global=0; linkage=7; visibility=0; MemPort=[1]; IO mode=ap_memory:ce=0
Port [ alphas_V_250]:  wired=0; compound=1; hidden=1; nouse=1; global=1; static=1; extern=0; dir=0; type=1; pingpong=0; private_global=0; linkage=7; visibility=0; MemPort=[1]; IO mode=ap_memory:ce=0
Port [ alphas_V_351]:  wired=0; compound=1; hidden=1; nouse=1; global=1; static=1; extern=0; dir=0; type=1; pingpong=0; private_global=0; linkage=7; visibility=0; MemPort=[1]; IO mode=ap_memory:ce=0
Port [ alphas_V_452]:  wired=0; compound=1; hidden=1; nouse=1; global=1; static=1; extern=0; dir=0; type=1; pingpong=0; private_global=0; linkage=7; visibility=0; MemPort=[1]; IO mode=ap_memory:ce=0
Port [ alphas_V_553]:  wired=0; compound=1; hidden=1; nouse=1; global=1; static=1; extern=0; dir=0; type=1; pingpong=0; private_global=0; linkage=7; visibility=0; MemPort=[1]; IO mode=ap_memory:ce=0
Port [ alphas_V_654]:  wired=0; compound=1; hidden=1; nouse=1; global=1; static=1; extern=0; dir=0; type=1; pingpong=0; private_global=0; linkage=7; visibility=0; MemPort=[1]; IO mode=ap_memory:ce=0
Port [ alphas_V_755]:  wired=0; compound=1; hidden=1; nouse=1; global=1; static=1; extern=0; dir=0; type=1; pingpong=0; private_global=0; linkage=7; visibility=0; MemPort=[1]; IO mode=ap_memory:ce=0
Port [ alphas_V_856]:  wired=0; compound=1; hidden=1; nouse=1; global=1; static=1; extern=0; dir=0; type=1; pingpong=0; private_global=0; linkage=7; visibility=0; MemPort=[1]; IO mode=ap_memory:ce=0
Port [ alphas_V_957]:  wired=0; compound=1; hidden=1; nouse=1; global=1; static=1; extern=0; dir=0; type=1; pingpong=0; private_global=0; linkage=7; visibility=0; MemPort=[1]; IO mode=ap_memory:ce=0
Port [ alphas_V_1044]:  wired=0; compound=1; hidden=1; nouse=1; global=1; static=1; extern=0; dir=0; type=1; pingpong=0; private_global=0; linkage=7; visibility=0; MemPort=[1]; IO mode=ap_memory:ce=0
Port [ alphas_V_1145]:  wired=0; compound=1; hidden=1; nouse=1; global=1; static=1; extern=0; dir=0; type=1; pingpong=0; private_global=0; linkage=7; visibility=0; MemPort=[1]; IO mode=ap_memory:ce=0
Port [ alphas_V_1246]:  wired=0; compound=1; hidden=1; nouse=1; global=1; static=1; extern=0; dir=0; type=1; pingpong=0; private_global=0; linkage=7; visibility=0; MemPort=[1]; IO mode=ap_memory:ce=0
Port [ alphas_V_1347]:  wired=0; compound=1; hidden=1; nouse=1; global=1; static=1; extern=0; dir=0; type=1; pingpong=0; private_global=0; linkage=7; visibility=0; MemPort=[1]; IO mode=ap_memory:ce=0
Port [ alphas_V_1448]:  wired=0; compound=1; hidden=1; nouse=1; global=1; static=1; extern=0; dir=0; type=1; pingpong=0; private_global=0; linkage=7; visibility=0; MemPort=[1]; IO mode=ap_memory:ce=0
Port [ alphas_V_1549]:  wired=0; compound=1; hidden=1; nouse=1; global=1; static=1; extern=0; dir=0; type=1; pingpong=0; private_global=0; linkage=7; visibility=0; MemPort=[1]; IO mode=ap_memory:ce=0
Port [ sv_norms_V_0]:  wired=0; compound=1; hidden=1; nouse=1; global=1; static=1; extern=0; dir=0; type=1; pingpong=0; private_global=0; linkage=7; visibility=0; MemPort=[1]; IO mode=ap_memory:ce=0
Port [ sv_norms_V_1]:  wired=0; compound=1; hidden=1; nouse=1; global=1; static=1; extern=0; dir=0; type=1; pingpong=0; private_global=0; linkage=7; visibility=0; MemPort=[1]; IO mode=ap_memory:ce=0
Port [ sv_norms_V_2]:  wired=0; compound=1; hidden=1; nouse=1; global=1; static=1; extern=0; dir=0; type=1; pingpong=0; private_global=0; linkage=7; visibility=0; MemPort=[1]; IO mode=ap_memory:ce=0
Port [ sv_norms_V_3]:  wired=0; compound=1; hidden=1; nouse=1; global=1; static=1; extern=0; dir=0; type=1; pingpong=0; private_global=0; linkage=7; visibility=0; MemPort=[1]; IO mode=ap_memory:ce=0
Port [ sv_norms_V_4]:  wired=0; compound=1; hidden=1; nouse=1; global=1; static=1; extern=0; dir=0; type=1; pingpong=0; private_global=0; linkage=7; visibility=0; MemPort=[1]; IO mode=ap_memory:ce=0
Port [ sv_norms_V_5]:  wired=0; compound=1; hidden=1; nouse=1; global=1; static=1; extern=0; dir=0; type=1; pingpong=0; private_global=0; linkage=7; visibility=0; MemPort=[1]; IO mode=ap_memory:ce=0
Port [ sv_norms_V_6]:  wired=0; compound=1; hidden=1; nouse=1; global=1; static=1; extern=0; dir=0; type=1; pingpong=0; private_global=0; linkage=7; visibility=0; MemPort=[1]; IO mode=ap_memory:ce=0
Port [ sv_norms_V_7]:  wired=0; compound=1; hidden=1; nouse=1; global=1; static=1; extern=0; dir=0; type=1; pingpong=0; private_global=0; linkage=7; visibility=0; MemPort=[1]; IO mode=ap_memory:ce=0
Port [ sv_norms_V_8]:  wired=0; compound=1; hidden=1; nouse=1; global=1; static=1; extern=0; dir=0; type=1; pingpong=0; private_global=0; linkage=7; visibility=0; MemPort=[1]; IO mode=ap_memory:ce=0
Port [ sv_norms_V_9]:  wired=0; compound=1; hidden=1; nouse=1; global=1; static=1; extern=0; dir=0; type=1; pingpong=0; private_global=0; linkage=7; visibility=0; MemPort=[1]; IO mode=ap_memory:ce=0
Port [ sv_norms_V_10]:  wired=0; compound=1; hidden=1; nouse=1; global=1; static=1; extern=0; dir=0; type=1; pingpong=0; private_global=0; linkage=7; visibility=0; MemPort=[1]; IO mode=ap_memory:ce=0
Port [ sv_norms_V_11]:  wired=0; compound=1; hidden=1; nouse=1; global=1; static=1; extern=0; dir=0; type=1; pingpong=0; private_global=0; linkage=7; visibility=0; MemPort=[1]; IO mode=ap_memory:ce=0
Port [ sv_norms_V_12]:  wired=0; compound=1; hidden=1; nouse=1; global=1; static=1; extern=0; dir=0; type=1; pingpong=0; private_global=0; linkage=7; visibility=0; MemPort=[1]; IO mode=ap_memory:ce=0
Port [ sv_norms_V_13]:  wired=0; compound=1; hidden=1; nouse=1; global=1; static=1; extern=0; dir=0; type=1; pingpong=0; private_global=0; linkage=7; visibility=0; MemPort=[1]; IO mode=ap_memory:ce=0
Port [ sv_norms_V_14]:  wired=0; compound=1; hidden=1; nouse=1; global=1; static=1; extern=0; dir=0; type=1; pingpong=0; private_global=0; linkage=7; visibility=0; MemPort=[1]; IO mode=ap_memory:ce=0
Port [ sv_norms_V_15]:  wired=0; compound=1; hidden=1; nouse=1; global=1; static=1; extern=0; dir=0; type=1; pingpong=0; private_global=0; linkage=7; visibility=0; MemPort=[1]; IO mode=ap_memory:ce=0
---------------- STG Properties END ------------------

---------------- Datapath Model BEGIN ----------------

<LifeTime>
<method=bitvector/>
n_0_i_i_c1           (alloca              ) [ 001111]
n_0_i_i_c            (alloca              ) [ 001111]
x_local_0_V          (alloca              ) [ 001110]
x_local_1_V          (alloca              ) [ 001110]
x_local_2_V          (alloca              ) [ 001110]
x_local_3_V          (alloca              ) [ 001110]
x_local_4_V          (alloca              ) [ 001110]
x_local_5_V          (alloca              ) [ 001110]
x_local_6_V          (alloca              ) [ 001110]
x_local_7_V          (alloca              ) [ 001110]
x_local_8_V          (alloca              ) [ 001110]
x_local_9_V          (alloca              ) [ 001110]
x_local_10_V         (alloca              ) [ 001110]
x_local_11_V         (alloca              ) [ 001110]
x_local_12_V         (alloca              ) [ 001110]
x_local_13_V         (alloca              ) [ 001110]
x_local_14_V         (alloca              ) [ 001110]
x_local_15_V         (alloca              ) [ 001110]
tmp_data_V           (alloca              ) [ 001111]
tmp_keep_V           (alloca              ) [ 001111]
tmp_strb_V           (alloca              ) [ 001111]
tmp_last_V           (alloca              ) [ 001111]
n_0_i_i_read         (read                ) [ 000000]
StgValue_30          (call                ) [ 000000]
op_V_assign1_channel (call                ) [ 000110]
StgValue_32          (call                ) [ 000000]
res_internal_V       (call                ) [ 000000]
StgValue_35          (call                ) [ 000000]
StgValue_36          (call                ) [ 000000]
StgValue_37          (call                ) [ 000000]
StgValue_38          (call                ) [ 000000]
StgValue_39          (specinterface       ) [ 000000]
StgValue_40          (specinterface       ) [ 000000]
StgValue_41          (specdataflowpipeline) [ 000000]
empty                (specchannel         ) [ 000000]
StgValue_43          (specinterface       ) [ 000000]
empty_34             (specchannel         ) [ 000000]
StgValue_45          (specinterface       ) [ 000000]
StgValue_46          (call                ) [ 000000]
StgValue_47          (ret                 ) [ 000000]
</LifeTime>

<model>

<comp_list>
<comp id="0" class="1000" name="in_stream_V_data_V">
<pin_list>
<pin id="1" dir="1" index="0" bw="1" slack="0"/>
</pin_list>
<bind>
<StgValue><ssdm name="in_stream_V_data_V"/></StgValue>
</bind>
</comp>

<comp id="2" class="1000" name="in_stream_V_keep_V">
<pin_list>
<pin id="3" dir="1" index="0" bw="1" slack="0"/>
</pin_list>
<bind>
<StgValue><ssdm name="in_stream_V_keep_V"/></StgValue>
</bind>
</comp>

<comp id="4" class="1000" name="in_stream_V_strb_V">
<pin_list>
<pin id="5" dir="1" index="0" bw="1" slack="0"/>
</pin_list>
<bind>
<StgValue><ssdm name="in_stream_V_strb_V"/></StgValue>
</bind>
</comp>

<comp id="6" class="1000" name="in_stream_V_user_V">
<pin_list>
<pin id="7" dir="1" index="0" bw="1" slack="0"/>
</pin_list>
<bind>
<StgValue><ssdm name="in_stream_V_user_V"/></StgValue>
</bind>
</comp>

<comp id="8" class="1000" name="in_stream_V_last_V">
<pin_list>
<pin id="9" dir="1" index="0" bw="1" slack="0"/>
</pin_list>
<bind>
<StgValue><ssdm name="in_stream_V_last_V"/></StgValue>
</bind>
</comp>

<comp id="10" class="1000" name="in_stream_V_id_V">
<pin_list>
<pin id="11" dir="1" index="0" bw="1" slack="0"/>
</pin_list>
<bind>
<StgValue><ssdm name="in_stream_V_id_V"/></StgValue>
</bind>
</comp>

<comp id="12" class="1000" name="in_stream_V_dest_V">
<pin_list>
<pin id="13" dir="1" index="0" bw="1" slack="0"/>
</pin_list>
<bind>
<StgValue><ssdm name="in_stream_V_dest_V"/></StgValue>
</bind>
</comp>

<comp id="14" class="1000" name="n_0_i_i">
<pin_list>
<pin id="15" dir="1" index="0" bw="1" slack="0"/>
</pin_list>
<bind>
<StgValue><ssdm name="n_0_i_i"/></StgValue>
</bind>
</comp>

<comp id="16" class="1000" name="out_stream_V_data_V">
<pin_list>
<pin id="17" dir="1" index="0" bw="1" slack="0"/>
</pin_list>
<bind>
<StgValue><ssdm name="out_stream_V_data_V"/></StgValue>
</bind>
</comp>

<comp id="18" class="1000" name="out_stream_V_keep_V">
<pin_list>
<pin id="19" dir="1" index="0" bw="1" slack="0"/>
</pin_list>
<bind>
<StgValue><ssdm name="out_stream_V_keep_V"/></StgValue>
</bind>
</comp>

<comp id="20" class="1000" name="out_stream_V_strb_V">
<pin_list>
<pin id="21" dir="1" index="0" bw="1" slack="0"/>
</pin_list>
<bind>
<StgValue><ssdm name="out_stream_V_strb_V"/></StgValue>
</bind>
</comp>

<comp id="22" class="1000" name="out_stream_V_last_V">
<pin_list>
<pin id="23" dir="1" index="0" bw="1" slack="0"/>
</pin_list>
<bind>
<StgValue><ssdm name="out_stream_V_last_V"/></StgValue>
</bind>
</comp>

<comp id="24" class="1000" name="svs_V_0">
<pin_list>
<pin id="25" dir="1" index="0" bw="1" slack="0"/>
</pin_list>
<bind>
<StgValue><ssdm name="svs_V_0"/><MemPortTyVec>1 </MemPortTyVec>
</StgValue>
</bind>
</comp>

<comp id="26" class="1000" name="svs_V_1">
<pin_list>
<pin id="27" dir="1" index="0" bw="1" slack="0"/>
</pin_list>
<bind>
<StgValue><ssdm name="svs_V_1"/><MemPortTyVec>1 </MemPortTyVec>
</StgValue>
</bind>
</comp>

<comp id="28" class="1000" name="svs_V_2">
<pin_list>
<pin id="29" dir="1" index="0" bw="1" slack="0"/>
</pin_list>
<bind>
<StgValue><ssdm name="svs_V_2"/><MemPortTyVec>1 </MemPortTyVec>
</StgValue>
</bind>
</comp>

<comp id="30" class="1000" name="svs_V_3">
<pin_list>
<pin id="31" dir="1" index="0" bw="1" slack="0"/>
</pin_list>
<bind>
<StgValue><ssdm name="svs_V_3"/><MemPortTyVec>1 </MemPortTyVec>
</StgValue>
</bind>
</comp>

<comp id="32" class="1000" name="svs_V_4">
<pin_list>
<pin id="33" dir="1" index="0" bw="1" slack="0"/>
</pin_list>
<bind>
<StgValue><ssdm name="svs_V_4"/><MemPortTyVec>1 </MemPortTyVec>
</StgValue>
</bind>
</comp>

<comp id="34" class="1000" name="svs_V_5">
<pin_list>
<pin id="35" dir="1" index="0" bw="1" slack="0"/>
</pin_list>
<bind>
<StgValue><ssdm name="svs_V_5"/><MemPortTyVec>1 </MemPortTyVec>
</StgValue>
</bind>
</comp>

<comp id="36" class="1000" name="svs_V_6">
<pin_list>
<pin id="37" dir="1" index="0" bw="1" slack="0"/>
</pin_list>
<bind>
<StgValue><ssdm name="svs_V_6"/><MemPortTyVec>1 </MemPortTyVec>
</StgValue>
</bind>
</comp>

<comp id="38" class="1000" name="svs_V_7">
<pin_list>
<pin id="39" dir="1" index="0" bw="1" slack="0"/>
</pin_list>
<bind>
<StgValue><ssdm name="svs_V_7"/><MemPortTyVec>1 </MemPortTyVec>
</StgValue>
</bind>
</comp>

<comp id="40" class="1000" name="svs_V_8">
<pin_list>
<pin id="41" dir="1" index="0" bw="1" slack="0"/>
</pin_list>
<bind>
<StgValue><ssdm name="svs_V_8"/><MemPortTyVec>1 </MemPortTyVec>
</StgValue>
</bind>
</comp>

<comp id="42" class="1000" name="svs_V_9">
<pin_list>
<pin id="43" dir="1" index="0" bw="1" slack="0"/>
</pin_list>
<bind>
<StgValue><ssdm name="svs_V_9"/><MemPortTyVec>1 </MemPortTyVec>
</StgValue>
</bind>
</comp>

<comp id="44" class="1000" name="svs_V_10">
<pin_list>
<pin id="45" dir="1" index="0" bw="1" slack="0"/>
</pin_list>
<bind>
<StgValue><ssdm name="svs_V_10"/><MemPortTyVec>1 </MemPortTyVec>
</StgValue>
</bind>
</comp>

<comp id="46" class="1000" name="svs_V_11">
<pin_list>
<pin id="47" dir="1" index="0" bw="1" slack="0"/>
</pin_list>
<bind>
<StgValue><ssdm name="svs_V_11"/><MemPortTyVec>1 </MemPortTyVec>
</StgValue>
</bind>
</comp>

<comp id="48" class="1000" name="svs_V_12">
<pin_list>
<pin id="49" dir="1" index="0" bw="1" slack="0"/>
</pin_list>
<bind>
<StgValue><ssdm name="svs_V_12"/><MemPortTyVec>1 </MemPortTyVec>
</StgValue>
</bind>
</comp>

<comp id="50" class="1000" name="svs_V_13">
<pin_list>
<pin id="51" dir="1" index="0" bw="1" slack="0"/>
</pin_list>
<bind>
<StgValue><ssdm name="svs_V_13"/><MemPortTyVec>1 </MemPortTyVec>
</StgValue>
</bind>
</comp>

<comp id="52" class="1000" name="svs_V_14">
<pin_list>
<pin id="53" dir="1" index="0" bw="1" slack="0"/>
</pin_list>
<bind>
<StgValue><ssdm name="svs_V_14"/><MemPortTyVec>1 </MemPortTyVec>
</StgValue>
</bind>
</comp>

<comp id="54" class="1000" name="svs_V_15">
<pin_list>
<pin id="55" dir="1" index="0" bw="1" slack="0"/>
</pin_list>
<bind>
<StgValue><ssdm name="svs_V_15"/><MemPortTyVec>1 </MemPortTyVec>
</StgValue>
</bind>
</comp>

<comp id="56" class="1000" name="alphas_V_0">
<pin_list>
<pin id="57" dir="1" index="0" bw="1" slack="0"/>
</pin_list>
<bind>
<StgValue><ssdm name="alphas_V_0"/><MemPortTyVec>1 </MemPortTyVec>
</StgValue>
</bind>
</comp>

<comp id="58" class="1000" name="alphas_V_143">
<pin_list>
<pin id="59" dir="1" index="0" bw="1" slack="0"/>
</pin_list>
<bind>
<StgValue><ssdm name="alphas_V_143"/><MemPortTyVec>1 </MemPortTyVec>
</StgValue>
</bind>
</comp>

<comp id="60" class="1000" name="alphas_V_250">
<pin_list>
<pin id="61" dir="1" index="0" bw="1" slack="0"/>
</pin_list>
<bind>
<StgValue><ssdm name="alphas_V_250"/><MemPortTyVec>1 </MemPortTyVec>
</StgValue>
</bind>
</comp>

<comp id="62" class="1000" name="alphas_V_351">
<pin_list>
<pin id="63" dir="1" index="0" bw="1" slack="0"/>
</pin_list>
<bind>
<StgValue><ssdm name="alphas_V_351"/><MemPortTyVec>1 </MemPortTyVec>
</StgValue>
</bind>
</comp>

<comp id="64" class="1000" name="alphas_V_452">
<pin_list>
<pin id="65" dir="1" index="0" bw="1" slack="0"/>
</pin_list>
<bind>
<StgValue><ssdm name="alphas_V_452"/><MemPortTyVec>1 </MemPortTyVec>
</StgValue>
</bind>
</comp>

<comp id="66" class="1000" name="alphas_V_553">
<pin_list>
<pin id="67" dir="1" index="0" bw="1" slack="0"/>
</pin_list>
<bind>
<StgValue><ssdm name="alphas_V_553"/><MemPortTyVec>1 </MemPortTyVec>
</StgValue>
</bind>
</comp>

<comp id="68" class="1000" name="alphas_V_654">
<pin_list>
<pin id="69" dir="1" index="0" bw="1" slack="0"/>
</pin_list>
<bind>
<StgValue><ssdm name="alphas_V_654"/><MemPortTyVec>1 </MemPortTyVec>
</StgValue>
</bind>
</comp>

<comp id="70" class="1000" name="alphas_V_755">
<pin_list>
<pin id="71" dir="1" index="0" bw="1" slack="0"/>
</pin_list>
<bind>
<StgValue><ssdm name="alphas_V_755"/><MemPortTyVec>1 </MemPortTyVec>
</StgValue>
</bind>
</comp>

<comp id="72" class="1000" name="alphas_V_856">
<pin_list>
<pin id="73" dir="1" index="0" bw="1" slack="0"/>
</pin_list>
<bind>
<StgValue><ssdm name="alphas_V_856"/><MemPortTyVec>1 </MemPortTyVec>
</StgValue>
</bind>
</comp>

<comp id="74" class="1000" name="alphas_V_957">
<pin_list>
<pin id="75" dir="1" index="0" bw="1" slack="0"/>
</pin_list>
<bind>
<StgValue><ssdm name="alphas_V_957"/><MemPortTyVec>1 </MemPortTyVec>
</StgValue>
</bind>
</comp>

<comp id="76" class="1000" name="alphas_V_1044">
<pin_list>
<pin id="77" dir="1" index="0" bw="1" slack="0"/>
</pin_list>
<bind>
<StgValue><ssdm name="alphas_V_1044"/><MemPortTyVec>1 </MemPortTyVec>
</StgValue>
</bind>
</comp>

<comp id="78" class="1000" name="alphas_V_1145">
<pin_list>
<pin id="79" dir="1" index="0" bw="1" slack="0"/>
</pin_list>
<bind>
<StgValue><ssdm name="alphas_V_1145"/><MemPortTyVec>1 </MemPortTyVec>
</StgValue>
</bind>
</comp>

<comp id="80" class="1000" name="alphas_V_1246">
<pin_list>
<pin id="81" dir="1" index="0" bw="1" slack="0"/>
</pin_list>
<bind>
<StgValue><ssdm name="alphas_V_1246"/><MemPortTyVec>1 </MemPortTyVec>
</StgValue>
</bind>
</comp>

<comp id="82" class="1000" name="alphas_V_1347">
<pin_list>
<pin id="83" dir="1" index="0" bw="1" slack="0"/>
</pin_list>
<bind>
<StgValue><ssdm name="alphas_V_1347"/><MemPortTyVec>1 </MemPortTyVec>
</StgValue>
</bind>
</comp>

<comp id="84" class="1000" name="alphas_V_1448">
<pin_list>
<pin id="85" dir="1" index="0" bw="1" slack="0"/>
</pin_list>
<bind>
<StgValue><ssdm name="alphas_V_1448"/><MemPortTyVec>1 </MemPortTyVec>
</StgValue>
</bind>
</comp>

<comp id="86" class="1000" name="alphas_V_1549">
<pin_list>
<pin id="87" dir="1" index="0" bw="1" slack="0"/>
</pin_list>
<bind>
<StgValue><ssdm name="alphas_V_1549"/><MemPortTyVec>1 </MemPortTyVec>
</StgValue>
</bind>
</comp>

<comp id="88" class="1000" name="sv_norms_V_0">
<pin_list>
<pin id="89" dir="1" index="0" bw="1" slack="0"/>
</pin_list>
<bind>
<StgValue><ssdm name="sv_norms_V_0"/><MemPortTyVec>1 </MemPortTyVec>
</StgValue>
</bind>
</comp>

<comp id="90" class="1000" name="sv_norms_V_1">
<pin_list>
<pin id="91" dir="1" index="0" bw="1" slack="0"/>
</pin_list>
<bind>
<StgValue><ssdm name="sv_norms_V_1"/><MemPortTyVec>1 </MemPortTyVec>
</StgValue>
</bind>
</comp>

<comp id="92" class="1000" name="sv_norms_V_2">
<pin_list>
<pin id="93" dir="1" index="0" bw="1" slack="0"/>
</pin_list>
<bind>
<StgValue><ssdm name="sv_norms_V_2"/><MemPortTyVec>1 </MemPortTyVec>
</StgValue>
</bind>
</comp>

<comp id="94" class="1000" name="sv_norms_V_3">
<pin_list>
<pin id="95" dir="1" index="0" bw="1" slack="0"/>
</pin_list>
<bind>
<StgValue><ssdm name="sv_norms_V_3"/><MemPortTyVec>1 </MemPortTyVec>
</StgValue>
</bind>
</comp>

<comp id="96" class="1000" name="sv_norms_V_4">
<pin_list>
<pin id="97" dir="1" index="0" bw="1" slack="0"/>
</pin_list>
<bind>
<StgValue><ssdm name="sv_norms_V_4"/><MemPortTyVec>1 </MemPortTyVec>
</StgValue>
</bind>
</comp>

<comp id="98" class="1000" name="sv_norms_V_5">
<pin_list>
<pin id="99" dir="1" index="0" bw="1" slack="0"/>
</pin_list>
<bind>
<StgValue><ssdm name="sv_norms_V_5"/><MemPortTyVec>1 </MemPortTyVec>
</StgValue>
</bind>
</comp>

<comp id="100" class="1000" name="sv_norms_V_6">
<pin_list>
<pin id="101" dir="1" index="0" bw="1" slack="0"/>
</pin_list>
<bind>
<StgValue><ssdm name="sv_norms_V_6"/><MemPortTyVec>1 </MemPortTyVec>
</StgValue>
</bind>
</comp>

<comp id="102" class="1000" name="sv_norms_V_7">
<pin_list>
<pin id="103" dir="1" index="0" bw="1" slack="0"/>
</pin_list>
<bind>
<StgValue><ssdm name="sv_norms_V_7"/><MemPortTyVec>1 </MemPortTyVec>
</StgValue>
</bind>
</comp>

<comp id="104" class="1000" name="sv_norms_V_8">
<pin_list>
<pin id="105" dir="1" index="0" bw="1" slack="0"/>
</pin_list>
<bind>
<StgValue><ssdm name="sv_norms_V_8"/><MemPortTyVec>1 </MemPortTyVec>
</StgValue>
</bind>
</comp>

<comp id="106" class="1000" name="sv_norms_V_9">
<pin_list>
<pin id="107" dir="1" index="0" bw="1" slack="0"/>
</pin_list>
<bind>
<StgValue><ssdm name="sv_norms_V_9"/><MemPortTyVec>1 </MemPortTyVec>
</StgValue>
</bind>
</comp>

<comp id="108" class="1000" name="sv_norms_V_10">
<pin_list>
<pin id="109" dir="1" index="0" bw="1" slack="0"/>
</pin_list>
<bind>
<StgValue><ssdm name="sv_norms_V_10"/><MemPortTyVec>1 </MemPortTyVec>
</StgValue>
</bind>
</comp>

<comp id="110" class="1000" name="sv_norms_V_11">
<pin_list>
<pin id="111" dir="1" index="0" bw="1" slack="0"/>
</pin_list>
<bind>
<StgValue><ssdm name="sv_norms_V_11"/><MemPortTyVec>1 </MemPortTyVec>
</StgValue>
</bind>
</comp>

<comp id="112" class="1000" name="sv_norms_V_12">
<pin_list>
<pin id="113" dir="1" index="0" bw="1" slack="0"/>
</pin_list>
<bind>
<StgValue><ssdm name="sv_norms_V_12"/><MemPortTyVec>1 </MemPortTyVec>
</StgValue>
</bind>
</comp>

<comp id="114" class="1000" name="sv_norms_V_13">
<pin_list>
<pin id="115" dir="1" index="0" bw="1" slack="0"/>
</pin_list>
<bind>
<StgValue><ssdm name="sv_norms_V_13"/><MemPortTyVec>1 </MemPortTyVec>
</StgValue>
</bind>
</comp>

<comp id="116" class="1000" name="sv_norms_V_14">
<pin_list>
<pin id="117" dir="1" index="0" bw="1" slack="0"/>
</pin_list>
<bind>
<StgValue><ssdm name="sv_norms_V_14"/><MemPortTyVec>1 </MemPortTyVec>
</StgValue>
</bind>
</comp>

<comp id="118" class="1000" name="sv_norms_V_15">
<pin_list>
<pin id="119" dir="1" index="0" bw="1" slack="0"/>
</pin_list>
<bind>
<StgValue><ssdm name="sv_norms_V_15"/><MemPortTyVec>1 </MemPortTyVec>
</StgValue>
</bind>
</comp>

<comp id="120" class="1001" name="const_120">
<pin_list>
<pin id="121" dir="1" index="0" bw="1" slack="0"/>
</pin_list>
<bind>
<StgValue><ssdm name=""/></StgValue>
</bind>
</comp>

<comp id="122" class="1001" name="const_122">
<pin_list>
<pin id="123" dir="1" index="0" bw="1" slack="0"/>
</pin_list>
<bind>
<StgValue><ssdm name="load_and_calc_norm"/></StgValue>
</bind>
</comp>

<comp id="124" class="1001" name="const_124">
<pin_list>
<pin id="125" dir="1" index="0" bw="1" slack="0"/>
</pin_list>
<bind>
<StgValue><ssdm name="_ssdm_op_Read.ap_auto.i12"/></StgValue>
</bind>
</comp>

<comp id="126" class="1001" name="const_126">
<pin_list>
<pin id="127" dir="1" index="0" bw="1" slack="0"/>
</pin_list>
<bind>
<StgValue><ssdm name="dataflow_in_loop_Bat.2"/></StgValue>
</bind>
</comp>

<comp id="128" class="1001" name="const_128">
<pin_list>
<pin id="129" dir="1" index="0" bw="1" slack="0"/>
</pin_list>
<bind>
<StgValue><ssdm name="dataflow_in_loop_Bat.1.1"/></StgValue>
</bind>
</comp>

<comp id="130" class="1001" name="const_130">
<pin_list>
<pin id="131" dir="1" index="0" bw="1" slack="0"/>
</pin_list>
<bind>
<StgValue><ssdm name="compute_class"/></StgValue>
</bind>
</comp>

<comp id="132" class="1001" name="const_132">
<pin_list>
<pin id="133" dir="1" index="0" bw="1" slack="0"/>
</pin_list>
<bind>
<StgValue><ssdm name="__ADSD/Classifier.cp.4"/></StgValue>
</bind>
</comp>

<comp id="134" class="1001" name="const_134">
<pin_list>
<pin id="135" dir="1" index="0" bw="1" slack="0"/>
</pin_list>
<bind>
<StgValue><ssdm name="__ADSD/Classifier.cp.3"/></StgValue>
</bind>
</comp>

<comp id="136" class="1001" name="const_136">
<pin_list>
<pin id="137" dir="1" index="0" bw="1" slack="0"/>
</pin_list>
<bind>
<StgValue><ssdm name="__ADSD/Classifier.cp.2"/></StgValue>
</bind>
</comp>

<comp id="138" class="1001" name="const_138">
<pin_list>
<pin id="139" dir="1" index="0" bw="1" slack="0"/>
</pin_list>
<bind>
<StgValue><ssdm name="__ADSD/Classifier.cp.1"/></StgValue>
</bind>
</comp>

<comp id="140" class="1001" name="const_140">
<pin_list>
<pin id="141" dir="1" index="0" bw="1" slack="2147483647"/>
</pin_list>
<bind>
<StgValue><ssdm name="_ssdm_op_SpecInterface"/></StgValue>
</bind>
</comp>

<comp id="142" class="1001" name="const_142">
<pin_list>
<pin id="143" dir="1" index="0" bw="1" slack="2147483647"/>
</pin_list>
<bind>
<StgValue><ssdm name="p_str1546"/></StgValue>
</bind>
</comp>

<comp id="144" class="1001" name="const_144">
<pin_list>
<pin id="145" dir="1" index="0" bw="1" slack="2147483647"/>
</pin_list>
<bind>
<StgValue><ssdm name=""/></StgValue>
</bind>
</comp>

<comp id="146" class="1001" name="const_146">
<pin_list>
<pin id="147" dir="1" index="0" bw="1" slack="2147483647"/>
</pin_list>
<bind>
<StgValue><ssdm name="p_str1647"/></StgValue>
</bind>
</comp>

<comp id="148" class="1001" name="const_148">
<pin_list>
<pin id="149" dir="1" index="0" bw="1" slack="2147483647"/>
</pin_list>
<bind>
<StgValue><ssdm name="p_str35"/></StgValue>
</bind>
</comp>

<comp id="150" class="1001" name="const_150">
<pin_list>
<pin id="151" dir="1" index="0" bw="1" slack="2147483647"/>
</pin_list>
<bind>
<StgValue><ssdm name="_ssdm_op_SpecDataflowPipeline"/></StgValue>
</bind>
</comp>

<comp id="152" class="1001" name="const_152">
<pin_list>
<pin id="153" dir="1" index="0" bw="1" slack="2147483647"/>
</pin_list>
<bind>
<StgValue><ssdm name=""/></StgValue>
</bind>
</comp>

<comp id="154" class="1001" name="const_154">
<pin_list>
<pin id="155" dir="1" index="0" bw="1" slack="2147483647"/>
</pin_list>
<bind>
<StgValue><ssdm name="_ssdm_op_SpecChannel"/></StgValue>
</bind>
</comp>

<comp id="156" class="1001" name="const_156">
<pin_list>
<pin id="157" dir="1" index="0" bw="1" slack="2147483647"/>
</pin_list>
<bind>
<StgValue><ssdm name="n_OC_0_OC_i_OC_i_c_s"/></StgValue>
</bind>
</comp>

<comp id="158" class="1001" name="const_158">
<pin_list>
<pin id="159" dir="1" index="0" bw="1" slack="2147483647"/>
</pin_list>
<bind>
<StgValue><ssdm name=""/></StgValue>
</bind>
</comp>

<comp id="160" class="1001" name="const_160">
<pin_list>
<pin id="161" dir="1" index="0" bw="1" slack="2147483647"/>
</pin_list>
<bind>
<StgValue><ssdm name="p_str"/></StgValue>
</bind>
</comp>

<comp id="162" class="1001" name="const_162">
<pin_list>
<pin id="163" dir="1" index="0" bw="1" slack="2147483647"/>
</pin_list>
<bind>
<StgValue><ssdm name=""/></StgValue>
</bind>
</comp>

<comp id="164" class="1001" name="const_164">
<pin_list>
<pin id="165" dir="1" index="0" bw="1" slack="2147483647"/>
</pin_list>
<bind>
<StgValue><ssdm name="ap_fifo_str"/></StgValue>
</bind>
</comp>

<comp id="166" class="1001" name="const_166">
<pin_list>
<pin id="167" dir="1" index="0" bw="1" slack="2147483647"/>
</pin_list>
<bind>
<StgValue><ssdm name=""/></StgValue>
</bind>
</comp>

<comp id="168" class="1001" name="const_168">
<pin_list>
<pin id="169" dir="1" index="0" bw="1" slack="2147483647"/>
</pin_list>
<bind>
<StgValue><ssdm name="n_OC_0_OC_i_OC_i_c1_s"/></StgValue>
</bind>
</comp>

<comp id="170" class="1001" name="const_170">
<pin_list>
<pin id="171" dir="1" index="0" bw="1" slack="0"/>
</pin_list>
<bind>
<StgValue><ssdm name="__ADSD/Classifier.cp"/></StgValue>
</bind>
</comp>

<comp id="172" class="1004" name="n_0_i_i_c1_fu_172">
<pin_list>
<pin id="173" dir="0" index="0" bw="1" slack="0"/>
<pin id="174" dir="1" index="1" bw="12" slack="1"/>
</pin_list>
<bind>
<opcode="alloca(26) " fcode="alloca"/>
<opset="n_0_i_i_c1/1 "/>
</bind>
</comp>

<comp id="176" class="1004" name="n_0_i_i_c_fu_176">
<pin_list>
<pin id="177" dir="0" index="0" bw="1" slack="0"/>
<pin id="178" dir="1" index="1" bw="12" slack="2"/>
</pin_list>
<bind>
<opcode="alloca(26) " fcode="alloca"/>
<opset="n_0_i_i_c/1 "/>
</bind>
</comp>

<comp id="180" class="1004" name="x_local_0_V_alloca_fu_180">
<pin_list>
<pin id="181" dir="0" index="0" bw="1" slack="0"/>
<pin id="182" dir="1" index="1" bw="8" slack="0"/>
</pin_list>
<bind>
<opcode="alloca(26) " fcode="alloca"/>
<opset="x_local_0_V/1 "/>
</bind>
</comp>

<comp id="184" class="1004" name="x_local_1_V_alloca_fu_184">
<pin_list>
<pin id="185" dir="0" index="0" bw="1" slack="0"/>
<pin id="186" dir="1" index="1" bw="8" slack="0"/>
</pin_list>
<bind>
<opcode="alloca(26) " fcode="alloca"/>
<opset="x_local_1_V/1 "/>
</bind>
</comp>

<comp id="188" class="1004" name="x_local_2_V_alloca_fu_188">
<pin_list>
<pin id="189" dir="0" index="0" bw="1" slack="0"/>
<pin id="190" dir="1" index="1" bw="8" slack="0"/>
</pin_list>
<bind>
<opcode="alloca(26) " fcode="alloca"/>
<opset="x_local_2_V/1 "/>
</bind>
</comp>

<comp id="192" class="1004" name="x_local_3_V_alloca_fu_192">
<pin_list>
<pin id="193" dir="0" index="0" bw="1" slack="0"/>
<pin id="194" dir="1" index="1" bw="8" slack="0"/>
</pin_list>
<bind>
<opcode="alloca(26) " fcode="alloca"/>
<opset="x_local_3_V/1 "/>
</bind>
</comp>

<comp id="196" class="1004" name="x_local_4_V_alloca_fu_196">
<pin_list>
<pin id="197" dir="0" index="0" bw="1" slack="0"/>
<pin id="198" dir="1" index="1" bw="8" slack="0"/>
</pin_list>
<bind>
<opcode="alloca(26) " fcode="alloca"/>
<opset="x_local_4_V/1 "/>
</bind>
</comp>

<comp id="200" class="1004" name="x_local_5_V_alloca_fu_200">
<pin_list>
<pin id="201" dir="0" index="0" bw="1" slack="0"/>
<pin id="202" dir="1" index="1" bw="8" slack="0"/>
</pin_list>
<bind>
<opcode="alloca(26) " fcode="alloca"/>
<opset="x_local_5_V/1 "/>
</bind>
</comp>

<comp id="204" class="1004" name="x_local_6_V_alloca_fu_204">
<pin_list>
<pin id="205" dir="0" index="0" bw="1" slack="0"/>
<pin id="206" dir="1" index="1" bw="8" slack="0"/>
</pin_list>
<bind>
<opcode="alloca(26) " fcode="alloca"/>
<opset="x_local_6_V/1 "/>
</bind>
</comp>

<comp id="208" class="1004" name="x_local_7_V_alloca_fu_208">
<pin_list>
<pin id="209" dir="0" index="0" bw="1" slack="0"/>
<pin id="210" dir="1" index="1" bw="8" slack="0"/>
</pin_list>
<bind>
<opcode="alloca(26) " fcode="alloca"/>
<opset="x_local_7_V/1 "/>
</bind>
</comp>

<comp id="212" class="1004" name="x_local_8_V_alloca_fu_212">
<pin_list>
<pin id="213" dir="0" index="0" bw="1" slack="0"/>
<pin id="214" dir="1" index="1" bw="8" slack="0"/>
</pin_list>
<bind>
<opcode="alloca(26) " fcode="alloca"/>
<opset="x_local_8_V/1 "/>
</bind>
</comp>

<comp id="216" class="1004" name="x_local_9_V_alloca_fu_216">
<pin_list>
<pin id="217" dir="0" index="0" bw="1" slack="0"/>
<pin id="218" dir="1" index="1" bw="8" slack="0"/>
</pin_list>
<bind>
<opcode="alloca(26) " fcode="alloca"/>
<opset="x_local_9_V/1 "/>
</bind>
</comp>

<comp id="220" class="1004" name="x_local_10_V_alloca_fu_220">
<pin_list>
<pin id="221" dir="0" index="0" bw="1" slack="0"/>
<pin id="222" dir="1" index="1" bw="8" slack="0"/>
</pin_list>
<bind>
<opcode="alloca(26) " fcode="alloca"/>
<opset="x_local_10_V/1 "/>
</bind>
</comp>

<comp id="224" class="1004" name="x_local_11_V_alloca_fu_224">
<pin_list>
<pin id="225" dir="0" index="0" bw="1" slack="0"/>
<pin id="226" dir="1" index="1" bw="8" slack="0"/>
</pin_list>
<bind>
<opcode="alloca(26) " fcode="alloca"/>
<opset="x_local_11_V/1 "/>
</bind>
</comp>

<comp id="228" class="1004" name="x_local_12_V_alloca_fu_228">
<pin_list>
<pin id="229" dir="0" index="0" bw="1" slack="0"/>
<pin id="230" dir="1" index="1" bw="8" slack="0"/>
</pin_list>
<bind>
<opcode="alloca(26) " fcode="alloca"/>
<opset="x_local_12_V/1 "/>
</bind>
</comp>

<comp id="232" class="1004" name="x_local_13_V_alloca_fu_232">
<pin_list>
<pin id="233" dir="0" index="0" bw="1" slack="0"/>
<pin id="234" dir="1" index="1" bw="8" slack="0"/>
</pin_list>
<bind>
<opcode="alloca(26) " fcode="alloca"/>
<opset="x_local_13_V/1 "/>
</bind>
</comp>

<comp id="236" class="1004" name="x_local_14_V_alloca_fu_236">
<pin_list>
<pin id="237" dir="0" index="0" bw="1" slack="0"/>
<pin id="238" dir="1" index="1" bw="8" slack="0"/>
</pin_list>
<bind>
<opcode="alloca(26) " fcode="alloca"/>
<opset="x_local_14_V/1 "/>
</bind>
</comp>

<comp id="240" class="1004" name="x_local_15_V_alloca_fu_240">
<pin_list>
<pin id="241" dir="0" index="0" bw="1" slack="0"/>
<pin id="242" dir="1" index="1" bw="8" slack="0"/>
</pin_list>
<bind>
<opcode="alloca(26) " fcode="alloca"/>
<opset="x_local_15_V/1 "/>
</bind>
</comp>

<comp id="244" class="1004" name="tmp_data_V_fu_244">
<pin_list>
<pin id="245" dir="0" index="0" bw="1" slack="0"/>
<pin id="246" dir="1" index="1" bw="32" slack="3"/>
</pin_list>
<bind>
<opcode="alloca(26) " fcode="alloca"/>
<opset="tmp_data_V/1 "/>
</bind>
</comp>

<comp id="248" class="1004" name="tmp_keep_V_fu_248">
<pin_list>
<pin id="249" dir="0" index="0" bw="1" slack="0"/>
<pin id="250" dir="1" index="1" bw="1" slack="3"/>
</pin_list>
<bind>
<opcode="alloca(26) " fcode="alloca"/>
<opset="tmp_keep_V/1 "/>
</bind>
</comp>

<comp id="252" class="1004" name="tmp_strb_V_fu_252">
<pin_list>
<pin id="253" dir="0" index="0" bw="1" slack="0"/>
<pin id="254" dir="1" index="1" bw="1" slack="3"/>
</pin_list>
<bind>
<opcode="alloca(26) " fcode="alloca"/>
<opset="tmp_strb_V/1 "/>
</bind>
</comp>

<comp id="256" class="1004" name="tmp_last_V_fu_256">
<pin_list>
<pin id="257" dir="0" index="0" bw="1" slack="0"/>
<pin id="258" dir="1" index="1" bw="1" slack="3"/>
</pin_list>
<bind>
<opcode="alloca(26) " fcode="alloca"/>
<opset="tmp_last_V/1 "/>
</bind>
</comp>

<comp id="260" class="1004" name="n_0_i_i_read_read_fu_260">
<pin_list>
<pin id="261" dir="0" index="0" bw="12" slack="0"/>
<pin id="262" dir="0" index="1" bw="12" slack="0"/>
<pin id="263" dir="1" index="2" bw="12" slack="0"/>
</pin_list>
<bind>
<opcode="read(1150) " fcode="read"/>
<opset="n_0_i_i_read/2 "/>
</bind>
</comp>

<comp id="266" class="1004" name="grp_compute_class_fu_266">
<pin_list>
<pin id="267" dir="0" index="0" bw="32" slack="0"/>
<pin id="268" dir="0" index="1" bw="8" slack="2147483647"/>
<pin id="269" dir="0" index="2" bw="8" slack="2147483647"/>
<pin id="270" dir="0" index="3" bw="8" slack="2147483647"/>
<pin id="271" dir="0" index="4" bw="8" slack="2147483647"/>
<pin id="272" dir="0" index="5" bw="8" slack="2147483647"/>
<pin id="273" dir="0" index="6" bw="8" slack="2147483647"/>
<pin id="274" dir="0" index="7" bw="8" slack="2147483647"/>
<pin id="275" dir="0" index="8" bw="8" slack="2147483647"/>
<pin id="276" dir="0" index="9" bw="8" slack="2147483647"/>
<pin id="277" dir="0" index="10" bw="8" slack="2147483647"/>
<pin id="278" dir="0" index="11" bw="8" slack="2147483647"/>
<pin id="279" dir="0" index="12" bw="8" slack="2147483647"/>
<pin id="280" dir="0" index="13" bw="8" slack="2147483647"/>
<pin id="281" dir="0" index="14" bw="8" slack="2147483647"/>
<pin id="282" dir="0" index="15" bw="8" slack="2147483647"/>
<pin id="283" dir="0" index="16" bw="8" slack="2147483647"/>
<pin id="284" dir="0" index="17" bw="24" slack="1"/>
<pin id="285" dir="0" index="18" bw="125" slack="0"/>
<pin id="286" dir="0" index="19" bw="125" slack="0"/>
<pin id="287" dir="0" index="20" bw="125" slack="0"/>
<pin id="288" dir="0" index="21" bw="128" slack="0"/>
<pin id="289" dir="0" index="22" bw="125" slack="0"/>
<pin id="290" dir="0" index="23" bw="125" slack="0"/>
<pin id="291" dir="0" index="24" bw="126" slack="0"/>
<pin id="292" dir="0" index="25" bw="125" slack="0"/>
<pin id="293" dir="0" index="26" bw="128" slack="0"/>
<pin id="294" dir="0" index="27" bw="126" slack="0"/>
<pin id="295" dir="0" index="28" bw="125" slack="0"/>
<pin id="296" dir="0" index="29" bw="125" slack="0"/>
<pin id="297" dir="0" index="30" bw="126" slack="0"/>
<pin id="298" dir="0" index="31" bw="127" slack="0"/>
<pin id="299" dir="0" index="32" bw="126" slack="0"/>
<pin id="300" dir="0" index="33" bw="128" slack="0"/>
<pin id="301" dir="0" index="34" bw="7" slack="0"/>
<pin id="302" dir="0" index="35" bw="6" slack="0"/>
<pin id="303" dir="0" index="36" bw="6" slack="0"/>
<pin id="304" dir="0" index="37" bw="8" slack="0"/>
<pin id="305" dir="0" index="38" bw="6" slack="0"/>
<pin id="306" dir="0" index="39" bw="5" slack="0"/>
<pin id="307" dir="0" index="40" bw="5" slack="0"/>
<pin id="308" dir="0" index="41" bw="6" slack="0"/>
<pin id="309" dir="0" index="42" bw="5" slack="0"/>
<pin id="310" dir="0" index="43" bw="5" slack="0"/>
<pin id="311" dir="0" index="44" bw="6" slack="0"/>
<pin id="312" dir="0" index="45" bw="7" slack="0"/>
<pin id="313" dir="0" index="46" bw="5" slack="0"/>
<pin id="314" dir="0" index="47" bw="5" slack="0"/>
<pin id="315" dir="0" index="48" bw="6" slack="0"/>
<pin id="316" dir="0" index="49" bw="5" slack="0"/>
<pin id="317" dir="0" index="50" bw="30" slack="0"/>
<pin id="318" dir="0" index="51" bw="28" slack="0"/>
<pin id="319" dir="0" index="52" bw="30" slack="0"/>
<pin id="320" dir="0" index="53" bw="28" slack="0"/>
<pin id="321" dir="0" index="54" bw="28" slack="0"/>
<pin id="322" dir="0" index="55" bw="28" slack="0"/>
<pin id="323" dir="0" index="56" bw="29" slack="0"/>
<pin id="324" dir="0" index="57" bw="27" slack="0"/>
<pin id="325" dir="0" index="58" bw="29" slack="0"/>
<pin id="326" dir="0" index="59" bw="29" slack="0"/>
<pin id="327" dir="0" index="60" bw="28" slack="0"/>
<pin id="328" dir="0" index="61" bw="28" slack="0"/>
<pin id="329" dir="0" index="62" bw="29" slack="0"/>
<pin id="330" dir="0" index="63" bw="28" slack="0"/>
<pin id="331" dir="0" index="64" bw="27" slack="0"/>
<pin id="332" dir="0" index="65" bw="30" slack="0"/>
<pin id="333" dir="1" index="66" bw="32" slack="0"/>
</pin_list>
<bind>
<opcode="call(48) " fcode="call"/>
<opset="res_internal_V/3 "/>
</bind>
</comp>

<comp id="383" class="1004" name="grp_load_and_calc_norm_fu_383">
<pin_list>
<pin id="384" dir="0" index="0" bw="24" slack="0"/>
<pin id="385" dir="0" index="1" bw="64" slack="0"/>
<pin id="386" dir="0" index="2" bw="8" slack="0"/>
<pin id="387" dir="0" index="3" bw="8" slack="0"/>
<pin id="388" dir="0" index="4" bw="1" slack="0"/>
<pin id="389" dir="0" index="5" bw="1" slack="0"/>
<pin id="390" dir="0" index="6" bw="1" slack="0"/>
<pin id="391" dir="0" index="7" bw="1" slack="0"/>
<pin id="392" dir="0" index="8" bw="8" slack="0"/>
<pin id="393" dir="0" index="9" bw="8" slack="0"/>
<pin id="394" dir="0" index="10" bw="8" slack="0"/>
<pin id="395" dir="0" index="11" bw="8" slack="0"/>
<pin id="396" dir="0" index="12" bw="8" slack="0"/>
<pin id="397" dir="0" index="13" bw="8" slack="0"/>
<pin id="398" dir="0" index="14" bw="8" slack="0"/>
<pin id="399" dir="0" index="15" bw="8" slack="0"/>
<pin id="400" dir="0" index="16" bw="8" slack="0"/>
<pin id="401" dir="0" index="17" bw="8" slack="0"/>
<pin id="402" dir="0" index="18" bw="8" slack="0"/>
<pin id="403" dir="0" index="19" bw="8" slack="0"/>
<pin id="404" dir="0" index="20" bw="8" slack="0"/>
<pin id="405" dir="0" index="21" bw="8" slack="0"/>
<pin id="406" dir="0" index="22" bw="8" slack="0"/>
<pin id="407" dir="0" index="23" bw="8" slack="0"/>
<pin id="408" dir="1" index="24" bw="24" slack="1"/>
</pin_list>
<bind>
<opcode="call(48) " fcode="call"/>
<opset="op_V_assign1_channel/1 "/>
</bind>
</comp>

<comp id="433" class="1004" name="StgValue_38_p_ADSD_Classifier_cp_1_fu_433">
<pin_list>
<pin id="434" dir="0" index="0" bw="0" slack="0"/>
<pin id="435" dir="0" index="1" bw="12" slack="3"/>
<pin id="436" dir="0" index="2" bw="1" slack="3"/>
<pin id="437" dir="1" index="3" bw="0" slack="2147483647"/>
</pin_list>
<bind>
<opcode="call(48) " fcode="call"/>
<opset="StgValue_38/4 "/>
</bind>
</comp>

<comp id="439" class="1004" name="StgValue_46_p_ADSD_Classifier_cp_fu_439">
<pin_list>
<pin id="440" dir="0" index="0" bw="0" slack="0"/>
<pin id="441" dir="0" index="1" bw="32" slack="0"/>
<pin id="442" dir="0" index="2" bw="1" slack="0"/>
<pin id="443" dir="0" index="3" bw="1" slack="0"/>
<pin id="444" dir="0" index="4" bw="1" slack="0"/>
<pin id="445" dir="0" index="5" bw="32" slack="4"/>
<pin id="446" dir="0" index="6" bw="1" slack="4"/>
<pin id="447" dir="0" index="7" bw="1" slack="4"/>
<pin id="448" dir="0" index="8" bw="1" slack="4"/>
<pin id="449" dir="1" index="9" bw="0" slack="2147483647"/>
</pin_list>
<bind>
<opcode="call(48) " fcode="call"/>
<opset="StgValue_46/5 "/>
</bind>
</comp>

<comp id="455" class="1004" name="StgValue_30_dataflow_in_loop_Bat_2_fu_455">
<pin_list>
<pin id="456" dir="0" index="0" bw="0" slack="0"/>
<pin id="457" dir="0" index="1" bw="12" slack="0"/>
<pin id="458" dir="0" index="2" bw="12" slack="1"/>
<pin id="459" dir="1" index="3" bw="0" slack="2147483647"/>
</pin_list>
<bind>
<opcode="call(48) " fcode="call"/>
<opset="StgValue_30/2 "/>
</bind>
</comp>

<comp id="462" class="1004" name="StgValue_32_dataflow_in_loop_Bat_1_1_fu_462">
<pin_list>
<pin id="463" dir="0" index="0" bw="0" slack="0"/>
<pin id="464" dir="0" index="1" bw="12" slack="2"/>
<pin id="465" dir="0" index="2" bw="12" slack="2"/>
<pin id="466" dir="1" index="3" bw="0" slack="2147483647"/>
</pin_list>
<bind>
<opcode="call(48) " fcode="call"/>
<opset="StgValue_32/3 "/>
</bind>
</comp>

<comp id="468" class="1004" name="StgValue_35_p_ADSD_Classifier_cp_4_fu_468">
<pin_list>
<pin id="469" dir="0" index="0" bw="0" slack="0"/>
<pin id="470" dir="0" index="1" bw="32" slack="0"/>
<pin id="471" dir="0" index="2" bw="32" slack="3"/>
<pin id="472" dir="1" index="3" bw="0" slack="2147483647"/>
</pin_list>
<bind>
<opcode="call(48) " fcode="call"/>
<opset="StgValue_35/4 "/>
</bind>
</comp>

<comp id="475" class="1004" name="StgValue_36_p_ADSD_Classifier_cp_3_fu_475">
<pin_list>
<pin id="476" dir="0" index="0" bw="0" slack="0"/>
<pin id="477" dir="0" index="1" bw="1" slack="3"/>
<pin id="478" dir="1" index="2" bw="0" slack="2147483647"/>
</pin_list>
<bind>
<opcode="call(48) " fcode="call"/>
<opset="StgValue_36/4 "/>
</bind>
</comp>

<comp id="480" class="1004" name="StgValue_37_p_ADSD_Classifier_cp_2_fu_480">
<pin_list>
<pin id="481" dir="0" index="0" bw="0" slack="0"/>
<pin id="482" dir="0" index="1" bw="1" slack="3"/>
<pin id="483" dir="1" index="2" bw="0" slack="2147483647"/>
</pin_list>
<bind>
<opcode="call(48) " fcode="call"/>
<opset="StgValue_37/4 "/>
</bind>
</comp>

<comp id="485" class="1005" name="n_0_i_i_c1_reg_485">
<pin_list>
<pin id="486" dir="0" index="0" bw="12" slack="1"/>
<pin id="487" dir="1" index="1" bw="12" slack="1"/>
</pin_list>
<bind>
<opset="n_0_i_i_c1 "/>
</bind>
</comp>

<comp id="491" class="1005" name="n_0_i_i_c_reg_491">
<pin_list>
<pin id="492" dir="0" index="0" bw="12" slack="2"/>
<pin id="493" dir="1" index="1" bw="12" slack="2"/>
</pin_list>
<bind>
<opset="n_0_i_i_c "/>
</bind>
</comp>

<comp id="497" class="1005" name="tmp_data_V_reg_497">
<pin_list>
<pin id="498" dir="0" index="0" bw="32" slack="3"/>
<pin id="499" dir="1" index="1" bw="32" slack="3"/>
</pin_list>
<bind>
<opset="tmp_data_V "/>
</bind>
</comp>

<comp id="503" class="1005" name="tmp_keep_V_reg_503">
<pin_list>
<pin id="504" dir="0" index="0" bw="1" slack="3"/>
<pin id="505" dir="1" index="1" bw="1" slack="3"/>
</pin_list>
<bind>
<opset="tmp_keep_V "/>
</bind>
</comp>

<comp id="509" class="1005" name="tmp_strb_V_reg_509">
<pin_list>
<pin id="510" dir="0" index="0" bw="1" slack="3"/>
<pin id="511" dir="1" index="1" bw="1" slack="3"/>
</pin_list>
<bind>
<opset="tmp_strb_V "/>
</bind>
</comp>

<comp id="515" class="1005" name="tmp_last_V_reg_515">
<pin_list>
<pin id="516" dir="0" index="0" bw="1" slack="3"/>
<pin id="517" dir="1" index="1" bw="1" slack="3"/>
</pin_list>
<bind>
<opset="tmp_last_V "/>
</bind>
</comp>

<comp id="521" class="1005" name="op_V_assign1_channel_reg_521">
<pin_list>
<pin id="522" dir="0" index="0" bw="24" slack="1"/>
<pin id="523" dir="1" index="1" bw="24" slack="1"/>
</pin_list>
<bind>
<opset="op_V_assign1_channel "/>
</bind>
</comp>

</comp_list>

<net_list>
<net id="175"><net_src comp="120" pin="0"/><net_sink comp="172" pin=0"/></net>

<net id="179"><net_src comp="120" pin="0"/><net_sink comp="176" pin=0"/></net>

<net id="183"><net_src comp="120" pin="0"/><net_sink comp="180" pin=0"/></net>

<net id="187"><net_src comp="120" pin="0"/><net_sink comp="184" pin=0"/></net>

<net id="191"><net_src comp="120" pin="0"/><net_sink comp="188" pin=0"/></net>

<net id="195"><net_src comp="120" pin="0"/><net_sink comp="192" pin=0"/></net>

<net id="199"><net_src comp="120" pin="0"/><net_sink comp="196" pin=0"/></net>

<net id="203"><net_src comp="120" pin="0"/><net_sink comp="200" pin=0"/></net>

<net id="207"><net_src comp="120" pin="0"/><net_sink comp="204" pin=0"/></net>

<net id="211"><net_src comp="120" pin="0"/><net_sink comp="208" pin=0"/></net>

<net id="215"><net_src comp="120" pin="0"/><net_sink comp="212" pin=0"/></net>

<net id="219"><net_src comp="120" pin="0"/><net_sink comp="216" pin=0"/></net>

<net id="223"><net_src comp="120" pin="0"/><net_sink comp="220" pin=0"/></net>

<net id="227"><net_src comp="120" pin="0"/><net_sink comp="224" pin=0"/></net>

<net id="231"><net_src comp="120" pin="0"/><net_sink comp="228" pin=0"/></net>

<net id="235"><net_src comp="120" pin="0"/><net_sink comp="232" pin=0"/></net>

<net id="239"><net_src comp="120" pin="0"/><net_sink comp="236" pin=0"/></net>

<net id="243"><net_src comp="120" pin="0"/><net_sink comp="240" pin=0"/></net>

<net id="247"><net_src comp="120" pin="0"/><net_sink comp="244" pin=0"/></net>

<net id="251"><net_src comp="120" pin="0"/><net_sink comp="248" pin=0"/></net>

<net id="255"><net_src comp="120" pin="0"/><net_sink comp="252" pin=0"/></net>

<net id="259"><net_src comp="120" pin="0"/><net_sink comp="256" pin=0"/></net>

<net id="264"><net_src comp="124" pin="0"/><net_sink comp="260" pin=0"/></net>

<net id="265"><net_src comp="14" pin="0"/><net_sink comp="260" pin=1"/></net>

<net id="334"><net_src comp="130" pin="0"/><net_sink comp="266" pin=0"/></net>

<net id="335"><net_src comp="24" pin="0"/><net_sink comp="266" pin=18"/></net>

<net id="336"><net_src comp="26" pin="0"/><net_sink comp="266" pin=19"/></net>

<net id="337"><net_src comp="28" pin="0"/><net_sink comp="266" pin=20"/></net>

<net id="338"><net_src comp="30" pin="0"/><net_sink comp="266" pin=21"/></net>

<net id="339"><net_src comp="32" pin="0"/><net_sink comp="266" pin=22"/></net>

<net id="340"><net_src comp="34" pin="0"/><net_sink comp="266" pin=23"/></net>

<net id="341"><net_src comp="36" pin="0"/><net_sink comp="266" pin=24"/></net>

<net id="342"><net_src comp="38" pin="0"/><net_sink comp="266" pin=25"/></net>

<net id="343"><net_src comp="40" pin="0"/><net_sink comp="266" pin=26"/></net>

<net id="344"><net_src comp="42" pin="0"/><net_sink comp="266" pin=27"/></net>

<net id="345"><net_src comp="44" pin="0"/><net_sink comp="266" pin=28"/></net>

<net id="346"><net_src comp="46" pin="0"/><net_sink comp="266" pin=29"/></net>

<net id="347"><net_src comp="48" pin="0"/><net_sink comp="266" pin=30"/></net>

<net id="348"><net_src comp="50" pin="0"/><net_sink comp="266" pin=31"/></net>

<net id="349"><net_src comp="52" pin="0"/><net_sink comp="266" pin=32"/></net>

<net id="350"><net_src comp="54" pin="0"/><net_sink comp="266" pin=33"/></net>

<net id="351"><net_src comp="56" pin="0"/><net_sink comp="266" pin=34"/></net>

<net id="352"><net_src comp="58" pin="0"/><net_sink comp="266" pin=35"/></net>

<net id="353"><net_src comp="60" pin="0"/><net_sink comp="266" pin=36"/></net>

<net id="354"><net_src comp="62" pin="0"/><net_sink comp="266" pin=37"/></net>

<net id="355"><net_src comp="64" pin="0"/><net_sink comp="266" pin=38"/></net>

<net id="356"><net_src comp="66" pin="0"/><net_sink comp="266" pin=39"/></net>

<net id="357"><net_src comp="68" pin="0"/><net_sink comp="266" pin=40"/></net>

<net id="358"><net_src comp="70" pin="0"/><net_sink comp="266" pin=41"/></net>

<net id="359"><net_src comp="72" pin="0"/><net_sink comp="266" pin=42"/></net>

<net id="360"><net_src comp="74" pin="0"/><net_sink comp="266" pin=43"/></net>

<net id="361"><net_src comp="76" pin="0"/><net_sink comp="266" pin=44"/></net>

<net id="362"><net_src comp="78" pin="0"/><net_sink comp="266" pin=45"/></net>

<net id="363"><net_src comp="80" pin="0"/><net_sink comp="266" pin=46"/></net>

<net id="364"><net_src comp="82" pin="0"/><net_sink comp="266" pin=47"/></net>

<net id="365"><net_src comp="84" pin="0"/><net_sink comp="266" pin=48"/></net>

<net id="366"><net_src comp="86" pin="0"/><net_sink comp="266" pin=49"/></net>

<net id="367"><net_src comp="88" pin="0"/><net_sink comp="266" pin=50"/></net>

<net id="368"><net_src comp="90" pin="0"/><net_sink comp="266" pin=51"/></net>

<net id="369"><net_src comp="92" pin="0"/><net_sink comp="266" pin=52"/></net>

<net id="370"><net_src comp="94" pin="0"/><net_sink comp="266" pin=53"/></net>

<net id="371"><net_src comp="96" pin="0"/><net_sink comp="266" pin=54"/></net>

<net id="372"><net_src comp="98" pin="0"/><net_sink comp="266" pin=55"/></net>

<net id="373"><net_src comp="100" pin="0"/><net_sink comp="266" pin=56"/></net>

<net id="374"><net_src comp="102" pin="0"/><net_sink comp="266" pin=57"/></net>

<net id="375"><net_src comp="104" pin="0"/><net_sink comp="266" pin=58"/></net>

<net id="376"><net_src comp="106" pin="0"/><net_sink comp="266" pin=59"/></net>

<net id="377"><net_src comp="108" pin="0"/><net_sink comp="266" pin=60"/></net>

<net id="378"><net_src comp="110" pin="0"/><net_sink comp="266" pin=61"/></net>

<net id="379"><net_src comp="112" pin="0"/><net_sink comp="266" pin=62"/></net>

<net id="380"><net_src comp="114" pin="0"/><net_sink comp="266" pin=63"/></net>

<net id="381"><net_src comp="116" pin="0"/><net_sink comp="266" pin=64"/></net>

<net id="382"><net_src comp="118" pin="0"/><net_sink comp="266" pin=65"/></net>

<net id="409"><net_src comp="122" pin="0"/><net_sink comp="383" pin=0"/></net>

<net id="410"><net_src comp="0" pin="0"/><net_sink comp="383" pin=1"/></net>

<net id="411"><net_src comp="2" pin="0"/><net_sink comp="383" pin=2"/></net>

<net id="412"><net_src comp="4" pin="0"/><net_sink comp="383" pin=3"/></net>

<net id="413"><net_src comp="6" pin="0"/><net_sink comp="383" pin=4"/></net>

<net id="414"><net_src comp="8" pin="0"/><net_sink comp="383" pin=5"/></net>

<net id="415"><net_src comp="10" pin="0"/><net_sink comp="383" pin=6"/></net>

<net id="416"><net_src comp="12" pin="0"/><net_sink comp="383" pin=7"/></net>

<net id="417"><net_src comp="180" pin="1"/><net_sink comp="383" pin=8"/></net>

<net id="418"><net_src comp="184" pin="1"/><net_sink comp="383" pin=9"/></net>

<net id="419"><net_src comp="188" pin="1"/><net_sink comp="383" pin=10"/></net>

<net id="420"><net_src comp="192" pin="1"/><net_sink comp="383" pin=11"/></net>

<net id="421"><net_src comp="196" pin="1"/><net_sink comp="383" pin=12"/></net>

<net id="422"><net_src comp="200" pin="1"/><net_sink comp="383" pin=13"/></net>

<net id="423"><net_src comp="204" pin="1"/><net_sink comp="383" pin=14"/></net>

<net id="424"><net_src comp="208" pin="1"/><net_sink comp="383" pin=15"/></net>

<net id="425"><net_src comp="212" pin="1"/><net_sink comp="383" pin=16"/></net>

<net id="426"><net_src comp="216" pin="1"/><net_sink comp="383" pin=17"/></net>

<net id="427"><net_src comp="220" pin="1"/><net_sink comp="383" pin=18"/></net>

<net id="428"><net_src comp="224" pin="1"/><net_sink comp="383" pin=19"/></net>

<net id="429"><net_src comp="228" pin="1"/><net_sink comp="383" pin=20"/></net>

<net id="430"><net_src comp="232" pin="1"/><net_sink comp="383" pin=21"/></net>

<net id="431"><net_src comp="236" pin="1"/><net_sink comp="383" pin=22"/></net>

<net id="432"><net_src comp="240" pin="1"/><net_sink comp="383" pin=23"/></net>

<net id="438"><net_src comp="138" pin="0"/><net_sink comp="433" pin=0"/></net>

<net id="450"><net_src comp="170" pin="0"/><net_sink comp="439" pin=0"/></net>

<net id="451"><net_src comp="16" pin="0"/><net_sink comp="439" pin=1"/></net>

<net id="452"><net_src comp="18" pin="0"/><net_sink comp="439" pin=2"/></net>

<net id="453"><net_src comp="20" pin="0"/><net_sink comp="439" pin=3"/></net>

<net id="454"><net_src comp="22" pin="0"/><net_sink comp="439" pin=4"/></net>

<net id="460"><net_src comp="126" pin="0"/><net_sink comp="455" pin=0"/></net>

<net id="461"><net_src comp="260" pin="2"/><net_sink comp="455" pin=1"/></net>

<net id="467"><net_src comp="128" pin="0"/><net_sink comp="462" pin=0"/></net>

<net id="473"><net_src comp="132" pin="0"/><net_sink comp="468" pin=0"/></net>

<net id="474"><net_src comp="266" pin="66"/><net_sink comp="468" pin=1"/></net>

<net id="479"><net_src comp="134" pin="0"/><net_sink comp="475" pin=0"/></net>

<net id="484"><net_src comp="136" pin="0"/><net_sink comp="480" pin=0"/></net>

<net id="488"><net_src comp="172" pin="1"/><net_sink comp="485" pin=0"/></net>

<net id="489"><net_src comp="485" pin="1"/><net_sink comp="455" pin=2"/></net>

<net id="490"><net_src comp="485" pin="1"/><net_sink comp="462" pin=1"/></net>

<net id="494"><net_src comp="176" pin="1"/><net_sink comp="491" pin=0"/></net>

<net id="495"><net_src comp="491" pin="1"/><net_sink comp="462" pin=2"/></net>

<net id="496"><net_src comp="491" pin="1"/><net_sink comp="433" pin=1"/></net>

<net id="500"><net_src comp="244" pin="1"/><net_sink comp="497" pin=0"/></net>

<net id="501"><net_src comp="497" pin="1"/><net_sink comp="468" pin=2"/></net>

<net id="502"><net_src comp="497" pin="1"/><net_sink comp="439" pin=5"/></net>

<net id="506"><net_src comp="248" pin="1"/><net_sink comp="503" pin=0"/></net>

<net id="507"><net_src comp="503" pin="1"/><net_sink comp="475" pin=1"/></net>

<net id="508"><net_src comp="503" pin="1"/><net_sink comp="439" pin=6"/></net>

<net id="512"><net_src comp="252" pin="1"/><net_sink comp="509" pin=0"/></net>

<net id="513"><net_src comp="509" pin="1"/><net_sink comp="480" pin=1"/></net>

<net id="514"><net_src comp="509" pin="1"/><net_sink comp="439" pin=7"/></net>

<net id="518"><net_src comp="256" pin="1"/><net_sink comp="515" pin=0"/></net>

<net id="519"><net_src comp="515" pin="1"/><net_sink comp="433" pin=2"/></net>

<net id="520"><net_src comp="515" pin="1"/><net_sink comp="439" pin=8"/></net>

<net id="524"><net_src comp="383" pin="24"/><net_sink comp="521" pin=0"/></net>

<net id="525"><net_src comp="521" pin="1"/><net_sink comp="266" pin=17"/></net>

</net_list>

</model> 
---------------- Datapath Model END ------------------

* FSMD analyzer results:
  - Output states:
	Port: out_stream_V_data_V | {5 }
	Port: out_stream_V_keep_V | {5 }
	Port: out_stream_V_strb_V | {5 }
	Port: out_stream_V_last_V | {5 }
 - Input state : 
	Port: dataflow_in_loop_Bat.1 : in_stream_V_data_V | {1 2 }
	Port: dataflow_in_loop_Bat.1 : in_stream_V_keep_V | {1 2 }
	Port: dataflow_in_loop_Bat.1 : in_stream_V_strb_V | {1 2 }
	Port: dataflow_in_loop_Bat.1 : in_stream_V_user_V | {1 2 }
	Port: dataflow_in_loop_Bat.1 : in_stream_V_last_V | {1 2 }
	Port: dataflow_in_loop_Bat.1 : in_stream_V_id_V | {1 2 }
	Port: dataflow_in_loop_Bat.1 : in_stream_V_dest_V | {1 2 }
	Port: dataflow_in_loop_Bat.1 : n_0_i_i | {2 }
	Port: dataflow_in_loop_Bat.1 : svs_V_0 | {3 4 }
	Port: dataflow_in_loop_Bat.1 : svs_V_1 | {3 4 }
	Port: dataflow_in_loop_Bat.1 : svs_V_2 | {3 4 }
	Port: dataflow_in_loop_Bat.1 : svs_V_3 | {3 4 }
	Port: dataflow_in_loop_Bat.1 : svs_V_4 | {3 4 }
	Port: dataflow_in_loop_Bat.1 : svs_V_5 | {3 4 }
	Port: dataflow_in_loop_Bat.1 : svs_V_6 | {3 4 }
	Port: dataflow_in_loop_Bat.1 : svs_V_7 | {3 4 }
	Port: dataflow_in_loop_Bat.1 : svs_V_8 | {3 4 }
	Port: dataflow_in_loop_Bat.1 : svs_V_9 | {3 4 }
	Port: dataflow_in_loop_Bat.1 : svs_V_10 | {3 4 }
	Port: dataflow_in_loop_Bat.1 : svs_V_11 | {3 4 }
	Port: dataflow_in_loop_Bat.1 : svs_V_12 | {3 4 }
	Port: dataflow_in_loop_Bat.1 : svs_V_13 | {3 4 }
	Port: dataflow_in_loop_Bat.1 : svs_V_14 | {3 4 }
	Port: dataflow_in_loop_Bat.1 : svs_V_15 | {3 4 }
	Port: dataflow_in_loop_Bat.1 : alphas_V_0 | {3 4 }
	Port: dataflow_in_loop_Bat.1 : alphas_V_143 | {3 4 }
	Port: dataflow_in_loop_Bat.1 : alphas_V_250 | {3 4 }
	Port: dataflow_in_loop_Bat.1 : alphas_V_351 | {3 4 }
	Port: dataflow_in_loop_Bat.1 : alphas_V_452 | {3 4 }
	Port: dataflow_in_loop_Bat.1 : alphas_V_553 | {3 4 }
	Port: dataflow_in_loop_Bat.1 : alphas_V_654 | {3 4 }
	Port: dataflow_in_loop_Bat.1 : alphas_V_755 | {3 4 }
	Port: dataflow_in_loop_Bat.1 : alphas_V_856 | {3 4 }
	Port: dataflow_in_loop_Bat.1 : alphas_V_957 | {3 4 }
	Port: dataflow_in_loop_Bat.1 : alphas_V_1044 | {3 4 }
	Port: dataflow_in_loop_Bat.1 : alphas_V_1145 | {3 4 }
	Port: dataflow_in_loop_Bat.1 : alphas_V_1246 | {3 4 }
	Port: dataflow_in_loop_Bat.1 : alphas_V_1347 | {3 4 }
	Port: dataflow_in_loop_Bat.1 : alphas_V_1448 | {3 4 }
	Port: dataflow_in_loop_Bat.1 : alphas_V_1549 | {3 4 }
	Port: dataflow_in_loop_Bat.1 : sv_norms_V_0 | {3 4 }
	Port: dataflow_in_loop_Bat.1 : sv_norms_V_1 | {3 4 }
	Port: dataflow_in_loop_Bat.1 : sv_norms_V_2 | {3 4 }
	Port: dataflow_in_loop_Bat.1 : sv_norms_V_3 | {3 4 }
	Port: dataflow_in_loop_Bat.1 : sv_norms_V_4 | {3 4 }
	Port: dataflow_in_loop_Bat.1 : sv_norms_V_5 | {3 4 }
	Port: dataflow_in_loop_Bat.1 : sv_norms_V_6 | {3 4 }
	Port: dataflow_in_loop_Bat.1 : sv_norms_V_7 | {3 4 }
	Port: dataflow_in_loop_Bat.1 : sv_norms_V_8 | {3 4 }
	Port: dataflow_in_loop_Bat.1 : sv_norms_V_9 | {3 4 }
	Port: dataflow_in_loop_Bat.1 : sv_norms_V_10 | {3 4 }
	Port: dataflow_in_loop_Bat.1 : sv_norms_V_11 | {3 4 }
	Port: dataflow_in_loop_Bat.1 : sv_norms_V_12 | {3 4 }
	Port: dataflow_in_loop_Bat.1 : sv_norms_V_13 | {3 4 }
	Port: dataflow_in_loop_Bat.1 : sv_norms_V_14 | {3 4 }
	Port: dataflow_in_loop_Bat.1 : sv_norms_V_15 | {3 4 }
  - Chain level:
	State 1
		op_V_assign1_channel : 1
	State 2
	State 3
	State 4
		StgValue_35 : 1
	State 5


============================================================
+ Verbose Summary: Datapath Resource usage 
============================================================

* Functional unit list:
|----------|---------------------------------------------|---------|---------|---------|---------|
| Operation|               Functional Unit               |  DSP48E |  Delay  |    FF   |   LUT   |
|----------|---------------------------------------------|---------|---------|---------|---------|
|          |           grp_compute_class_fu_266          |    1    |  145.15 |   9896  |  26740  |
|          |        grp_load_and_calc_norm_fu_383        |    0    |  1.769  |   182   |   617   |
|          |  StgValue_38_p_ADSD_Classifier_cp_1_fu_433  |    0    |    0    |    0    |    13   |
|          |   StgValue_46_p_ADSD_Classifier_cp_fu_439   |    0    |    0    |    0    |    0    |
|   call   |  StgValue_30_dataflow_in_loop_Bat_2_fu_455  |    0    |    0    |    0    |    0    |
|          | StgValue_32_dataflow_in_loop_Bat_1_1_fu_462 |    0    |    0    |    0    |    0    |
|          |  StgValue_35_p_ADSD_Classifier_cp_4_fu_468  |    0    |    0    |    0    |    0    |
|          |  StgValue_36_p_ADSD_Classifier_cp_3_fu_475  |    0    |    0    |    0    |    0    |
|          |  StgValue_37_p_ADSD_Classifier_cp_2_fu_480  |    0    |    0    |    0    |    0    |
|----------|---------------------------------------------|---------|---------|---------|---------|
|   read   |           n_0_i_i_read_read_fu_260          |    0    |    0    |    0    |    0    |
|----------|---------------------------------------------|---------|---------|---------|---------|
|   Total  |                                             |    1    | 146.919 |  10078  |  27370  |
|----------|---------------------------------------------|---------|---------|---------|---------|

Memories:
+------------+--------+--------+--------+
|            |  BRAM  |   FF   |   LUT  |
+------------+--------+--------+--------+
| x_local_0_V|    0   |   16   |    7   |
|x_local_10_V|    0   |   16   |    7   |
|x_local_11_V|    0   |   16   |    7   |
|x_local_12_V|    0   |   16   |    7   |
|x_local_13_V|    0   |   16   |    7   |
|x_local_14_V|    0   |   16   |    7   |
|x_local_15_V|    0   |   16   |    7   |
| x_local_1_V|    0   |   16   |    7   |
| x_local_2_V|    0   |   16   |    7   |
| x_local_3_V|    0   |   16   |    7   |
| x_local_4_V|    0   |   16   |    7   |
| x_local_5_V|    0   |   16   |    7   |
| x_local_6_V|    0   |   16   |    7   |
| x_local_7_V|    0   |   16   |    7   |
| x_local_8_V|    0   |   16   |    7   |
| x_local_9_V|    0   |   16   |    7   |
+------------+--------+--------+--------+
|    Total   |    0   |   256  |   112  |
+------------+--------+--------+--------+

* Register list:
+----------------------------+--------+
|                            |   FF   |
+----------------------------+--------+
|     n_0_i_i_c1_reg_485     |   12   |
|      n_0_i_i_c_reg_491     |   12   |
|op_V_assign1_channel_reg_521|   24   |
|     tmp_data_V_reg_497     |   32   |
|     tmp_keep_V_reg_503     |    1   |
|     tmp_last_V_reg_515     |    1   |
|     tmp_strb_V_reg_509     |    1   |
+----------------------------+--------+
|            Total           |   83   |
+----------------------------+--------+

* Multiplexer (MUX) list: 
|--------|------|------|------|--------|
|  Comp  |  Pin | Size |  BW  | S x BW |
|--------|------|------|------|--------|
|  Total |      |      |      |    0   |
|--------|------|------|------|--------|



* Summary:
+-----------+--------+--------+--------+--------+--------+
|           |  BRAM  | DSP48E |  Delay |   FF   |   LUT  |
+-----------+--------+--------+--------+--------+--------+
|  Function |    -   |    1   |   146  |  10078 |  27370 |
|   Memory  |    0   |    -   |    -   |   256  |   112  |
|Multiplexer|    -   |    -   |    -   |    -   |    -   |
|  Register |    -   |    -   |    -   |   83   |    -   |
+-----------+--------+--------+--------+--------+--------+
|   Total   |    0   |    1   |   146  |  10417 |  27482 |
+-----------+--------+--------+--------+--------+--------+
