

================================================================
== Vivado HLS Report for 'dataflow_in_loop_Bat_1'
================================================================
* Date:           Wed Feb 18 17:52:07 2026

* Version:        2018.2 (Build 2258646 on Thu Jun 14 20:25:20 MDT 2018)
* Project:        ADSD
* Solution:       solution1
* Product family: zynq
* Target device:  xc7z020clg484-1


================================================================
== Performance Estimates
================================================================
+ Timing (ns): 
    * Summary: 
    +--------+-------+----------+------------+
    |  Clock | Target| Estimated| Uncertainty|
    +--------+-------+----------+------------+
    |ap_clk  |  10.00|     9.599|        1.25|
    +--------+-------+----------+------------+

+ Latency (clock cycles): 
    * Summary: 
    +------+------+-----+-----+----------+
    |   Latency   |  Interval | Pipeline |
    |  min |  max | min | max |   Type   |
    +------+------+-----+-----+----------+
    |  1039|  1039|  938|  938| dataflow |
    +------+------+-----+-----+----------+

    + Detail: 
        * Instance: 
        N/A

        * Loop: 
        N/A

============================================================
+ Verbose Summary: Synthesis Manager
============================================================
InlineROM: 1
ExposeGlobal: 0
============================================================
+ Verbose Summary: CDFG Model
============================================================
IsTopModel: 0
ResetActiveHigh: 1
IsCombinational: 2
IsDatapathOnly: 0
HasWiredReturn: 1
HasMFsm: 0
HasVarLatency: 1
IsPipeline: 0
IsRtlPipelined: 0
IsInstanceOverlapped: 0
IsDontTouch: 0
HasImplIP: 0
IsGatedGlobalClock: 0


============================================================
+ Verbose Summary: Schedule
============================================================
* Number of FSM states : 5
* Pipeline : 0
* Dataflow Pipeline: 1
  DF-Pipeline-0: Size = 5, States = { 1 2 3 4 5 }

* FSM state transitions: 
1 --> 
	2  / true
2 --> 
	3  / true
3 --> 
	4  / true
4 --> 
	5  / true
5 --> 

* FSM state operations: 

State 1 <SV = 0> <Delay = 0.00>
ST_1 : Operation 6 [1/1] (0.00ns)   --->   "%n_0_i_i_c1 = alloca i12, align 2"   --->   Operation 6 'alloca' 'n_0_i_i_c1' <Predicate = true> <Delay = 0.00> <Core = "FIFO">   --->   Core 32 'FIFO' <Latency = 0> <II = 1> <Delay = 3.63> <Storage> <Opcode : 'read' 'write' 'nbread' 'nbwrite'> <Ports = 0> <Width = 12> <Depth = 2> <FIFO>
ST_1 : Operation 7 [1/1] (0.00ns)   --->   "%n_0_i_i_c = alloca i12, align 2"   --->   Operation 7 'alloca' 'n_0_i_i_c' <Predicate = true> <Delay = 0.00> <Core = "FIFO">   --->   Core 32 'FIFO' <Latency = 0> <II = 1> <Delay = 3.63> <Storage> <Opcode : 'read' 'write' 'nbread' 'nbwrite'> <Ports = 0> <Width = 12> <Depth = 2> <FIFO>
ST_1 : Operation 8 [1/1] (0.00ns)   --->   "%x_local_0_V = alloca [49 x i8], align 1" [ADSD/Classifier.cpp:123]   --->   Operation 8 'alloca' 'x_local_0_V' <Predicate = true> <Delay = 0.00>
ST_1 : Operation 9 [1/1] (0.00ns)   --->   "%x_local_1_V = alloca [49 x i8], align 1" [ADSD/Classifier.cpp:123]   --->   Operation 9 'alloca' 'x_local_1_V' <Predicate = true> <Delay = 0.00>
ST_1 : Operation 10 [1/1] (0.00ns)   --->   "%x_local_2_V = alloca [49 x i8], align 1" [ADSD/Classifier.cpp:123]   --->   Operation 10 'alloca' 'x_local_2_V' <Predicate = true> <Delay = 0.00>
ST_1 : Operation 11 [1/1] (0.00ns)   --->   "%x_local_3_V = alloca [49 x i8], align 1" [ADSD/Classifier.cpp:123]   --->   Operation 11 'alloca' 'x_local_3_V' <Predicate = true> <Delay = 0.00>
ST_1 : Operation 12 [1/1] (0.00ns)   --->   "%x_local_4_V = alloca [49 x i8], align 1" [ADSD/Classifier.cpp:123]   --->   Operation 12 'alloca' 'x_local_4_V' <Predicate = true> <Delay = 0.00>
ST_1 : Operation 13 [1/1] (0.00ns)   --->   "%x_local_5_V = alloca [49 x i8], align 1" [ADSD/Classifier.cpp:123]   --->   Operation 13 'alloca' 'x_local_5_V' <Predicate = true> <Delay = 0.00>
ST_1 : Operation 14 [1/1] (0.00ns)   --->   "%x_local_6_V = alloca [49 x i8], align 1" [ADSD/Classifier.cpp:123]   --->   Operation 14 'alloca' 'x_local_6_V' <Predicate = true> <Delay = 0.00>
ST_1 : Operation 15 [1/1] (0.00ns)   --->   "%x_local_7_V = alloca [49 x i8], align 1" [ADSD/Classifier.cpp:123]   --->   Operation 15 'alloca' 'x_local_7_V' <Predicate = true> <Delay = 0.00>
ST_1 : Operation 16 [1/1] (0.00ns)   --->   "%x_local_8_V = alloca [49 x i8], align 1" [ADSD/Classifier.cpp:123]   --->   Operation 16 'alloca' 'x_local_8_V' <Predicate = true> <Delay = 0.00>
ST_1 : Operation 17 [1/1] (0.00ns)   --->   "%x_local_9_V = alloca [49 x i8], align 1" [ADSD/Classifier.cpp:123]   --->   Operation 17 'alloca' 'x_local_9_V' <Predicate = true> <Delay = 0.00>
ST_1 : Operation 18 [1/1] (0.00ns)   --->   "%x_local_10_V = alloca [49 x i8], align 1" [ADSD/Classifier.cpp:123]   --->   Operation 18 'alloca' 'x_local_10_V' <Predicate = true> <Delay = 0.00>
ST_1 : Operation 19 [1/1] (0.00ns)   --->   "%x_local_11_V = alloca [49 x i8], align 1" [ADSD/Classifier.cpp:123]   --->   Operation 19 'alloca' 'x_local_11_V' <Predicate = true> <Delay = 0.00>
ST_1 : Operation 20 [1/1] (0.00ns)   --->   "%x_local_12_V = alloca [49 x i8], align 1" [ADSD/Classifier.cpp:123]   --->   Operation 20 'alloca' 'x_local_12_V' <Predicate = true> <Delay = 0.00>
ST_1 : Operation 21 [1/1] (0.00ns)   --->   "%x_local_13_V = alloca [49 x i8], align 1" [ADSD/Classifier.cpp:123]   --->   Operation 21 'alloca' 'x_local_13_V' <Predicate = true> <Delay = 0.00>
ST_1 : Operation 22 [1/1] (0.00ns)   --->   "%x_local_14_V = alloca [49 x i8], align 1" [ADSD/Classifier.cpp:123]   --->   Operation 22 'alloca' 'x_local_14_V' <Predicate = true> <Delay = 0.00>
ST_1 : Operation 23 [1/1] (0.00ns)   --->   "%x_local_15_V = alloca [49 x i8], align 1" [ADSD/Classifier.cpp:123]   --->   Operation 23 'alloca' 'x_local_15_V' <Predicate = true> <Delay = 0.00>
ST_1 : Operation 24 [1/1] (0.00ns)   --->   "%tmp_data_V = alloca i32, align 4" [ADSD/Classifier.cpp:143]   --->   Operation 24 'alloca' 'tmp_data_V' <Predicate = true> <Delay = 0.00> <Core = "FIFO">   --->   Core 32 'FIFO' <Latency = 0> <II = 1> <Delay = 3.63> <Storage> <Opcode : 'read' 'write' 'nbread' 'nbwrite'> <Ports = 0> <Width = 12> <Depth = 2> <FIFO>
ST_1 : Operation 25 [1/1] (0.00ns)   --->   "%tmp_keep_V = alloca i1, align 1" [ADSD/Classifier.cpp:143]   --->   Operation 25 'alloca' 'tmp_keep_V' <Predicate = true> <Delay = 0.00> <Core = "FIFO">   --->   Core 32 'FIFO' <Latency = 0> <II = 1> <Delay = 3.63> <Storage> <Opcode : 'read' 'write' 'nbread' 'nbwrite'> <Ports = 0> <Width = 12> <Depth = 2> <FIFO>
ST_1 : Operation 26 [1/1] (0.00ns)   --->   "%tmp_strb_V = alloca i1, align 1" [ADSD/Classifier.cpp:143]   --->   Operation 26 'alloca' 'tmp_strb_V' <Predicate = true> <Delay = 0.00> <Core = "FIFO">   --->   Core 32 'FIFO' <Latency = 0> <II = 1> <Delay = 3.63> <Storage> <Opcode : 'read' 'write' 'nbread' 'nbwrite'> <Ports = 0> <Width = 12> <Depth = 2> <FIFO>
ST_1 : Operation 27 [1/1] (0.00ns)   --->   "%tmp_last_V = alloca i1, align 1" [ADSD/Classifier.cpp:143]   --->   Operation 27 'alloca' 'tmp_last_V' <Predicate = true> <Delay = 0.00> <Core = "FIFO">   --->   Core 32 'FIFO' <Latency = 0> <II = 1> <Delay = 3.63> <Storage> <Opcode : 'read' 'write' 'nbread' 'nbwrite'> <Ports = 0> <Width = 12> <Depth = 2> <FIFO>
ST_1 : Operation 28 [2/2] (0.00ns)   --->   "%op_V_assign1_channel = call fastcc i24 @load_and_calc_norm(i64* %in_stream_V_data_V, i8* %in_stream_V_keep_V, i8* %in_stream_V_strb_V, i1* %in_stream_V_user_V, i1* %in_stream_V_last_V, i1* %in_stream_V_id_V, i1* %in_stream_V_dest_V, [49 x i8]* %x_local_0_V, [49 x i8]* %x_local_1_V, [49 x i8]* %x_local_2_V, [49 x i8]* %x_local_3_V, [49 x i8]* %x_local_4_V, [49 x i8]* %x_local_5_V, [49 x i8]* %x_local_6_V, [49 x i8]* %x_local_7_V, [49 x i8]* %x_local_8_V, [49 x i8]* %x_local_9_V, [49 x i8]* %x_local_10_V, [49 x i8]* %x_local_11_V, [49 x i8]* %x_local_12_V, [49 x i8]* %x_local_13_V, [49 x i8]* %x_local_14_V, [49 x i8]* %x_local_15_V)" [ADSD/Classifier.cpp:130]   --->   Operation 28 'call' 'op_V_assign1_channel' <Predicate = true> <Delay = 0.00> <Core = "FIFO">   --->   Core 32 'FIFO' <Latency = 0> <II = 1> <Delay = 3.63> <Storage> <Opcode : 'read' 'write' 'nbread' 'nbwrite'> <Ports = 0> <Width = 12> <Depth = 2> <FIFO>

State 2 <SV = 1> <Delay = 3.63>
ST_2 : Operation 29 [1/1] (0.00ns)   --->   "%n_0_i_i_read = call i12 @_ssdm_op_Read.ap_auto.i12(i12 %n_0_i_i)"   --->   Operation 29 'read' 'n_0_i_i_read' <Predicate = true> <Delay = 0.00>
ST_2 : Operation 30 [1/1] (3.63ns)   --->   "call void @dataflow_in_loop_Bat.2(i12 %n_0_i_i_read, i12* %n_0_i_i_c1)"   --->   Operation 30 'call' <Predicate = true> <Delay = 3.63> <CoreType = "Generic">   --->   Core 0 '' <Latency = 0> <II = 1> <Delay = 1.00> <Generic> <Opcode : >
ST_2 : Operation 31 [1/2] (0.00ns)   --->   "%op_V_assign1_channel = call fastcc i24 @load_and_calc_norm(i64* %in_stream_V_data_V, i8* %in_stream_V_keep_V, i8* %in_stream_V_strb_V, i1* %in_stream_V_user_V, i1* %in_stream_V_last_V, i1* %in_stream_V_id_V, i1* %in_stream_V_dest_V, [49 x i8]* %x_local_0_V, [49 x i8]* %x_local_1_V, [49 x i8]* %x_local_2_V, [49 x i8]* %x_local_3_V, [49 x i8]* %x_local_4_V, [49 x i8]* %x_local_5_V, [49 x i8]* %x_local_6_V, [49 x i8]* %x_local_7_V, [49 x i8]* %x_local_8_V, [49 x i8]* %x_local_9_V, [49 x i8]* %x_local_10_V, [49 x i8]* %x_local_11_V, [49 x i8]* %x_local_12_V, [49 x i8]* %x_local_13_V, [49 x i8]* %x_local_14_V, [49 x i8]* %x_local_15_V)" [ADSD/Classifier.cpp:130]   --->   Operation 31 'call' 'op_V_assign1_channel' <Predicate = true> <Delay = 0.00> <Core = "FIFO">   --->   Core 32 'FIFO' <Latency = 0> <II = 1> <Delay = 3.63> <Storage> <Opcode : 'read' 'write' 'nbread' 'nbwrite'> <Ports = 0> <Width = 12> <Depth = 2> <FIFO>

State 3 <SV = 2> <Delay = 0.00>
ST_3 : Operation 32 [1/1] (0.00ns)   --->   "call fastcc void @dataflow_in_loop_Bat.1.1(i12* nocapture %n_0_i_i_c1, i12* %n_0_i_i_c)"   --->   Operation 32 'call' <Predicate = true> <Delay = 0.00> <CoreType = "Generic">   --->   Core 0 '' <Latency = 0> <II = 1> <Delay = 1.00> <Generic> <Opcode : >
ST_3 : Operation 33 [2/2] (0.00ns)   --->   "%res_internal_V = call fastcc i32 @compute_class([49 x i8]* %x_local_0_V, [49 x i8]* %x_local_1_V, [49 x i8]* %x_local_2_V, [49 x i8]* %x_local_3_V, [49 x i8]* %x_local_4_V, [49 x i8]* %x_local_5_V, [49 x i8]* %x_local_6_V, [49 x i8]* %x_local_7_V, [49 x i8]* %x_local_8_V, [49 x i8]* %x_local_9_V, [49 x i8]* %x_local_10_V, [49 x i8]* %x_local_11_V, [49 x i8]* %x_local_12_V, [49 x i8]* %x_local_13_V, [49 x i8]* %x_local_14_V, [49 x i8]* %x_local_15_V, i24 %op_V_assign1_channel)" [ADSD/Classifier.cpp:130]   --->   Operation 33 'call' 'res_internal_V' <Predicate = true> <Delay = 0.00> <Core = "FIFO">   --->   Core 32 'FIFO' <Latency = 0> <II = 1> <Delay = 3.63> <Storage> <Opcode : 'read' 'write' 'nbread' 'nbwrite'> <Ports = 0> <Width = 12> <Depth = 2> <FIFO>

State 4 <SV = 3> <Delay = 8.74>
ST_4 : Operation 34 [1/2] (8.74ns)   --->   "%res_internal_V = call fastcc i32 @compute_class([49 x i8]* %x_local_0_V, [49 x i8]* %x_local_1_V, [49 x i8]* %x_local_2_V, [49 x i8]* %x_local_3_V, [49 x i8]* %x_local_4_V, [49 x i8]* %x_local_5_V, [49 x i8]* %x_local_6_V, [49 x i8]* %x_local_7_V, [49 x i8]* %x_local_8_V, [49 x i8]* %x_local_9_V, [49 x i8]* %x_local_10_V, [49 x i8]* %x_local_11_V, [49 x i8]* %x_local_12_V, [49 x i8]* %x_local_13_V, [49 x i8]* %x_local_14_V, [49 x i8]* %x_local_15_V, i24 %op_V_assign1_channel)" [ADSD/Classifier.cpp:130]   --->   Operation 34 'call' 'res_internal_V' <Predicate = true> <Delay = 8.74> <Core = "FIFO">   --->   Core 32 'FIFO' <Latency = 0> <II = 1> <Delay = 3.63> <Storage> <Opcode : 'read' 'write' 'nbread' 'nbwrite'> <Ports = 0> <Width = 12> <Depth = 2> <FIFO>
ST_4 : Operation 35 [1/1] (0.00ns)   --->   "call fastcc void @"__ADSD/Classifier.cp.4"(i32 %res_internal_V, i32* %tmp_data_V)" [ADSD/Classifier.cpp:130]   --->   Operation 35 'call' <Predicate = true> <Delay = 0.00> <CoreType = "Generic">   --->   Core 0 '' <Latency = 0> <II = 1> <Delay = 1.00> <Generic> <Opcode : >
ST_4 : Operation 36 [1/1] (0.00ns)   --->   "call fastcc void @"__ADSD/Classifier.cp.3"(i1* %tmp_keep_V)"   --->   Operation 36 'call' <Predicate = true> <Delay = 0.00> <CoreType = "Generic">   --->   Core 0 '' <Latency = 0> <II = 1> <Delay = 1.00> <Generic> <Opcode : >
ST_4 : Operation 37 [1/1] (0.00ns)   --->   "call fastcc void @"__ADSD/Classifier.cp.2"(i1* %tmp_strb_V)"   --->   Operation 37 'call' <Predicate = true> <Delay = 0.00> <CoreType = "Generic">   --->   Core 0 '' <Latency = 0> <II = 1> <Delay = 1.00> <Generic> <Opcode : >
ST_4 : Operation 38 [1/1] (0.00ns)   --->   "call fastcc void @"__ADSD/Classifier.cp.1"(i12* nocapture %n_0_i_i_c, i1* %tmp_last_V)"   --->   Operation 38 'call' <Predicate = true> <Delay = 0.00> <CoreType = "Generic">   --->   Core 0 '' <Latency = 0> <II = 1> <Delay = 1.00> <Generic> <Opcode : >

State 5 <SV = 4> <Delay = 0.00>
ST_5 : Operation 39 [1/1] (0.00ns)   --->   "call void (...)* @_ssdm_op_SpecInterface(i1* %out_stream_V_last_V, i1* %out_stream_V_strb_V, i1* %out_stream_V_keep_V, i32* %out_stream_V_data_V, [5 x i8]* @p_str1546, i32 0, i32 0, [5 x i8]* @p_str1647, i32 0, i32 0, [1 x i8]* @p_str35, [1 x i8]* @p_str35, [1 x i8]* @p_str35, i32 0, i32 0, i32 0, i32 0, [1 x i8]* @p_str35, [1 x i8]* @p_str35)"   --->   Operation 39 'specinterface' <Predicate = true> <Delay = 0.00>
ST_5 : Operation 40 [1/1] (0.00ns)   --->   "call void (...)* @_ssdm_op_SpecInterface(i1* %in_stream_V_dest_V, i1* %in_stream_V_id_V, i1* %in_stream_V_last_V, i1* %in_stream_V_user_V, i8* %in_stream_V_strb_V, i8* %in_stream_V_keep_V, i64* %in_stream_V_data_V, [5 x i8]* @p_str1546, i32 0, i32 0, [5 x i8]* @p_str1647, i32 0, i32 0, [1 x i8]* @p_str35, [1 x i8]* @p_str35, [1 x i8]* @p_str35, i32 0, i32 0, i32 0, i32 0, [1 x i8]* @p_str35, [1 x i8]* @p_str35)"   --->   Operation 40 'specinterface' <Predicate = true> <Delay = 0.00>
ST_5 : Operation 41 [1/1] (0.00ns)   --->   "call void (...)* @_ssdm_op_SpecDataflowPipeline(i32 -1, [1 x i8]* @p_str35) nounwind" [ADSD/Classifier.cpp:121]   --->   Operation 41 'specdataflowpipeline' <Predicate = true> <Delay = 0.00>
ST_5 : Operation 42 [1/1] (0.00ns)   --->   "%empty = call i32 (...)* @_ssdm_op_SpecChannel([10 x i8]* @n_OC_0_OC_i_OC_i_c_s, i32 1, [1 x i8]* @p_str, [1 x i8]* @p_str, i32 2, i32 0, i12* %n_0_i_i_c, i12* %n_0_i_i_c)"   --->   Operation 42 'specchannel' 'empty' <Predicate = true> <Delay = 0.00>
ST_5 : Operation 43 [1/1] (0.00ns)   --->   "call void (...)* @_ssdm_op_SpecInterface(i12* %n_0_i_i_c, [8 x i8]* @ap_fifo_str, i32 0, i32 0, [1 x i8]* @p_str, i32 0, i32 0, [1 x i8]* @p_str, [1 x i8]* @p_str, [1 x i8]* @p_str, i32 2, i32 2, i32 16, i32 16, [1 x i8]* @p_str, [1 x i8]* @p_str)"   --->   Operation 43 'specinterface' <Predicate = true> <Delay = 0.00>
ST_5 : Operation 44 [1/1] (0.00ns)   --->   "%empty_34 = call i32 (...)* @_ssdm_op_SpecChannel([11 x i8]* @n_OC_0_OC_i_OC_i_c1_s, i32 1, [1 x i8]* @p_str, [1 x i8]* @p_str, i32 2, i32 0, i12* %n_0_i_i_c1, i12* %n_0_i_i_c1)"   --->   Operation 44 'specchannel' 'empty_34' <Predicate = true> <Delay = 0.00>
ST_5 : Operation 45 [1/1] (0.00ns)   --->   "call void (...)* @_ssdm_op_SpecInterface(i12* %n_0_i_i_c1, [8 x i8]* @ap_fifo_str, i32 0, i32 0, [1 x i8]* @p_str, i32 0, i32 0, [1 x i8]* @p_str, [1 x i8]* @p_str, [1 x i8]* @p_str, i32 2, i32 2, i32 16, i32 16, [1 x i8]* @p_str, [1 x i8]* @p_str)"   --->   Operation 45 'specinterface' <Predicate = true> <Delay = 0.00>
ST_5 : Operation 46 [1/1] (0.00ns)   --->   "call fastcc void @"__ADSD/Classifier.cp"(i32* %out_stream_V_data_V, i1* %out_stream_V_keep_V, i1* %out_stream_V_strb_V, i1* %out_stream_V_last_V, i32* %tmp_data_V, i1* %tmp_keep_V, i1* %tmp_strb_V, i1* %tmp_last_V)"   --->   Operation 46 'call' <Predicate = true> <Delay = 0.00> <CoreType = "Generic">   --->   Core 0 '' <Latency = 0> <II = 1> <Delay = 1.00> <Generic> <Opcode : >
ST_5 : Operation 47 [1/1] (0.00ns)   --->   "ret void"   --->   Operation 47 'ret' <Predicate = true> <Delay = 0.00>


============================================================
+ Verbose Summary: Timing violations
============================================================
Target clock period: 10ns, clock uncertainty: 1.25ns.

 <State 1>: 0ns
The critical path consists of the following:

 <State 2>: 3.63ns
The critical path consists of the following:
	wire read on port 'n_0_i_i' [61]  (0 ns)
	'call' operation to 'dataflow_in_loop_Bat.2' [91]  (3.63 ns)

 <State 3>: 0ns
The critical path consists of the following:

 <State 4>: 8.74ns
The critical path consists of the following:
	'call' operation ('res_internal.V', ADSD/Classifier.cpp:130) to 'compute_class' [94]  (8.74 ns)

 <State 5>: 0ns
The critical path consists of the following:


============================================================
+ Verbose Summary: Binding
============================================================
N/A
* FSMD analyzer results:
  - Output states:
 - Input state : 
  - Chain level:
	State 1
	State 2
	State 3
	State 4
	State 5


============================================================
+ Verbose Summary: Datapath Resource usage 
============================================================
N/A
