

================================================================
== Vivado HLS Report for 'dataflow_in_loop'
================================================================
* Date:           Tue Mar 10 04:31:53 2026

* Version:        2018.2 (Build 2258646 on Thu Jun 14 20:25:20 MDT 2018)
* Project:        MathieuHelpMe
* Solution:       solution1
* Product family: zynq
* Target device:  xc7z020clg484-1


================================================================
== Performance Estimates
================================================================
+ Timing (ns): 
    * Summary: 
    +--------+-------+----------+------------+
    |  Clock | Target| Estimated| Uncertainty|
    +--------+-------+----------+------------+
    |ap_clk  |  10.00|     8.742|        1.25|
    +--------+-------+----------+------------+

+ Latency (clock cycles): 
    * Summary: 
    +-----+-----+-----+-----+----------+
    |  Latency  |  Interval | Pipeline |
    | min | max | min | max |   Type   |
    +-----+-----+-----+-----+----------+
    |  352|  352|  286|  286| dataflow |
    +-----+-----+-----+-----+----------+

    + Detail: 
        * Instance: 
        N/A

        * Loop: 
        N/A

============================================================
+ Verbose Summary: Synthesis Manager
============================================================
InlineROM: 1
ExposeGlobal: 0
============================================================
+ Verbose Summary: CDFG Model
============================================================
IsTopModel: 0
ResetActiveHigh: 1
IsCombinational: 2
IsDatapathOnly: 0
HasWiredReturn: 1
HasMFsm: 0
HasVarLatency: 1
IsPipeline: 0
IsRtlPipelined: 0
IsInstanceOverlapped: 0
IsDontTouch: 0
HasImplIP: 0
IsGatedGlobalClock: 0


============================================================
+ Verbose Summary: Schedule
============================================================
* Number of FSM states : 4
* Pipeline : 0
* Dataflow Pipeline: 1
  DF-Pipeline-0: Size = 4, States = { 1 2 3 4 }

* FSM state transitions: 
1 --> 
	2  / true
2 --> 
	3  / true
3 --> 
	4  / true
4 --> 

* FSM state operations: 

State 1 <SV = 0> <Delay = 3.63>
ST_1 : Operation 5 [1/1] (0.00ns)   --->   "%num_images_read = call i32 @_ssdm_op_Read.ap_auto.i32(i32 %num_images)"   --->   Operation 5 'read' 'num_images_read' <Predicate = true> <Delay = 0.00>
ST_1 : Operation 6 [1/1] (0.00ns)   --->   "%n_read = call i31 @_ssdm_op_Read.ap_auto.i31(i31 %n)"   --->   Operation 6 'read' 'n_read' <Predicate = true> <Delay = 0.00>
ST_1 : Operation 7 [1/1] (0.00ns)   --->   "%num_images_c = alloca i32, align 4"   --->   Operation 7 'alloca' 'num_images_c' <Predicate = true> <Delay = 0.00> <Core = "FIFO">   --->   Core 32 'FIFO' <Latency = 0> <II = 1> <Delay = 3.63> <Storage> <Opcode : 'read' 'write' 'nbread' 'nbwrite'> <Ports = 0> <Width = 32> <Depth = 2> <FIFO>
ST_1 : Operation 8 [1/1] (0.00ns)   --->   "%n_c = alloca i31, align 4"   --->   Operation 8 'alloca' 'n_c' <Predicate = true> <Delay = 0.00> <Core = "FIFO">   --->   Core 32 'FIFO' <Latency = 0> <II = 1> <Delay = 3.63> <Storage> <Opcode : 'read' 'write' 'nbread' 'nbwrite'> <Ports = 0> <Width = 32> <Depth = 2> <FIFO>
ST_1 : Operation 9 [1/1] (0.00ns)   --->   "%x_pack_V = alloca [31 x i128], align 8" [MathieuHelpMe/Classifier.cpp:175]   --->   Operation 9 'alloca' 'x_pack_V' <Predicate = true> <Delay = 0.00> <Core = "RAM_2P_BRAM">   --->   Core 41 'RAM_2P_BRAM' <Latency = 1> <II = 1> <Delay = 3.25> <Storage> <Opcode : 'load' 'store'> <Ports = 2> <Width = 128> <Depth = 31> <RAM>
ST_1 : Operation 10 [2/2] (3.63ns)   --->   "%internal_norm_V = call fastcc i24 @load_and_calc_norm51(i64* %in_stream_V_data_V, i8* %in_stream_V_keep_V, i8* %in_stream_V_strb_V, i1* %in_stream_V_user_V, i1* %in_stream_V_last_V, i1* %in_stream_V_id_V, i1* %in_stream_V_dest_V, [31 x i128]* %x_pack_V, i31 %n_read, i32 %num_images_read, i31* %n_c, i32* %num_images_c)"   --->   Operation 10 'call' 'internal_norm_V' <Predicate = true> <Delay = 3.63> <Core = "FIFO">   --->   Core 32 'FIFO' <Latency = 0> <II = 1> <Delay = 3.63> <Storage> <Opcode : 'read' 'write' 'nbread' 'nbwrite'> <Ports = 0> <Width = 32> <Depth = 2> <FIFO>

State 2 <SV = 1> <Delay = 0.00>
ST_2 : Operation 11 [1/2] (0.00ns)   --->   "%internal_norm_V = call fastcc i24 @load_and_calc_norm51(i64* %in_stream_V_data_V, i8* %in_stream_V_keep_V, i8* %in_stream_V_strb_V, i1* %in_stream_V_user_V, i1* %in_stream_V_last_V, i1* %in_stream_V_id_V, i1* %in_stream_V_dest_V, [31 x i128]* %x_pack_V, i31 %n_read, i32 %num_images_read, i31* %n_c, i32* %num_images_c)"   --->   Operation 11 'call' 'internal_norm_V' <Predicate = true> <Delay = 0.00> <Core = "FIFO">   --->   Core 32 'FIFO' <Latency = 0> <II = 1> <Delay = 3.63> <Storage> <Opcode : 'read' 'write' 'nbread' 'nbwrite'> <Ports = 0> <Width = 32> <Depth = 2> <FIFO>

State 3 <SV = 2> <Delay = 0.00>
ST_3 : Operation 12 [2/2] (0.00ns)   --->   "call fastcc void @compute_and_output([31 x i128]* %x_pack_V, i24 %internal_norm_V, i32* %out_stream_V_data_V, i1* %out_stream_V_keep_V, i1* %out_stream_V_strb_V, i1* %out_stream_V_last_V, i31* %n_c, i32* %num_images_c)"   --->   Operation 12 'call' <Predicate = true> <Delay = 0.00> <CoreType = "Generic">   --->   Core 0 '' <Latency = 0> <II = 1> <Delay = 1.00> <Generic> <Opcode : >

State 4 <SV = 3> <Delay = 0.00>
ST_4 : Operation 13 [1/1] (0.00ns)   --->   "call void (...)* @_ssdm_op_SpecInterface(i1* %out_stream_V_last_V, i1* %out_stream_V_strb_V, i1* %out_stream_V_keep_V, i32* %out_stream_V_data_V, [5 x i8]* @p_str4020, i32 0, i32 0, [5 x i8]* @p_str4021, i32 0, i32 0, [1 x i8]* @p_str4000, [1 x i8]* @p_str4000, [1 x i8]* @p_str4000, i32 0, i32 0, i32 0, i32 0, [1 x i8]* @p_str4000, [1 x i8]* @p_str4000)"   --->   Operation 13 'specinterface' <Predicate = true> <Delay = 0.00>
ST_4 : Operation 14 [1/1] (0.00ns)   --->   "call void (...)* @_ssdm_op_SpecInterface(i1* %in_stream_V_dest_V, i1* %in_stream_V_id_V, i1* %in_stream_V_last_V, i1* %in_stream_V_user_V, i8* %in_stream_V_strb_V, i8* %in_stream_V_keep_V, i64* %in_stream_V_data_V, [5 x i8]* @p_str4020, i32 0, i32 0, [5 x i8]* @p_str4021, i32 0, i32 0, [1 x i8]* @p_str4000, [1 x i8]* @p_str4000, [1 x i8]* @p_str4000, i32 0, i32 0, i32 0, i32 0, [1 x i8]* @p_str4000, [1 x i8]* @p_str4000)"   --->   Operation 14 'specinterface' <Predicate = true> <Delay = 0.00>
ST_4 : Operation 15 [1/1] (0.00ns)   --->   "call void (...)* @_ssdm_op_SpecDataflowPipeline(i32 -1, [1 x i8]* @p_str4000) nounwind" [MathieuHelpMe/Classifier.cpp:174]   --->   Operation 15 'specdataflowpipeline' <Predicate = true> <Delay = 0.00>
ST_4 : Operation 16 [1/1] (0.00ns)   --->   "call void (...)* @_ssdm_op_SpecMemCore([31 x i128]* %x_pack_V, [1 x i8]* @p_str4000, [12 x i8]* @p_str4026, [1 x i8]* @p_str4000, i32 -1, [1 x i8]* @p_str4000, [1 x i8]* @p_str4000, [1 x i8]* @p_str4000, [1 x i8]* @p_str4000, [1 x i8]* @p_str4000)" [MathieuHelpMe/Classifier.cpp:176]   --->   Operation 16 'specmemcore' <Predicate = true> <Delay = 0.00>
ST_4 : Operation 17 [1/1] (0.00ns)   --->   "%empty = call i32 (...)* @_ssdm_op_SpecChannel([4 x i8]* @n_c_str, i32 1, [1 x i8]* @p_str, [1 x i8]* @p_str, i32 2, i32 0, i31* %n_c, i31* %n_c)"   --->   Operation 17 'specchannel' 'empty' <Predicate = true> <Delay = 0.00>
ST_4 : Operation 18 [1/1] (0.00ns)   --->   "call void (...)* @_ssdm_op_SpecInterface(i31* %n_c, [8 x i8]* @ap_fifo_str, i32 0, i32 0, [1 x i8]* @p_str, i32 0, i32 0, [1 x i8]* @p_str, [1 x i8]* @p_str, [1 x i8]* @p_str, i32 2, i32 2, i32 16, i32 16, [1 x i8]* @p_str, [1 x i8]* @p_str)"   --->   Operation 18 'specinterface' <Predicate = true> <Delay = 0.00>
ST_4 : Operation 19 [1/1] (0.00ns)   --->   "%empty_47 = call i32 (...)* @_ssdm_op_SpecChannel([13 x i8]* @num_images_c_str, i32 1, [1 x i8]* @p_str, [1 x i8]* @p_str, i32 2, i32 0, i32* %num_images_c, i32* %num_images_c)"   --->   Operation 19 'specchannel' 'empty_47' <Predicate = true> <Delay = 0.00>
ST_4 : Operation 20 [1/1] (0.00ns)   --->   "call void (...)* @_ssdm_op_SpecInterface(i32* %num_images_c, [8 x i8]* @ap_fifo_str, i32 0, i32 0, [1 x i8]* @p_str, i32 0, i32 0, [1 x i8]* @p_str, [1 x i8]* @p_str, [1 x i8]* @p_str, i32 2, i32 2, i32 16, i32 16, [1 x i8]* @p_str, [1 x i8]* @p_str)"   --->   Operation 20 'specinterface' <Predicate = true> <Delay = 0.00>
ST_4 : Operation 21 [1/2] (0.00ns)   --->   "call fastcc void @compute_and_output([31 x i128]* %x_pack_V, i24 %internal_norm_V, i32* %out_stream_V_data_V, i1* %out_stream_V_keep_V, i1* %out_stream_V_strb_V, i1* %out_stream_V_last_V, i31* %n_c, i32* %num_images_c)"   --->   Operation 21 'call' <Predicate = true> <Delay = 0.00> <CoreType = "Generic">   --->   Core 0 '' <Latency = 0> <II = 1> <Delay = 1.00> <Generic> <Opcode : >
ST_4 : Operation 22 [1/1] (0.00ns)   --->   "ret void"   --->   Operation 22 'ret' <Predicate = true> <Delay = 0.00>


============================================================
+ Verbose Summary: Timing violations
============================================================
Target clock period: 10ns, clock uncertainty: 1.25ns.

 <State 1>: 3.63ns
The critical path consists of the following:
	wire read on port 'num_images' [81]  (0 ns)
	'call' operation ('internal_norm.V') to 'load_and_calc_norm51' [92]  (3.63 ns)

 <State 2>: 0ns
The critical path consists of the following:

 <State 3>: 0ns
The critical path consists of the following:

 <State 4>: 0ns
The critical path consists of the following:


============================================================
+ Verbose Summary: Binding
============================================================
N/A
* FSMD analyzer results:
  - Output states:
 - Input state : 
  - Chain level:
	State 1
	State 2
	State 3
	State 4


============================================================
+ Verbose Summary: Datapath Resource usage 
============================================================
N/A
