

================================================================
== Vivado HLS Report for 'dataflow_in_loop_Bat'
================================================================
* Date:           Wed Mar  4 18:28:48 2026

* Version:        2018.2 (Build 2258646 on Thu Jun 14 20:25:20 MDT 2018)
* Project:        MathieuHelpMe
* Solution:       solution1
* Product family: zynq
* Target device:  xc7z020clg484-1


================================================================
== Performance Estimates
================================================================
+ Timing (ns): 
    * Summary: 
    +--------+-------+----------+------------+
    |  Clock | Target| Estimated| Uncertainty|
    +--------+-------+----------+------------+
    |ap_clk  |  10.00|     8.847|        1.25|
    +--------+-------+----------+------------+

+ Latency (clock cycles): 
    * Summary: 
    +-----+-----+-----+-----+----------+
    |  Latency  |  Interval | Pipeline |
    | min | max | min | max |   Type   |
    +-----+-----+-----+-----+----------+
    |  508|  508|  407|  407| dataflow |
    +-----+-----+-----+-----+----------+

    + Detail: 
        * Instance: 
        N/A

        * Loop: 
        N/A

============================================================
+ Verbose Summary: Synthesis Manager
============================================================
InlineROM: 1
ExposeGlobal: 0
============================================================
+ Verbose Summary: CDFG Model
============================================================
IsTopModel: 0
ResetActiveHigh: 1
IsCombinational: 2
IsDatapathOnly: 0
HasWiredReturn: 1
HasMFsm: 0
HasVarLatency: 1
IsPipeline: 0
IsRtlPipelined: 0
IsInstanceOverlapped: 0
IsDontTouch: 0
HasImplIP: 0
IsGatedGlobalClock: 0


============================================================
+ Verbose Summary: Schedule
============================================================
* Number of FSM states : 4
* Pipeline : 0
* Dataflow Pipeline: 1
  DF-Pipeline-0: Size = 4, States = { 1 2 3 4 }

* FSM state transitions: 
1 --> 
	2  / true
2 --> 
	3  / true
3 --> 
	4  / true
4 --> 

* FSM state operations: 

State 1 <SV = 0> <Delay = 3.63>
ST_1 : Operation 5 [1/1] (0.00ns)   --->   "%num_images_read = call i32 @_ssdm_op_Read.ap_auto.i32(i32 %num_images)"   --->   Operation 5 'read' 'num_images_read' <Predicate = true> <Delay = 0.00>
ST_1 : Operation 6 [1/1] (0.00ns)   --->   "%n_read = call i31 @_ssdm_op_Read.ap_auto.i31(i31 %n)"   --->   Operation 6 'read' 'n_read' <Predicate = true> <Delay = 0.00>
ST_1 : Operation 7 [1/1] (0.00ns)   --->   "%num_images_c = alloca i32, align 4"   --->   Operation 7 'alloca' 'num_images_c' <Predicate = true> <Delay = 0.00> <Core = "FIFO">   --->   Core 32 'FIFO' <Latency = 0> <II = 1> <Delay = 3.63> <Storage> <Opcode : 'read' 'write' 'nbread' 'nbwrite'> <Ports = 0> <Width = 32> <Depth = 2> <FIFO>
ST_1 : Operation 8 [1/1] (0.00ns)   --->   "%n_c = alloca i31, align 4"   --->   Operation 8 'alloca' 'n_c' <Predicate = true> <Delay = 0.00> <Core = "FIFO">   --->   Core 32 'FIFO' <Latency = 0> <II = 1> <Delay = 3.63> <Storage> <Opcode : 'read' 'write' 'nbread' 'nbwrite'> <Ports = 0> <Width = 32> <Depth = 2> <FIFO>
ST_1 : Operation 9 [1/1] (0.00ns)   --->   "%x_local_0_V = alloca [49 x i8], align 1" [MathieuHelpMe/Classifier.cpp:183]   --->   Operation 9 'alloca' 'x_local_0_V' <Predicate = true> <Delay = 0.00>
ST_1 : Operation 10 [1/1] (0.00ns)   --->   "%x_local_1_V = alloca [49 x i8], align 1" [MathieuHelpMe/Classifier.cpp:183]   --->   Operation 10 'alloca' 'x_local_1_V' <Predicate = true> <Delay = 0.00>
ST_1 : Operation 11 [1/1] (0.00ns)   --->   "%x_local_2_V = alloca [49 x i8], align 1" [MathieuHelpMe/Classifier.cpp:183]   --->   Operation 11 'alloca' 'x_local_2_V' <Predicate = true> <Delay = 0.00>
ST_1 : Operation 12 [1/1] (0.00ns)   --->   "%x_local_3_V = alloca [49 x i8], align 1" [MathieuHelpMe/Classifier.cpp:183]   --->   Operation 12 'alloca' 'x_local_3_V' <Predicate = true> <Delay = 0.00>
ST_1 : Operation 13 [1/1] (0.00ns)   --->   "%x_local_4_V = alloca [49 x i8], align 1" [MathieuHelpMe/Classifier.cpp:183]   --->   Operation 13 'alloca' 'x_local_4_V' <Predicate = true> <Delay = 0.00>
ST_1 : Operation 14 [1/1] (0.00ns)   --->   "%x_local_5_V = alloca [49 x i8], align 1" [MathieuHelpMe/Classifier.cpp:183]   --->   Operation 14 'alloca' 'x_local_5_V' <Predicate = true> <Delay = 0.00>
ST_1 : Operation 15 [1/1] (0.00ns)   --->   "%x_local_6_V = alloca [49 x i8], align 1" [MathieuHelpMe/Classifier.cpp:183]   --->   Operation 15 'alloca' 'x_local_6_V' <Predicate = true> <Delay = 0.00>
ST_1 : Operation 16 [1/1] (0.00ns)   --->   "%x_local_7_V = alloca [49 x i8], align 1" [MathieuHelpMe/Classifier.cpp:183]   --->   Operation 16 'alloca' 'x_local_7_V' <Predicate = true> <Delay = 0.00>
ST_1 : Operation 17 [1/1] (0.00ns)   --->   "%x_local_8_V = alloca [49 x i8], align 1" [MathieuHelpMe/Classifier.cpp:183]   --->   Operation 17 'alloca' 'x_local_8_V' <Predicate = true> <Delay = 0.00>
ST_1 : Operation 18 [1/1] (0.00ns)   --->   "%x_local_9_V = alloca [49 x i8], align 1" [MathieuHelpMe/Classifier.cpp:183]   --->   Operation 18 'alloca' 'x_local_9_V' <Predicate = true> <Delay = 0.00>
ST_1 : Operation 19 [1/1] (0.00ns)   --->   "%x_local_10_V = alloca [49 x i8], align 1" [MathieuHelpMe/Classifier.cpp:183]   --->   Operation 19 'alloca' 'x_local_10_V' <Predicate = true> <Delay = 0.00>
ST_1 : Operation 20 [1/1] (0.00ns)   --->   "%x_local_11_V = alloca [49 x i8], align 1" [MathieuHelpMe/Classifier.cpp:183]   --->   Operation 20 'alloca' 'x_local_11_V' <Predicate = true> <Delay = 0.00>
ST_1 : Operation 21 [1/1] (0.00ns)   --->   "%x_local_12_V = alloca [49 x i8], align 1" [MathieuHelpMe/Classifier.cpp:183]   --->   Operation 21 'alloca' 'x_local_12_V' <Predicate = true> <Delay = 0.00>
ST_1 : Operation 22 [1/1] (0.00ns)   --->   "%x_local_13_V = alloca [49 x i8], align 1" [MathieuHelpMe/Classifier.cpp:183]   --->   Operation 22 'alloca' 'x_local_13_V' <Predicate = true> <Delay = 0.00>
ST_1 : Operation 23 [1/1] (0.00ns)   --->   "%x_local_14_V = alloca [49 x i8], align 1" [MathieuHelpMe/Classifier.cpp:183]   --->   Operation 23 'alloca' 'x_local_14_V' <Predicate = true> <Delay = 0.00>
ST_1 : Operation 24 [1/1] (0.00ns)   --->   "%x_local_15_V = alloca [49 x i8], align 1" [MathieuHelpMe/Classifier.cpp:183]   --->   Operation 24 'alloca' 'x_local_15_V' <Predicate = true> <Delay = 0.00>
ST_1 : Operation 25 [2/2] (3.63ns)   --->   "%internal_norm_V = call fastcc i24 @load_and_calc_norm53(i64* %in_stream_V_data_V, i8* %in_stream_V_keep_V, i8* %in_stream_V_strb_V, i1* %in_stream_V_user_V, i1* %in_stream_V_last_V, i1* %in_stream_V_id_V, i1* %in_stream_V_dest_V, [49 x i8]* %x_local_0_V, [49 x i8]* %x_local_1_V, [49 x i8]* %x_local_2_V, [49 x i8]* %x_local_3_V, [49 x i8]* %x_local_4_V, [49 x i8]* %x_local_5_V, [49 x i8]* %x_local_6_V, [49 x i8]* %x_local_7_V, [49 x i8]* %x_local_8_V, [49 x i8]* %x_local_9_V, [49 x i8]* %x_local_10_V, [49 x i8]* %x_local_11_V, [49 x i8]* %x_local_12_V, [49 x i8]* %x_local_13_V, [49 x i8]* %x_local_14_V, [49 x i8]* %x_local_15_V, i31 %n_read, i32 %num_images_read, i31* %n_c, i32* %num_images_c)"   --->   Operation 25 'call' 'internal_norm_V' <Predicate = true> <Delay = 3.63> <Core = "FIFO">   --->   Core 32 'FIFO' <Latency = 0> <II = 1> <Delay = 3.63> <Storage> <Opcode : 'read' 'write' 'nbread' 'nbwrite'> <Ports = 0> <Width = 32> <Depth = 2> <FIFO>

State 2 <SV = 1> <Delay = 0.00>
ST_2 : Operation 26 [1/2] (0.00ns)   --->   "%internal_norm_V = call fastcc i24 @load_and_calc_norm53(i64* %in_stream_V_data_V, i8* %in_stream_V_keep_V, i8* %in_stream_V_strb_V, i1* %in_stream_V_user_V, i1* %in_stream_V_last_V, i1* %in_stream_V_id_V, i1* %in_stream_V_dest_V, [49 x i8]* %x_local_0_V, [49 x i8]* %x_local_1_V, [49 x i8]* %x_local_2_V, [49 x i8]* %x_local_3_V, [49 x i8]* %x_local_4_V, [49 x i8]* %x_local_5_V, [49 x i8]* %x_local_6_V, [49 x i8]* %x_local_7_V, [49 x i8]* %x_local_8_V, [49 x i8]* %x_local_9_V, [49 x i8]* %x_local_10_V, [49 x i8]* %x_local_11_V, [49 x i8]* %x_local_12_V, [49 x i8]* %x_local_13_V, [49 x i8]* %x_local_14_V, [49 x i8]* %x_local_15_V, i31 %n_read, i32 %num_images_read, i31* %n_c, i32* %num_images_c)"   --->   Operation 26 'call' 'internal_norm_V' <Predicate = true> <Delay = 0.00> <Core = "FIFO">   --->   Core 32 'FIFO' <Latency = 0> <II = 1> <Delay = 3.63> <Storage> <Opcode : 'read' 'write' 'nbread' 'nbwrite'> <Ports = 0> <Width = 32> <Depth = 2> <FIFO>

State 3 <SV = 2> <Delay = 0.00>
ST_3 : Operation 27 [2/2] (0.00ns)   --->   "call fastcc void @compute_and_output([49 x i8]* %x_local_0_V, [49 x i8]* %x_local_1_V, [49 x i8]* %x_local_2_V, [49 x i8]* %x_local_3_V, [49 x i8]* %x_local_4_V, [49 x i8]* %x_local_5_V, [49 x i8]* %x_local_6_V, [49 x i8]* %x_local_7_V, [49 x i8]* %x_local_8_V, [49 x i8]* %x_local_9_V, [49 x i8]* %x_local_10_V, [49 x i8]* %x_local_11_V, [49 x i8]* %x_local_12_V, [49 x i8]* %x_local_13_V, [49 x i8]* %x_local_14_V, [49 x i8]* %x_local_15_V, i24 %internal_norm_V, i32* %out_stream_V_data_V, i1* %out_stream_V_keep_V, i1* %out_stream_V_strb_V, i1* %out_stream_V_last_V, i31* %n_c, i32* %num_images_c)"   --->   Operation 27 'call' <Predicate = true> <Delay = 0.00> <CoreType = "Generic">   --->   Core 0 '' <Latency = 0> <II = 1> <Delay = 1.00> <Generic> <Opcode : >

State 4 <SV = 3> <Delay = 0.00>
ST_4 : Operation 28 [1/1] (0.00ns)   --->   "call void (...)* @_ssdm_op_SpecInterface(i1* %out_stream_V_last_V, i1* %out_stream_V_strb_V, i1* %out_stream_V_keep_V, i32* %out_stream_V_data_V, [5 x i8]* @p_str26, i32 0, i32 0, [5 x i8]* @p_str27, i32 0, i32 0, [1 x i8]* @p_str2, [1 x i8]* @p_str2, [1 x i8]* @p_str2, i32 0, i32 0, i32 0, i32 0, [1 x i8]* @p_str2, [1 x i8]* @p_str2)"   --->   Operation 28 'specinterface' <Predicate = true> <Delay = 0.00>
ST_4 : Operation 29 [1/1] (0.00ns)   --->   "call void (...)* @_ssdm_op_SpecInterface(i1* %in_stream_V_dest_V, i1* %in_stream_V_id_V, i1* %in_stream_V_last_V, i1* %in_stream_V_user_V, i8* %in_stream_V_strb_V, i8* %in_stream_V_keep_V, i64* %in_stream_V_data_V, [5 x i8]* @p_str26, i32 0, i32 0, [5 x i8]* @p_str27, i32 0, i32 0, [1 x i8]* @p_str2, [1 x i8]* @p_str2, [1 x i8]* @p_str2, i32 0, i32 0, i32 0, i32 0, [1 x i8]* @p_str2, [1 x i8]* @p_str2)"   --->   Operation 29 'specinterface' <Predicate = true> <Delay = 0.00>
ST_4 : Operation 30 [1/1] (0.00ns)   --->   "call void (...)* @_ssdm_op_SpecDataflowPipeline(i32 -1, [1 x i8]* @p_str2) nounwind" [MathieuHelpMe/Classifier.cpp:182]   --->   Operation 30 'specdataflowpipeline' <Predicate = true> <Delay = 0.00>
ST_4 : Operation 31 [1/1] (0.00ns)   --->   "%empty = call i32 (...)* @_ssdm_op_SpecChannel([4 x i8]* @n_c_str, i32 1, [1 x i8]* @p_str, [1 x i8]* @p_str, i32 2, i32 0, i31* %n_c, i31* %n_c)"   --->   Operation 31 'specchannel' 'empty' <Predicate = true> <Delay = 0.00>
ST_4 : Operation 32 [1/1] (0.00ns)   --->   "call void (...)* @_ssdm_op_SpecInterface(i31* %n_c, [8 x i8]* @ap_fifo_str, i32 0, i32 0, [1 x i8]* @p_str, i32 0, i32 0, [1 x i8]* @p_str, [1 x i8]* @p_str, [1 x i8]* @p_str, i32 2, i32 2, i32 16, i32 16, [1 x i8]* @p_str, [1 x i8]* @p_str)"   --->   Operation 32 'specinterface' <Predicate = true> <Delay = 0.00>
ST_4 : Operation 33 [1/1] (0.00ns)   --->   "%empty_28 = call i32 (...)* @_ssdm_op_SpecChannel([13 x i8]* @num_images_c_str, i32 1, [1 x i8]* @p_str, [1 x i8]* @p_str, i32 2, i32 0, i32* %num_images_c, i32* %num_images_c)"   --->   Operation 33 'specchannel' 'empty_28' <Predicate = true> <Delay = 0.00>
ST_4 : Operation 34 [1/1] (0.00ns)   --->   "call void (...)* @_ssdm_op_SpecInterface(i32* %num_images_c, [8 x i8]* @ap_fifo_str, i32 0, i32 0, [1 x i8]* @p_str, i32 0, i32 0, [1 x i8]* @p_str, [1 x i8]* @p_str, [1 x i8]* @p_str, i32 2, i32 2, i32 16, i32 16, [1 x i8]* @p_str, [1 x i8]* @p_str)"   --->   Operation 34 'specinterface' <Predicate = true> <Delay = 0.00>
ST_4 : Operation 35 [1/2] (0.00ns)   --->   "call fastcc void @compute_and_output([49 x i8]* %x_local_0_V, [49 x i8]* %x_local_1_V, [49 x i8]* %x_local_2_V, [49 x i8]* %x_local_3_V, [49 x i8]* %x_local_4_V, [49 x i8]* %x_local_5_V, [49 x i8]* %x_local_6_V, [49 x i8]* %x_local_7_V, [49 x i8]* %x_local_8_V, [49 x i8]* %x_local_9_V, [49 x i8]* %x_local_10_V, [49 x i8]* %x_local_11_V, [49 x i8]* %x_local_12_V, [49 x i8]* %x_local_13_V, [49 x i8]* %x_local_14_V, [49 x i8]* %x_local_15_V, i24 %internal_norm_V, i32* %out_stream_V_data_V, i1* %out_stream_V_keep_V, i1* %out_stream_V_strb_V, i1* %out_stream_V_last_V, i31* %n_c, i32* %num_images_c)"   --->   Operation 35 'call' <Predicate = true> <Delay = 0.00> <CoreType = "Generic">   --->   Core 0 '' <Latency = 0> <II = 1> <Delay = 1.00> <Generic> <Opcode : >
ST_4 : Operation 36 [1/1] (0.00ns)   --->   "ret void"   --->   Operation 36 'ret' <Predicate = true> <Delay = 0.00>


============================================================
+ Verbose Summary: Timing violations
============================================================
Target clock period: 10ns, clock uncertainty: 1.25ns.

 <State 1>: 3.63ns
The critical path consists of the following:
	wire read on port 'num_images' [113]  (0 ns)
	'call' operation ('internal_norm.V') to 'load_and_calc_norm53' [138]  (3.63 ns)

 <State 2>: 0ns
The critical path consists of the following:

 <State 3>: 0ns
The critical path consists of the following:

 <State 4>: 0ns
The critical path consists of the following:


============================================================
+ Verbose Summary: Binding
============================================================
N/A
* FSMD analyzer results:
  - Output states:
 - Input state : 
  - Chain level:
	State 1
	State 2
	State 3
	State 4


============================================================
+ Verbose Summary: Datapath Resource usage 
============================================================
N/A
