

================================================================
== Vivado HLS Report for 'load_and_calc_norm51'
================================================================
* Date:           Tue Mar 10 04:31:44 2026

* Version:        2018.2 (Build 2258646 on Thu Jun 14 20:25:20 MDT 2018)
* Project:        MathieuHelpMe
* Solution:       solution1
* Product family: zynq
* Target device:  xc7z020clg484-1


================================================================
== Performance Estimates
================================================================
+ Timing (ns): 
    * Summary: 
    +--------+-------+----------+------------+
    |  Clock | Target| Estimated| Uncertainty|
    +--------+-------+----------+------------+
    |ap_clk  |  10.00|     8.307|        1.25|
    +--------+-------+----------+------------+

+ Latency (clock cycles): 
    * Summary: 
    +-----+-----+-----+-----+---------+
    |  Latency  |  Interval | Pipeline|
    | min | max | min | max |   Type  |
    +-----+-----+-----+-----+---------+
    |   66|   66|   66|   66|   none  |
    +-----+-----+-----+-----+---------+

    + Detail: 
        * Instance: 
        N/A

        * Loop: 
        +----------+-----+-----+----------+-----------+-----------+------+----------+
        |          |  Latency  | Iteration|  Initiation Interval  | Trip |          |
        | Loop Name| min | max |  Latency |  achieved |   target  | Count| Pipelined|
        +----------+-----+-----+----------+-----------+-----------+------+----------+
        |- Loop 1  |   64|   64|         5|          2|          1|    31|    yes   |
        +----------+-----+-----+----------+-----------+-----------+------+----------+

============================================================
+ Verbose Summary: Synthesis Manager
============================================================
InlineROM: 1
ExposeGlobal: 0
============================================================
+ Verbose Summary: CDFG Model
============================================================
IsTopModel: 0
ResetActiveHigh: 1
IsCombinational: 2
IsDatapathOnly: 0
HasWiredReturn: 1
HasMFsm: 0
HasVarLatency: 1
IsPipeline: 0
IsRtlPipelined: 0
IsInstanceOverlapped: 0
IsDontTouch: 0
HasImplIP: 0
IsGatedGlobalClock: 0

+ Individual pipeline summary: 
  * Pipeline-0: initiation interval (II) = 2, depth = 5


============================================================
+ Verbose Summary: Schedule
============================================================
* Number of FSM states : 7
* Pipeline : 1
  Pipeline-0 : II = 2, D = 5, States = { 2 3 4 5 6 }
* Dataflow Pipeline: 0

* FSM state transitions: 
1 --> 
	2  / true
2 --> 
	7  / (exitcond1_i_i)
	3  / (!exitcond1_i_i)
3 --> 
	4  / true
4 --> 
	5  / true
5 --> 
	6  / true
6 --> 
	2  / true
7 --> 

* FSM state operations: 

State 1 <SV = 0> <Delay = 3.63>
ST_1 : Operation 8 [1/1] (0.00ns)   --->   "%num_images_read = call i32 @_ssdm_op_Read.ap_auto.i32(i32 %num_images)"   --->   Operation 8 'read' 'num_images_read' <Predicate = true> <Delay = 0.00>
ST_1 : Operation 9 [1/1] (0.00ns)   --->   "%n_read = call i31 @_ssdm_op_Read.ap_auto.i31(i31 %n)"   --->   Operation 9 'read' 'n_read' <Predicate = true> <Delay = 0.00>
ST_1 : Operation 10 [1/1] (0.00ns)   --->   "%sq_V = alloca i16, align 2" [MathieuHelpMe/Classifier.cpp:51]   --->   Operation 10 'alloca' 'sq_V' <Predicate = true> <Delay = 0.00>
ST_1 : Operation 11 [1/1] (0.00ns)   --->   "call void (...)* @_ssdm_op_SpecInterface(i64* %in_stream_V_data_V, i8* %in_stream_V_keep_V, i8* %in_stream_V_strb_V, i1* %in_stream_V_user_V, i1* %in_stream_V_last_V, i1* %in_stream_V_id_V, i1* %in_stream_V_dest_V, [5 x i8]* @p_str4020, i32 1, i32 1, [5 x i8]* @p_str4021, i32 0, i32 0, [1 x i8]* @p_str4000, [1 x i8]* @p_str4000, [1 x i8]* @p_str4000, i32 0, i32 0, i32 0, i32 0, [1 x i8]* @p_str4000, [1 x i8]* @p_str4000) nounwind"   --->   Operation 11 'specinterface' <Predicate = true> <Delay = 0.00>
ST_1 : Operation 12 [1/1] (0.00ns)   --->   "call void (...)* @_ssdm_op_SpecInterface(i64* %in_stream_V_data_V, i8* %in_stream_V_keep_V, i8* %in_stream_V_strb_V, i1* %in_stream_V_user_V, i1* %in_stream_V_last_V, i1* %in_stream_V_id_V, i1* %in_stream_V_dest_V, [5 x i8]* @p_str4020, i32 1, i32 1, [5 x i8]* @p_str4021, i32 0, i32 0, [1 x i8]* @p_str4000, [1 x i8]* @p_str4000, [1 x i8]* @p_str4000, i32 0, i32 0, i32 0, i32 0, [1 x i8]* @p_str4000, [1 x i8]* @p_str4000) nounwind"   --->   Operation 12 'specinterface' <Predicate = true> <Delay = 0.00>
ST_1 : Operation 13 [1/1] (0.00ns)   --->   "call void (...)* @_ssdm_op_SpecInterface(i64* %in_stream_V_data_V, i8* %in_stream_V_keep_V, i8* %in_stream_V_strb_V, i1* %in_stream_V_user_V, i1* %in_stream_V_last_V, i1* %in_stream_V_id_V, i1* %in_stream_V_dest_V, [5 x i8]* @p_str4020, i32 1, i32 1, [5 x i8]* @p_str4021, i32 0, i32 0, [1 x i8]* @p_str4000, [1 x i8]* @p_str4000, [1 x i8]* @p_str4000, i32 0, i32 0, i32 0, i32 0, [1 x i8]* @p_str4000, [1 x i8]* @p_str4000) nounwind"   --->   Operation 13 'specinterface' <Predicate = true> <Delay = 0.00>
ST_1 : Operation 14 [1/1] (0.00ns)   --->   "call void (...)* @_ssdm_op_SpecInterface(i64* %in_stream_V_data_V, i8* %in_stream_V_keep_V, i8* %in_stream_V_strb_V, i1* %in_stream_V_user_V, i1* %in_stream_V_last_V, i1* %in_stream_V_id_V, i1* %in_stream_V_dest_V, [5 x i8]* @p_str4020, i32 1, i32 1, [5 x i8]* @p_str4021, i32 0, i32 0, [1 x i8]* @p_str4000, [1 x i8]* @p_str4000, [1 x i8]* @p_str4000, i32 0, i32 0, i32 0, i32 0, [1 x i8]* @p_str4000, [1 x i8]* @p_str4000) nounwind"   --->   Operation 14 'specinterface' <Predicate = true> <Delay = 0.00>
ST_1 : Operation 15 [1/1] (0.00ns)   --->   "call void (...)* @_ssdm_op_SpecInterface(i64* %in_stream_V_data_V, i8* %in_stream_V_keep_V, i8* %in_stream_V_strb_V, i1* %in_stream_V_user_V, i1* %in_stream_V_last_V, i1* %in_stream_V_id_V, i1* %in_stream_V_dest_V, [5 x i8]* @p_str4020, i32 1, i32 1, [5 x i8]* @p_str4021, i32 0, i32 0, [1 x i8]* @p_str4000, [1 x i8]* @p_str4000, [1 x i8]* @p_str4000, i32 0, i32 0, i32 0, i32 0, [1 x i8]* @p_str4000, [1 x i8]* @p_str4000) nounwind"   --->   Operation 15 'specinterface' <Predicate = true> <Delay = 0.00>
ST_1 : Operation 16 [1/1] (0.00ns)   --->   "call void (...)* @_ssdm_op_SpecInterface(i64* %in_stream_V_data_V, i8* %in_stream_V_keep_V, i8* %in_stream_V_strb_V, i1* %in_stream_V_user_V, i1* %in_stream_V_last_V, i1* %in_stream_V_id_V, i1* %in_stream_V_dest_V, [5 x i8]* @p_str4020, i32 1, i32 1, [5 x i8]* @p_str4021, i32 0, i32 0, [1 x i8]* @p_str4000, [1 x i8]* @p_str4000, [1 x i8]* @p_str4000, i32 0, i32 0, i32 0, i32 0, [1 x i8]* @p_str4000, [1 x i8]* @p_str4000) nounwind"   --->   Operation 16 'specinterface' <Predicate = true> <Delay = 0.00>
ST_1 : Operation 17 [1/1] (0.00ns)   --->   "call void (...)* @_ssdm_op_SpecInterface(i64* %in_stream_V_data_V, i8* %in_stream_V_keep_V, i8* %in_stream_V_strb_V, i1* %in_stream_V_user_V, i1* %in_stream_V_last_V, i1* %in_stream_V_id_V, i1* %in_stream_V_dest_V, [5 x i8]* @p_str4020, i32 1, i32 1, [5 x i8]* @p_str4021, i32 0, i32 0, [1 x i8]* @p_str4000, [1 x i8]* @p_str4000, [1 x i8]* @p_str4000, i32 0, i32 0, i32 0, i32 0, [1 x i8]* @p_str4000, [1 x i8]* @p_str4000) nounwind"   --->   Operation 17 'specinterface' <Predicate = true> <Delay = 0.00>
ST_1 : Operation 18 [1/1] (0.00ns)   --->   "call void (...)* @_ssdm_op_SpecInterface(i64* %in_stream_V_data_V, i8* %in_stream_V_keep_V, i8* %in_stream_V_strb_V, i1* %in_stream_V_user_V, i1* %in_stream_V_last_V, i1* %in_stream_V_id_V, i1* %in_stream_V_dest_V, [5 x i8]* @p_str4020, i32 1, i32 1, [5 x i8]* @p_str4021, i32 0, i32 0, [1 x i8]* @p_str4000, [1 x i8]* @p_str4000, [1 x i8]* @p_str4000, i32 0, i32 0, i32 0, i32 0, [1 x i8]* @p_str4000, [1 x i8]* @p_str4000) nounwind"   --->   Operation 18 'specinterface' <Predicate = true> <Delay = 0.00>
ST_1 : Operation 19 [1/1] (0.00ns)   --->   "call void (...)* @_ssdm_op_SpecInterface(i64* %in_stream_V_data_V, i8* %in_stream_V_keep_V, i8* %in_stream_V_strb_V, i1* %in_stream_V_user_V, i1* %in_stream_V_last_V, i1* %in_stream_V_id_V, i1* %in_stream_V_dest_V, [5 x i8]* @p_str4020, i32 1, i32 1, [5 x i8]* @p_str4021, i32 0, i32 0, [1 x i8]* @p_str4000, [1 x i8]* @p_str4000, [1 x i8]* @p_str4000, i32 0, i32 0, i32 0, i32 0, [1 x i8]* @p_str4000, [1 x i8]* @p_str4000) nounwind"   --->   Operation 19 'specinterface' <Predicate = true> <Delay = 0.00>
ST_1 : Operation 20 [1/1] (0.00ns)   --->   "call void (...)* @_ssdm_op_SpecInterface(i64* %in_stream_V_data_V, i8* %in_stream_V_keep_V, i8* %in_stream_V_strb_V, i1* %in_stream_V_user_V, i1* %in_stream_V_last_V, i1* %in_stream_V_id_V, i1* %in_stream_V_dest_V, [5 x i8]* @p_str4020, i32 1, i32 1, [5 x i8]* @p_str4021, i32 0, i32 0, [1 x i8]* @p_str4000, [1 x i8]* @p_str4000, [1 x i8]* @p_str4000, i32 0, i32 0, i32 0, i32 0, [1 x i8]* @p_str4000, [1 x i8]* @p_str4000) nounwind"   --->   Operation 20 'specinterface' <Predicate = true> <Delay = 0.00>
ST_1 : Operation 21 [1/1] (0.00ns)   --->   "call void (...)* @_ssdm_op_SpecInterface(i64* %in_stream_V_data_V, i8* %in_stream_V_keep_V, i8* %in_stream_V_strb_V, i1* %in_stream_V_user_V, i1* %in_stream_V_last_V, i1* %in_stream_V_id_V, i1* %in_stream_V_dest_V, [5 x i8]* @p_str4020, i32 1, i32 1, [5 x i8]* @p_str4021, i32 0, i32 0, [1 x i8]* @p_str4000, [1 x i8]* @p_str4000, [1 x i8]* @p_str4000, i32 0, i32 0, i32 0, i32 0, [1 x i8]* @p_str4000, [1 x i8]* @p_str4000) nounwind"   --->   Operation 21 'specinterface' <Predicate = true> <Delay = 0.00>
ST_1 : Operation 22 [1/1] (0.00ns)   --->   "call void (...)* @_ssdm_op_SpecInterface(i64* %in_stream_V_data_V, i8* %in_stream_V_keep_V, i8* %in_stream_V_strb_V, i1* %in_stream_V_user_V, i1* %in_stream_V_last_V, i1* %in_stream_V_id_V, i1* %in_stream_V_dest_V, [5 x i8]* @p_str4020, i32 1, i32 1, [5 x i8]* @p_str4021, i32 0, i32 0, [1 x i8]* @p_str4000, [1 x i8]* @p_str4000, [1 x i8]* @p_str4000, i32 0, i32 0, i32 0, i32 0, [1 x i8]* @p_str4000, [1 x i8]* @p_str4000) nounwind"   --->   Operation 22 'specinterface' <Predicate = true> <Delay = 0.00>
ST_1 : Operation 23 [1/1] (0.00ns)   --->   "call void (...)* @_ssdm_op_SpecInterface(i64* %in_stream_V_data_V, i8* %in_stream_V_keep_V, i8* %in_stream_V_strb_V, i1* %in_stream_V_user_V, i1* %in_stream_V_last_V, i1* %in_stream_V_id_V, i1* %in_stream_V_dest_V, [5 x i8]* @p_str4020, i32 1, i32 1, [5 x i8]* @p_str4021, i32 0, i32 0, [1 x i8]* @p_str4000, [1 x i8]* @p_str4000, [1 x i8]* @p_str4000, i32 0, i32 0, i32 0, i32 0, [1 x i8]* @p_str4000, [1 x i8]* @p_str4000) nounwind"   --->   Operation 23 'specinterface' <Predicate = true> <Delay = 0.00>
ST_1 : Operation 24 [1/1] (0.00ns)   --->   "call void (...)* @_ssdm_op_SpecInterface(i64* %in_stream_V_data_V, i8* %in_stream_V_keep_V, i8* %in_stream_V_strb_V, i1* %in_stream_V_user_V, i1* %in_stream_V_last_V, i1* %in_stream_V_id_V, i1* %in_stream_V_dest_V, [5 x i8]* @p_str4020, i32 1, i32 1, [5 x i8]* @p_str4021, i32 0, i32 0, [1 x i8]* @p_str4000, [1 x i8]* @p_str4000, [1 x i8]* @p_str4000, i32 0, i32 0, i32 0, i32 0, [1 x i8]* @p_str4000, [1 x i8]* @p_str4000) nounwind"   --->   Operation 24 'specinterface' <Predicate = true> <Delay = 0.00>
ST_1 : Operation 25 [1/1] (0.00ns)   --->   "call void (...)* @_ssdm_op_SpecInterface(i64* %in_stream_V_data_V, i8* %in_stream_V_keep_V, i8* %in_stream_V_strb_V, i1* %in_stream_V_user_V, i1* %in_stream_V_last_V, i1* %in_stream_V_id_V, i1* %in_stream_V_dest_V, [5 x i8]* @p_str4020, i32 1, i32 1, [5 x i8]* @p_str4021, i32 0, i32 0, [1 x i8]* @p_str4000, [1 x i8]* @p_str4000, [1 x i8]* @p_str4000, i32 0, i32 0, i32 0, i32 0, [1 x i8]* @p_str4000, [1 x i8]* @p_str4000) nounwind"   --->   Operation 25 'specinterface' <Predicate = true> <Delay = 0.00>
ST_1 : Operation 26 [1/1] (0.00ns)   --->   "call void (...)* @_ssdm_op_SpecInterface(i64* %in_stream_V_data_V, i8* %in_stream_V_keep_V, i8* %in_stream_V_strb_V, i1* %in_stream_V_user_V, i1* %in_stream_V_last_V, i1* %in_stream_V_id_V, i1* %in_stream_V_dest_V, [5 x i8]* @p_str4020, i32 1, i32 1, [5 x i8]* @p_str4021, i32 0, i32 0, [1 x i8]* @p_str4000, [1 x i8]* @p_str4000, [1 x i8]* @p_str4000, i32 0, i32 0, i32 0, i32 0, [1 x i8]* @p_str4000, [1 x i8]* @p_str4000) nounwind"   --->   Operation 26 'specinterface' <Predicate = true> <Delay = 0.00>
ST_1 : Operation 27 [1/1] (0.00ns)   --->   "call void (...)* @_ssdm_op_SpecInterface(i64* %in_stream_V_data_V, i8* %in_stream_V_keep_V, i8* %in_stream_V_strb_V, i1* %in_stream_V_user_V, i1* %in_stream_V_last_V, i1* %in_stream_V_id_V, i1* %in_stream_V_dest_V, [5 x i8]* @p_str4020, i32 1, i32 1, [5 x i8]* @p_str4021, i32 0, i32 0, [1 x i8]* @p_str4000, [1 x i8]* @p_str4000, [1 x i8]* @p_str4000, i32 0, i32 0, i32 0, i32 0, [1 x i8]* @p_str4000, [1 x i8]* @p_str4000) nounwind"   --->   Operation 27 'specinterface' <Predicate = true> <Delay = 0.00>
ST_1 : Operation 28 [1/1] (0.00ns)   --->   "call void (...)* @_ssdm_op_SpecInterface(i64* %in_stream_V_data_V, i8* %in_stream_V_keep_V, i8* %in_stream_V_strb_V, i1* %in_stream_V_user_V, i1* %in_stream_V_last_V, i1* %in_stream_V_id_V, i1* %in_stream_V_dest_V, [5 x i8]* @p_str4020, i32 1, i32 1, [5 x i8]* @p_str4021, i32 0, i32 0, [1 x i8]* @p_str4000, [1 x i8]* @p_str4000, [1 x i8]* @p_str4000, i32 0, i32 0, i32 0, i32 0, [1 x i8]* @p_str4000, [1 x i8]* @p_str4000) nounwind"   --->   Operation 28 'specinterface' <Predicate = true> <Delay = 0.00>
ST_1 : Operation 29 [1/1] (0.00ns)   --->   "call void (...)* @_ssdm_op_SpecInterface(i64* %in_stream_V_data_V, i8* %in_stream_V_keep_V, i8* %in_stream_V_strb_V, i1* %in_stream_V_user_V, i1* %in_stream_V_last_V, i1* %in_stream_V_id_V, i1* %in_stream_V_dest_V, [5 x i8]* @p_str4020, i32 1, i32 1, [5 x i8]* @p_str4021, i32 0, i32 0, [1 x i8]* @p_str4000, [1 x i8]* @p_str4000, [1 x i8]* @p_str4000, i32 0, i32 0, i32 0, i32 0, [1 x i8]* @p_str4000, [1 x i8]* @p_str4000) nounwind"   --->   Operation 29 'specinterface' <Predicate = true> <Delay = 0.00>
ST_1 : Operation 30 [1/1] (0.00ns)   --->   "call void (...)* @_ssdm_op_SpecInterface(i64* %in_stream_V_data_V, i8* %in_stream_V_keep_V, i8* %in_stream_V_strb_V, i1* %in_stream_V_user_V, i1* %in_stream_V_last_V, i1* %in_stream_V_id_V, i1* %in_stream_V_dest_V, [5 x i8]* @p_str4020, i32 1, i32 1, [5 x i8]* @p_str4021, i32 0, i32 0, [1 x i8]* @p_str4000, [1 x i8]* @p_str4000, [1 x i8]* @p_str4000, i32 0, i32 0, i32 0, i32 0, [1 x i8]* @p_str4000, [1 x i8]* @p_str4000) nounwind"   --->   Operation 30 'specinterface' <Predicate = true> <Delay = 0.00>
ST_1 : Operation 31 [1/1] (0.00ns)   --->   "call void (...)* @_ssdm_op_SpecInterface(i64* %in_stream_V_data_V, i8* %in_stream_V_keep_V, i8* %in_stream_V_strb_V, i1* %in_stream_V_user_V, i1* %in_stream_V_last_V, i1* %in_stream_V_id_V, i1* %in_stream_V_dest_V, [5 x i8]* @p_str4020, i32 1, i32 1, [5 x i8]* @p_str4021, i32 0, i32 0, [1 x i8]* @p_str4000, [1 x i8]* @p_str4000, [1 x i8]* @p_str4000, i32 0, i32 0, i32 0, i32 0, [1 x i8]* @p_str4000, [1 x i8]* @p_str4000) nounwind"   --->   Operation 31 'specinterface' <Predicate = true> <Delay = 0.00>
ST_1 : Operation 32 [1/1] (0.00ns)   --->   "call void (...)* @_ssdm_op_SpecInterface(i64* %in_stream_V_data_V, i8* %in_stream_V_keep_V, i8* %in_stream_V_strb_V, i1* %in_stream_V_user_V, i1* %in_stream_V_last_V, i1* %in_stream_V_id_V, i1* %in_stream_V_dest_V, [5 x i8]* @p_str4020, i32 1, i32 1, [5 x i8]* @p_str4021, i32 0, i32 0, [1 x i8]* @p_str4000, [1 x i8]* @p_str4000, [1 x i8]* @p_str4000, i32 0, i32 0, i32 0, i32 0, [1 x i8]* @p_str4000, [1 x i8]* @p_str4000) nounwind"   --->   Operation 32 'specinterface' <Predicate = true> <Delay = 0.00>
ST_1 : Operation 33 [1/1] (0.00ns)   --->   "call void (...)* @_ssdm_op_SpecInterface(i64* %in_stream_V_data_V, i8* %in_stream_V_keep_V, i8* %in_stream_V_strb_V, i1* %in_stream_V_user_V, i1* %in_stream_V_last_V, i1* %in_stream_V_id_V, i1* %in_stream_V_dest_V, [5 x i8]* @p_str4020, i32 1, i32 1, [5 x i8]* @p_str4021, i32 0, i32 0, [1 x i8]* @p_str4000, [1 x i8]* @p_str4000, [1 x i8]* @p_str4000, i32 0, i32 0, i32 0, i32 0, [1 x i8]* @p_str4000, [1 x i8]* @p_str4000) nounwind"   --->   Operation 33 'specinterface' <Predicate = true> <Delay = 0.00>
ST_1 : Operation 34 [1/1] (0.00ns)   --->   "call void (...)* @_ssdm_op_SpecInterface(i64* %in_stream_V_data_V, i8* %in_stream_V_keep_V, i8* %in_stream_V_strb_V, i1* %in_stream_V_user_V, i1* %in_stream_V_last_V, i1* %in_stream_V_id_V, i1* %in_stream_V_dest_V, [5 x i8]* @p_str4020, i32 1, i32 1, [5 x i8]* @p_str4021, i32 0, i32 0, [1 x i8]* @p_str4000, [1 x i8]* @p_str4000, [1 x i8]* @p_str4000, i32 0, i32 0, i32 0, i32 0, [1 x i8]* @p_str4000, [1 x i8]* @p_str4000) nounwind"   --->   Operation 34 'specinterface' <Predicate = true> <Delay = 0.00>
ST_1 : Operation 35 [1/1] (0.00ns)   --->   "call void (...)* @_ssdm_op_SpecInterface(i64* %in_stream_V_data_V, i8* %in_stream_V_keep_V, i8* %in_stream_V_strb_V, i1* %in_stream_V_user_V, i1* %in_stream_V_last_V, i1* %in_stream_V_id_V, i1* %in_stream_V_dest_V, [5 x i8]* @p_str4020, i32 1, i32 1, [5 x i8]* @p_str4021, i32 0, i32 0, [1 x i8]* @p_str4000, [1 x i8]* @p_str4000, [1 x i8]* @p_str4000, i32 0, i32 0, i32 0, i32 0, [1 x i8]* @p_str4000, [1 x i8]* @p_str4000) nounwind"   --->   Operation 35 'specinterface' <Predicate = true> <Delay = 0.00>
ST_1 : Operation 36 [1/1] (0.00ns)   --->   "call void (...)* @_ssdm_op_SpecInterface(i64* %in_stream_V_data_V, i8* %in_stream_V_keep_V, i8* %in_stream_V_strb_V, i1* %in_stream_V_user_V, i1* %in_stream_V_last_V, i1* %in_stream_V_id_V, i1* %in_stream_V_dest_V, [5 x i8]* @p_str4020, i32 1, i32 1, [5 x i8]* @p_str4021, i32 0, i32 0, [1 x i8]* @p_str4000, [1 x i8]* @p_str4000, [1 x i8]* @p_str4000, i32 0, i32 0, i32 0, i32 0, [1 x i8]* @p_str4000, [1 x i8]* @p_str4000) nounwind"   --->   Operation 36 'specinterface' <Predicate = true> <Delay = 0.00>
ST_1 : Operation 37 [1/1] (0.00ns)   --->   "call void (...)* @_ssdm_op_SpecInterface(i64* %in_stream_V_data_V, i8* %in_stream_V_keep_V, i8* %in_stream_V_strb_V, i1* %in_stream_V_user_V, i1* %in_stream_V_last_V, i1* %in_stream_V_id_V, i1* %in_stream_V_dest_V, [5 x i8]* @p_str4020, i32 1, i32 1, [5 x i8]* @p_str4021, i32 0, i32 0, [1 x i8]* @p_str4000, [1 x i8]* @p_str4000, [1 x i8]* @p_str4000, i32 0, i32 0, i32 0, i32 0, [1 x i8]* @p_str4000, [1 x i8]* @p_str4000) nounwind"   --->   Operation 37 'specinterface' <Predicate = true> <Delay = 0.00>
ST_1 : Operation 38 [1/1] (0.00ns)   --->   "call void (...)* @_ssdm_op_SpecInterface(i64* %in_stream_V_data_V, i8* %in_stream_V_keep_V, i8* %in_stream_V_strb_V, i1* %in_stream_V_user_V, i1* %in_stream_V_last_V, i1* %in_stream_V_id_V, i1* %in_stream_V_dest_V, [5 x i8]* @p_str4020, i32 1, i32 1, [5 x i8]* @p_str4021, i32 0, i32 0, [1 x i8]* @p_str4000, [1 x i8]* @p_str4000, [1 x i8]* @p_str4000, i32 0, i32 0, i32 0, i32 0, [1 x i8]* @p_str4000, [1 x i8]* @p_str4000) nounwind"   --->   Operation 38 'specinterface' <Predicate = true> <Delay = 0.00>
ST_1 : Operation 39 [1/1] (0.00ns)   --->   "call void (...)* @_ssdm_op_SpecInterface(i64* %in_stream_V_data_V, i8* %in_stream_V_keep_V, i8* %in_stream_V_strb_V, i1* %in_stream_V_user_V, i1* %in_stream_V_last_V, i1* %in_stream_V_id_V, i1* %in_stream_V_dest_V, [5 x i8]* @p_str4020, i32 1, i32 1, [5 x i8]* @p_str4021, i32 0, i32 0, [1 x i8]* @p_str4000, [1 x i8]* @p_str4000, [1 x i8]* @p_str4000, i32 0, i32 0, i32 0, i32 0, [1 x i8]* @p_str4000, [1 x i8]* @p_str4000) nounwind"   --->   Operation 39 'specinterface' <Predicate = true> <Delay = 0.00>
ST_1 : Operation 40 [1/1] (0.00ns)   --->   "call void (...)* @_ssdm_op_SpecInterface(i64* %in_stream_V_data_V, i8* %in_stream_V_keep_V, i8* %in_stream_V_strb_V, i1* %in_stream_V_user_V, i1* %in_stream_V_last_V, i1* %in_stream_V_id_V, i1* %in_stream_V_dest_V, [5 x i8]* @p_str4020, i32 1, i32 1, [5 x i8]* @p_str4021, i32 0, i32 0, [1 x i8]* @p_str4000, [1 x i8]* @p_str4000, [1 x i8]* @p_str4000, i32 0, i32 0, i32 0, i32 0, [1 x i8]* @p_str4000, [1 x i8]* @p_str4000) nounwind"   --->   Operation 40 'specinterface' <Predicate = true> <Delay = 0.00>
ST_1 : Operation 41 [1/1] (0.00ns)   --->   "call void (...)* @_ssdm_op_SpecInterface(i64* %in_stream_V_data_V, i8* %in_stream_V_keep_V, i8* %in_stream_V_strb_V, i1* %in_stream_V_user_V, i1* %in_stream_V_last_V, i1* %in_stream_V_id_V, i1* %in_stream_V_dest_V, [5 x i8]* @p_str4020, i32 1, i32 1, [5 x i8]* @p_str4021, i32 0, i32 0, [1 x i8]* @p_str4000, [1 x i8]* @p_str4000, [1 x i8]* @p_str4000, i32 0, i32 0, i32 0, i32 0, [1 x i8]* @p_str4000, [1 x i8]* @p_str4000) nounwind"   --->   Operation 41 'specinterface' <Predicate = true> <Delay = 0.00>
ST_1 : Operation 42 [1/1] (0.00ns)   --->   "call void (...)* @_ssdm_op_SpecInterface(i64* %in_stream_V_data_V, i8* %in_stream_V_keep_V, i8* %in_stream_V_strb_V, i1* %in_stream_V_user_V, i1* %in_stream_V_last_V, i1* %in_stream_V_id_V, i1* %in_stream_V_dest_V, [5 x i8]* @p_str4020, i32 1, i32 1, [5 x i8]* @p_str4021, i32 0, i32 0, [1 x i8]* @p_str4000, [1 x i8]* @p_str4000, [1 x i8]* @p_str4000, i32 0, i32 0, i32 0, i32 0, [1 x i8]* @p_str4000, [1 x i8]* @p_str4000) nounwind"   --->   Operation 42 'specinterface' <Predicate = true> <Delay = 0.00>
ST_1 : Operation 43 [1/1] (0.00ns)   --->   "call void (...)* @_ssdm_op_SpecInterface(i64* %in_stream_V_data_V, i8* %in_stream_V_keep_V, i8* %in_stream_V_strb_V, i1* %in_stream_V_user_V, i1* %in_stream_V_last_V, i1* %in_stream_V_id_V, i1* %in_stream_V_dest_V, [5 x i8]* @p_str4020, i32 1, i32 1, [5 x i8]* @p_str4021, i32 0, i32 0, [1 x i8]* @p_str4000, [1 x i8]* @p_str4000, [1 x i8]* @p_str4000, i32 0, i32 0, i32 0, i32 0, [1 x i8]* @p_str4000, [1 x i8]* @p_str4000) nounwind"   --->   Operation 43 'specinterface' <Predicate = true> <Delay = 0.00>
ST_1 : Operation 44 [1/1] (0.00ns)   --->   "call void (...)* @_ssdm_op_SpecInterface(i64* %in_stream_V_data_V, i8* %in_stream_V_keep_V, i8* %in_stream_V_strb_V, i1* %in_stream_V_user_V, i1* %in_stream_V_last_V, i1* %in_stream_V_id_V, i1* %in_stream_V_dest_V, [5 x i8]* @p_str4020, i32 1, i32 1, [5 x i8]* @p_str4021, i32 0, i32 0, [1 x i8]* @p_str4000, [1 x i8]* @p_str4000, [1 x i8]* @p_str4000, i32 0, i32 0, i32 0, i32 0, [1 x i8]* @p_str4000, [1 x i8]* @p_str4000) nounwind"   --->   Operation 44 'specinterface' <Predicate = true> <Delay = 0.00>
ST_1 : Operation 45 [1/1] (0.00ns)   --->   "call void (...)* @_ssdm_op_SpecInterface(i64* %in_stream_V_data_V, i8* %in_stream_V_keep_V, i8* %in_stream_V_strb_V, i1* %in_stream_V_user_V, i1* %in_stream_V_last_V, i1* %in_stream_V_id_V, i1* %in_stream_V_dest_V, [5 x i8]* @p_str4020, i32 1, i32 1, [5 x i8]* @p_str4021, i32 0, i32 0, [1 x i8]* @p_str4000, [1 x i8]* @p_str4000, [1 x i8]* @p_str4000, i32 0, i32 0, i32 0, i32 0, [1 x i8]* @p_str4000, [1 x i8]* @p_str4000) nounwind"   --->   Operation 45 'specinterface' <Predicate = true> <Delay = 0.00>
ST_1 : Operation 46 [1/1] (0.00ns)   --->   "call void (...)* @_ssdm_op_SpecInterface(i64* %in_stream_V_data_V, i8* %in_stream_V_keep_V, i8* %in_stream_V_strb_V, i1* %in_stream_V_user_V, i1* %in_stream_V_last_V, i1* %in_stream_V_id_V, i1* %in_stream_V_dest_V, [5 x i8]* @p_str4020, i32 1, i32 1, [5 x i8]* @p_str4021, i32 0, i32 0, [1 x i8]* @p_str4000, [1 x i8]* @p_str4000, [1 x i8]* @p_str4000, i32 0, i32 0, i32 0, i32 0, [1 x i8]* @p_str4000, [1 x i8]* @p_str4000) nounwind"   --->   Operation 46 'specinterface' <Predicate = true> <Delay = 0.00>
ST_1 : Operation 47 [1/1] (0.00ns)   --->   "call void (...)* @_ssdm_op_SpecInterface(i64* %in_stream_V_data_V, i8* %in_stream_V_keep_V, i8* %in_stream_V_strb_V, i1* %in_stream_V_user_V, i1* %in_stream_V_last_V, i1* %in_stream_V_id_V, i1* %in_stream_V_dest_V, [5 x i8]* @p_str4020, i32 1, i32 1, [5 x i8]* @p_str4021, i32 0, i32 0, [1 x i8]* @p_str4000, [1 x i8]* @p_str4000, [1 x i8]* @p_str4000, i32 0, i32 0, i32 0, i32 0, [1 x i8]* @p_str4000, [1 x i8]* @p_str4000) nounwind"   --->   Operation 47 'specinterface' <Predicate = true> <Delay = 0.00>
ST_1 : Operation 48 [1/1] (0.00ns)   --->   "call void (...)* @_ssdm_op_SpecInterface(i64* %in_stream_V_data_V, i8* %in_stream_V_keep_V, i8* %in_stream_V_strb_V, i1* %in_stream_V_user_V, i1* %in_stream_V_last_V, i1* %in_stream_V_id_V, i1* %in_stream_V_dest_V, [5 x i8]* @p_str4020, i32 1, i32 1, [5 x i8]* @p_str4021, i32 0, i32 0, [1 x i8]* @p_str4000, [1 x i8]* @p_str4000, [1 x i8]* @p_str4000, i32 0, i32 0, i32 0, i32 0, [1 x i8]* @p_str4000, [1 x i8]* @p_str4000) nounwind"   --->   Operation 48 'specinterface' <Predicate = true> <Delay = 0.00>
ST_1 : Operation 49 [1/1] (0.00ns)   --->   "call void (...)* @_ssdm_op_SpecInterface(i64* %in_stream_V_data_V, i8* %in_stream_V_keep_V, i8* %in_stream_V_strb_V, i1* %in_stream_V_user_V, i1* %in_stream_V_last_V, i1* %in_stream_V_id_V, i1* %in_stream_V_dest_V, [5 x i8]* @p_str4020, i32 1, i32 1, [5 x i8]* @p_str4021, i32 0, i32 0, [1 x i8]* @p_str4000, [1 x i8]* @p_str4000, [1 x i8]* @p_str4000, i32 0, i32 0, i32 0, i32 0, [1 x i8]* @p_str4000, [1 x i8]* @p_str4000) nounwind"   --->   Operation 49 'specinterface' <Predicate = true> <Delay = 0.00>
ST_1 : Operation 50 [1/1] (0.00ns)   --->   "call void (...)* @_ssdm_op_SpecInterface(i64* %in_stream_V_data_V, i8* %in_stream_V_keep_V, i8* %in_stream_V_strb_V, i1* %in_stream_V_user_V, i1* %in_stream_V_last_V, i1* %in_stream_V_id_V, i1* %in_stream_V_dest_V, [5 x i8]* @p_str4020, i32 1, i32 1, [5 x i8]* @p_str4021, i32 0, i32 0, [1 x i8]* @p_str4000, [1 x i8]* @p_str4000, [1 x i8]* @p_str4000, i32 0, i32 0, i32 0, i32 0, [1 x i8]* @p_str4000, [1 x i8]* @p_str4000) nounwind"   --->   Operation 50 'specinterface' <Predicate = true> <Delay = 0.00>
ST_1 : Operation 51 [1/1] (0.00ns)   --->   "call void (...)* @_ssdm_op_SpecInterface(i64* %in_stream_V_data_V, i8* %in_stream_V_keep_V, i8* %in_stream_V_strb_V, i1* %in_stream_V_user_V, i1* %in_stream_V_last_V, i1* %in_stream_V_id_V, i1* %in_stream_V_dest_V, [5 x i8]* @p_str4020, i32 1, i32 1, [5 x i8]* @p_str4021, i32 0, i32 0, [1 x i8]* @p_str4000, [1 x i8]* @p_str4000, [1 x i8]* @p_str4000, i32 0, i32 0, i32 0, i32 0, [1 x i8]* @p_str4000, [1 x i8]* @p_str4000) nounwind"   --->   Operation 51 'specinterface' <Predicate = true> <Delay = 0.00>
ST_1 : Operation 52 [1/1] (0.00ns)   --->   "call void (...)* @_ssdm_op_SpecInterface(i64* %in_stream_V_data_V, i8* %in_stream_V_keep_V, i8* %in_stream_V_strb_V, i1* %in_stream_V_user_V, i1* %in_stream_V_last_V, i1* %in_stream_V_id_V, i1* %in_stream_V_dest_V, [5 x i8]* @p_str4020, i32 1, i32 1, [5 x i8]* @p_str4021, i32 0, i32 0, [1 x i8]* @p_str4000, [1 x i8]* @p_str4000, [1 x i8]* @p_str4000, i32 0, i32 0, i32 0, i32 0, [1 x i8]* @p_str4000, [1 x i8]* @p_str4000) nounwind"   --->   Operation 52 'specinterface' <Predicate = true> <Delay = 0.00>
ST_1 : Operation 53 [1/1] (0.00ns)   --->   "call void (...)* @_ssdm_op_SpecInterface(i64* %in_stream_V_data_V, i8* %in_stream_V_keep_V, i8* %in_stream_V_strb_V, i1* %in_stream_V_user_V, i1* %in_stream_V_last_V, i1* %in_stream_V_id_V, i1* %in_stream_V_dest_V, [5 x i8]* @p_str4020, i32 1, i32 1, [5 x i8]* @p_str4021, i32 0, i32 0, [1 x i8]* @p_str4000, [1 x i8]* @p_str4000, [1 x i8]* @p_str4000, i32 0, i32 0, i32 0, i32 0, [1 x i8]* @p_str4000, [1 x i8]* @p_str4000) nounwind"   --->   Operation 53 'specinterface' <Predicate = true> <Delay = 0.00>
ST_1 : Operation 54 [1/1] (0.00ns)   --->   "call void (...)* @_ssdm_op_SpecInterface(i64* %in_stream_V_data_V, i8* %in_stream_V_keep_V, i8* %in_stream_V_strb_V, i1* %in_stream_V_user_V, i1* %in_stream_V_last_V, i1* %in_stream_V_id_V, i1* %in_stream_V_dest_V, [5 x i8]* @p_str4020, i32 1, i32 1, [5 x i8]* @p_str4021, i32 0, i32 0, [1 x i8]* @p_str4000, [1 x i8]* @p_str4000, [1 x i8]* @p_str4000, i32 0, i32 0, i32 0, i32 0, [1 x i8]* @p_str4000, [1 x i8]* @p_str4000) nounwind"   --->   Operation 54 'specinterface' <Predicate = true> <Delay = 0.00>
ST_1 : Operation 55 [1/1] (0.00ns)   --->   "call void (...)* @_ssdm_op_SpecInterface(i64* %in_stream_V_data_V, i8* %in_stream_V_keep_V, i8* %in_stream_V_strb_V, i1* %in_stream_V_user_V, i1* %in_stream_V_last_V, i1* %in_stream_V_id_V, i1* %in_stream_V_dest_V, [5 x i8]* @p_str4020, i32 1, i32 1, [5 x i8]* @p_str4021, i32 0, i32 0, [1 x i8]* @p_str4000, [1 x i8]* @p_str4000, [1 x i8]* @p_str4000, i32 0, i32 0, i32 0, i32 0, [1 x i8]* @p_str4000, [1 x i8]* @p_str4000) nounwind"   --->   Operation 55 'specinterface' <Predicate = true> <Delay = 0.00>
ST_1 : Operation 56 [1/1] (0.00ns)   --->   "call void (...)* @_ssdm_op_SpecInterface(i64* %in_stream_V_data_V, i8* %in_stream_V_keep_V, i8* %in_stream_V_strb_V, i1* %in_stream_V_user_V, i1* %in_stream_V_last_V, i1* %in_stream_V_id_V, i1* %in_stream_V_dest_V, [5 x i8]* @p_str4020, i32 1, i32 1, [5 x i8]* @p_str4021, i32 0, i32 0, [1 x i8]* @p_str4000, [1 x i8]* @p_str4000, [1 x i8]* @p_str4000, i32 0, i32 0, i32 0, i32 0, [1 x i8]* @p_str4000, [1 x i8]* @p_str4000) nounwind"   --->   Operation 56 'specinterface' <Predicate = true> <Delay = 0.00>
ST_1 : Operation 57 [1/1] (0.00ns)   --->   "call void (...)* @_ssdm_op_SpecInterface(i64* %in_stream_V_data_V, i8* %in_stream_V_keep_V, i8* %in_stream_V_strb_V, i1* %in_stream_V_user_V, i1* %in_stream_V_last_V, i1* %in_stream_V_id_V, i1* %in_stream_V_dest_V, [5 x i8]* @p_str4020, i32 1, i32 1, [5 x i8]* @p_str4021, i32 0, i32 0, [1 x i8]* @p_str4000, [1 x i8]* @p_str4000, [1 x i8]* @p_str4000, i32 0, i32 0, i32 0, i32 0, [1 x i8]* @p_str4000, [1 x i8]* @p_str4000) nounwind"   --->   Operation 57 'specinterface' <Predicate = true> <Delay = 0.00>
ST_1 : Operation 58 [1/1] (0.00ns)   --->   "call void (...)* @_ssdm_op_SpecInterface(i64* %in_stream_V_data_V, i8* %in_stream_V_keep_V, i8* %in_stream_V_strb_V, i1* %in_stream_V_user_V, i1* %in_stream_V_last_V, i1* %in_stream_V_id_V, i1* %in_stream_V_dest_V, [5 x i8]* @p_str4020, i32 1, i32 1, [5 x i8]* @p_str4021, i32 0, i32 0, [1 x i8]* @p_str4000, [1 x i8]* @p_str4000, [1 x i8]* @p_str4000, i32 0, i32 0, i32 0, i32 0, [1 x i8]* @p_str4000, [1 x i8]* @p_str4000) nounwind"   --->   Operation 58 'specinterface' <Predicate = true> <Delay = 0.00>
ST_1 : Operation 59 [1/1] (0.00ns)   --->   "call void (...)* @_ssdm_op_SpecInterface(i64* %in_stream_V_data_V, i8* %in_stream_V_keep_V, i8* %in_stream_V_strb_V, i1* %in_stream_V_user_V, i1* %in_stream_V_last_V, i1* %in_stream_V_id_V, i1* %in_stream_V_dest_V, [5 x i8]* @p_str4020, i32 1, i32 1, [5 x i8]* @p_str4021, i32 0, i32 0, [1 x i8]* @p_str4000, [1 x i8]* @p_str4000, [1 x i8]* @p_str4000, i32 0, i32 0, i32 0, i32 0, [1 x i8]* @p_str4000, [1 x i8]* @p_str4000) nounwind"   --->   Operation 59 'specinterface' <Predicate = true> <Delay = 0.00>
ST_1 : Operation 60 [1/1] (0.00ns)   --->   "call void (...)* @_ssdm_op_SpecInterface(i64* %in_stream_V_data_V, i8* %in_stream_V_keep_V, i8* %in_stream_V_strb_V, i1* %in_stream_V_user_V, i1* %in_stream_V_last_V, i1* %in_stream_V_id_V, i1* %in_stream_V_dest_V, [5 x i8]* @p_str4020, i32 1, i32 1, [5 x i8]* @p_str4021, i32 0, i32 0, [1 x i8]* @p_str4000, [1 x i8]* @p_str4000, [1 x i8]* @p_str4000, i32 0, i32 0, i32 0, i32 0, [1 x i8]* @p_str4000, [1 x i8]* @p_str4000) nounwind"   --->   Operation 60 'specinterface' <Predicate = true> <Delay = 0.00>
ST_1 : Operation 61 [1/1] (0.00ns)   --->   "call void (...)* @_ssdm_op_SpecInterface(i64* %in_stream_V_data_V, i8* %in_stream_V_keep_V, i8* %in_stream_V_strb_V, i1* %in_stream_V_user_V, i1* %in_stream_V_last_V, i1* %in_stream_V_id_V, i1* %in_stream_V_dest_V, [5 x i8]* @p_str4020, i32 1, i32 1, [5 x i8]* @p_str4021, i32 0, i32 0, [1 x i8]* @p_str4000, [1 x i8]* @p_str4000, [1 x i8]* @p_str4000, i32 0, i32 0, i32 0, i32 0, [1 x i8]* @p_str4000, [1 x i8]* @p_str4000) nounwind"   --->   Operation 61 'specinterface' <Predicate = true> <Delay = 0.00>
ST_1 : Operation 62 [1/1] (0.00ns)   --->   "call void (...)* @_ssdm_op_SpecInterface(i64* %in_stream_V_data_V, i8* %in_stream_V_keep_V, i8* %in_stream_V_strb_V, i1* %in_stream_V_user_V, i1* %in_stream_V_last_V, i1* %in_stream_V_id_V, i1* %in_stream_V_dest_V, [5 x i8]* @p_str4020, i32 1, i32 1, [5 x i8]* @p_str4021, i32 0, i32 0, [1 x i8]* @p_str4000, [1 x i8]* @p_str4000, [1 x i8]* @p_str4000, i32 0, i32 0, i32 0, i32 0, [1 x i8]* @p_str4000, [1 x i8]* @p_str4000) nounwind"   --->   Operation 62 'specinterface' <Predicate = true> <Delay = 0.00>
ST_1 : Operation 63 [1/1] (0.00ns)   --->   "call void (...)* @_ssdm_op_SpecInterface(i64* %in_stream_V_data_V, i8* %in_stream_V_keep_V, i8* %in_stream_V_strb_V, i1* %in_stream_V_user_V, i1* %in_stream_V_last_V, i1* %in_stream_V_id_V, i1* %in_stream_V_dest_V, [5 x i8]* @p_str4020, i32 1, i32 1, [5 x i8]* @p_str4021, i32 0, i32 0, [1 x i8]* @p_str4000, [1 x i8]* @p_str4000, [1 x i8]* @p_str4000, i32 0, i32 0, i32 0, i32 0, [1 x i8]* @p_str4000, [1 x i8]* @p_str4000) nounwind"   --->   Operation 63 'specinterface' <Predicate = true> <Delay = 0.00>
ST_1 : Operation 64 [1/1] (0.00ns)   --->   "call void (...)* @_ssdm_op_SpecInterface(i64* %in_stream_V_data_V, i8* %in_stream_V_keep_V, i8* %in_stream_V_strb_V, i1* %in_stream_V_user_V, i1* %in_stream_V_last_V, i1* %in_stream_V_id_V, i1* %in_stream_V_dest_V, [5 x i8]* @p_str4020, i32 1, i32 1, [5 x i8]* @p_str4021, i32 0, i32 0, [1 x i8]* @p_str4000, [1 x i8]* @p_str4000, [1 x i8]* @p_str4000, i32 0, i32 0, i32 0, i32 0, [1 x i8]* @p_str4000, [1 x i8]* @p_str4000) nounwind"   --->   Operation 64 'specinterface' <Predicate = true> <Delay = 0.00>
ST_1 : Operation 65 [1/1] (0.00ns)   --->   "call void (...)* @_ssdm_op_SpecInterface(i64* %in_stream_V_data_V, i8* %in_stream_V_keep_V, i8* %in_stream_V_strb_V, i1* %in_stream_V_user_V, i1* %in_stream_V_last_V, i1* %in_stream_V_id_V, i1* %in_stream_V_dest_V, [5 x i8]* @p_str4020, i32 1, i32 1, [5 x i8]* @p_str4021, i32 0, i32 0, [1 x i8]* @p_str4000, [1 x i8]* @p_str4000, [1 x i8]* @p_str4000, i32 0, i32 0, i32 0, i32 0, [1 x i8]* @p_str4000, [1 x i8]* @p_str4000) nounwind"   --->   Operation 65 'specinterface' <Predicate = true> <Delay = 0.00>
ST_1 : Operation 66 [1/1] (0.00ns)   --->   "call void (...)* @_ssdm_op_SpecInterface(i64* %in_stream_V_data_V, i8* %in_stream_V_keep_V, i8* %in_stream_V_strb_V, i1* %in_stream_V_user_V, i1* %in_stream_V_last_V, i1* %in_stream_V_id_V, i1* %in_stream_V_dest_V, [5 x i8]* @p_str4020, i32 1, i32 1, [5 x i8]* @p_str4021, i32 0, i32 0, [1 x i8]* @p_str4000, [1 x i8]* @p_str4000, [1 x i8]* @p_str4000, i32 0, i32 0, i32 0, i32 0, [1 x i8]* @p_str4000, [1 x i8]* @p_str4000) nounwind"   --->   Operation 66 'specinterface' <Predicate = true> <Delay = 0.00>
ST_1 : Operation 67 [1/1] (0.00ns)   --->   "call void (...)* @_ssdm_op_SpecInterface(i31* %n_out, [8 x i8]* @ap_fifo_str, i32 0, i32 0, [1 x i8]* @p_str, i32 0, i32 0, [1 x i8]* @p_str, [1 x i8]* @p_str, [1 x i8]* @p_str, i32 2, i32 2, i32 16, i32 16, [1 x i8]* @p_str, [1 x i8]* @p_str)"   --->   Operation 67 'specinterface' <Predicate = true> <Delay = 0.00>
ST_1 : Operation 68 [1/1] (3.63ns)   --->   "call void @_ssdm_op_Write.ap_fifo.i31P(i31* %n_out, i31 %n_read)"   --->   Operation 68 'write' <Predicate = true> <Delay = 3.63> <Core = "FIFO">   --->   Core 32 'FIFO' <Latency = 0> <II = 1> <Delay = 3.63> <Storage> <Opcode : 'read' 'write' 'nbread' 'nbwrite'> <Ports = 0> <Width = 32> <Depth = 2> <FIFO>
ST_1 : Operation 69 [1/1] (0.00ns)   --->   "call void (...)* @_ssdm_op_SpecInterface(i32* %num_images_out, [8 x i8]* @ap_fifo_str, i32 0, i32 0, [1 x i8]* @p_str, i32 0, i32 0, [1 x i8]* @p_str, [1 x i8]* @p_str, [1 x i8]* @p_str, i32 2, i32 2, i32 16, i32 16, [1 x i8]* @p_str, [1 x i8]* @p_str)"   --->   Operation 69 'specinterface' <Predicate = true> <Delay = 0.00>
ST_1 : Operation 70 [1/1] (3.63ns)   --->   "call void @_ssdm_op_Write.ap_fifo.i32P(i32* %num_images_out, i32 %num_images_read)"   --->   Operation 70 'write' <Predicate = true> <Delay = 3.63> <Core = "FIFO">   --->   Core 32 'FIFO' <Latency = 0> <II = 1> <Delay = 3.63> <Storage> <Opcode : 'read' 'write' 'nbread' 'nbwrite'> <Ports = 0> <Width = 32> <Depth = 2> <FIFO>
ST_1 : Operation 71 [1/1] (0.00ns)   --->   "call void (...)* @_ssdm_op_SpecInterface(i64* %in_stream_V_data_V, i8* %in_stream_V_keep_V, i8* %in_stream_V_strb_V, i1* %in_stream_V_user_V, i1* %in_stream_V_last_V, i1* %in_stream_V_id_V, i1* %in_stream_V_dest_V, [5 x i8]* @p_str4020, i32 1, i32 1, [5 x i8]* @p_str4021, i32 0, i32 0, [1 x i8]* @p_str4000, [1 x i8]* @p_str4000, [1 x i8]* @p_str4000, i32 0, i32 0, i32 0, i32 0, [1 x i8]* @p_str4000, [1 x i8]* @p_str4000) nounwind"   --->   Operation 71 'specinterface' <Predicate = true> <Delay = 0.00>
ST_1 : Operation 72 [1/1] (0.00ns)   --->   "call void (...)* @_ssdm_op_SpecInterface(i64* %in_stream_V_data_V, i8* %in_stream_V_keep_V, i8* %in_stream_V_strb_V, i1* %in_stream_V_user_V, i1* %in_stream_V_last_V, i1* %in_stream_V_id_V, i1* %in_stream_V_dest_V, [5 x i8]* @p_str4020, i32 1, i32 1, [5 x i8]* @p_str4021, i32 0, i32 0, [1 x i8]* @p_str4000, [1 x i8]* @p_str4000, [1 x i8]* @p_str4000, i32 0, i32 0, i32 0, i32 0, [1 x i8]* @p_str4000, [1 x i8]* @p_str4000) nounwind"   --->   Operation 72 'specinterface' <Predicate = true> <Delay = 0.00>
ST_1 : Operation 73 [1/1] (0.00ns)   --->   "call void (...)* @_ssdm_op_SpecInterface(i64* %in_stream_V_data_V, i8* %in_stream_V_keep_V, i8* %in_stream_V_strb_V, i1* %in_stream_V_user_V, i1* %in_stream_V_last_V, i1* %in_stream_V_id_V, i1* %in_stream_V_dest_V, [5 x i8]* @p_str4020, i32 1, i32 1, [5 x i8]* @p_str4021, i32 0, i32 0, [1 x i8]* @p_str4000, [1 x i8]* @p_str4000, [1 x i8]* @p_str4000, i32 0, i32 0, i32 0, i32 0, [1 x i8]* @p_str4000, [1 x i8]* @p_str4000) nounwind"   --->   Operation 73 'specinterface' <Predicate = true> <Delay = 0.00>
ST_1 : Operation 74 [1/1] (0.00ns)   --->   "call void (...)* @_ssdm_op_SpecInterface(i64* %in_stream_V_data_V, i8* %in_stream_V_keep_V, i8* %in_stream_V_strb_V, i1* %in_stream_V_user_V, i1* %in_stream_V_last_V, i1* %in_stream_V_id_V, i1* %in_stream_V_dest_V, [5 x i8]* @p_str4020, i32 1, i32 1, [5 x i8]* @p_str4021, i32 0, i32 0, [1 x i8]* @p_str4000, [1 x i8]* @p_str4000, [1 x i8]* @p_str4000, i32 0, i32 0, i32 0, i32 0, [1 x i8]* @p_str4000, [1 x i8]* @p_str4000) nounwind"   --->   Operation 74 'specinterface' <Predicate = true> <Delay = 0.00>
ST_1 : Operation 75 [1/1] (0.00ns)   --->   "call void (...)* @_ssdm_op_SpecInterface(i64* %in_stream_V_data_V, i8* %in_stream_V_keep_V, i8* %in_stream_V_strb_V, i1* %in_stream_V_user_V, i1* %in_stream_V_last_V, i1* %in_stream_V_id_V, i1* %in_stream_V_dest_V, [5 x i8]* @p_str4020, i32 1, i32 1, [5 x i8]* @p_str4021, i32 0, i32 0, [1 x i8]* @p_str4000, [1 x i8]* @p_str4000, [1 x i8]* @p_str4000, i32 0, i32 0, i32 0, i32 0, [1 x i8]* @p_str4000, [1 x i8]* @p_str4000) nounwind"   --->   Operation 75 'specinterface' <Predicate = true> <Delay = 0.00>
ST_1 : Operation 76 [1/1] (0.00ns)   --->   "call void (...)* @_ssdm_op_SpecInterface(i64* %in_stream_V_data_V, i8* %in_stream_V_keep_V, i8* %in_stream_V_strb_V, i1* %in_stream_V_user_V, i1* %in_stream_V_last_V, i1* %in_stream_V_id_V, i1* %in_stream_V_dest_V, [5 x i8]* @p_str4020, i32 1, i32 1, [5 x i8]* @p_str4021, i32 0, i32 0, [1 x i8]* @p_str4000, [1 x i8]* @p_str4000, [1 x i8]* @p_str4000, i32 0, i32 0, i32 0, i32 0, [1 x i8]* @p_str4000, [1 x i8]* @p_str4000) nounwind"   --->   Operation 76 'specinterface' <Predicate = true> <Delay = 0.00>
ST_1 : Operation 77 [1/1] (0.00ns)   --->   "call void (...)* @_ssdm_op_SpecInterface(i64* %in_stream_V_data_V, i8* %in_stream_V_keep_V, i8* %in_stream_V_strb_V, i1* %in_stream_V_user_V, i1* %in_stream_V_last_V, i1* %in_stream_V_id_V, i1* %in_stream_V_dest_V, [5 x i8]* @p_str4020, i32 1, i32 1, [5 x i8]* @p_str4021, i32 0, i32 0, [1 x i8]* @p_str4000, [1 x i8]* @p_str4000, [1 x i8]* @p_str4000, i32 0, i32 0, i32 0, i32 0, [1 x i8]* @p_str4000, [1 x i8]* @p_str4000) nounwind"   --->   Operation 77 'specinterface' <Predicate = true> <Delay = 0.00>
ST_1 : Operation 78 [1/1] (0.00ns)   --->   "call void (...)* @_ssdm_op_SpecMemCore([31 x i128]* %x_pack_V, [1 x i8]* @p_str4000, [12 x i8]* @p_str4026, [1 x i8]* @p_str4000, i32 -1, [1 x i8]* @p_str4000, [1 x i8]* @p_str4000, [1 x i8]* @p_str4000, [1 x i8]* @p_str4000, [1 x i8]* @p_str4000)"   --->   Operation 78 'specmemcore' <Predicate = true> <Delay = 0.00>
ST_1 : Operation 79 [1/1] (0.00ns)   --->   "call void (...)* @_ssdm_op_SpecInterface(i64* %in_stream_V_data_V, i8* %in_stream_V_keep_V, i8* %in_stream_V_strb_V, i1* %in_stream_V_user_V, i1* %in_stream_V_last_V, i1* %in_stream_V_id_V, i1* %in_stream_V_dest_V, [5 x i8]* @p_str4020, i32 1, i32 1, [5 x i8]* @p_str4021, i32 0, i32 0, [1 x i8]* @p_str4000, [1 x i8]* @p_str4000, [1 x i8]* @p_str4000, i32 0, i32 0, i32 0, i32 0, [1 x i8]* @p_str4000, [1 x i8]* @p_str4000) nounwind"   --->   Operation 79 'specinterface' <Predicate = true> <Delay = 0.00>
ST_1 : Operation 80 [1/1] (1.76ns)   --->   "br label %0" [MathieuHelpMe/Classifier.cpp:40]   --->   Operation 80 'br' <Predicate = true> <Delay = 1.76>

State 2 <SV = 1> <Delay = 2.34>
ST_2 : Operation 81 [1/1] (0.00ns)   --->   "%agg_result_V_write_a = phi i24 [ 0, %entry ], [ %calculated_norm_V, %1 ]"   --->   Operation 81 'phi' 'agg_result_V_write_a' <Predicate = true> <Delay = 0.00>
ST_2 : Operation 82 [1/1] (0.00ns)   --->   "%g_i_i = phi i5 [ 0, %entry ], [ %g, %1 ]"   --->   Operation 82 'phi' 'g_i_i' <Predicate = true> <Delay = 0.00>
ST_2 : Operation 83 [1/1] (1.36ns)   --->   "%exitcond1_i_i = icmp eq i5 %g_i_i, -1" [MathieuHelpMe/Classifier.cpp:40]   --->   Operation 83 'icmp' 'exitcond1_i_i' <Predicate = true> <Delay = 1.36> <Core = "Cmp">   --->   Core 25 'Cmp' <Latency = 0> <II = 1> <Delay = 1.36> <FuncUnit> <Opcode : 'icmp'> <InPorts = 2> <OutPorts = 1>
ST_2 : Operation 84 [1/1] (0.00ns)   --->   "call void (...)* @_ssdm_op_SpecLoopTripCount(i64 31, i64 31, i64 31)"   --->   Operation 84 'speclooptripcount' <Predicate = true> <Delay = 0.00>
ST_2 : Operation 85 [1/1] (1.78ns)   --->   "%g = add i5 %g_i_i, 1" [MathieuHelpMe/Classifier.cpp:40]   --->   Operation 85 'add' 'g' <Predicate = true> <Delay = 1.78> <Core = "AddSub">   --->   Core 14 'AddSub' <Latency = 0> <II = 1> <Delay = 2.31> <FuncUnit> <Opcode : 'add' 'sub'> <InPorts = 2> <OutPorts = 1>
ST_2 : Operation 86 [1/1] (0.00ns)   --->   "br i1 %exitcond1_i_i, label %.exit, label %1" [MathieuHelpMe/Classifier.cpp:40]   --->   Operation 86 'br' <Predicate = true> <Delay = 0.00>
ST_2 : Operation 87 [2/2] (0.00ns)   --->   "%empty = call { i64, i8, i8, i1, i1, i1, i1 } @_ssdm_op_Read.axis.volatile.i64P.i8P.i8P.i1P.i1P.i1P.i1P(i64* %in_stream_V_data_V, i8* %in_stream_V_keep_V, i8* %in_stream_V_strb_V, i1* %in_stream_V_user_V, i1* %in_stream_V_last_V, i1* %in_stream_V_id_V, i1* %in_stream_V_dest_V)" [MathieuHelpMe/Classifier.cpp:44]   --->   Operation 87 'read' 'empty' <Predicate = (!exitcond1_i_i)> <Delay = 0.00> <Core = "AXI4Stream">   --->   Core 5 'AXI4Stream' <Latency = 0> <II = 1> <Delay = 1.00> <Adapter> <Opcode : >

State 3 <SV = 2> <Delay = 4.17>
ST_3 : Operation 88 [1/2] (0.00ns)   --->   "%empty = call { i64, i8, i8, i1, i1, i1, i1 } @_ssdm_op_Read.axis.volatile.i64P.i8P.i8P.i1P.i1P.i1P.i1P(i64* %in_stream_V_data_V, i8* %in_stream_V_keep_V, i8* %in_stream_V_strb_V, i1* %in_stream_V_user_V, i1* %in_stream_V_last_V, i1* %in_stream_V_id_V, i1* %in_stream_V_dest_V)" [MathieuHelpMe/Classifier.cpp:44]   --->   Operation 88 'read' 'empty' <Predicate = (!exitcond1_i_i)> <Delay = 0.00> <Core = "AXI4Stream">   --->   Core 5 'AXI4Stream' <Latency = 0> <II = 1> <Delay = 1.00> <Adapter> <Opcode : >
ST_3 : Operation 89 [1/1] (0.00ns)   --->   "%tmp_data_V = extractvalue { i64, i8, i8, i1, i1, i1, i1 } %empty, 0" [MathieuHelpMe/Classifier.cpp:44]   --->   Operation 89 'extractvalue' 'tmp_data_V' <Predicate = (!exitcond1_i_i)> <Delay = 0.00>
ST_3 : Operation 90 [1/1] (0.00ns)   --->   "%tmp_1 = trunc i64 %tmp_data_V to i8" [MathieuHelpMe/Classifier.cpp:48]   --->   Operation 90 'trunc' 'tmp_1' <Predicate = (!exitcond1_i_i)> <Delay = 0.00>
ST_3 : Operation 91 [1/1] (0.00ns)   --->   "%p_Result_0_1_i_i = call i8 @_ssdm_op_PartSelect.i8.i64.i32.i32(i64 %tmp_data_V, i32 8, i32 15)" [MathieuHelpMe/Classifier.cpp:48]   --->   Operation 91 'partselect' 'p_Result_0_1_i_i' <Predicate = (!exitcond1_i_i)> <Delay = 0.00>
ST_3 : Operation 92 [1/1] (0.00ns)   --->   "%p_Result_0_2_i_i = call i8 @_ssdm_op_PartSelect.i8.i64.i32.i32(i64 %tmp_data_V, i32 16, i32 23)" [MathieuHelpMe/Classifier.cpp:48]   --->   Operation 92 'partselect' 'p_Result_0_2_i_i' <Predicate = (!exitcond1_i_i)> <Delay = 0.00>
ST_3 : Operation 93 [1/1] (0.00ns)   --->   "%p_Result_0_3_i_i = call i8 @_ssdm_op_PartSelect.i8.i64.i32.i32(i64 %tmp_data_V, i32 24, i32 31)" [MathieuHelpMe/Classifier.cpp:48]   --->   Operation 93 'partselect' 'p_Result_0_3_i_i' <Predicate = (!exitcond1_i_i)> <Delay = 0.00>
ST_3 : Operation 94 [1/1] (0.00ns)   --->   "%p_Result_0_4_i_i = call i8 @_ssdm_op_PartSelect.i8.i64.i32.i32(i64 %tmp_data_V, i32 32, i32 39)" [MathieuHelpMe/Classifier.cpp:48]   --->   Operation 94 'partselect' 'p_Result_0_4_i_i' <Predicate = (!exitcond1_i_i)> <Delay = 0.00>
ST_3 : Operation 95 [1/1] (0.00ns)   --->   "%p_Result_0_5_i_i = call i8 @_ssdm_op_PartSelect.i8.i64.i32.i32(i64 %tmp_data_V, i32 40, i32 47)" [MathieuHelpMe/Classifier.cpp:48]   --->   Operation 95 'partselect' 'p_Result_0_5_i_i' <Predicate = (!exitcond1_i_i)> <Delay = 0.00>
ST_3 : Operation 96 [1/1] (0.00ns)   --->   "%OP1_V_0_5_i_i = sext i8 %p_Result_0_5_i_i to i16" [MathieuHelpMe/Classifier.cpp:53]   --->   Operation 96 'sext' 'OP1_V_0_5_i_i' <Predicate = (!exitcond1_i_i)> <Delay = 0.00>
ST_3 : Operation 97 [1/1] (4.17ns)   --->   "%sq_V_6 = mul i16 %OP1_V_0_5_i_i, %OP1_V_0_5_i_i" [MathieuHelpMe/Classifier.cpp:53]   --->   Operation 97 'mul' 'sq_V_6' <Predicate = (!exitcond1_i_i)> <Delay = 4.17> <Core = "Mul">   --->   Core 16 'Mul' <Latency = 0> <II = 1> <Delay = 4.17> <FuncUnit> <Opcode : 'mul'> <InPorts = 2> <OutPorts = 1>
ST_3 : Operation 98 [1/1] (0.00ns)   --->   "%p_Result_0_6_i_i = call i8 @_ssdm_op_PartSelect.i8.i64.i32.i32(i64 %tmp_data_V, i32 48, i32 55)" [MathieuHelpMe/Classifier.cpp:48]   --->   Operation 98 'partselect' 'p_Result_0_6_i_i' <Predicate = (!exitcond1_i_i)> <Delay = 0.00>
ST_3 : Operation 99 [1/1] (0.00ns)   --->   "%p_Result_0_7_i_i = call i8 @_ssdm_op_PartSelect.i8.i64.i32.i32(i64 %tmp_data_V, i32 56, i32 63)" [MathieuHelpMe/Classifier.cpp:48]   --->   Operation 99 'partselect' 'p_Result_0_7_i_i' <Predicate = (!exitcond1_i_i)> <Delay = 0.00>
ST_3 : Operation 100 [2/2] (0.00ns)   --->   "%empty_37 = call { i64, i8, i8, i1, i1, i1, i1 } @_ssdm_op_Read.axis.volatile.i64P.i8P.i8P.i1P.i1P.i1P.i1P(i64* %in_stream_V_data_V, i8* %in_stream_V_keep_V, i8* %in_stream_V_strb_V, i1* %in_stream_V_user_V, i1* %in_stream_V_last_V, i1* %in_stream_V_id_V, i1* %in_stream_V_dest_V)" [MathieuHelpMe/Classifier.cpp:44]   --->   Operation 100 'read' 'empty_37' <Predicate = (!exitcond1_i_i)> <Delay = 0.00> <Core = "AXI4Stream">   --->   Core 5 'AXI4Stream' <Latency = 0> <II = 1> <Delay = 1.00> <Adapter> <Opcode : >

State 4 <SV = 3> <Delay = 6.48>
ST_4 : Operation 101 [1/1] (0.00ns)   --->   "%tmp_9_0_5_i_i = call i24 @_ssdm_op_BitConcatenate.i24.i16.i8(i16 %sq_V_6, i8 0)" [MathieuHelpMe/Classifier.cpp:54]   --->   Operation 101 'bitconcatenate' 'tmp_9_0_5_i_i' <Predicate = (!exitcond1_i_i)> <Delay = 0.00>
ST_4 : Operation 102 [1/2] (0.00ns)   --->   "%empty_37 = call { i64, i8, i8, i1, i1, i1, i1 } @_ssdm_op_Read.axis.volatile.i64P.i8P.i8P.i1P.i1P.i1P.i1P(i64* %in_stream_V_data_V, i8* %in_stream_V_keep_V, i8* %in_stream_V_strb_V, i1* %in_stream_V_user_V, i1* %in_stream_V_last_V, i1* %in_stream_V_id_V, i1* %in_stream_V_dest_V)" [MathieuHelpMe/Classifier.cpp:44]   --->   Operation 102 'read' 'empty_37' <Predicate = (!exitcond1_i_i)> <Delay = 0.00> <Core = "AXI4Stream">   --->   Core 5 'AXI4Stream' <Latency = 0> <II = 1> <Delay = 1.00> <Adapter> <Opcode : >
ST_4 : Operation 103 [1/1] (0.00ns)   --->   "%tmp_data_V_1 = extractvalue { i64, i8, i8, i1, i1, i1, i1 } %empty_37, 0" [MathieuHelpMe/Classifier.cpp:44]   --->   Operation 103 'extractvalue' 'tmp_data_V_1' <Predicate = (!exitcond1_i_i)> <Delay = 0.00>
ST_4 : Operation 104 [1/1] (0.00ns)   --->   "%tmp_2 = trunc i64 %tmp_data_V_1 to i8" [MathieuHelpMe/Classifier.cpp:48]   --->   Operation 104 'trunc' 'tmp_2' <Predicate = (!exitcond1_i_i)> <Delay = 0.00>
ST_4 : Operation 105 [1/1] (0.00ns)   --->   "%OP1_V_1_i_i = sext i8 %tmp_2 to i16" [MathieuHelpMe/Classifier.cpp:53]   --->   Operation 105 'sext' 'OP1_V_1_i_i' <Predicate = (!exitcond1_i_i)> <Delay = 0.00>
ST_4 : Operation 106 [1/1] (4.17ns)   --->   "%sq_V_9 = mul i16 %OP1_V_1_i_i, %OP1_V_1_i_i" [MathieuHelpMe/Classifier.cpp:53]   --->   Operation 106 'mul' 'sq_V_9' <Predicate = (!exitcond1_i_i)> <Delay = 4.17> <Core = "Mul">   --->   Core 16 'Mul' <Latency = 0> <II = 1> <Delay = 4.17> <FuncUnit> <Opcode : 'mul'> <InPorts = 2> <OutPorts = 1>
ST_4 : Operation 107 [1/1] (0.00ns)   --->   "%p_Result_1_1_i_i = call i8 @_ssdm_op_PartSelect.i8.i64.i32.i32(i64 %tmp_data_V_1, i32 8, i32 15)" [MathieuHelpMe/Classifier.cpp:48]   --->   Operation 107 'partselect' 'p_Result_1_1_i_i' <Predicate = (!exitcond1_i_i)> <Delay = 0.00>
ST_4 : Operation 108 [1/1] (0.00ns)   --->   "%OP1_V_1_1_i_i = sext i8 %p_Result_1_1_i_i to i16" [MathieuHelpMe/Classifier.cpp:53]   --->   Operation 108 'sext' 'OP1_V_1_1_i_i' <Predicate = (!exitcond1_i_i)> <Delay = 0.00>
ST_4 : Operation 109 [1/1] (4.17ns)   --->   "%sq_V_10 = mul i16 %OP1_V_1_1_i_i, %OP1_V_1_1_i_i" [MathieuHelpMe/Classifier.cpp:53]   --->   Operation 109 'mul' 'sq_V_10' <Predicate = (!exitcond1_i_i)> <Delay = 4.17> <Core = "Mul">   --->   Core 16 'Mul' <Latency = 0> <II = 1> <Delay = 4.17> <FuncUnit> <Opcode : 'mul'> <InPorts = 2> <OutPorts = 1>
ST_4 : Operation 110 [1/1] (0.00ns)   --->   "%tmp_9_1_1_i_i = call i24 @_ssdm_op_BitConcatenate.i24.i16.i8(i16 %sq_V_10, i8 0)" [MathieuHelpMe/Classifier.cpp:54]   --->   Operation 110 'bitconcatenate' 'tmp_9_1_1_i_i' <Predicate = (!exitcond1_i_i)> <Delay = 0.00>
ST_4 : Operation 111 [1/1] (0.00ns)   --->   "%p_Result_1_2_i_i = call i8 @_ssdm_op_PartSelect.i8.i64.i32.i32(i64 %tmp_data_V_1, i32 16, i32 23)" [MathieuHelpMe/Classifier.cpp:48]   --->   Operation 111 'partselect' 'p_Result_1_2_i_i' <Predicate = (!exitcond1_i_i)> <Delay = 0.00>
ST_4 : Operation 112 [1/1] (0.00ns)   --->   "%OP1_V_1_2_i_i = sext i8 %p_Result_1_2_i_i to i16" [MathieuHelpMe/Classifier.cpp:53]   --->   Operation 112 'sext' 'OP1_V_1_2_i_i' <Predicate = (!exitcond1_i_i)> <Delay = 0.00>
ST_4 : Operation 113 [1/1] (4.17ns)   --->   "%sq_V_11 = mul i16 %OP1_V_1_2_i_i, %OP1_V_1_2_i_i" [MathieuHelpMe/Classifier.cpp:53]   --->   Operation 113 'mul' 'sq_V_11' <Predicate = (!exitcond1_i_i)> <Delay = 4.17> <Core = "Mul">   --->   Core 16 'Mul' <Latency = 0> <II = 1> <Delay = 4.17> <FuncUnit> <Opcode : 'mul'> <InPorts = 2> <OutPorts = 1>
ST_4 : Operation 114 [1/1] (0.00ns)   --->   "%tmp_9_1_2_i_i = call i24 @_ssdm_op_BitConcatenate.i24.i16.i8(i16 %sq_V_11, i8 0)" [MathieuHelpMe/Classifier.cpp:54]   --->   Operation 114 'bitconcatenate' 'tmp_9_1_2_i_i' <Predicate = (!exitcond1_i_i)> <Delay = 0.00>
ST_4 : Operation 115 [1/1] (0.00ns)   --->   "%p_Result_1_3_i_i = call i8 @_ssdm_op_PartSelect.i8.i64.i32.i32(i64 %tmp_data_V_1, i32 24, i32 31)" [MathieuHelpMe/Classifier.cpp:48]   --->   Operation 115 'partselect' 'p_Result_1_3_i_i' <Predicate = (!exitcond1_i_i)> <Delay = 0.00>
ST_4 : Operation 116 [1/1] (0.00ns)   --->   "%OP1_V_1_3_i_i = sext i8 %p_Result_1_3_i_i to i16" [MathieuHelpMe/Classifier.cpp:53]   --->   Operation 116 'sext' 'OP1_V_1_3_i_i' <Predicate = (!exitcond1_i_i)> <Delay = 0.00>
ST_4 : Operation 117 [1/1] (4.17ns)   --->   "%sq_V_12 = mul i16 %OP1_V_1_3_i_i, %OP1_V_1_3_i_i" [MathieuHelpMe/Classifier.cpp:53]   --->   Operation 117 'mul' 'sq_V_12' <Predicate = (!exitcond1_i_i)> <Delay = 4.17> <Core = "Mul">   --->   Core 16 'Mul' <Latency = 0> <II = 1> <Delay = 4.17> <FuncUnit> <Opcode : 'mul'> <InPorts = 2> <OutPorts = 1>
ST_4 : Operation 118 [1/1] (0.00ns)   --->   "%tmp_9_1_3_i_i = call i24 @_ssdm_op_BitConcatenate.i24.i16.i8(i16 %sq_V_12, i8 0)" [MathieuHelpMe/Classifier.cpp:54]   --->   Operation 118 'bitconcatenate' 'tmp_9_1_3_i_i' <Predicate = (!exitcond1_i_i)> <Delay = 0.00>
ST_4 : Operation 119 [1/1] (0.00ns)   --->   "%p_Result_1_4_i_i = call i8 @_ssdm_op_PartSelect.i8.i64.i32.i32(i64 %tmp_data_V_1, i32 32, i32 39)" [MathieuHelpMe/Classifier.cpp:48]   --->   Operation 119 'partselect' 'p_Result_1_4_i_i' <Predicate = (!exitcond1_i_i)> <Delay = 0.00>
ST_4 : Operation 120 [1/1] (0.00ns)   --->   "%OP1_V_1_4_i_i = sext i8 %p_Result_1_4_i_i to i16" [MathieuHelpMe/Classifier.cpp:53]   --->   Operation 120 'sext' 'OP1_V_1_4_i_i' <Predicate = (!exitcond1_i_i)> <Delay = 0.00>
ST_4 : Operation 121 [1/1] (4.17ns)   --->   "%sq_V_13 = mul i16 %OP1_V_1_4_i_i, %OP1_V_1_4_i_i" [MathieuHelpMe/Classifier.cpp:53]   --->   Operation 121 'mul' 'sq_V_13' <Predicate = (!exitcond1_i_i)> <Delay = 4.17> <Core = "Mul">   --->   Core 16 'Mul' <Latency = 0> <II = 1> <Delay = 4.17> <FuncUnit> <Opcode : 'mul'> <InPorts = 2> <OutPorts = 1>
ST_4 : Operation 122 [1/1] (0.00ns)   --->   "%tmp_9_1_4_i_i = call i24 @_ssdm_op_BitConcatenate.i24.i16.i8(i16 %sq_V_13, i8 0)" [MathieuHelpMe/Classifier.cpp:54]   --->   Operation 122 'bitconcatenate' 'tmp_9_1_4_i_i' <Predicate = (!exitcond1_i_i)> <Delay = 0.00>
ST_4 : Operation 123 [1/1] (0.00ns)   --->   "%p_Result_1_5_i_i = call i8 @_ssdm_op_PartSelect.i8.i64.i32.i32(i64 %tmp_data_V_1, i32 40, i32 47)" [MathieuHelpMe/Classifier.cpp:48]   --->   Operation 123 'partselect' 'p_Result_1_5_i_i' <Predicate = (!exitcond1_i_i)> <Delay = 0.00>
ST_4 : Operation 124 [1/1] (0.00ns)   --->   "%OP1_V_1_5_i_i = sext i8 %p_Result_1_5_i_i to i16" [MathieuHelpMe/Classifier.cpp:53]   --->   Operation 124 'sext' 'OP1_V_1_5_i_i' <Predicate = (!exitcond1_i_i)> <Delay = 0.00>
ST_4 : Operation 125 [1/1] (4.17ns)   --->   "%sq_V_14 = mul i16 %OP1_V_1_5_i_i, %OP1_V_1_5_i_i" [MathieuHelpMe/Classifier.cpp:53]   --->   Operation 125 'mul' 'sq_V_14' <Predicate = (!exitcond1_i_i)> <Delay = 4.17> <Core = "Mul">   --->   Core 16 'Mul' <Latency = 0> <II = 1> <Delay = 4.17> <FuncUnit> <Opcode : 'mul'> <InPorts = 2> <OutPorts = 1>
ST_4 : Operation 126 [1/1] (0.00ns)   --->   "%tmp_9_1_5_i_i = call i24 @_ssdm_op_BitConcatenate.i24.i16.i8(i16 %sq_V_14, i8 0)" [MathieuHelpMe/Classifier.cpp:54]   --->   Operation 126 'bitconcatenate' 'tmp_9_1_5_i_i' <Predicate = (!exitcond1_i_i)> <Delay = 0.00>
ST_4 : Operation 127 [1/1] (0.00ns)   --->   "%p_Result_1_6_i_i = call i8 @_ssdm_op_PartSelect.i8.i64.i32.i32(i64 %tmp_data_V_1, i32 48, i32 55)" [MathieuHelpMe/Classifier.cpp:48]   --->   Operation 127 'partselect' 'p_Result_1_6_i_i' <Predicate = (!exitcond1_i_i)> <Delay = 0.00>
ST_4 : Operation 128 [1/1] (0.00ns)   --->   "%OP1_V_1_6_i_i = sext i8 %p_Result_1_6_i_i to i16" [MathieuHelpMe/Classifier.cpp:53]   --->   Operation 128 'sext' 'OP1_V_1_6_i_i' <Predicate = (!exitcond1_i_i)> <Delay = 0.00>
ST_4 : Operation 129 [1/1] (4.17ns)   --->   "%sq_V_15 = mul i16 %OP1_V_1_6_i_i, %OP1_V_1_6_i_i" [MathieuHelpMe/Classifier.cpp:53]   --->   Operation 129 'mul' 'sq_V_15' <Predicate = (!exitcond1_i_i)> <Delay = 4.17> <Core = "Mul">   --->   Core 16 'Mul' <Latency = 0> <II = 1> <Delay = 4.17> <FuncUnit> <Opcode : 'mul'> <InPorts = 2> <OutPorts = 1>
ST_4 : Operation 130 [1/1] (0.00ns)   --->   "%tmp_9_1_6_i_i = call i24 @_ssdm_op_BitConcatenate.i24.i16.i8(i16 %sq_V_15, i8 0)" [MathieuHelpMe/Classifier.cpp:54]   --->   Operation 130 'bitconcatenate' 'tmp_9_1_6_i_i' <Predicate = (!exitcond1_i_i)> <Delay = 0.00>
ST_4 : Operation 131 [1/1] (0.00ns)   --->   "%p_Result_1_7_i_i = call i8 @_ssdm_op_PartSelect.i8.i64.i32.i32(i64 %tmp_data_V_1, i32 56, i32 63)" [MathieuHelpMe/Classifier.cpp:48]   --->   Operation 131 'partselect' 'p_Result_1_7_i_i' <Predicate = (!exitcond1_i_i)> <Delay = 0.00>
ST_4 : Operation 132 [1/1] (0.00ns)   --->   "%OP1_V_1_7_i_i = sext i8 %p_Result_1_7_i_i to i16" [MathieuHelpMe/Classifier.cpp:53]   --->   Operation 132 'sext' 'OP1_V_1_7_i_i' <Predicate = (!exitcond1_i_i)> <Delay = 0.00>
ST_4 : Operation 133 [1/1] (4.17ns)   --->   "%sq_V_16 = mul i16 %OP1_V_1_7_i_i, %OP1_V_1_7_i_i" [MathieuHelpMe/Classifier.cpp:53]   --->   Operation 133 'mul' 'sq_V_16' <Predicate = (!exitcond1_i_i)> <Delay = 4.17> <Core = "Mul">   --->   Core 16 'Mul' <Latency = 0> <II = 1> <Delay = 4.17> <FuncUnit> <Opcode : 'mul'> <InPorts = 2> <OutPorts = 1>
ST_4 : Operation 134 [1/1] (0.00ns)   --->   "store i16 %sq_V_16, i16* %sq_V, align 2" [MathieuHelpMe/Classifier.cpp:53]   --->   Operation 134 'store' <Predicate = (!exitcond1_i_i)> <Delay = 0.00>
ST_4 : Operation 135 [1/1] (0.00ns)   --->   "call void (...)* @_ssdm_op_SpecResource(i16 %sq_V_16, [51 x i8]* @p_str4004, [1 x i8]* @p_str4000, [6 x i8]* @p_str4005, [1 x i8]* @p_str4000, i32 -1, [1 x i8]* @p_str4000, [1 x i8]* @p_str4000, [1 x i8]* @p_str4000, [1 x i8]* @p_str4000, [1 x i8]* @p_str4000)" [MathieuHelpMe/Classifier.cpp:54]   --->   Operation 135 'specresource' <Predicate = (!exitcond1_i_i)> <Delay = 0.00>
ST_4 : Operation 136 [1/1] (0.00ns)   --->   "%tmp_9_1_7_i_i = call i24 @_ssdm_op_BitConcatenate.i24.i16.i8(i16 %sq_V_16, i8 0)" [MathieuHelpMe/Classifier.cpp:54]   --->   Operation 136 'bitconcatenate' 'tmp_9_1_7_i_i' <Predicate = (!exitcond1_i_i)> <Delay = 0.00>
ST_4 : Operation 137 [1/1] (2.31ns)   --->   "%tmp = add i24 %tmp_9_1_5_i_i, %tmp_9_1_6_i_i" [MathieuHelpMe/Classifier.cpp:54]   --->   Operation 137 'add' 'tmp' <Predicate = (!exitcond1_i_i)> <Delay = 2.31> <Core = "AddSub">   --->   Core 14 'AddSub' <Latency = 0> <II = 1> <Delay = 2.31> <FuncUnit> <Opcode : 'add' 'sub'> <InPorts = 2> <OutPorts = 1>
ST_4 : Operation 138 [1/1] (2.31ns)   --->   "%tmp1 = add i24 %tmp_9_1_4_i_i, %tmp_9_1_3_i_i" [MathieuHelpMe/Classifier.cpp:54]   --->   Operation 138 'add' 'tmp1' <Predicate = (!exitcond1_i_i)> <Delay = 2.31> <Core = "AddSub">   --->   Core 14 'AddSub' <Latency = 0> <II = 1> <Delay = 2.31> <FuncUnit> <Opcode : 'add' 'sub'> <InPorts = 2> <OutPorts = 1>
ST_4 : Operation 139 [1/1] (2.31ns)   --->   "%tmp4 = add i24 %tmp_9_1_2_i_i, %tmp_9_1_1_i_i" [MathieuHelpMe/Classifier.cpp:54]   --->   Operation 139 'add' 'tmp4' <Predicate = (!exitcond1_i_i)> <Delay = 2.31> <Core = "AddSub">   --->   Core 14 'AddSub' <Latency = 0> <II = 1> <Delay = 2.31> <FuncUnit> <Opcode : 'add' 'sub'> <InPorts = 2> <OutPorts = 1>
ST_4 : Operation 140 [1/1] (2.31ns)   --->   "%tmp11 = add i24 %tmp_9_0_5_i_i, %tmp_9_1_7_i_i" [MathieuHelpMe/Classifier.cpp:54]   --->   Operation 140 'add' 'tmp11' <Predicate = (!exitcond1_i_i)> <Delay = 2.31> <Core = "AddSub">   --->   Core 14 'AddSub' <Latency = 0> <II = 1> <Delay = 2.31> <FuncUnit> <Opcode : 'add' 'sub'> <InPorts = 2> <OutPorts = 1>
ST_4 : Operation 141 [1/1] (0.00ns)   --->   "%p_Result_3_1_7_i_i = call i128 @_ssdm_op_BitConcatenate.i128.i64.i64(i64 %tmp_data_V_1, i64 %tmp_data_V)" [MathieuHelpMe/Classifier.cpp:56]   --->   Operation 141 'bitconcatenate' 'p_Result_3_1_7_i_i' <Predicate = (!exitcond1_i_i)> <Delay = 0.00>
ST_4 : Operation 142 [1/1] (0.00ns)   --->   "%tmp_i_i = zext i5 %g_i_i to i64" [MathieuHelpMe/Classifier.cpp:59]   --->   Operation 142 'zext' 'tmp_i_i' <Predicate = (!exitcond1_i_i)> <Delay = 0.00>
ST_4 : Operation 143 [1/1] (0.00ns)   --->   "%x_pack_V_addr = getelementptr [31 x i128]* %x_pack_V, i64 0, i64 %tmp_i_i" [MathieuHelpMe/Classifier.cpp:59]   --->   Operation 143 'getelementptr' 'x_pack_V_addr' <Predicate = (!exitcond1_i_i)> <Delay = 0.00>
ST_4 : Operation 144 [1/1] (3.25ns)   --->   "store i128 %p_Result_3_1_7_i_i, i128* %x_pack_V_addr, align 16" [MathieuHelpMe/Classifier.cpp:59]   --->   Operation 144 'store' <Predicate = (!exitcond1_i_i)> <Delay = 3.25> <Core = "RAM_2P_BRAM">   --->   Core 41 'RAM_2P_BRAM' <Latency = 1> <II = 1> <Delay = 3.25> <Storage> <Opcode : 'load' 'store'> <Ports = 2> <Width = 128> <Depth = 31> <RAM>

State 5 <SV = 4> <Delay = 8.30>
ST_5 : Operation 145 [1/1] (0.00ns)   --->   "%OP1_V_0_i_i = sext i8 %tmp_1 to i16" [MathieuHelpMe/Classifier.cpp:53]   --->   Operation 145 'sext' 'OP1_V_0_i_i' <Predicate = (!exitcond1_i_i)> <Delay = 0.00>
ST_5 : Operation 146 [1/1] (4.17ns)   --->   "%sq_V_1 = mul i16 %OP1_V_0_i_i, %OP1_V_0_i_i" [MathieuHelpMe/Classifier.cpp:53]   --->   Operation 146 'mul' 'sq_V_1' <Predicate = (!exitcond1_i_i)> <Delay = 4.17> <Core = "Mul">   --->   Core 16 'Mul' <Latency = 0> <II = 1> <Delay = 4.17> <FuncUnit> <Opcode : 'mul'> <InPorts = 2> <OutPorts = 1>
ST_5 : Operation 147 [1/1] (0.00ns)   --->   "%tmp_9_0_i_i = call i24 @_ssdm_op_BitConcatenate.i24.i16.i8(i16 %sq_V_1, i8 0)" [MathieuHelpMe/Classifier.cpp:54]   --->   Operation 147 'bitconcatenate' 'tmp_9_0_i_i' <Predicate = (!exitcond1_i_i)> <Delay = 0.00>
ST_5 : Operation 148 [1/1] (0.00ns)   --->   "%OP1_V_0_1_i_i = sext i8 %p_Result_0_1_i_i to i16" [MathieuHelpMe/Classifier.cpp:53]   --->   Operation 148 'sext' 'OP1_V_0_1_i_i' <Predicate = (!exitcond1_i_i)> <Delay = 0.00>
ST_5 : Operation 149 [1/1] (4.17ns)   --->   "%sq_V_2 = mul i16 %OP1_V_0_1_i_i, %OP1_V_0_1_i_i" [MathieuHelpMe/Classifier.cpp:53]   --->   Operation 149 'mul' 'sq_V_2' <Predicate = (!exitcond1_i_i)> <Delay = 4.17> <Core = "Mul">   --->   Core 16 'Mul' <Latency = 0> <II = 1> <Delay = 4.17> <FuncUnit> <Opcode : 'mul'> <InPorts = 2> <OutPorts = 1>
ST_5 : Operation 150 [1/1] (0.00ns)   --->   "%tmp_9_0_1_i_i = call i24 @_ssdm_op_BitConcatenate.i24.i16.i8(i16 %sq_V_2, i8 0)" [MathieuHelpMe/Classifier.cpp:54]   --->   Operation 150 'bitconcatenate' 'tmp_9_0_1_i_i' <Predicate = (!exitcond1_i_i)> <Delay = 0.00>
ST_5 : Operation 151 [1/1] (0.00ns)   --->   "%OP1_V_0_2_i_i = sext i8 %p_Result_0_2_i_i to i16" [MathieuHelpMe/Classifier.cpp:53]   --->   Operation 151 'sext' 'OP1_V_0_2_i_i' <Predicate = (!exitcond1_i_i)> <Delay = 0.00>
ST_5 : Operation 152 [1/1] (4.17ns)   --->   "%sq_V_3 = mul i16 %OP1_V_0_2_i_i, %OP1_V_0_2_i_i" [MathieuHelpMe/Classifier.cpp:53]   --->   Operation 152 'mul' 'sq_V_3' <Predicate = (!exitcond1_i_i)> <Delay = 4.17> <Core = "Mul">   --->   Core 16 'Mul' <Latency = 0> <II = 1> <Delay = 4.17> <FuncUnit> <Opcode : 'mul'> <InPorts = 2> <OutPorts = 1>
ST_5 : Operation 153 [1/1] (0.00ns)   --->   "%tmp_9_0_2_i_i = call i24 @_ssdm_op_BitConcatenate.i24.i16.i8(i16 %sq_V_3, i8 0)" [MathieuHelpMe/Classifier.cpp:54]   --->   Operation 153 'bitconcatenate' 'tmp_9_0_2_i_i' <Predicate = (!exitcond1_i_i)> <Delay = 0.00>
ST_5 : Operation 154 [1/1] (0.00ns)   --->   "%OP1_V_0_3_i_i = sext i8 %p_Result_0_3_i_i to i16" [MathieuHelpMe/Classifier.cpp:53]   --->   Operation 154 'sext' 'OP1_V_0_3_i_i' <Predicate = (!exitcond1_i_i)> <Delay = 0.00>
ST_5 : Operation 155 [1/1] (4.17ns)   --->   "%sq_V_4 = mul i16 %OP1_V_0_3_i_i, %OP1_V_0_3_i_i" [MathieuHelpMe/Classifier.cpp:53]   --->   Operation 155 'mul' 'sq_V_4' <Predicate = (!exitcond1_i_i)> <Delay = 4.17> <Core = "Mul">   --->   Core 16 'Mul' <Latency = 0> <II = 1> <Delay = 4.17> <FuncUnit> <Opcode : 'mul'> <InPorts = 2> <OutPorts = 1>
ST_5 : Operation 156 [1/1] (0.00ns)   --->   "%tmp_9_0_3_i_i = call i24 @_ssdm_op_BitConcatenate.i24.i16.i8(i16 %sq_V_4, i8 0)" [MathieuHelpMe/Classifier.cpp:54]   --->   Operation 156 'bitconcatenate' 'tmp_9_0_3_i_i' <Predicate = (!exitcond1_i_i)> <Delay = 0.00>
ST_5 : Operation 157 [1/1] (0.00ns)   --->   "%OP1_V_0_4_i_i = sext i8 %p_Result_0_4_i_i to i16" [MathieuHelpMe/Classifier.cpp:53]   --->   Operation 157 'sext' 'OP1_V_0_4_i_i' <Predicate = (!exitcond1_i_i)> <Delay = 0.00>
ST_5 : Operation 158 [1/1] (4.17ns)   --->   "%sq_V_5 = mul i16 %OP1_V_0_4_i_i, %OP1_V_0_4_i_i" [MathieuHelpMe/Classifier.cpp:53]   --->   Operation 158 'mul' 'sq_V_5' <Predicate = (!exitcond1_i_i)> <Delay = 4.17> <Core = "Mul">   --->   Core 16 'Mul' <Latency = 0> <II = 1> <Delay = 4.17> <FuncUnit> <Opcode : 'mul'> <InPorts = 2> <OutPorts = 1>
ST_5 : Operation 159 [1/1] (0.00ns)   --->   "%tmp_9_0_4_i_i = call i24 @_ssdm_op_BitConcatenate.i24.i16.i8(i16 %sq_V_5, i8 0)" [MathieuHelpMe/Classifier.cpp:54]   --->   Operation 159 'bitconcatenate' 'tmp_9_0_4_i_i' <Predicate = (!exitcond1_i_i)> <Delay = 0.00>
ST_5 : Operation 160 [1/1] (0.00ns)   --->   "%OP1_V_0_6_i_i = sext i8 %p_Result_0_6_i_i to i16" [MathieuHelpMe/Classifier.cpp:53]   --->   Operation 160 'sext' 'OP1_V_0_6_i_i' <Predicate = (!exitcond1_i_i)> <Delay = 0.00>
ST_5 : Operation 161 [1/1] (4.17ns)   --->   "%sq_V_7 = mul i16 %OP1_V_0_6_i_i, %OP1_V_0_6_i_i" [MathieuHelpMe/Classifier.cpp:53]   --->   Operation 161 'mul' 'sq_V_7' <Predicate = (!exitcond1_i_i)> <Delay = 4.17> <Core = "Mul">   --->   Core 16 'Mul' <Latency = 0> <II = 1> <Delay = 4.17> <FuncUnit> <Opcode : 'mul'> <InPorts = 2> <OutPorts = 1>
ST_5 : Operation 162 [1/1] (0.00ns)   --->   "%tmp_9_0_6_i_i = call i24 @_ssdm_op_BitConcatenate.i24.i16.i8(i16 %sq_V_7, i8 0)" [MathieuHelpMe/Classifier.cpp:54]   --->   Operation 162 'bitconcatenate' 'tmp_9_0_6_i_i' <Predicate = (!exitcond1_i_i)> <Delay = 0.00>
ST_5 : Operation 163 [1/1] (0.00ns)   --->   "%OP1_V_0_7_i_i = sext i8 %p_Result_0_7_i_i to i16" [MathieuHelpMe/Classifier.cpp:53]   --->   Operation 163 'sext' 'OP1_V_0_7_i_i' <Predicate = (!exitcond1_i_i)> <Delay = 0.00>
ST_5 : Operation 164 [1/1] (4.17ns)   --->   "%sq_V_8 = mul i16 %OP1_V_0_7_i_i, %OP1_V_0_7_i_i" [MathieuHelpMe/Classifier.cpp:53]   --->   Operation 164 'mul' 'sq_V_8' <Predicate = (!exitcond1_i_i)> <Delay = 4.17> <Core = "Mul">   --->   Core 16 'Mul' <Latency = 0> <II = 1> <Delay = 4.17> <FuncUnit> <Opcode : 'mul'> <InPorts = 2> <OutPorts = 1>
ST_5 : Operation 165 [1/1] (0.00ns)   --->   "%tmp_9_0_7_i_i = call i24 @_ssdm_op_BitConcatenate.i24.i16.i8(i16 %sq_V_8, i8 0)" [MathieuHelpMe/Classifier.cpp:54]   --->   Operation 165 'bitconcatenate' 'tmp_9_0_7_i_i' <Predicate = (!exitcond1_i_i)> <Delay = 0.00>
ST_5 : Operation 166 [1/1] (0.00ns)   --->   "%tmp_9_1_i_i = call i24 @_ssdm_op_BitConcatenate.i24.i16.i8(i16 %sq_V_9, i8 0)" [MathieuHelpMe/Classifier.cpp:54]   --->   Operation 166 'bitconcatenate' 'tmp_9_1_i_i' <Predicate = (!exitcond1_i_i)> <Delay = 0.00>
ST_5 : Operation 167 [1/1] (0.00ns) (grouped into TernaryAdder)   --->   "%tmp3 = add i24 %tmp_9_1_i_i, %tmp_9_0_7_i_i" [MathieuHelpMe/Classifier.cpp:54]   --->   Operation 167 'add' 'tmp3' <Predicate = (!exitcond1_i_i)> <Delay = 0.00> <Core = "TAddSub">   --->   Core 80 'TAddSub' <Latency = 0> <II = 1> <Delay = 2.06> <IPBlock> <Opcode : 'add' 'sub'> <InPorts = 3> <OutPorts = 1> <Sync> <CReg>
ST_5 : Operation 168 [1/1] (4.13ns) (root node of TernaryAdder)   --->   "%tmp5 = add i24 %tmp4, %tmp3" [MathieuHelpMe/Classifier.cpp:54]   --->   Operation 168 'add' 'tmp5' <Predicate = (!exitcond1_i_i)> <Delay = 4.13> <Core = "TAddSub">   --->   Core 80 'TAddSub' <Latency = 0> <II = 1> <Delay = 2.06> <IPBlock> <Opcode : 'add' 'sub'> <InPorts = 3> <OutPorts = 1> <Sync> <CReg>
ST_5 : Operation 169 [1/1] (2.31ns)   --->   "%tmp7 = add i24 %tmp_9_0_i_i, %tmp_9_0_2_i_i" [MathieuHelpMe/Classifier.cpp:54]   --->   Operation 169 'add' 'tmp7' <Predicate = (!exitcond1_i_i)> <Delay = 2.31> <Core = "AddSub">   --->   Core 14 'AddSub' <Latency = 0> <II = 1> <Delay = 2.31> <FuncUnit> <Opcode : 'add' 'sub'> <InPorts = 2> <OutPorts = 1>
ST_5 : Operation 170 [1/1] (2.31ns)   --->   "%tmp8 = add i24 %tmp_9_0_1_i_i, %tmp_9_0_4_i_i" [MathieuHelpMe/Classifier.cpp:54]   --->   Operation 170 'add' 'tmp8' <Predicate = (!exitcond1_i_i)> <Delay = 2.31> <Core = "AddSub">   --->   Core 14 'AddSub' <Latency = 0> <II = 1> <Delay = 2.31> <FuncUnit> <Opcode : 'add' 'sub'> <InPorts = 2> <OutPorts = 1>
ST_5 : Operation 171 [1/1] (0.00ns) (grouped into TernaryAdder)   --->   "%tmp10 = add i24 %tmp_9_0_3_i_i, %tmp_9_0_6_i_i" [MathieuHelpMe/Classifier.cpp:54]   --->   Operation 171 'add' 'tmp10' <Predicate = (!exitcond1_i_i)> <Delay = 0.00> <Core = "TAddSub">   --->   Core 80 'TAddSub' <Latency = 0> <II = 1> <Delay = 2.06> <IPBlock> <Opcode : 'add' 'sub'> <InPorts = 3> <OutPorts = 1> <Sync> <CReg>
ST_5 : Operation 172 [1/1] (4.13ns) (root node of TernaryAdder)   --->   "%tmp12 = add i24 %tmp11, %tmp10" [MathieuHelpMe/Classifier.cpp:54]   --->   Operation 172 'add' 'tmp12' <Predicate = (!exitcond1_i_i)> <Delay = 4.13> <Core = "TAddSub">   --->   Core 80 'TAddSub' <Latency = 0> <II = 1> <Delay = 2.06> <IPBlock> <Opcode : 'add' 'sub'> <InPorts = 3> <OutPorts = 1> <Sync> <CReg>

State 6 <SV = 5> <Delay = 8.27>
ST_6 : Operation 173 [1/1] (0.00ns)   --->   "%tmp_1_i_i = call i32 (...)* @_ssdm_op_SpecRegionBegin([12 x i8]* @p_str4001)" [MathieuHelpMe/Classifier.cpp:40]   --->   Operation 173 'specregionbegin' 'tmp_1_i_i' <Predicate = (!exitcond1_i_i)> <Delay = 0.00>
ST_6 : Operation 174 [1/1] (0.00ns)   --->   "call void (...)* @_ssdm_op_SpecPipeline(i32 1, i32 1, i32 1, i32 0, [1 x i8]* @p_str4000) nounwind" [MathieuHelpMe/Classifier.cpp:41]   --->   Operation 174 'specpipeline' <Predicate = (!exitcond1_i_i)> <Delay = 0.00>
ST_6 : Operation 175 [1/1] (0.00ns)   --->   "%tmp_2_i_i = call i32 (...)* @_ssdm_op_SpecRegionBegin([51 x i8]* @p_str4004)" [MathieuHelpMe/Classifier.cpp:54]   --->   Operation 175 'specregionbegin' 'tmp_2_i_i' <Predicate = (!exitcond1_i_i)> <Delay = 0.00>
ST_6 : Operation 176 [1/1] (0.00ns)   --->   "call void (...)* @_ssdm_op_SpecResource(i16* %sq_V, [51 x i8]* @p_str4004, [1 x i8]* @p_str4000, [6 x i8]* @p_str4005, [1 x i8]* @p_str4000, i32 -1, [1 x i8]* @p_str4000, [1 x i8]* @p_str4000, [1 x i8]* @p_str4000, [1 x i8]* @p_str4000, [1 x i8]* @p_str4000)" [MathieuHelpMe/Classifier.cpp:54]   --->   Operation 176 'specresource' <Predicate = (!exitcond1_i_i)> <Delay = 0.00>
ST_6 : Operation 177 [1/1] (0.00ns)   --->   "%empty_29 = call i32 (...)* @_ssdm_op_SpecRegionEnd([51 x i8]* @p_str4004, i32 %tmp_2_i_i)" [MathieuHelpMe/Classifier.cpp:55]   --->   Operation 177 'specregionend' 'empty_29' <Predicate = (!exitcond1_i_i)> <Delay = 0.00>
ST_6 : Operation 178 [1/1] (0.00ns)   --->   "%tmp_3_i_i = call i32 (...)* @_ssdm_op_SpecRegionBegin([51 x i8]* @p_str4004)" [MathieuHelpMe/Classifier.cpp:54]   --->   Operation 178 'specregionbegin' 'tmp_3_i_i' <Predicate = (!exitcond1_i_i)> <Delay = 0.00>
ST_6 : Operation 179 [1/1] (0.00ns)   --->   "call void (...)* @_ssdm_op_SpecResource(i16* %sq_V, [51 x i8]* @p_str4004, [1 x i8]* @p_str4000, [6 x i8]* @p_str4005, [1 x i8]* @p_str4000, i32 -1, [1 x i8]* @p_str4000, [1 x i8]* @p_str4000, [1 x i8]* @p_str4000, [1 x i8]* @p_str4000, [1 x i8]* @p_str4000)" [MathieuHelpMe/Classifier.cpp:54]   --->   Operation 179 'specresource' <Predicate = (!exitcond1_i_i)> <Delay = 0.00>
ST_6 : Operation 180 [1/1] (0.00ns)   --->   "%empty_30 = call i32 (...)* @_ssdm_op_SpecRegionEnd([51 x i8]* @p_str4004, i32 %tmp_3_i_i)" [MathieuHelpMe/Classifier.cpp:55]   --->   Operation 180 'specregionend' 'empty_30' <Predicate = (!exitcond1_i_i)> <Delay = 0.00>
ST_6 : Operation 181 [1/1] (0.00ns)   --->   "%tmp_4_i_i = call i32 (...)* @_ssdm_op_SpecRegionBegin([51 x i8]* @p_str4004)" [MathieuHelpMe/Classifier.cpp:54]   --->   Operation 181 'specregionbegin' 'tmp_4_i_i' <Predicate = (!exitcond1_i_i)> <Delay = 0.00>
ST_6 : Operation 182 [1/1] (0.00ns)   --->   "call void (...)* @_ssdm_op_SpecResource(i16* %sq_V, [51 x i8]* @p_str4004, [1 x i8]* @p_str4000, [6 x i8]* @p_str4005, [1 x i8]* @p_str4000, i32 -1, [1 x i8]* @p_str4000, [1 x i8]* @p_str4000, [1 x i8]* @p_str4000, [1 x i8]* @p_str4000, [1 x i8]* @p_str4000)" [MathieuHelpMe/Classifier.cpp:54]   --->   Operation 182 'specresource' <Predicate = (!exitcond1_i_i)> <Delay = 0.00>
ST_6 : Operation 183 [1/1] (0.00ns)   --->   "%empty_31 = call i32 (...)* @_ssdm_op_SpecRegionEnd([51 x i8]* @p_str4004, i32 %tmp_4_i_i)" [MathieuHelpMe/Classifier.cpp:55]   --->   Operation 183 'specregionend' 'empty_31' <Predicate = (!exitcond1_i_i)> <Delay = 0.00>
ST_6 : Operation 184 [1/1] (0.00ns)   --->   "%tmp_5_i_i = call i32 (...)* @_ssdm_op_SpecRegionBegin([51 x i8]* @p_str4004)" [MathieuHelpMe/Classifier.cpp:54]   --->   Operation 184 'specregionbegin' 'tmp_5_i_i' <Predicate = (!exitcond1_i_i)> <Delay = 0.00>
ST_6 : Operation 185 [1/1] (0.00ns)   --->   "call void (...)* @_ssdm_op_SpecResource(i16* %sq_V, [51 x i8]* @p_str4004, [1 x i8]* @p_str4000, [6 x i8]* @p_str4005, [1 x i8]* @p_str4000, i32 -1, [1 x i8]* @p_str4000, [1 x i8]* @p_str4000, [1 x i8]* @p_str4000, [1 x i8]* @p_str4000, [1 x i8]* @p_str4000)" [MathieuHelpMe/Classifier.cpp:54]   --->   Operation 185 'specresource' <Predicate = (!exitcond1_i_i)> <Delay = 0.00>
ST_6 : Operation 186 [1/1] (0.00ns)   --->   "%empty_32 = call i32 (...)* @_ssdm_op_SpecRegionEnd([51 x i8]* @p_str4004, i32 %tmp_5_i_i)" [MathieuHelpMe/Classifier.cpp:55]   --->   Operation 186 'specregionend' 'empty_32' <Predicate = (!exitcond1_i_i)> <Delay = 0.00>
ST_6 : Operation 187 [1/1] (0.00ns)   --->   "%tmp_6_i_i = call i32 (...)* @_ssdm_op_SpecRegionBegin([51 x i8]* @p_str4004)" [MathieuHelpMe/Classifier.cpp:54]   --->   Operation 187 'specregionbegin' 'tmp_6_i_i' <Predicate = (!exitcond1_i_i)> <Delay = 0.00>
ST_6 : Operation 188 [1/1] (0.00ns)   --->   "call void (...)* @_ssdm_op_SpecResource(i16* %sq_V, [51 x i8]* @p_str4004, [1 x i8]* @p_str4000, [6 x i8]* @p_str4005, [1 x i8]* @p_str4000, i32 -1, [1 x i8]* @p_str4000, [1 x i8]* @p_str4000, [1 x i8]* @p_str4000, [1 x i8]* @p_str4000, [1 x i8]* @p_str4000)" [MathieuHelpMe/Classifier.cpp:54]   --->   Operation 188 'specresource' <Predicate = (!exitcond1_i_i)> <Delay = 0.00>
ST_6 : Operation 189 [1/1] (0.00ns)   --->   "%empty_33 = call i32 (...)* @_ssdm_op_SpecRegionEnd([51 x i8]* @p_str4004, i32 %tmp_6_i_i)" [MathieuHelpMe/Classifier.cpp:55]   --->   Operation 189 'specregionend' 'empty_33' <Predicate = (!exitcond1_i_i)> <Delay = 0.00>
ST_6 : Operation 190 [1/1] (0.00ns)   --->   "%tmp_7_i_i = call i32 (...)* @_ssdm_op_SpecRegionBegin([51 x i8]* @p_str4004)" [MathieuHelpMe/Classifier.cpp:54]   --->   Operation 190 'specregionbegin' 'tmp_7_i_i' <Predicate = (!exitcond1_i_i)> <Delay = 0.00>
ST_6 : Operation 191 [1/1] (0.00ns)   --->   "call void (...)* @_ssdm_op_SpecResource(i16* %sq_V, [51 x i8]* @p_str4004, [1 x i8]* @p_str4000, [6 x i8]* @p_str4005, [1 x i8]* @p_str4000, i32 -1, [1 x i8]* @p_str4000, [1 x i8]* @p_str4000, [1 x i8]* @p_str4000, [1 x i8]* @p_str4000, [1 x i8]* @p_str4000)" [MathieuHelpMe/Classifier.cpp:54]   --->   Operation 191 'specresource' <Predicate = (!exitcond1_i_i)> <Delay = 0.00>
ST_6 : Operation 192 [1/1] (0.00ns)   --->   "%empty_34 = call i32 (...)* @_ssdm_op_SpecRegionEnd([51 x i8]* @p_str4004, i32 %tmp_7_i_i)" [MathieuHelpMe/Classifier.cpp:55]   --->   Operation 192 'specregionend' 'empty_34' <Predicate = (!exitcond1_i_i)> <Delay = 0.00>
ST_6 : Operation 193 [1/1] (0.00ns)   --->   "%tmp_8_i_i = call i32 (...)* @_ssdm_op_SpecRegionBegin([51 x i8]* @p_str4004)" [MathieuHelpMe/Classifier.cpp:54]   --->   Operation 193 'specregionbegin' 'tmp_8_i_i' <Predicate = (!exitcond1_i_i)> <Delay = 0.00>
ST_6 : Operation 194 [1/1] (0.00ns)   --->   "call void (...)* @_ssdm_op_SpecResource(i16* %sq_V, [51 x i8]* @p_str4004, [1 x i8]* @p_str4000, [6 x i8]* @p_str4005, [1 x i8]* @p_str4000, i32 -1, [1 x i8]* @p_str4000, [1 x i8]* @p_str4000, [1 x i8]* @p_str4000, [1 x i8]* @p_str4000, [1 x i8]* @p_str4000)" [MathieuHelpMe/Classifier.cpp:54]   --->   Operation 194 'specresource' <Predicate = (!exitcond1_i_i)> <Delay = 0.00>
ST_6 : Operation 195 [1/1] (0.00ns)   --->   "%empty_35 = call i32 (...)* @_ssdm_op_SpecRegionEnd([51 x i8]* @p_str4004, i32 %tmp_8_i_i)" [MathieuHelpMe/Classifier.cpp:55]   --->   Operation 195 'specregionend' 'empty_35' <Predicate = (!exitcond1_i_i)> <Delay = 0.00>
ST_6 : Operation 196 [1/1] (0.00ns)   --->   "%tmp_9_i_i = call i32 (...)* @_ssdm_op_SpecRegionBegin([51 x i8]* @p_str4004)" [MathieuHelpMe/Classifier.cpp:54]   --->   Operation 196 'specregionbegin' 'tmp_9_i_i' <Predicate = (!exitcond1_i_i)> <Delay = 0.00>
ST_6 : Operation 197 [1/1] (0.00ns)   --->   "call void (...)* @_ssdm_op_SpecResource(i16* %sq_V, [51 x i8]* @p_str4004, [1 x i8]* @p_str4000, [6 x i8]* @p_str4005, [1 x i8]* @p_str4000, i32 -1, [1 x i8]* @p_str4000, [1 x i8]* @p_str4000, [1 x i8]* @p_str4000, [1 x i8]* @p_str4000, [1 x i8]* @p_str4000)" [MathieuHelpMe/Classifier.cpp:54]   --->   Operation 197 'specresource' <Predicate = (!exitcond1_i_i)> <Delay = 0.00>
ST_6 : Operation 198 [1/1] (0.00ns)   --->   "%empty_36 = call i32 (...)* @_ssdm_op_SpecRegionEnd([51 x i8]* @p_str4004, i32 %tmp_9_i_i)" [MathieuHelpMe/Classifier.cpp:55]   --->   Operation 198 'specregionend' 'empty_36' <Predicate = (!exitcond1_i_i)> <Delay = 0.00>
ST_6 : Operation 199 [1/1] (0.00ns)   --->   "%tmp_10_i_i = call i32 (...)* @_ssdm_op_SpecRegionBegin([51 x i8]* @p_str4004)" [MathieuHelpMe/Classifier.cpp:54]   --->   Operation 199 'specregionbegin' 'tmp_10_i_i' <Predicate = (!exitcond1_i_i)> <Delay = 0.00>
ST_6 : Operation 200 [1/1] (0.00ns)   --->   "call void (...)* @_ssdm_op_SpecResource(i16* %sq_V, [51 x i8]* @p_str4004, [1 x i8]* @p_str4000, [6 x i8]* @p_str4005, [1 x i8]* @p_str4000, i32 -1, [1 x i8]* @p_str4000, [1 x i8]* @p_str4000, [1 x i8]* @p_str4000, [1 x i8]* @p_str4000, [1 x i8]* @p_str4000)" [MathieuHelpMe/Classifier.cpp:54]   --->   Operation 200 'specresource' <Predicate = (!exitcond1_i_i)> <Delay = 0.00>
ST_6 : Operation 201 [1/1] (0.00ns)   --->   "%empty_38 = call i32 (...)* @_ssdm_op_SpecRegionEnd([51 x i8]* @p_str4004, i32 %tmp_10_i_i)" [MathieuHelpMe/Classifier.cpp:55]   --->   Operation 201 'specregionend' 'empty_38' <Predicate = (!exitcond1_i_i)> <Delay = 0.00>
ST_6 : Operation 202 [1/1] (0.00ns)   --->   "%tmp_11_i_i = call i32 (...)* @_ssdm_op_SpecRegionBegin([51 x i8]* @p_str4004)" [MathieuHelpMe/Classifier.cpp:54]   --->   Operation 202 'specregionbegin' 'tmp_11_i_i' <Predicate = (!exitcond1_i_i)> <Delay = 0.00>
ST_6 : Operation 203 [1/1] (0.00ns)   --->   "call void (...)* @_ssdm_op_SpecResource(i16* %sq_V, [51 x i8]* @p_str4004, [1 x i8]* @p_str4000, [6 x i8]* @p_str4005, [1 x i8]* @p_str4000, i32 -1, [1 x i8]* @p_str4000, [1 x i8]* @p_str4000, [1 x i8]* @p_str4000, [1 x i8]* @p_str4000, [1 x i8]* @p_str4000)" [MathieuHelpMe/Classifier.cpp:54]   --->   Operation 203 'specresource' <Predicate = (!exitcond1_i_i)> <Delay = 0.00>
ST_6 : Operation 204 [1/1] (0.00ns)   --->   "%empty_39 = call i32 (...)* @_ssdm_op_SpecRegionEnd([51 x i8]* @p_str4004, i32 %tmp_11_i_i)" [MathieuHelpMe/Classifier.cpp:55]   --->   Operation 204 'specregionend' 'empty_39' <Predicate = (!exitcond1_i_i)> <Delay = 0.00>
ST_6 : Operation 205 [1/1] (0.00ns)   --->   "%tmp_12_i_i = call i32 (...)* @_ssdm_op_SpecRegionBegin([51 x i8]* @p_str4004)" [MathieuHelpMe/Classifier.cpp:54]   --->   Operation 205 'specregionbegin' 'tmp_12_i_i' <Predicate = (!exitcond1_i_i)> <Delay = 0.00>
ST_6 : Operation 206 [1/1] (0.00ns)   --->   "call void (...)* @_ssdm_op_SpecResource(i16* %sq_V, [51 x i8]* @p_str4004, [1 x i8]* @p_str4000, [6 x i8]* @p_str4005, [1 x i8]* @p_str4000, i32 -1, [1 x i8]* @p_str4000, [1 x i8]* @p_str4000, [1 x i8]* @p_str4000, [1 x i8]* @p_str4000, [1 x i8]* @p_str4000)" [MathieuHelpMe/Classifier.cpp:54]   --->   Operation 206 'specresource' <Predicate = (!exitcond1_i_i)> <Delay = 0.00>
ST_6 : Operation 207 [1/1] (0.00ns)   --->   "%empty_40 = call i32 (...)* @_ssdm_op_SpecRegionEnd([51 x i8]* @p_str4004, i32 %tmp_12_i_i)" [MathieuHelpMe/Classifier.cpp:55]   --->   Operation 207 'specregionend' 'empty_40' <Predicate = (!exitcond1_i_i)> <Delay = 0.00>
ST_6 : Operation 208 [1/1] (0.00ns)   --->   "%tmp_13_i_i = call i32 (...)* @_ssdm_op_SpecRegionBegin([51 x i8]* @p_str4004)" [MathieuHelpMe/Classifier.cpp:54]   --->   Operation 208 'specregionbegin' 'tmp_13_i_i' <Predicate = (!exitcond1_i_i)> <Delay = 0.00>
ST_6 : Operation 209 [1/1] (0.00ns)   --->   "call void (...)* @_ssdm_op_SpecResource(i16* %sq_V, [51 x i8]* @p_str4004, [1 x i8]* @p_str4000, [6 x i8]* @p_str4005, [1 x i8]* @p_str4000, i32 -1, [1 x i8]* @p_str4000, [1 x i8]* @p_str4000, [1 x i8]* @p_str4000, [1 x i8]* @p_str4000, [1 x i8]* @p_str4000)" [MathieuHelpMe/Classifier.cpp:54]   --->   Operation 209 'specresource' <Predicate = (!exitcond1_i_i)> <Delay = 0.00>
ST_6 : Operation 210 [1/1] (0.00ns)   --->   "%empty_41 = call i32 (...)* @_ssdm_op_SpecRegionEnd([51 x i8]* @p_str4004, i32 %tmp_13_i_i)" [MathieuHelpMe/Classifier.cpp:55]   --->   Operation 210 'specregionend' 'empty_41' <Predicate = (!exitcond1_i_i)> <Delay = 0.00>
ST_6 : Operation 211 [1/1] (0.00ns)   --->   "%tmp_14_i_i = call i32 (...)* @_ssdm_op_SpecRegionBegin([51 x i8]* @p_str4004)" [MathieuHelpMe/Classifier.cpp:54]   --->   Operation 211 'specregionbegin' 'tmp_14_i_i' <Predicate = (!exitcond1_i_i)> <Delay = 0.00>
ST_6 : Operation 212 [1/1] (0.00ns)   --->   "call void (...)* @_ssdm_op_SpecResource(i16* %sq_V, [51 x i8]* @p_str4004, [1 x i8]* @p_str4000, [6 x i8]* @p_str4005, [1 x i8]* @p_str4000, i32 -1, [1 x i8]* @p_str4000, [1 x i8]* @p_str4000, [1 x i8]* @p_str4000, [1 x i8]* @p_str4000, [1 x i8]* @p_str4000)" [MathieuHelpMe/Classifier.cpp:54]   --->   Operation 212 'specresource' <Predicate = (!exitcond1_i_i)> <Delay = 0.00>
ST_6 : Operation 213 [1/1] (0.00ns)   --->   "%empty_42 = call i32 (...)* @_ssdm_op_SpecRegionEnd([51 x i8]* @p_str4004, i32 %tmp_14_i_i)" [MathieuHelpMe/Classifier.cpp:55]   --->   Operation 213 'specregionend' 'empty_42' <Predicate = (!exitcond1_i_i)> <Delay = 0.00>
ST_6 : Operation 214 [1/1] (0.00ns)   --->   "%tmp_15_i_i = call i32 (...)* @_ssdm_op_SpecRegionBegin([51 x i8]* @p_str4004)" [MathieuHelpMe/Classifier.cpp:54]   --->   Operation 214 'specregionbegin' 'tmp_15_i_i' <Predicate = (!exitcond1_i_i)> <Delay = 0.00>
ST_6 : Operation 215 [1/1] (0.00ns)   --->   "call void (...)* @_ssdm_op_SpecResource(i16* %sq_V, [51 x i8]* @p_str4004, [1 x i8]* @p_str4000, [6 x i8]* @p_str4005, [1 x i8]* @p_str4000, i32 -1, [1 x i8]* @p_str4000, [1 x i8]* @p_str4000, [1 x i8]* @p_str4000, [1 x i8]* @p_str4000, [1 x i8]* @p_str4000)" [MathieuHelpMe/Classifier.cpp:54]   --->   Operation 215 'specresource' <Predicate = (!exitcond1_i_i)> <Delay = 0.00>
ST_6 : Operation 216 [1/1] (0.00ns)   --->   "%empty_43 = call i32 (...)* @_ssdm_op_SpecRegionEnd([51 x i8]* @p_str4004, i32 %tmp_15_i_i)" [MathieuHelpMe/Classifier.cpp:55]   --->   Operation 216 'specregionend' 'empty_43' <Predicate = (!exitcond1_i_i)> <Delay = 0.00>
ST_6 : Operation 217 [1/1] (0.00ns)   --->   "%tmp_16_i_i = call i32 (...)* @_ssdm_op_SpecRegionBegin([51 x i8]* @p_str4004)" [MathieuHelpMe/Classifier.cpp:54]   --->   Operation 217 'specregionbegin' 'tmp_16_i_i' <Predicate = (!exitcond1_i_i)> <Delay = 0.00>
ST_6 : Operation 218 [1/1] (0.00ns)   --->   "call void (...)* @_ssdm_op_SpecResource(i16* %sq_V, [51 x i8]* @p_str4004, [1 x i8]* @p_str4000, [6 x i8]* @p_str4005, [1 x i8]* @p_str4000, i32 -1, [1 x i8]* @p_str4000, [1 x i8]* @p_str4000, [1 x i8]* @p_str4000, [1 x i8]* @p_str4000, [1 x i8]* @p_str4000)" [MathieuHelpMe/Classifier.cpp:54]   --->   Operation 218 'specresource' <Predicate = (!exitcond1_i_i)> <Delay = 0.00>
ST_6 : Operation 219 [1/1] (0.00ns)   --->   "%empty_44 = call i32 (...)* @_ssdm_op_SpecRegionEnd([51 x i8]* @p_str4004, i32 %tmp_16_i_i)" [MathieuHelpMe/Classifier.cpp:55]   --->   Operation 219 'specregionend' 'empty_44' <Predicate = (!exitcond1_i_i)> <Delay = 0.00>
ST_6 : Operation 220 [1/1] (0.00ns)   --->   "%tmp_17_i_i = call i32 (...)* @_ssdm_op_SpecRegionBegin([51 x i8]* @p_str4004)" [MathieuHelpMe/Classifier.cpp:54]   --->   Operation 220 'specregionbegin' 'tmp_17_i_i' <Predicate = (!exitcond1_i_i)> <Delay = 0.00>
ST_6 : Operation 221 [1/1] (0.00ns)   --->   "%empty_45 = call i32 (...)* @_ssdm_op_SpecRegionEnd([51 x i8]* @p_str4004, i32 %tmp_17_i_i)" [MathieuHelpMe/Classifier.cpp:55]   --->   Operation 221 'specregionend' 'empty_45' <Predicate = (!exitcond1_i_i)> <Delay = 0.00>
ST_6 : Operation 222 [1/1] (0.00ns) (grouped into TernaryAdder)   --->   "%tmp2 = add i24 %tmp1, %tmp" [MathieuHelpMe/Classifier.cpp:54]   --->   Operation 222 'add' 'tmp2' <Predicate = (!exitcond1_i_i)> <Delay = 0.00> <Core = "TAddSub">   --->   Core 80 'TAddSub' <Latency = 0> <II = 1> <Delay = 2.06> <IPBlock> <Opcode : 'add' 'sub'> <InPorts = 3> <OutPorts = 1> <Sync> <CReg>
ST_6 : Operation 223 [1/1] (4.13ns) (root node of TernaryAdder)   --->   "%tmp6 = add i24 %tmp5, %tmp2" [MathieuHelpMe/Classifier.cpp:54]   --->   Operation 223 'add' 'tmp6' <Predicate = (!exitcond1_i_i)> <Delay = 4.13> <Core = "TAddSub">   --->   Core 80 'TAddSub' <Latency = 0> <II = 1> <Delay = 2.06> <IPBlock> <Opcode : 'add' 'sub'> <InPorts = 3> <OutPorts = 1> <Sync> <CReg>
ST_6 : Operation 224 [1/1] (0.00ns) (grouped into TernaryAdder)   --->   "%tmp9 = add i24 %tmp8, %tmp7" [MathieuHelpMe/Classifier.cpp:54]   --->   Operation 224 'add' 'tmp9' <Predicate = (!exitcond1_i_i)> <Delay = 0.00> <Core = "TAddSub">   --->   Core 80 'TAddSub' <Latency = 0> <II = 1> <Delay = 2.06> <IPBlock> <Opcode : 'add' 'sub'> <InPorts = 3> <OutPorts = 1> <Sync> <CReg>
ST_6 : Operation 225 [1/1] (4.13ns) (root node of TernaryAdder)   --->   "%tmp13 = add i24 %tmp12, %tmp9" [MathieuHelpMe/Classifier.cpp:54]   --->   Operation 225 'add' 'tmp13' <Predicate = (!exitcond1_i_i)> <Delay = 4.13> <Core = "TAddSub">   --->   Core 80 'TAddSub' <Latency = 0> <II = 1> <Delay = 2.06> <IPBlock> <Opcode : 'add' 'sub'> <InPorts = 3> <OutPorts = 1> <Sync> <CReg>
ST_6 : Operation 226 [1/1] (0.00ns) (grouped into TernaryAdder)   --->   "%tmp_s = add i24 %tmp13, %tmp6" [MathieuHelpMe/Classifier.cpp:54]   --->   Operation 226 'add' 'tmp_s' <Predicate = (!exitcond1_i_i)> <Delay = 0.00> <Core = "TAddSub">   --->   Core 80 'TAddSub' <Latency = 0> <II = 1> <Delay = 2.06> <IPBlock> <Opcode : 'add' 'sub'> <InPorts = 3> <OutPorts = 1> <Sync> <CReg>
ST_6 : Operation 227 [1/1] (4.13ns) (root node of TernaryAdder)   --->   "%calculated_norm_V = add i24 %agg_result_V_write_a, %tmp_s" [MathieuHelpMe/Classifier.cpp:54]   --->   Operation 227 'add' 'calculated_norm_V' <Predicate = (!exitcond1_i_i)> <Delay = 4.13> <Core = "TAddSub">   --->   Core 80 'TAddSub' <Latency = 0> <II = 1> <Delay = 2.06> <IPBlock> <Opcode : 'add' 'sub'> <InPorts = 3> <OutPorts = 1> <Sync> <CReg>
ST_6 : Operation 228 [1/1] (0.00ns)   --->   "%empty_46 = call i32 (...)* @_ssdm_op_SpecRegionEnd([12 x i8]* @p_str4001, i32 %tmp_1_i_i)" [MathieuHelpMe/Classifier.cpp:60]   --->   Operation 228 'specregionend' 'empty_46' <Predicate = (!exitcond1_i_i)> <Delay = 0.00>
ST_6 : Operation 229 [1/1] (0.00ns)   --->   "br label %0" [MathieuHelpMe/Classifier.cpp:40]   --->   Operation 229 'br' <Predicate = (!exitcond1_i_i)> <Delay = 0.00>

State 7 <SV = 2> <Delay = 0.00>
ST_7 : Operation 230 [1/1] (0.00ns)   --->   "ret i24 %agg_result_V_write_a" [MathieuHelpMe/Classifier.cpp:54]   --->   Operation 230 'ret' <Predicate = true> <Delay = 0.00>


============================================================
+ Verbose Summary: Timing violations
============================================================
Target clock period: 10ns, clock uncertainty: 1.25ns.

 <State 1>: 3.63ns
The critical path consists of the following:
	wire read on port 'num_images' [13]  (0 ns)
	fifo write on port 'num_images_out' [75]  (3.63 ns)

 <State 2>: 2.34ns
The critical path consists of the following:
	'icmp' operation ('exitcond1_i_i', MathieuHelpMe/Classifier.cpp:40) [89]  (1.36 ns)
	blocking operation 0.978 ns on control path)

 <State 3>: 4.17ns
The critical path consists of the following:
	axis read on port 'in_stream_V_data_V' (MathieuHelpMe/Classifier.cpp:44) [96]  (0 ns)
	'mul' operation ('sq.V', MathieuHelpMe/Classifier.cpp:53) [136]  (4.17 ns)

 <State 4>: 6.48ns
The critical path consists of the following:
	axis read on port 'in_stream_V_data_V' (MathieuHelpMe/Classifier.cpp:44) [154]  (0 ns)
	'mul' operation ('sq.V', MathieuHelpMe/Classifier.cpp:53) [180]  (4.17 ns)
	'add' operation ('tmp1', MathieuHelpMe/Classifier.cpp:54) [214]  (2.31 ns)

 <State 5>: 8.31ns
The critical path consists of the following:
	'mul' operation ('sq.V', MathieuHelpMe/Classifier.cpp:53) [122]  (4.17 ns)
	'add' operation ('tmp10', MathieuHelpMe/Classifier.cpp:54) [223]  (0 ns)
	'add' operation ('tmp12', MathieuHelpMe/Classifier.cpp:54) [225]  (4.14 ns)

 <State 6>: 8.27ns
The critical path consists of the following:
	'add' operation ('tmp2', MathieuHelpMe/Classifier.cpp:54) [215]  (0 ns)
	'add' operation ('tmp6', MathieuHelpMe/Classifier.cpp:54) [219]  (4.14 ns)
	'add' operation ('tmp_s', MathieuHelpMe/Classifier.cpp:54) [227]  (0 ns)
	'add' operation ('calculated_norm.V', MathieuHelpMe/Classifier.cpp:54) [228]  (4.14 ns)

 <State 7>: 0ns
The critical path consists of the following:


============================================================
+ Verbose Summary: Binding
============================================================
N/A
* FSMD analyzer results:
  - Output states:
 - Input state : 
  - Chain level:
	State 1
	State 2
	State 3
	State 4
	State 5
	State 6
	State 7


============================================================
+ Verbose Summary: Datapath Resource usage 
============================================================
N/A
