

================================================================
== Vivado HLS Report for 'load_and_calc_norm'
================================================================
* Date:           Wed Feb 18 17:51:24 2026

* Version:        2018.2 (Build 2258646 on Thu Jun 14 20:25:20 MDT 2018)
* Project:        ADSD
* Solution:       solution1
* Product family: zynq
* Target device:  xc7z020clg484-1


================================================================
== Performance Estimates
================================================================
+ Timing (ns): 
    * Summary: 
    +--------+-------+----------+------------+
    |  Clock | Target| Estimated| Uncertainty|
    +--------+-------+----------+------------+
    |ap_clk  |  10.00|     8.274|        1.25|
    +--------+-------+----------+------------+

+ Latency (clock cycles): 
    * Summary: 
    +-----+-----+-----+-----+---------+
    |  Latency  |  Interval | Pipeline|
    | min | max | min | max |   Type  |
    +-----+-----+-----+-----+---------+
    |  101|  101|  101|  101|   none  |
    +-----+-----+-----+-----+---------+

    + Detail: 
        * Instance: 
        N/A

        * Loop: 
        +-------------+-----+-----+----------+-----------+-----------+------+----------+
        |             |  Latency  | Iteration|  Initiation Interval  | Trip |          |
        |  Loop Name  | min | max |  Latency |  achieved |   target  | Count| Pipelined|
        +-------------+-----+-----+----------+-----------+-----------+------+----------+
        |- load_loop  |   99|   99|         3|          1|          1|    98|    yes   |
        +-------------+-----+-----+----------+-----------+-----------+------+----------+

============================================================
+ Verbose Summary: Synthesis Manager
============================================================
InlineROM: 1
ExposeGlobal: 0
============================================================
+ Verbose Summary: CDFG Model
============================================================
IsTopModel: 0
ResetActiveHigh: 1
IsCombinational: 2
IsDatapathOnly: 0
HasWiredReturn: 1
HasMFsm: 0
HasVarLatency: 1
IsPipeline: 0
IsRtlPipelined: 0
IsInstanceOverlapped: 0
IsDontTouch: 0
HasImplIP: 0
IsGatedGlobalClock: 0

+ Individual pipeline summary: 
  * Pipeline-0: initiation interval (II) = 1, depth = 3


============================================================
+ Verbose Summary: Schedule
============================================================
* Number of FSM states : 5
* Pipeline : 1
  Pipeline-0 : II = 1, D = 3, States = { 2 3 4 }
* Dataflow Pipeline: 0

* FSM state transitions: 
1 --> 
	2  / true
2 --> 
	5  / (exitcond1)
	3  / (!exitcond1)
3 --> 
	4  / true
4 --> 
	2  / true
5 --> 

* FSM state operations: 

State 1 <SV = 0> <Delay = 1.76>
ST_1 : Operation 6 [1/1] (0.00ns)   --->   "call void (...)* @_ssdm_op_SpecInterface(i64* %in_stream_V_data_V, i8* %in_stream_V_keep_V, i8* %in_stream_V_strb_V, i1* %in_stream_V_user_V, i1* %in_stream_V_last_V, i1* %in_stream_V_id_V, i1* %in_stream_V_dest_V, [5 x i8]* @p_str1546, i32 1, i32 1, [5 x i8]* @p_str1647, i32 0, i32 0, [1 x i8]* @p_str35, [1 x i8]* @p_str35, [1 x i8]* @p_str35, i32 0, i32 0, i32 0, i32 0, [1 x i8]* @p_str35, [1 x i8]* @p_str35) nounwind"   --->   Operation 6 'specinterface' <Predicate = true> <Delay = 0.00>
ST_1 : Operation 7 [1/1] (1.76ns)   --->   "br label %1" [ADSD/Classifier.cpp:19]   --->   Operation 7 'br' <Predicate = true> <Delay = 1.76>

State 2 <SV = 1> <Delay = 2.46>
ST_2 : Operation 8 [1/1] (0.00ns)   --->   "%calculated_norm_V = phi i24 [ 0, %0 ], [ %p_Val2_4_7, %10 ]" [ADSD/Classifier.cpp:32]   --->   Operation 8 'phi' 'calculated_norm_V' <Predicate = true> <Delay = 0.00>
ST_2 : Operation 9 [1/1] (0.00ns)   --->   "%i = phi i7 [ 0, %0 ], [ %i_1, %10 ]"   --->   Operation 9 'phi' 'i' <Predicate = true> <Delay = 0.00>
ST_2 : Operation 10 [1/1] (1.48ns)   --->   "%exitcond1 = icmp eq i7 %i, -30" [ADSD/Classifier.cpp:19]   --->   Operation 10 'icmp' 'exitcond1' <Predicate = true> <Delay = 1.48> <Core = "Cmp">   --->   Core 25 'Cmp' <Latency = 0> <II = 1> <Delay = 1.48> <FuncUnit> <Opcode : 'icmp'> <InPorts = 2> <OutPorts = 1>
ST_2 : Operation 11 [1/1] (0.00ns)   --->   "%empty = call i32 (...)* @_ssdm_op_SpecLoopTripCount(i64 98, i64 98, i64 98)"   --->   Operation 11 'speclooptripcount' 'empty' <Predicate = true> <Delay = 0.00>
ST_2 : Operation 12 [1/1] (1.87ns)   --->   "%i_1 = add i7 %i, 1" [ADSD/Classifier.cpp:19]   --->   Operation 12 'add' 'i_1' <Predicate = true> <Delay = 1.87> <Core = "AddSub">   --->   Core 14 'AddSub' <Latency = 0> <II = 1> <Delay = 2.31> <FuncUnit> <Opcode : 'add' 'sub'> <InPorts = 2> <OutPorts = 1>
ST_2 : Operation 13 [1/1] (0.00ns)   --->   "br i1 %exitcond1, label %mergeST, label %2" [ADSD/Classifier.cpp:19]   --->   Operation 13 'br' <Predicate = true> <Delay = 0.00>
ST_2 : Operation 14 [2/2] (0.00ns)   --->   "%empty_32 = call { i64, i8, i8, i1, i1, i1, i1 } @_ssdm_op_Read.axis.volatile.i64P.i8P.i8P.i1P.i1P.i1P.i1P(i64* %in_stream_V_data_V, i8* %in_stream_V_keep_V, i8* %in_stream_V_strb_V, i1* %in_stream_V_user_V, i1* %in_stream_V_last_V, i1* %in_stream_V_id_V, i1* %in_stream_V_dest_V)" [ADSD/Classifier.cpp:22]   --->   Operation 14 'read' 'empty_32' <Predicate = (!exitcond1)> <Delay = 0.00> <Core = "AXI4Stream">   --->   Core 5 'AXI4Stream' <Latency = 0> <II = 1> <Delay = 1.00> <Adapter> <Opcode : >
ST_2 : Operation 15 [1/1] (0.00ns)   --->   "%tmp_2 = trunc i7 %i to i1" [ADSD/Classifier.cpp:28]   --->   Operation 15 'trunc' 'tmp_2' <Predicate = (!exitcond1)> <Delay = 0.00>
ST_2 : Operation 16 [1/1] (0.00ns)   --->   "%tmp_2_cast = call i6 @_ssdm_op_PartSelect.i6.i7.i32.i32(i7 %i, i32 1, i32 6)" [ADSD/Classifier.cpp:19]   --->   Operation 16 'partselect' 'tmp_2_cast' <Predicate = (!exitcond1)> <Delay = 0.00>
ST_2 : Operation 17 [1/1] (0.00ns)   --->   "br i1 %tmp_2, label %branch120, label %branch112" [ADSD/Classifier.cpp:29]   --->   Operation 17 'br' <Predicate = (!exitcond1)> <Delay = 0.00>
ST_2 : Operation 18 [1/1] (0.00ns)   --->   "br i1 %tmp_2, label %branch104, label %branch96" [ADSD/Classifier.cpp:29]   --->   Operation 18 'br' <Predicate = (!exitcond1)> <Delay = 0.00>
ST_2 : Operation 19 [1/1] (0.00ns)   --->   "br i1 %tmp_2, label %branch88, label %branch80" [ADSD/Classifier.cpp:29]   --->   Operation 19 'br' <Predicate = (!exitcond1)> <Delay = 0.00>
ST_2 : Operation 20 [1/1] (0.00ns)   --->   "br i1 %tmp_2, label %branch72, label %branch64" [ADSD/Classifier.cpp:29]   --->   Operation 20 'br' <Predicate = (!exitcond1)> <Delay = 0.00>
ST_2 : Operation 21 [1/1] (0.00ns)   --->   "br i1 %tmp_2, label %branch56, label %branch48" [ADSD/Classifier.cpp:29]   --->   Operation 21 'br' <Predicate = (!exitcond1)> <Delay = 0.00>
ST_2 : Operation 22 [1/1] (0.00ns)   --->   "br i1 %tmp_2, label %branch40, label %branch32" [ADSD/Classifier.cpp:29]   --->   Operation 22 'br' <Predicate = (!exitcond1)> <Delay = 0.00>
ST_2 : Operation 23 [1/1] (0.00ns)   --->   "br i1 %tmp_2, label %branch24, label %branch16" [ADSD/Classifier.cpp:29]   --->   Operation 23 'br' <Predicate = (!exitcond1)> <Delay = 0.00>
ST_2 : Operation 24 [1/1] (0.00ns)   --->   "br i1 %tmp_2, label %branch8, label %branch0" [ADSD/Classifier.cpp:29]   --->   Operation 24 'br' <Predicate = (!exitcond1)> <Delay = 0.00>

State 3 <SV = 2> <Delay = 6.48>
ST_3 : Operation 25 [1/2] (0.00ns)   --->   "%empty_32 = call { i64, i8, i8, i1, i1, i1, i1 } @_ssdm_op_Read.axis.volatile.i64P.i8P.i8P.i1P.i1P.i1P.i1P(i64* %in_stream_V_data_V, i8* %in_stream_V_keep_V, i8* %in_stream_V_strb_V, i1* %in_stream_V_user_V, i1* %in_stream_V_last_V, i1* %in_stream_V_id_V, i1* %in_stream_V_dest_V)" [ADSD/Classifier.cpp:22]   --->   Operation 25 'read' 'empty_32' <Predicate = (!exitcond1)> <Delay = 0.00> <Core = "AXI4Stream">   --->   Core 5 'AXI4Stream' <Latency = 0> <II = 1> <Delay = 1.00> <Adapter> <Opcode : >
ST_3 : Operation 26 [1/1] (0.00ns)   --->   "%tmp_data_V = extractvalue { i64, i8, i8, i1, i1, i1, i1 } %empty_32, 0" [ADSD/Classifier.cpp:22]   --->   Operation 26 'extractvalue' 'tmp_data_V' <Predicate = (!exitcond1)> <Delay = 0.00>
ST_3 : Operation 27 [1/1] (0.00ns)   --->   "%tmp_3 = trunc i64 %tmp_data_V to i8" [ADSD/Classifier.cpp:28]   --->   Operation 27 'trunc' 'tmp_3' <Predicate = (!exitcond1)> <Delay = 0.00>
ST_3 : Operation 28 [1/1] (0.00ns)   --->   "%newIndex1 = zext i6 %tmp_2_cast to i64" [ADSD/Classifier.cpp:19]   --->   Operation 28 'zext' 'newIndex1' <Predicate = (!exitcond1)> <Delay = 0.00>
ST_3 : Operation 29 [1/1] (0.00ns)   --->   "%x_local_0_V_addr = getelementptr [49 x i8]* %x_local_0_V, i64 0, i64 %newIndex1" [ADSD/Classifier.cpp:29]   --->   Operation 29 'getelementptr' 'x_local_0_V_addr' <Predicate = (!exitcond1)> <Delay = 0.00>
ST_3 : Operation 30 [1/1] (0.00ns)   --->   "%x_local_8_V_addr = getelementptr [49 x i8]* %x_local_8_V, i64 0, i64 %newIndex1" [ADSD/Classifier.cpp:29]   --->   Operation 30 'getelementptr' 'x_local_8_V_addr' <Predicate = (!exitcond1)> <Delay = 0.00>
ST_3 : Operation 31 [1/1] (2.32ns)   --->   "store i8 %tmp_3, i8* %x_local_0_V_addr, align 1" [ADSD/Classifier.cpp:29]   --->   Operation 31 'store' <Predicate = (!tmp_2)> <Delay = 2.32> <Core = "RAM">   --->   Core 37 'RAM' <Latency = 1> <II = 1> <Delay = 2.32> <Storage> <Opcode : 'load' 'store'> <Ports = 2> <Width = 8> <Depth = 49> <RAM>
ST_3 : Operation 32 [1/1] (0.00ns)   --->   "br label %3" [ADSD/Classifier.cpp:29]   --->   Operation 32 'br' <Predicate = (!tmp_2)> <Delay = 0.00>
ST_3 : Operation 33 [1/1] (2.32ns)   --->   "store i8 %tmp_3, i8* %x_local_8_V_addr, align 1" [ADSD/Classifier.cpp:29]   --->   Operation 33 'store' <Predicate = (tmp_2)> <Delay = 2.32> <Core = "RAM">   --->   Core 37 'RAM' <Latency = 1> <II = 1> <Delay = 2.32> <Storage> <Opcode : 'load' 'store'> <Ports = 2> <Width = 8> <Depth = 49> <RAM>
ST_3 : Operation 34 [1/1] (0.00ns)   --->   "br label %3" [ADSD/Classifier.cpp:29]   --->   Operation 34 'br' <Predicate = (tmp_2)> <Delay = 0.00>
ST_3 : Operation 35 [1/1] (0.00ns)   --->   "%OP1_V = sext i8 %tmp_3 to i16" [ADSD/Classifier.cpp:31]   --->   Operation 35 'sext' 'OP1_V' <Predicate = (!exitcond1)> <Delay = 0.00>
ST_3 : Operation 36 [1/1] (4.17ns)   --->   "%r_V = mul i16 %OP1_V, %OP1_V" [ADSD/Classifier.cpp:31]   --->   Operation 36 'mul' 'r_V' <Predicate = (!exitcond1)> <Delay = 4.17> <Core = "Mul">   --->   Core 16 'Mul' <Latency = 0> <II = 1> <Delay = 4.17> <FuncUnit> <Opcode : 'mul'> <InPorts = 2> <OutPorts = 1>
ST_3 : Operation 37 [1/1] (0.00ns)   --->   "%tmp_9 = call i24 @_ssdm_op_BitConcatenate.i24.i16.i8(i16 %r_V, i8 0)" [ADSD/Classifier.cpp:32]   --->   Operation 37 'bitconcatenate' 'tmp_9' <Predicate = (!exitcond1)> <Delay = 0.00>
ST_3 : Operation 38 [1/1] (0.00ns)   --->   "%p_Result_1 = call i8 @_ssdm_op_PartSelect.i8.i64.i32.i32(i64 %tmp_data_V, i32 8, i32 15)" [ADSD/Classifier.cpp:28]   --->   Operation 38 'partselect' 'p_Result_1' <Predicate = (!exitcond1)> <Delay = 0.00>
ST_3 : Operation 39 [1/1] (0.00ns)   --->   "%x_local_1_V_addr = getelementptr [49 x i8]* %x_local_1_V, i64 0, i64 %newIndex1" [ADSD/Classifier.cpp:29]   --->   Operation 39 'getelementptr' 'x_local_1_V_addr' <Predicate = (!exitcond1)> <Delay = 0.00>
ST_3 : Operation 40 [1/1] (0.00ns)   --->   "%x_local_9_V_addr = getelementptr [49 x i8]* %x_local_9_V, i64 0, i64 %newIndex1" [ADSD/Classifier.cpp:29]   --->   Operation 40 'getelementptr' 'x_local_9_V_addr' <Predicate = (!exitcond1)> <Delay = 0.00>
ST_3 : Operation 41 [1/1] (2.32ns)   --->   "store i8 %p_Result_1, i8* %x_local_1_V_addr, align 1" [ADSD/Classifier.cpp:29]   --->   Operation 41 'store' <Predicate = (!tmp_2)> <Delay = 2.32> <Core = "RAM">   --->   Core 37 'RAM' <Latency = 1> <II = 1> <Delay = 2.32> <Storage> <Opcode : 'load' 'store'> <Ports = 2> <Width = 8> <Depth = 49> <RAM>
ST_3 : Operation 42 [1/1] (0.00ns)   --->   "br label %4" [ADSD/Classifier.cpp:29]   --->   Operation 42 'br' <Predicate = (!tmp_2)> <Delay = 0.00>
ST_3 : Operation 43 [1/1] (2.32ns)   --->   "store i8 %p_Result_1, i8* %x_local_9_V_addr, align 1" [ADSD/Classifier.cpp:29]   --->   Operation 43 'store' <Predicate = (tmp_2)> <Delay = 2.32> <Core = "RAM">   --->   Core 37 'RAM' <Latency = 1> <II = 1> <Delay = 2.32> <Storage> <Opcode : 'load' 'store'> <Ports = 2> <Width = 8> <Depth = 49> <RAM>
ST_3 : Operation 44 [1/1] (0.00ns)   --->   "br label %4" [ADSD/Classifier.cpp:29]   --->   Operation 44 'br' <Predicate = (tmp_2)> <Delay = 0.00>
ST_3 : Operation 45 [1/1] (0.00ns)   --->   "%OP1_V_1 = sext i8 %p_Result_1 to i16" [ADSD/Classifier.cpp:31]   --->   Operation 45 'sext' 'OP1_V_1' <Predicate = (!exitcond1)> <Delay = 0.00>
ST_3 : Operation 46 [1/1] (4.17ns)   --->   "%r_V_1 = mul i16 %OP1_V_1, %OP1_V_1" [ADSD/Classifier.cpp:31]   --->   Operation 46 'mul' 'r_V_1' <Predicate = (!exitcond1)> <Delay = 4.17> <Core = "Mul">   --->   Core 16 'Mul' <Latency = 0> <II = 1> <Delay = 4.17> <FuncUnit> <Opcode : 'mul'> <InPorts = 2> <OutPorts = 1>
ST_3 : Operation 47 [1/1] (0.00ns)   --->   "%tmp_9_1 = call i24 @_ssdm_op_BitConcatenate.i24.i16.i8(i16 %r_V_1, i8 0)" [ADSD/Classifier.cpp:32]   --->   Operation 47 'bitconcatenate' 'tmp_9_1' <Predicate = (!exitcond1)> <Delay = 0.00>
ST_3 : Operation 48 [1/1] (0.00ns)   --->   "%p_Result_2 = call i8 @_ssdm_op_PartSelect.i8.i64.i32.i32(i64 %tmp_data_V, i32 16, i32 23)" [ADSD/Classifier.cpp:28]   --->   Operation 48 'partselect' 'p_Result_2' <Predicate = (!exitcond1)> <Delay = 0.00>
ST_3 : Operation 49 [1/1] (0.00ns)   --->   "%x_local_2_V_addr = getelementptr [49 x i8]* %x_local_2_V, i64 0, i64 %newIndex1" [ADSD/Classifier.cpp:29]   --->   Operation 49 'getelementptr' 'x_local_2_V_addr' <Predicate = (!exitcond1)> <Delay = 0.00>
ST_3 : Operation 50 [1/1] (0.00ns)   --->   "%x_local_10_V_addr = getelementptr [49 x i8]* %x_local_10_V, i64 0, i64 %newIndex1" [ADSD/Classifier.cpp:29]   --->   Operation 50 'getelementptr' 'x_local_10_V_addr' <Predicate = (!exitcond1)> <Delay = 0.00>
ST_3 : Operation 51 [1/1] (2.32ns)   --->   "store i8 %p_Result_2, i8* %x_local_2_V_addr, align 1" [ADSD/Classifier.cpp:29]   --->   Operation 51 'store' <Predicate = (!tmp_2)> <Delay = 2.32> <Core = "RAM">   --->   Core 37 'RAM' <Latency = 1> <II = 1> <Delay = 2.32> <Storage> <Opcode : 'load' 'store'> <Ports = 2> <Width = 8> <Depth = 49> <RAM>
ST_3 : Operation 52 [1/1] (0.00ns)   --->   "br label %5" [ADSD/Classifier.cpp:29]   --->   Operation 52 'br' <Predicate = (!tmp_2)> <Delay = 0.00>
ST_3 : Operation 53 [1/1] (2.32ns)   --->   "store i8 %p_Result_2, i8* %x_local_10_V_addr, align 1" [ADSD/Classifier.cpp:29]   --->   Operation 53 'store' <Predicate = (tmp_2)> <Delay = 2.32> <Core = "RAM">   --->   Core 37 'RAM' <Latency = 1> <II = 1> <Delay = 2.32> <Storage> <Opcode : 'load' 'store'> <Ports = 2> <Width = 8> <Depth = 49> <RAM>
ST_3 : Operation 54 [1/1] (0.00ns)   --->   "br label %5" [ADSD/Classifier.cpp:29]   --->   Operation 54 'br' <Predicate = (tmp_2)> <Delay = 0.00>
ST_3 : Operation 55 [1/1] (0.00ns)   --->   "%OP1_V_2 = sext i8 %p_Result_2 to i16" [ADSD/Classifier.cpp:31]   --->   Operation 55 'sext' 'OP1_V_2' <Predicate = (!exitcond1)> <Delay = 0.00>
ST_3 : Operation 56 [1/1] (4.17ns)   --->   "%r_V_2 = mul i16 %OP1_V_2, %OP1_V_2" [ADSD/Classifier.cpp:31]   --->   Operation 56 'mul' 'r_V_2' <Predicate = (!exitcond1)> <Delay = 4.17> <Core = "Mul">   --->   Core 16 'Mul' <Latency = 0> <II = 1> <Delay = 4.17> <FuncUnit> <Opcode : 'mul'> <InPorts = 2> <OutPorts = 1>
ST_3 : Operation 57 [1/1] (0.00ns)   --->   "%p_Result_3 = call i8 @_ssdm_op_PartSelect.i8.i64.i32.i32(i64 %tmp_data_V, i32 24, i32 31)" [ADSD/Classifier.cpp:28]   --->   Operation 57 'partselect' 'p_Result_3' <Predicate = (!exitcond1)> <Delay = 0.00>
ST_3 : Operation 58 [1/1] (0.00ns)   --->   "%x_local_3_V_addr = getelementptr [49 x i8]* %x_local_3_V, i64 0, i64 %newIndex1" [ADSD/Classifier.cpp:29]   --->   Operation 58 'getelementptr' 'x_local_3_V_addr' <Predicate = (!exitcond1)> <Delay = 0.00>
ST_3 : Operation 59 [1/1] (0.00ns)   --->   "%x_local_11_V_addr = getelementptr [49 x i8]* %x_local_11_V, i64 0, i64 %newIndex1" [ADSD/Classifier.cpp:29]   --->   Operation 59 'getelementptr' 'x_local_11_V_addr' <Predicate = (!exitcond1)> <Delay = 0.00>
ST_3 : Operation 60 [1/1] (2.32ns)   --->   "store i8 %p_Result_3, i8* %x_local_3_V_addr, align 1" [ADSD/Classifier.cpp:29]   --->   Operation 60 'store' <Predicate = (!tmp_2)> <Delay = 2.32> <Core = "RAM">   --->   Core 37 'RAM' <Latency = 1> <II = 1> <Delay = 2.32> <Storage> <Opcode : 'load' 'store'> <Ports = 2> <Width = 8> <Depth = 49> <RAM>
ST_3 : Operation 61 [1/1] (0.00ns)   --->   "br label %6" [ADSD/Classifier.cpp:29]   --->   Operation 61 'br' <Predicate = (!tmp_2)> <Delay = 0.00>
ST_3 : Operation 62 [1/1] (2.32ns)   --->   "store i8 %p_Result_3, i8* %x_local_11_V_addr, align 1" [ADSD/Classifier.cpp:29]   --->   Operation 62 'store' <Predicate = (tmp_2)> <Delay = 2.32> <Core = "RAM">   --->   Core 37 'RAM' <Latency = 1> <II = 1> <Delay = 2.32> <Storage> <Opcode : 'load' 'store'> <Ports = 2> <Width = 8> <Depth = 49> <RAM>
ST_3 : Operation 63 [1/1] (0.00ns)   --->   "br label %6" [ADSD/Classifier.cpp:29]   --->   Operation 63 'br' <Predicate = (tmp_2)> <Delay = 0.00>
ST_3 : Operation 64 [1/1] (0.00ns)   --->   "%OP1_V_3 = sext i8 %p_Result_3 to i16" [ADSD/Classifier.cpp:31]   --->   Operation 64 'sext' 'OP1_V_3' <Predicate = (!exitcond1)> <Delay = 0.00>
ST_3 : Operation 65 [1/1] (4.17ns)   --->   "%r_V_3 = mul i16 %OP1_V_3, %OP1_V_3" [ADSD/Classifier.cpp:31]   --->   Operation 65 'mul' 'r_V_3' <Predicate = (!exitcond1)> <Delay = 4.17> <Core = "Mul">   --->   Core 16 'Mul' <Latency = 0> <II = 1> <Delay = 4.17> <FuncUnit> <Opcode : 'mul'> <InPorts = 2> <OutPorts = 1>
ST_3 : Operation 66 [1/1] (0.00ns)   --->   "%p_Result_4 = call i8 @_ssdm_op_PartSelect.i8.i64.i32.i32(i64 %tmp_data_V, i32 32, i32 39)" [ADSD/Classifier.cpp:28]   --->   Operation 66 'partselect' 'p_Result_4' <Predicate = (!exitcond1)> <Delay = 0.00>
ST_3 : Operation 67 [1/1] (0.00ns)   --->   "%x_local_4_V_addr = getelementptr [49 x i8]* %x_local_4_V, i64 0, i64 %newIndex1" [ADSD/Classifier.cpp:29]   --->   Operation 67 'getelementptr' 'x_local_4_V_addr' <Predicate = (!exitcond1)> <Delay = 0.00>
ST_3 : Operation 68 [1/1] (0.00ns)   --->   "%x_local_12_V_addr = getelementptr [49 x i8]* %x_local_12_V, i64 0, i64 %newIndex1" [ADSD/Classifier.cpp:29]   --->   Operation 68 'getelementptr' 'x_local_12_V_addr' <Predicate = (!exitcond1)> <Delay = 0.00>
ST_3 : Operation 69 [1/1] (2.32ns)   --->   "store i8 %p_Result_4, i8* %x_local_4_V_addr, align 1" [ADSD/Classifier.cpp:29]   --->   Operation 69 'store' <Predicate = (!tmp_2)> <Delay = 2.32> <Core = "RAM">   --->   Core 37 'RAM' <Latency = 1> <II = 1> <Delay = 2.32> <Storage> <Opcode : 'load' 'store'> <Ports = 2> <Width = 8> <Depth = 49> <RAM>
ST_3 : Operation 70 [1/1] (0.00ns)   --->   "br label %7" [ADSD/Classifier.cpp:29]   --->   Operation 70 'br' <Predicate = (!tmp_2)> <Delay = 0.00>
ST_3 : Operation 71 [1/1] (2.32ns)   --->   "store i8 %p_Result_4, i8* %x_local_12_V_addr, align 1" [ADSD/Classifier.cpp:29]   --->   Operation 71 'store' <Predicate = (tmp_2)> <Delay = 2.32> <Core = "RAM">   --->   Core 37 'RAM' <Latency = 1> <II = 1> <Delay = 2.32> <Storage> <Opcode : 'load' 'store'> <Ports = 2> <Width = 8> <Depth = 49> <RAM>
ST_3 : Operation 72 [1/1] (0.00ns)   --->   "br label %7" [ADSD/Classifier.cpp:29]   --->   Operation 72 'br' <Predicate = (tmp_2)> <Delay = 0.00>
ST_3 : Operation 73 [1/1] (0.00ns)   --->   "%OP1_V_4 = sext i8 %p_Result_4 to i16" [ADSD/Classifier.cpp:31]   --->   Operation 73 'sext' 'OP1_V_4' <Predicate = (!exitcond1)> <Delay = 0.00>
ST_3 : Operation 74 [1/1] (4.17ns)   --->   "%r_V_4 = mul i16 %OP1_V_4, %OP1_V_4" [ADSD/Classifier.cpp:31]   --->   Operation 74 'mul' 'r_V_4' <Predicate = (!exitcond1)> <Delay = 4.17> <Core = "Mul">   --->   Core 16 'Mul' <Latency = 0> <II = 1> <Delay = 4.17> <FuncUnit> <Opcode : 'mul'> <InPorts = 2> <OutPorts = 1>
ST_3 : Operation 75 [1/1] (0.00ns)   --->   "%tmp_9_4 = call i24 @_ssdm_op_BitConcatenate.i24.i16.i8(i16 %r_V_4, i8 0)" [ADSD/Classifier.cpp:32]   --->   Operation 75 'bitconcatenate' 'tmp_9_4' <Predicate = (!exitcond1)> <Delay = 0.00>
ST_3 : Operation 76 [1/1] (0.00ns)   --->   "%p_Result_5 = call i8 @_ssdm_op_PartSelect.i8.i64.i32.i32(i64 %tmp_data_V, i32 40, i32 47)" [ADSD/Classifier.cpp:28]   --->   Operation 76 'partselect' 'p_Result_5' <Predicate = (!exitcond1)> <Delay = 0.00>
ST_3 : Operation 77 [1/1] (0.00ns)   --->   "%x_local_5_V_addr = getelementptr [49 x i8]* %x_local_5_V, i64 0, i64 %newIndex1" [ADSD/Classifier.cpp:29]   --->   Operation 77 'getelementptr' 'x_local_5_V_addr' <Predicate = (!exitcond1)> <Delay = 0.00>
ST_3 : Operation 78 [1/1] (0.00ns)   --->   "%x_local_13_V_addr = getelementptr [49 x i8]* %x_local_13_V, i64 0, i64 %newIndex1" [ADSD/Classifier.cpp:29]   --->   Operation 78 'getelementptr' 'x_local_13_V_addr' <Predicate = (!exitcond1)> <Delay = 0.00>
ST_3 : Operation 79 [1/1] (2.32ns)   --->   "store i8 %p_Result_5, i8* %x_local_5_V_addr, align 1" [ADSD/Classifier.cpp:29]   --->   Operation 79 'store' <Predicate = (!tmp_2)> <Delay = 2.32> <Core = "RAM">   --->   Core 37 'RAM' <Latency = 1> <II = 1> <Delay = 2.32> <Storage> <Opcode : 'load' 'store'> <Ports = 2> <Width = 8> <Depth = 49> <RAM>
ST_3 : Operation 80 [1/1] (0.00ns)   --->   "br label %8" [ADSD/Classifier.cpp:29]   --->   Operation 80 'br' <Predicate = (!tmp_2)> <Delay = 0.00>
ST_3 : Operation 81 [1/1] (2.32ns)   --->   "store i8 %p_Result_5, i8* %x_local_13_V_addr, align 1" [ADSD/Classifier.cpp:29]   --->   Operation 81 'store' <Predicate = (tmp_2)> <Delay = 2.32> <Core = "RAM">   --->   Core 37 'RAM' <Latency = 1> <II = 1> <Delay = 2.32> <Storage> <Opcode : 'load' 'store'> <Ports = 2> <Width = 8> <Depth = 49> <RAM>
ST_3 : Operation 82 [1/1] (0.00ns)   --->   "br label %8" [ADSD/Classifier.cpp:29]   --->   Operation 82 'br' <Predicate = (tmp_2)> <Delay = 0.00>
ST_3 : Operation 83 [1/1] (0.00ns)   --->   "%OP1_V_5 = sext i8 %p_Result_5 to i16" [ADSD/Classifier.cpp:31]   --->   Operation 83 'sext' 'OP1_V_5' <Predicate = (!exitcond1)> <Delay = 0.00>
ST_3 : Operation 84 [1/1] (4.17ns)   --->   "%r_V_5 = mul i16 %OP1_V_5, %OP1_V_5" [ADSD/Classifier.cpp:31]   --->   Operation 84 'mul' 'r_V_5' <Predicate = (!exitcond1)> <Delay = 4.17> <Core = "Mul">   --->   Core 16 'Mul' <Latency = 0> <II = 1> <Delay = 4.17> <FuncUnit> <Opcode : 'mul'> <InPorts = 2> <OutPorts = 1>
ST_3 : Operation 85 [1/1] (0.00ns)   --->   "%tmp_9_5 = call i24 @_ssdm_op_BitConcatenate.i24.i16.i8(i16 %r_V_5, i8 0)" [ADSD/Classifier.cpp:32]   --->   Operation 85 'bitconcatenate' 'tmp_9_5' <Predicate = (!exitcond1)> <Delay = 0.00>
ST_3 : Operation 86 [1/1] (0.00ns)   --->   "%p_Result_6 = call i8 @_ssdm_op_PartSelect.i8.i64.i32.i32(i64 %tmp_data_V, i32 48, i32 55)" [ADSD/Classifier.cpp:28]   --->   Operation 86 'partselect' 'p_Result_6' <Predicate = (!exitcond1)> <Delay = 0.00>
ST_3 : Operation 87 [1/1] (0.00ns)   --->   "%x_local_6_V_addr = getelementptr [49 x i8]* %x_local_6_V, i64 0, i64 %newIndex1" [ADSD/Classifier.cpp:29]   --->   Operation 87 'getelementptr' 'x_local_6_V_addr' <Predicate = (!exitcond1)> <Delay = 0.00>
ST_3 : Operation 88 [1/1] (0.00ns)   --->   "%x_local_14_V_addr = getelementptr [49 x i8]* %x_local_14_V, i64 0, i64 %newIndex1" [ADSD/Classifier.cpp:29]   --->   Operation 88 'getelementptr' 'x_local_14_V_addr' <Predicate = (!exitcond1)> <Delay = 0.00>
ST_3 : Operation 89 [1/1] (2.32ns)   --->   "store i8 %p_Result_6, i8* %x_local_6_V_addr, align 1" [ADSD/Classifier.cpp:29]   --->   Operation 89 'store' <Predicate = (!tmp_2)> <Delay = 2.32> <Core = "RAM">   --->   Core 37 'RAM' <Latency = 1> <II = 1> <Delay = 2.32> <Storage> <Opcode : 'load' 'store'> <Ports = 2> <Width = 8> <Depth = 49> <RAM>
ST_3 : Operation 90 [1/1] (0.00ns)   --->   "br label %9" [ADSD/Classifier.cpp:29]   --->   Operation 90 'br' <Predicate = (!tmp_2)> <Delay = 0.00>
ST_3 : Operation 91 [1/1] (2.32ns)   --->   "store i8 %p_Result_6, i8* %x_local_14_V_addr, align 1" [ADSD/Classifier.cpp:29]   --->   Operation 91 'store' <Predicate = (tmp_2)> <Delay = 2.32> <Core = "RAM">   --->   Core 37 'RAM' <Latency = 1> <II = 1> <Delay = 2.32> <Storage> <Opcode : 'load' 'store'> <Ports = 2> <Width = 8> <Depth = 49> <RAM>
ST_3 : Operation 92 [1/1] (0.00ns)   --->   "br label %9" [ADSD/Classifier.cpp:29]   --->   Operation 92 'br' <Predicate = (tmp_2)> <Delay = 0.00>
ST_3 : Operation 93 [1/1] (0.00ns)   --->   "%OP1_V_6 = sext i8 %p_Result_6 to i16" [ADSD/Classifier.cpp:31]   --->   Operation 93 'sext' 'OP1_V_6' <Predicate = (!exitcond1)> <Delay = 0.00>
ST_3 : Operation 94 [1/1] (4.17ns)   --->   "%r_V_6 = mul i16 %OP1_V_6, %OP1_V_6" [ADSD/Classifier.cpp:31]   --->   Operation 94 'mul' 'r_V_6' <Predicate = (!exitcond1)> <Delay = 4.17> <Core = "Mul">   --->   Core 16 'Mul' <Latency = 0> <II = 1> <Delay = 4.17> <FuncUnit> <Opcode : 'mul'> <InPorts = 2> <OutPorts = 1>
ST_3 : Operation 95 [1/1] (0.00ns)   --->   "%p_Result_7 = call i8 @_ssdm_op_PartSelect.i8.i64.i32.i32(i64 %tmp_data_V, i32 56, i32 63)" [ADSD/Classifier.cpp:28]   --->   Operation 95 'partselect' 'p_Result_7' <Predicate = (!exitcond1)> <Delay = 0.00>
ST_3 : Operation 96 [1/1] (0.00ns)   --->   "%x_local_7_V_addr = getelementptr [49 x i8]* %x_local_7_V, i64 0, i64 %newIndex1" [ADSD/Classifier.cpp:29]   --->   Operation 96 'getelementptr' 'x_local_7_V_addr' <Predicate = (!exitcond1)> <Delay = 0.00>
ST_3 : Operation 97 [1/1] (0.00ns)   --->   "%x_local_15_V_addr = getelementptr [49 x i8]* %x_local_15_V, i64 0, i64 %newIndex1" [ADSD/Classifier.cpp:29]   --->   Operation 97 'getelementptr' 'x_local_15_V_addr' <Predicate = (!exitcond1)> <Delay = 0.00>
ST_3 : Operation 98 [1/1] (2.32ns)   --->   "store i8 %p_Result_7, i8* %x_local_7_V_addr, align 1" [ADSD/Classifier.cpp:29]   --->   Operation 98 'store' <Predicate = (!tmp_2)> <Delay = 2.32> <Core = "RAM">   --->   Core 37 'RAM' <Latency = 1> <II = 1> <Delay = 2.32> <Storage> <Opcode : 'load' 'store'> <Ports = 2> <Width = 8> <Depth = 49> <RAM>
ST_3 : Operation 99 [1/1] (0.00ns)   --->   "br label %10" [ADSD/Classifier.cpp:29]   --->   Operation 99 'br' <Predicate = (!tmp_2)> <Delay = 0.00>
ST_3 : Operation 100 [1/1] (2.32ns)   --->   "store i8 %p_Result_7, i8* %x_local_15_V_addr, align 1" [ADSD/Classifier.cpp:29]   --->   Operation 100 'store' <Predicate = (tmp_2)> <Delay = 2.32> <Core = "RAM">   --->   Core 37 'RAM' <Latency = 1> <II = 1> <Delay = 2.32> <Storage> <Opcode : 'load' 'store'> <Ports = 2> <Width = 8> <Depth = 49> <RAM>
ST_3 : Operation 101 [1/1] (0.00ns)   --->   "br label %10" [ADSD/Classifier.cpp:29]   --->   Operation 101 'br' <Predicate = (tmp_2)> <Delay = 0.00>
ST_3 : Operation 102 [1/1] (0.00ns)   --->   "%OP1_V_7 = sext i8 %p_Result_7 to i16" [ADSD/Classifier.cpp:31]   --->   Operation 102 'sext' 'OP1_V_7' <Predicate = (!exitcond1)> <Delay = 0.00>
ST_3 : Operation 103 [1/1] (4.17ns)   --->   "%r_V_7 = mul i16 %OP1_V_7, %OP1_V_7" [ADSD/Classifier.cpp:31]   --->   Operation 103 'mul' 'r_V_7' <Predicate = (!exitcond1)> <Delay = 4.17> <Core = "Mul">   --->   Core 16 'Mul' <Latency = 0> <II = 1> <Delay = 4.17> <FuncUnit> <Opcode : 'mul'> <InPorts = 2> <OutPorts = 1>
ST_3 : Operation 104 [1/1] (2.31ns)   --->   "%tmp2 = add i24 %tmp_9_1, %tmp_9" [ADSD/Classifier.cpp:32]   --->   Operation 104 'add' 'tmp2' <Predicate = (!exitcond1)> <Delay = 2.31> <Core = "AddSub">   --->   Core 14 'AddSub' <Latency = 0> <II = 1> <Delay = 2.31> <FuncUnit> <Opcode : 'add' 'sub'> <InPorts = 2> <OutPorts = 1>
ST_3 : Operation 105 [1/1] (2.31ns)   --->   "%tmp5 = add i24 %tmp_9_5, %tmp_9_4" [ADSD/Classifier.cpp:32]   --->   Operation 105 'add' 'tmp5' <Predicate = (!exitcond1)> <Delay = 2.31> <Core = "AddSub">   --->   Core 14 'AddSub' <Latency = 0> <II = 1> <Delay = 2.31> <FuncUnit> <Opcode : 'add' 'sub'> <InPorts = 2> <OutPorts = 1>

State 4 <SV = 3> <Delay = 8.27>
ST_4 : Operation 106 [1/1] (0.00ns)   --->   "call void (...)* @_ssdm_op_SpecLoopName([10 x i8]* @p_str536) nounwind" [ADSD/Classifier.cpp:19]   --->   Operation 106 'specloopname' <Predicate = (!exitcond1)> <Delay = 0.00>
ST_4 : Operation 107 [1/1] (0.00ns)   --->   "%tmp = call i32 (...)* @_ssdm_op_SpecRegionBegin([10 x i8]* @p_str536)" [ADSD/Classifier.cpp:19]   --->   Operation 107 'specregionbegin' 'tmp' <Predicate = (!exitcond1)> <Delay = 0.00>
ST_4 : Operation 108 [1/1] (0.00ns)   --->   "call void (...)* @_ssdm_op_SpecPipeline(i32 1, i32 1, i32 1, i32 0, [1 x i8]* @p_str35) nounwind" [ADSD/Classifier.cpp:20]   --->   Operation 108 'specpipeline' <Predicate = (!exitcond1)> <Delay = 0.00>
ST_4 : Operation 109 [1/1] (0.00ns)   --->   "%tmp_9_2 = call i24 @_ssdm_op_BitConcatenate.i24.i16.i8(i16 %r_V_2, i8 0)" [ADSD/Classifier.cpp:32]   --->   Operation 109 'bitconcatenate' 'tmp_9_2' <Predicate = (!exitcond1)> <Delay = 0.00>
ST_4 : Operation 110 [1/1] (0.00ns)   --->   "%tmp_9_3 = call i24 @_ssdm_op_BitConcatenate.i24.i16.i8(i16 %r_V_3, i8 0)" [ADSD/Classifier.cpp:32]   --->   Operation 110 'bitconcatenate' 'tmp_9_3' <Predicate = (!exitcond1)> <Delay = 0.00>
ST_4 : Operation 111 [1/1] (0.00ns)   --->   "%tmp_9_6 = call i24 @_ssdm_op_BitConcatenate.i24.i16.i8(i16 %r_V_6, i8 0)" [ADSD/Classifier.cpp:32]   --->   Operation 111 'bitconcatenate' 'tmp_9_6' <Predicate = (!exitcond1)> <Delay = 0.00>
ST_4 : Operation 112 [1/1] (0.00ns)   --->   "%tmp_9_7 = call i24 @_ssdm_op_BitConcatenate.i24.i16.i8(i16 %r_V_7, i8 0)" [ADSD/Classifier.cpp:32]   --->   Operation 112 'bitconcatenate' 'tmp_9_7' <Predicate = (!exitcond1)> <Delay = 0.00>
ST_4 : Operation 113 [1/1] (0.00ns) (grouped into TernaryAdder)   --->   "%tmp3 = add i24 %tmp_9_3, %tmp_9_2" [ADSD/Classifier.cpp:32]   --->   Operation 113 'add' 'tmp3' <Predicate = (!exitcond1)> <Delay = 0.00> <Core = "TAddSub">   --->   Core 80 'TAddSub' <Latency = 0> <II = 1> <Delay = 2.06> <IPBlock> <Opcode : 'add' 'sub'> <InPorts = 3> <OutPorts = 1> <Sync> <CReg>
ST_4 : Operation 114 [1/1] (4.13ns) (root node of TernaryAdder)   --->   "%tmp1 = add i24 %tmp2, %tmp3" [ADSD/Classifier.cpp:32]   --->   Operation 114 'add' 'tmp1' <Predicate = (!exitcond1)> <Delay = 4.13> <Core = "TAddSub">   --->   Core 80 'TAddSub' <Latency = 0> <II = 1> <Delay = 2.06> <IPBlock> <Opcode : 'add' 'sub'> <InPorts = 3> <OutPorts = 1> <Sync> <CReg>
ST_4 : Operation 115 [1/1] (0.00ns) (grouped into TernaryAdder)   --->   "%tmp6 = add i24 %tmp_9_7, %tmp_9_6" [ADSD/Classifier.cpp:32]   --->   Operation 115 'add' 'tmp6' <Predicate = (!exitcond1)> <Delay = 0.00> <Core = "TAddSub">   --->   Core 80 'TAddSub' <Latency = 0> <II = 1> <Delay = 2.06> <IPBlock> <Opcode : 'add' 'sub'> <InPorts = 3> <OutPorts = 1> <Sync> <CReg>
ST_4 : Operation 116 [1/1] (4.13ns) (root node of TernaryAdder)   --->   "%tmp4 = add i24 %tmp5, %tmp6" [ADSD/Classifier.cpp:32]   --->   Operation 116 'add' 'tmp4' <Predicate = (!exitcond1)> <Delay = 4.13> <Core = "TAddSub">   --->   Core 80 'TAddSub' <Latency = 0> <II = 1> <Delay = 2.06> <IPBlock> <Opcode : 'add' 'sub'> <InPorts = 3> <OutPorts = 1> <Sync> <CReg>
ST_4 : Operation 117 [1/1] (0.00ns) (grouped into TernaryAdder)   --->   "%tmp_1 = add i24 %tmp1, %tmp4" [ADSD/Classifier.cpp:32]   --->   Operation 117 'add' 'tmp_1' <Predicate = (!exitcond1)> <Delay = 0.00> <Core = "TAddSub">   --->   Core 80 'TAddSub' <Latency = 0> <II = 1> <Delay = 2.06> <IPBlock> <Opcode : 'add' 'sub'> <InPorts = 3> <OutPorts = 1> <Sync> <CReg>
ST_4 : Operation 118 [1/1] (4.13ns) (root node of TernaryAdder)   --->   "%p_Val2_4_7 = add i24 %tmp_1, %calculated_norm_V" [ADSD/Classifier.cpp:32]   --->   Operation 118 'add' 'p_Val2_4_7' <Predicate = (!exitcond1)> <Delay = 4.13> <Core = "TAddSub">   --->   Core 80 'TAddSub' <Latency = 0> <II = 1> <Delay = 2.06> <IPBlock> <Opcode : 'add' 'sub'> <InPorts = 3> <OutPorts = 1> <Sync> <CReg>
ST_4 : Operation 119 [1/1] (0.00ns)   --->   "%empty_33 = call i32 (...)* @_ssdm_op_SpecRegionEnd([10 x i8]* @p_str536, i32 %tmp)" [ADSD/Classifier.cpp:34]   --->   Operation 119 'specregionend' 'empty_33' <Predicate = (!exitcond1)> <Delay = 0.00>
ST_4 : Operation 120 [1/1] (0.00ns)   --->   "br label %1" [ADSD/Classifier.cpp:19]   --->   Operation 120 'br' <Predicate = (!exitcond1)> <Delay = 0.00>

State 5 <SV = 2> <Delay = 0.00>
ST_5 : Operation 121 [1/1] (0.00ns)   --->   "ret i24 %calculated_norm_V" [ADSD/Classifier.cpp:35]   --->   Operation 121 'ret' <Predicate = true> <Delay = 0.00>


============================================================
+ Verbose Summary: Timing violations
============================================================
Target clock period: 10ns, clock uncertainty: 1.25ns.

 <State 1>: 1.77ns
The critical path consists of the following:
	multiplexor before 'phi' operation ('calculated_norm.V', ADSD/Classifier.cpp:32) with incoming values : ('p_Val2_4_7', ADSD/Classifier.cpp:32) [27]  (1.77 ns)

 <State 2>: 2.47ns
The critical path consists of the following:
	'icmp' operation ('exitcond1', ADSD/Classifier.cpp:19) [29]  (1.49 ns)
	blocking operation 0.978 ns on control path)

 <State 3>: 6.48ns
The critical path consists of the following:
	axis read on port 'in_stream_V_data_V' (ADSD/Classifier.cpp:22) [37]  (0 ns)
	'mul' operation ('r_V_4', ADSD/Classifier.cpp:31) [110]  (4.17 ns)
	'add' operation ('tmp5', ADSD/Classifier.cpp:32) [157]  (2.31 ns)

 <State 4>: 8.27ns
The critical path consists of the following:
	'add' operation ('tmp3', ADSD/Classifier.cpp:32) [155]  (0 ns)
	'add' operation ('tmp1', ADSD/Classifier.cpp:32) [156]  (4.14 ns)
	'add' operation ('tmp_1', ADSD/Classifier.cpp:32) [160]  (0 ns)
	'add' operation ('p_Val2_4_7', ADSD/Classifier.cpp:32) [161]  (4.14 ns)

 <State 5>: 0ns
The critical path consists of the following:


============================================================
+ Verbose Summary: Binding
============================================================
N/A
* FSMD analyzer results:
  - Output states:
 - Input state : 
  - Chain level:
	State 1
	State 2
	State 3
	State 4
	State 5


============================================================
+ Verbose Summary: Datapath Resource usage 
============================================================
N/A
