

================================================================
== Vivado HLS Report for 'load_and_calc_norm53'
================================================================
* Date:           Wed Mar  4 18:28:38 2026

* Version:        2018.2 (Build 2258646 on Thu Jun 14 20:25:20 MDT 2018)
* Project:        MathieuHelpMe
* Solution:       solution1
* Product family: zynq
* Target device:  xc7z020clg484-1


================================================================
== Performance Estimates
================================================================
+ Timing (ns): 
    * Summary: 
    +--------+-------+----------+------------+
    |  Clock | Target| Estimated| Uncertainty|
    +--------+-------+----------+------------+
    |ap_clk  |  10.00|     8.274|        1.25|
    +--------+-------+----------+------------+

+ Latency (clock cycles): 
    * Summary: 
    +-----+-----+-----+-----+---------+
    |  Latency  |  Interval | Pipeline|
    | min | max | min | max |   Type  |
    +-----+-----+-----+-----+---------+
    |  101|  101|  101|  101|   none  |
    +-----+-----+-----+-----+---------+

    + Detail: 
        * Instance: 
        N/A

        * Loop: 
        +----------+-----+-----+----------+-----------+-----------+------+----------+
        |          |  Latency  | Iteration|  Initiation Interval  | Trip |          |
        | Loop Name| min | max |  Latency |  achieved |   target  | Count| Pipelined|
        +----------+-----+-----+----------+-----------+-----------+------+----------+
        |- Loop 1  |   99|   99|         3|          1|          1|    98|    yes   |
        +----------+-----+-----+----------+-----------+-----------+------+----------+

============================================================
+ Verbose Summary: Synthesis Manager
============================================================
InlineROM: 1
ExposeGlobal: 0
============================================================
+ Verbose Summary: CDFG Model
============================================================
IsTopModel: 0
ResetActiveHigh: 1
IsCombinational: 2
IsDatapathOnly: 0
HasWiredReturn: 1
HasMFsm: 0
HasVarLatency: 1
IsPipeline: 0
IsRtlPipelined: 0
IsInstanceOverlapped: 0
IsDontTouch: 0
HasImplIP: 0
IsGatedGlobalClock: 0

+ Individual pipeline summary: 
  * Pipeline-0: initiation interval (II) = 1, depth = 3


============================================================
+ Verbose Summary: Schedule
============================================================
* Number of FSM states : 5
* Pipeline : 1
  Pipeline-0 : II = 1, D = 3, States = { 2 3 4 }
* Dataflow Pipeline: 0

* FSM state transitions: 
1 --> 
	2  / true
2 --> 
	5  / (exitcond1_i_i)
	3  / (!exitcond1_i_i)
3 --> 
	4  / true
4 --> 
	2  / true
5 --> 

* FSM state operations: 

State 1 <SV = 0> <Delay = 3.63>
ST_1 : Operation 6 [1/1] (0.00ns)   --->   "%num_images_read = call i32 @_ssdm_op_Read.ap_auto.i32(i32 %num_images)"   --->   Operation 6 'read' 'num_images_read' <Predicate = true> <Delay = 0.00>
ST_1 : Operation 7 [1/1] (0.00ns)   --->   "%n_read = call i31 @_ssdm_op_Read.ap_auto.i31(i31 %n)"   --->   Operation 7 'read' 'n_read' <Predicate = true> <Delay = 0.00>
ST_1 : Operation 8 [1/1] (0.00ns)   --->   "call void (...)* @_ssdm_op_SpecInterface(i64* %in_stream_V_data_V, i8* %in_stream_V_keep_V, i8* %in_stream_V_strb_V, i1* %in_stream_V_user_V, i1* %in_stream_V_last_V, i1* %in_stream_V_id_V, i1* %in_stream_V_dest_V, [5 x i8]* @p_str26, i32 1, i32 1, [5 x i8]* @p_str27, i32 0, i32 0, [1 x i8]* @p_str2, [1 x i8]* @p_str2, [1 x i8]* @p_str2, i32 0, i32 0, i32 0, i32 0, [1 x i8]* @p_str2, [1 x i8]* @p_str2) nounwind"   --->   Operation 8 'specinterface' <Predicate = true> <Delay = 0.00>
ST_1 : Operation 9 [1/1] (0.00ns)   --->   "call void (...)* @_ssdm_op_SpecInterface(i64* %in_stream_V_data_V, i8* %in_stream_V_keep_V, i8* %in_stream_V_strb_V, i1* %in_stream_V_user_V, i1* %in_stream_V_last_V, i1* %in_stream_V_id_V, i1* %in_stream_V_dest_V, [5 x i8]* @p_str26, i32 1, i32 1, [5 x i8]* @p_str27, i32 0, i32 0, [1 x i8]* @p_str2, [1 x i8]* @p_str2, [1 x i8]* @p_str2, i32 0, i32 0, i32 0, i32 0, [1 x i8]* @p_str2, [1 x i8]* @p_str2) nounwind"   --->   Operation 9 'specinterface' <Predicate = true> <Delay = 0.00>
ST_1 : Operation 10 [1/1] (0.00ns)   --->   "call void (...)* @_ssdm_op_SpecInterface(i64* %in_stream_V_data_V, i8* %in_stream_V_keep_V, i8* %in_stream_V_strb_V, i1* %in_stream_V_user_V, i1* %in_stream_V_last_V, i1* %in_stream_V_id_V, i1* %in_stream_V_dest_V, [5 x i8]* @p_str26, i32 1, i32 1, [5 x i8]* @p_str27, i32 0, i32 0, [1 x i8]* @p_str2, [1 x i8]* @p_str2, [1 x i8]* @p_str2, i32 0, i32 0, i32 0, i32 0, [1 x i8]* @p_str2, [1 x i8]* @p_str2) nounwind"   --->   Operation 10 'specinterface' <Predicate = true> <Delay = 0.00>
ST_1 : Operation 11 [1/1] (0.00ns)   --->   "call void (...)* @_ssdm_op_SpecInterface(i64* %in_stream_V_data_V, i8* %in_stream_V_keep_V, i8* %in_stream_V_strb_V, i1* %in_stream_V_user_V, i1* %in_stream_V_last_V, i1* %in_stream_V_id_V, i1* %in_stream_V_dest_V, [5 x i8]* @p_str26, i32 1, i32 1, [5 x i8]* @p_str27, i32 0, i32 0, [1 x i8]* @p_str2, [1 x i8]* @p_str2, [1 x i8]* @p_str2, i32 0, i32 0, i32 0, i32 0, [1 x i8]* @p_str2, [1 x i8]* @p_str2) nounwind"   --->   Operation 11 'specinterface' <Predicate = true> <Delay = 0.00>
ST_1 : Operation 12 [1/1] (0.00ns)   --->   "call void (...)* @_ssdm_op_SpecInterface(i64* %in_stream_V_data_V, i8* %in_stream_V_keep_V, i8* %in_stream_V_strb_V, i1* %in_stream_V_user_V, i1* %in_stream_V_last_V, i1* %in_stream_V_id_V, i1* %in_stream_V_dest_V, [5 x i8]* @p_str26, i32 1, i32 1, [5 x i8]* @p_str27, i32 0, i32 0, [1 x i8]* @p_str2, [1 x i8]* @p_str2, [1 x i8]* @p_str2, i32 0, i32 0, i32 0, i32 0, [1 x i8]* @p_str2, [1 x i8]* @p_str2) nounwind"   --->   Operation 12 'specinterface' <Predicate = true> <Delay = 0.00>
ST_1 : Operation 13 [1/1] (0.00ns)   --->   "call void (...)* @_ssdm_op_SpecInterface(i64* %in_stream_V_data_V, i8* %in_stream_V_keep_V, i8* %in_stream_V_strb_V, i1* %in_stream_V_user_V, i1* %in_stream_V_last_V, i1* %in_stream_V_id_V, i1* %in_stream_V_dest_V, [5 x i8]* @p_str26, i32 1, i32 1, [5 x i8]* @p_str27, i32 0, i32 0, [1 x i8]* @p_str2, [1 x i8]* @p_str2, [1 x i8]* @p_str2, i32 0, i32 0, i32 0, i32 0, [1 x i8]* @p_str2, [1 x i8]* @p_str2) nounwind"   --->   Operation 13 'specinterface' <Predicate = true> <Delay = 0.00>
ST_1 : Operation 14 [1/1] (0.00ns)   --->   "call void (...)* @_ssdm_op_SpecInterface(i64* %in_stream_V_data_V, i8* %in_stream_V_keep_V, i8* %in_stream_V_strb_V, i1* %in_stream_V_user_V, i1* %in_stream_V_last_V, i1* %in_stream_V_id_V, i1* %in_stream_V_dest_V, [5 x i8]* @p_str26, i32 1, i32 1, [5 x i8]* @p_str27, i32 0, i32 0, [1 x i8]* @p_str2, [1 x i8]* @p_str2, [1 x i8]* @p_str2, i32 0, i32 0, i32 0, i32 0, [1 x i8]* @p_str2, [1 x i8]* @p_str2) nounwind"   --->   Operation 14 'specinterface' <Predicate = true> <Delay = 0.00>
ST_1 : Operation 15 [1/1] (0.00ns)   --->   "call void (...)* @_ssdm_op_SpecInterface(i64* %in_stream_V_data_V, i8* %in_stream_V_keep_V, i8* %in_stream_V_strb_V, i1* %in_stream_V_user_V, i1* %in_stream_V_last_V, i1* %in_stream_V_id_V, i1* %in_stream_V_dest_V, [5 x i8]* @p_str26, i32 1, i32 1, [5 x i8]* @p_str27, i32 0, i32 0, [1 x i8]* @p_str2, [1 x i8]* @p_str2, [1 x i8]* @p_str2, i32 0, i32 0, i32 0, i32 0, [1 x i8]* @p_str2, [1 x i8]* @p_str2) nounwind"   --->   Operation 15 'specinterface' <Predicate = true> <Delay = 0.00>
ST_1 : Operation 16 [1/1] (0.00ns)   --->   "call void (...)* @_ssdm_op_SpecInterface(i64* %in_stream_V_data_V, i8* %in_stream_V_keep_V, i8* %in_stream_V_strb_V, i1* %in_stream_V_user_V, i1* %in_stream_V_last_V, i1* %in_stream_V_id_V, i1* %in_stream_V_dest_V, [5 x i8]* @p_str26, i32 1, i32 1, [5 x i8]* @p_str27, i32 0, i32 0, [1 x i8]* @p_str2, [1 x i8]* @p_str2, [1 x i8]* @p_str2, i32 0, i32 0, i32 0, i32 0, [1 x i8]* @p_str2, [1 x i8]* @p_str2) nounwind"   --->   Operation 16 'specinterface' <Predicate = true> <Delay = 0.00>
ST_1 : Operation 17 [1/1] (0.00ns)   --->   "call void (...)* @_ssdm_op_SpecInterface(i64* %in_stream_V_data_V, i8* %in_stream_V_keep_V, i8* %in_stream_V_strb_V, i1* %in_stream_V_user_V, i1* %in_stream_V_last_V, i1* %in_stream_V_id_V, i1* %in_stream_V_dest_V, [5 x i8]* @p_str26, i32 1, i32 1, [5 x i8]* @p_str27, i32 0, i32 0, [1 x i8]* @p_str2, [1 x i8]* @p_str2, [1 x i8]* @p_str2, i32 0, i32 0, i32 0, i32 0, [1 x i8]* @p_str2, [1 x i8]* @p_str2) nounwind"   --->   Operation 17 'specinterface' <Predicate = true> <Delay = 0.00>
ST_1 : Operation 18 [1/1] (0.00ns)   --->   "call void (...)* @_ssdm_op_SpecInterface(i64* %in_stream_V_data_V, i8* %in_stream_V_keep_V, i8* %in_stream_V_strb_V, i1* %in_stream_V_user_V, i1* %in_stream_V_last_V, i1* %in_stream_V_id_V, i1* %in_stream_V_dest_V, [5 x i8]* @p_str26, i32 1, i32 1, [5 x i8]* @p_str27, i32 0, i32 0, [1 x i8]* @p_str2, [1 x i8]* @p_str2, [1 x i8]* @p_str2, i32 0, i32 0, i32 0, i32 0, [1 x i8]* @p_str2, [1 x i8]* @p_str2) nounwind"   --->   Operation 18 'specinterface' <Predicate = true> <Delay = 0.00>
ST_1 : Operation 19 [1/1] (0.00ns)   --->   "call void (...)* @_ssdm_op_SpecInterface(i64* %in_stream_V_data_V, i8* %in_stream_V_keep_V, i8* %in_stream_V_strb_V, i1* %in_stream_V_user_V, i1* %in_stream_V_last_V, i1* %in_stream_V_id_V, i1* %in_stream_V_dest_V, [5 x i8]* @p_str26, i32 1, i32 1, [5 x i8]* @p_str27, i32 0, i32 0, [1 x i8]* @p_str2, [1 x i8]* @p_str2, [1 x i8]* @p_str2, i32 0, i32 0, i32 0, i32 0, [1 x i8]* @p_str2, [1 x i8]* @p_str2) nounwind"   --->   Operation 19 'specinterface' <Predicate = true> <Delay = 0.00>
ST_1 : Operation 20 [1/1] (0.00ns)   --->   "call void (...)* @_ssdm_op_SpecInterface(i64* %in_stream_V_data_V, i8* %in_stream_V_keep_V, i8* %in_stream_V_strb_V, i1* %in_stream_V_user_V, i1* %in_stream_V_last_V, i1* %in_stream_V_id_V, i1* %in_stream_V_dest_V, [5 x i8]* @p_str26, i32 1, i32 1, [5 x i8]* @p_str27, i32 0, i32 0, [1 x i8]* @p_str2, [1 x i8]* @p_str2, [1 x i8]* @p_str2, i32 0, i32 0, i32 0, i32 0, [1 x i8]* @p_str2, [1 x i8]* @p_str2) nounwind"   --->   Operation 20 'specinterface' <Predicate = true> <Delay = 0.00>
ST_1 : Operation 21 [1/1] (0.00ns)   --->   "call void (...)* @_ssdm_op_SpecInterface(i64* %in_stream_V_data_V, i8* %in_stream_V_keep_V, i8* %in_stream_V_strb_V, i1* %in_stream_V_user_V, i1* %in_stream_V_last_V, i1* %in_stream_V_id_V, i1* %in_stream_V_dest_V, [5 x i8]* @p_str26, i32 1, i32 1, [5 x i8]* @p_str27, i32 0, i32 0, [1 x i8]* @p_str2, [1 x i8]* @p_str2, [1 x i8]* @p_str2, i32 0, i32 0, i32 0, i32 0, [1 x i8]* @p_str2, [1 x i8]* @p_str2) nounwind"   --->   Operation 21 'specinterface' <Predicate = true> <Delay = 0.00>
ST_1 : Operation 22 [1/1] (0.00ns)   --->   "call void (...)* @_ssdm_op_SpecInterface(i64* %in_stream_V_data_V, i8* %in_stream_V_keep_V, i8* %in_stream_V_strb_V, i1* %in_stream_V_user_V, i1* %in_stream_V_last_V, i1* %in_stream_V_id_V, i1* %in_stream_V_dest_V, [5 x i8]* @p_str26, i32 1, i32 1, [5 x i8]* @p_str27, i32 0, i32 0, [1 x i8]* @p_str2, [1 x i8]* @p_str2, [1 x i8]* @p_str2, i32 0, i32 0, i32 0, i32 0, [1 x i8]* @p_str2, [1 x i8]* @p_str2) nounwind"   --->   Operation 22 'specinterface' <Predicate = true> <Delay = 0.00>
ST_1 : Operation 23 [1/1] (0.00ns)   --->   "call void (...)* @_ssdm_op_SpecInterface(i64* %in_stream_V_data_V, i8* %in_stream_V_keep_V, i8* %in_stream_V_strb_V, i1* %in_stream_V_user_V, i1* %in_stream_V_last_V, i1* %in_stream_V_id_V, i1* %in_stream_V_dest_V, [5 x i8]* @p_str26, i32 1, i32 1, [5 x i8]* @p_str27, i32 0, i32 0, [1 x i8]* @p_str2, [1 x i8]* @p_str2, [1 x i8]* @p_str2, i32 0, i32 0, i32 0, i32 0, [1 x i8]* @p_str2, [1 x i8]* @p_str2) nounwind"   --->   Operation 23 'specinterface' <Predicate = true> <Delay = 0.00>
ST_1 : Operation 24 [1/1] (0.00ns)   --->   "call void (...)* @_ssdm_op_SpecInterface(i64* %in_stream_V_data_V, i8* %in_stream_V_keep_V, i8* %in_stream_V_strb_V, i1* %in_stream_V_user_V, i1* %in_stream_V_last_V, i1* %in_stream_V_id_V, i1* %in_stream_V_dest_V, [5 x i8]* @p_str26, i32 1, i32 1, [5 x i8]* @p_str27, i32 0, i32 0, [1 x i8]* @p_str2, [1 x i8]* @p_str2, [1 x i8]* @p_str2, i32 0, i32 0, i32 0, i32 0, [1 x i8]* @p_str2, [1 x i8]* @p_str2) nounwind"   --->   Operation 24 'specinterface' <Predicate = true> <Delay = 0.00>
ST_1 : Operation 25 [1/1] (0.00ns)   --->   "call void (...)* @_ssdm_op_SpecInterface(i64* %in_stream_V_data_V, i8* %in_stream_V_keep_V, i8* %in_stream_V_strb_V, i1* %in_stream_V_user_V, i1* %in_stream_V_last_V, i1* %in_stream_V_id_V, i1* %in_stream_V_dest_V, [5 x i8]* @p_str26, i32 1, i32 1, [5 x i8]* @p_str27, i32 0, i32 0, [1 x i8]* @p_str2, [1 x i8]* @p_str2, [1 x i8]* @p_str2, i32 0, i32 0, i32 0, i32 0, [1 x i8]* @p_str2, [1 x i8]* @p_str2) nounwind"   --->   Operation 25 'specinterface' <Predicate = true> <Delay = 0.00>
ST_1 : Operation 26 [1/1] (0.00ns)   --->   "call void (...)* @_ssdm_op_SpecInterface(i64* %in_stream_V_data_V, i8* %in_stream_V_keep_V, i8* %in_stream_V_strb_V, i1* %in_stream_V_user_V, i1* %in_stream_V_last_V, i1* %in_stream_V_id_V, i1* %in_stream_V_dest_V, [5 x i8]* @p_str26, i32 1, i32 1, [5 x i8]* @p_str27, i32 0, i32 0, [1 x i8]* @p_str2, [1 x i8]* @p_str2, [1 x i8]* @p_str2, i32 0, i32 0, i32 0, i32 0, [1 x i8]* @p_str2, [1 x i8]* @p_str2) nounwind"   --->   Operation 26 'specinterface' <Predicate = true> <Delay = 0.00>
ST_1 : Operation 27 [1/1] (0.00ns)   --->   "call void (...)* @_ssdm_op_SpecInterface(i64* %in_stream_V_data_V, i8* %in_stream_V_keep_V, i8* %in_stream_V_strb_V, i1* %in_stream_V_user_V, i1* %in_stream_V_last_V, i1* %in_stream_V_id_V, i1* %in_stream_V_dest_V, [5 x i8]* @p_str26, i32 1, i32 1, [5 x i8]* @p_str27, i32 0, i32 0, [1 x i8]* @p_str2, [1 x i8]* @p_str2, [1 x i8]* @p_str2, i32 0, i32 0, i32 0, i32 0, [1 x i8]* @p_str2, [1 x i8]* @p_str2) nounwind"   --->   Operation 27 'specinterface' <Predicate = true> <Delay = 0.00>
ST_1 : Operation 28 [1/1] (0.00ns)   --->   "call void (...)* @_ssdm_op_SpecInterface(i64* %in_stream_V_data_V, i8* %in_stream_V_keep_V, i8* %in_stream_V_strb_V, i1* %in_stream_V_user_V, i1* %in_stream_V_last_V, i1* %in_stream_V_id_V, i1* %in_stream_V_dest_V, [5 x i8]* @p_str26, i32 1, i32 1, [5 x i8]* @p_str27, i32 0, i32 0, [1 x i8]* @p_str2, [1 x i8]* @p_str2, [1 x i8]* @p_str2, i32 0, i32 0, i32 0, i32 0, [1 x i8]* @p_str2, [1 x i8]* @p_str2) nounwind"   --->   Operation 28 'specinterface' <Predicate = true> <Delay = 0.00>
ST_1 : Operation 29 [1/1] (0.00ns)   --->   "call void (...)* @_ssdm_op_SpecInterface(i64* %in_stream_V_data_V, i8* %in_stream_V_keep_V, i8* %in_stream_V_strb_V, i1* %in_stream_V_user_V, i1* %in_stream_V_last_V, i1* %in_stream_V_id_V, i1* %in_stream_V_dest_V, [5 x i8]* @p_str26, i32 1, i32 1, [5 x i8]* @p_str27, i32 0, i32 0, [1 x i8]* @p_str2, [1 x i8]* @p_str2, [1 x i8]* @p_str2, i32 0, i32 0, i32 0, i32 0, [1 x i8]* @p_str2, [1 x i8]* @p_str2) nounwind"   --->   Operation 29 'specinterface' <Predicate = true> <Delay = 0.00>
ST_1 : Operation 30 [1/1] (0.00ns)   --->   "call void (...)* @_ssdm_op_SpecInterface(i64* %in_stream_V_data_V, i8* %in_stream_V_keep_V, i8* %in_stream_V_strb_V, i1* %in_stream_V_user_V, i1* %in_stream_V_last_V, i1* %in_stream_V_id_V, i1* %in_stream_V_dest_V, [5 x i8]* @p_str26, i32 1, i32 1, [5 x i8]* @p_str27, i32 0, i32 0, [1 x i8]* @p_str2, [1 x i8]* @p_str2, [1 x i8]* @p_str2, i32 0, i32 0, i32 0, i32 0, [1 x i8]* @p_str2, [1 x i8]* @p_str2) nounwind"   --->   Operation 30 'specinterface' <Predicate = true> <Delay = 0.00>
ST_1 : Operation 31 [1/1] (0.00ns)   --->   "call void (...)* @_ssdm_op_SpecInterface(i64* %in_stream_V_data_V, i8* %in_stream_V_keep_V, i8* %in_stream_V_strb_V, i1* %in_stream_V_user_V, i1* %in_stream_V_last_V, i1* %in_stream_V_id_V, i1* %in_stream_V_dest_V, [5 x i8]* @p_str26, i32 1, i32 1, [5 x i8]* @p_str27, i32 0, i32 0, [1 x i8]* @p_str2, [1 x i8]* @p_str2, [1 x i8]* @p_str2, i32 0, i32 0, i32 0, i32 0, [1 x i8]* @p_str2, [1 x i8]* @p_str2) nounwind"   --->   Operation 31 'specinterface' <Predicate = true> <Delay = 0.00>
ST_1 : Operation 32 [1/1] (0.00ns)   --->   "call void (...)* @_ssdm_op_SpecInterface(i64* %in_stream_V_data_V, i8* %in_stream_V_keep_V, i8* %in_stream_V_strb_V, i1* %in_stream_V_user_V, i1* %in_stream_V_last_V, i1* %in_stream_V_id_V, i1* %in_stream_V_dest_V, [5 x i8]* @p_str26, i32 1, i32 1, [5 x i8]* @p_str27, i32 0, i32 0, [1 x i8]* @p_str2, [1 x i8]* @p_str2, [1 x i8]* @p_str2, i32 0, i32 0, i32 0, i32 0, [1 x i8]* @p_str2, [1 x i8]* @p_str2) nounwind"   --->   Operation 32 'specinterface' <Predicate = true> <Delay = 0.00>
ST_1 : Operation 33 [1/1] (0.00ns)   --->   "call void (...)* @_ssdm_op_SpecInterface(i64* %in_stream_V_data_V, i8* %in_stream_V_keep_V, i8* %in_stream_V_strb_V, i1* %in_stream_V_user_V, i1* %in_stream_V_last_V, i1* %in_stream_V_id_V, i1* %in_stream_V_dest_V, [5 x i8]* @p_str26, i32 1, i32 1, [5 x i8]* @p_str27, i32 0, i32 0, [1 x i8]* @p_str2, [1 x i8]* @p_str2, [1 x i8]* @p_str2, i32 0, i32 0, i32 0, i32 0, [1 x i8]* @p_str2, [1 x i8]* @p_str2) nounwind"   --->   Operation 33 'specinterface' <Predicate = true> <Delay = 0.00>
ST_1 : Operation 34 [1/1] (0.00ns)   --->   "call void (...)* @_ssdm_op_SpecInterface(i64* %in_stream_V_data_V, i8* %in_stream_V_keep_V, i8* %in_stream_V_strb_V, i1* %in_stream_V_user_V, i1* %in_stream_V_last_V, i1* %in_stream_V_id_V, i1* %in_stream_V_dest_V, [5 x i8]* @p_str26, i32 1, i32 1, [5 x i8]* @p_str27, i32 0, i32 0, [1 x i8]* @p_str2, [1 x i8]* @p_str2, [1 x i8]* @p_str2, i32 0, i32 0, i32 0, i32 0, [1 x i8]* @p_str2, [1 x i8]* @p_str2) nounwind"   --->   Operation 34 'specinterface' <Predicate = true> <Delay = 0.00>
ST_1 : Operation 35 [1/1] (0.00ns)   --->   "call void (...)* @_ssdm_op_SpecInterface(i64* %in_stream_V_data_V, i8* %in_stream_V_keep_V, i8* %in_stream_V_strb_V, i1* %in_stream_V_user_V, i1* %in_stream_V_last_V, i1* %in_stream_V_id_V, i1* %in_stream_V_dest_V, [5 x i8]* @p_str26, i32 1, i32 1, [5 x i8]* @p_str27, i32 0, i32 0, [1 x i8]* @p_str2, [1 x i8]* @p_str2, [1 x i8]* @p_str2, i32 0, i32 0, i32 0, i32 0, [1 x i8]* @p_str2, [1 x i8]* @p_str2) nounwind"   --->   Operation 35 'specinterface' <Predicate = true> <Delay = 0.00>
ST_1 : Operation 36 [1/1] (0.00ns)   --->   "call void (...)* @_ssdm_op_SpecInterface(i64* %in_stream_V_data_V, i8* %in_stream_V_keep_V, i8* %in_stream_V_strb_V, i1* %in_stream_V_user_V, i1* %in_stream_V_last_V, i1* %in_stream_V_id_V, i1* %in_stream_V_dest_V, [5 x i8]* @p_str26, i32 1, i32 1, [5 x i8]* @p_str27, i32 0, i32 0, [1 x i8]* @p_str2, [1 x i8]* @p_str2, [1 x i8]* @p_str2, i32 0, i32 0, i32 0, i32 0, [1 x i8]* @p_str2, [1 x i8]* @p_str2) nounwind"   --->   Operation 36 'specinterface' <Predicate = true> <Delay = 0.00>
ST_1 : Operation 37 [1/1] (0.00ns)   --->   "call void (...)* @_ssdm_op_SpecInterface(i64* %in_stream_V_data_V, i8* %in_stream_V_keep_V, i8* %in_stream_V_strb_V, i1* %in_stream_V_user_V, i1* %in_stream_V_last_V, i1* %in_stream_V_id_V, i1* %in_stream_V_dest_V, [5 x i8]* @p_str26, i32 1, i32 1, [5 x i8]* @p_str27, i32 0, i32 0, [1 x i8]* @p_str2, [1 x i8]* @p_str2, [1 x i8]* @p_str2, i32 0, i32 0, i32 0, i32 0, [1 x i8]* @p_str2, [1 x i8]* @p_str2) nounwind"   --->   Operation 37 'specinterface' <Predicate = true> <Delay = 0.00>
ST_1 : Operation 38 [1/1] (0.00ns)   --->   "call void (...)* @_ssdm_op_SpecInterface(i64* %in_stream_V_data_V, i8* %in_stream_V_keep_V, i8* %in_stream_V_strb_V, i1* %in_stream_V_user_V, i1* %in_stream_V_last_V, i1* %in_stream_V_id_V, i1* %in_stream_V_dest_V, [5 x i8]* @p_str26, i32 1, i32 1, [5 x i8]* @p_str27, i32 0, i32 0, [1 x i8]* @p_str2, [1 x i8]* @p_str2, [1 x i8]* @p_str2, i32 0, i32 0, i32 0, i32 0, [1 x i8]* @p_str2, [1 x i8]* @p_str2) nounwind"   --->   Operation 38 'specinterface' <Predicate = true> <Delay = 0.00>
ST_1 : Operation 39 [1/1] (0.00ns)   --->   "call void (...)* @_ssdm_op_SpecInterface(i64* %in_stream_V_data_V, i8* %in_stream_V_keep_V, i8* %in_stream_V_strb_V, i1* %in_stream_V_user_V, i1* %in_stream_V_last_V, i1* %in_stream_V_id_V, i1* %in_stream_V_dest_V, [5 x i8]* @p_str26, i32 1, i32 1, [5 x i8]* @p_str27, i32 0, i32 0, [1 x i8]* @p_str2, [1 x i8]* @p_str2, [1 x i8]* @p_str2, i32 0, i32 0, i32 0, i32 0, [1 x i8]* @p_str2, [1 x i8]* @p_str2) nounwind"   --->   Operation 39 'specinterface' <Predicate = true> <Delay = 0.00>
ST_1 : Operation 40 [1/1] (0.00ns)   --->   "call void (...)* @_ssdm_op_SpecInterface(i64* %in_stream_V_data_V, i8* %in_stream_V_keep_V, i8* %in_stream_V_strb_V, i1* %in_stream_V_user_V, i1* %in_stream_V_last_V, i1* %in_stream_V_id_V, i1* %in_stream_V_dest_V, [5 x i8]* @p_str26, i32 1, i32 1, [5 x i8]* @p_str27, i32 0, i32 0, [1 x i8]* @p_str2, [1 x i8]* @p_str2, [1 x i8]* @p_str2, i32 0, i32 0, i32 0, i32 0, [1 x i8]* @p_str2, [1 x i8]* @p_str2) nounwind"   --->   Operation 40 'specinterface' <Predicate = true> <Delay = 0.00>
ST_1 : Operation 41 [1/1] (0.00ns)   --->   "call void (...)* @_ssdm_op_SpecInterface(i64* %in_stream_V_data_V, i8* %in_stream_V_keep_V, i8* %in_stream_V_strb_V, i1* %in_stream_V_user_V, i1* %in_stream_V_last_V, i1* %in_stream_V_id_V, i1* %in_stream_V_dest_V, [5 x i8]* @p_str26, i32 1, i32 1, [5 x i8]* @p_str27, i32 0, i32 0, [1 x i8]* @p_str2, [1 x i8]* @p_str2, [1 x i8]* @p_str2, i32 0, i32 0, i32 0, i32 0, [1 x i8]* @p_str2, [1 x i8]* @p_str2) nounwind"   --->   Operation 41 'specinterface' <Predicate = true> <Delay = 0.00>
ST_1 : Operation 42 [1/1] (0.00ns)   --->   "call void (...)* @_ssdm_op_SpecInterface(i64* %in_stream_V_data_V, i8* %in_stream_V_keep_V, i8* %in_stream_V_strb_V, i1* %in_stream_V_user_V, i1* %in_stream_V_last_V, i1* %in_stream_V_id_V, i1* %in_stream_V_dest_V, [5 x i8]* @p_str26, i32 1, i32 1, [5 x i8]* @p_str27, i32 0, i32 0, [1 x i8]* @p_str2, [1 x i8]* @p_str2, [1 x i8]* @p_str2, i32 0, i32 0, i32 0, i32 0, [1 x i8]* @p_str2, [1 x i8]* @p_str2) nounwind"   --->   Operation 42 'specinterface' <Predicate = true> <Delay = 0.00>
ST_1 : Operation 43 [1/1] (0.00ns)   --->   "call void (...)* @_ssdm_op_SpecInterface(i64* %in_stream_V_data_V, i8* %in_stream_V_keep_V, i8* %in_stream_V_strb_V, i1* %in_stream_V_user_V, i1* %in_stream_V_last_V, i1* %in_stream_V_id_V, i1* %in_stream_V_dest_V, [5 x i8]* @p_str26, i32 1, i32 1, [5 x i8]* @p_str27, i32 0, i32 0, [1 x i8]* @p_str2, [1 x i8]* @p_str2, [1 x i8]* @p_str2, i32 0, i32 0, i32 0, i32 0, [1 x i8]* @p_str2, [1 x i8]* @p_str2) nounwind"   --->   Operation 43 'specinterface' <Predicate = true> <Delay = 0.00>
ST_1 : Operation 44 [1/1] (0.00ns)   --->   "call void (...)* @_ssdm_op_SpecInterface(i64* %in_stream_V_data_V, i8* %in_stream_V_keep_V, i8* %in_stream_V_strb_V, i1* %in_stream_V_user_V, i1* %in_stream_V_last_V, i1* %in_stream_V_id_V, i1* %in_stream_V_dest_V, [5 x i8]* @p_str26, i32 1, i32 1, [5 x i8]* @p_str27, i32 0, i32 0, [1 x i8]* @p_str2, [1 x i8]* @p_str2, [1 x i8]* @p_str2, i32 0, i32 0, i32 0, i32 0, [1 x i8]* @p_str2, [1 x i8]* @p_str2) nounwind"   --->   Operation 44 'specinterface' <Predicate = true> <Delay = 0.00>
ST_1 : Operation 45 [1/1] (0.00ns)   --->   "call void (...)* @_ssdm_op_SpecInterface(i64* %in_stream_V_data_V, i8* %in_stream_V_keep_V, i8* %in_stream_V_strb_V, i1* %in_stream_V_user_V, i1* %in_stream_V_last_V, i1* %in_stream_V_id_V, i1* %in_stream_V_dest_V, [5 x i8]* @p_str26, i32 1, i32 1, [5 x i8]* @p_str27, i32 0, i32 0, [1 x i8]* @p_str2, [1 x i8]* @p_str2, [1 x i8]* @p_str2, i32 0, i32 0, i32 0, i32 0, [1 x i8]* @p_str2, [1 x i8]* @p_str2) nounwind"   --->   Operation 45 'specinterface' <Predicate = true> <Delay = 0.00>
ST_1 : Operation 46 [1/1] (0.00ns)   --->   "call void (...)* @_ssdm_op_SpecInterface(i64* %in_stream_V_data_V, i8* %in_stream_V_keep_V, i8* %in_stream_V_strb_V, i1* %in_stream_V_user_V, i1* %in_stream_V_last_V, i1* %in_stream_V_id_V, i1* %in_stream_V_dest_V, [5 x i8]* @p_str26, i32 1, i32 1, [5 x i8]* @p_str27, i32 0, i32 0, [1 x i8]* @p_str2, [1 x i8]* @p_str2, [1 x i8]* @p_str2, i32 0, i32 0, i32 0, i32 0, [1 x i8]* @p_str2, [1 x i8]* @p_str2) nounwind"   --->   Operation 46 'specinterface' <Predicate = true> <Delay = 0.00>
ST_1 : Operation 47 [1/1] (0.00ns)   --->   "call void (...)* @_ssdm_op_SpecInterface(i64* %in_stream_V_data_V, i8* %in_stream_V_keep_V, i8* %in_stream_V_strb_V, i1* %in_stream_V_user_V, i1* %in_stream_V_last_V, i1* %in_stream_V_id_V, i1* %in_stream_V_dest_V, [5 x i8]* @p_str26, i32 1, i32 1, [5 x i8]* @p_str27, i32 0, i32 0, [1 x i8]* @p_str2, [1 x i8]* @p_str2, [1 x i8]* @p_str2, i32 0, i32 0, i32 0, i32 0, [1 x i8]* @p_str2, [1 x i8]* @p_str2) nounwind"   --->   Operation 47 'specinterface' <Predicate = true> <Delay = 0.00>
ST_1 : Operation 48 [1/1] (0.00ns)   --->   "call void (...)* @_ssdm_op_SpecInterface(i64* %in_stream_V_data_V, i8* %in_stream_V_keep_V, i8* %in_stream_V_strb_V, i1* %in_stream_V_user_V, i1* %in_stream_V_last_V, i1* %in_stream_V_id_V, i1* %in_stream_V_dest_V, [5 x i8]* @p_str26, i32 1, i32 1, [5 x i8]* @p_str27, i32 0, i32 0, [1 x i8]* @p_str2, [1 x i8]* @p_str2, [1 x i8]* @p_str2, i32 0, i32 0, i32 0, i32 0, [1 x i8]* @p_str2, [1 x i8]* @p_str2) nounwind"   --->   Operation 48 'specinterface' <Predicate = true> <Delay = 0.00>
ST_1 : Operation 49 [1/1] (0.00ns)   --->   "call void (...)* @_ssdm_op_SpecInterface(i64* %in_stream_V_data_V, i8* %in_stream_V_keep_V, i8* %in_stream_V_strb_V, i1* %in_stream_V_user_V, i1* %in_stream_V_last_V, i1* %in_stream_V_id_V, i1* %in_stream_V_dest_V, [5 x i8]* @p_str26, i32 1, i32 1, [5 x i8]* @p_str27, i32 0, i32 0, [1 x i8]* @p_str2, [1 x i8]* @p_str2, [1 x i8]* @p_str2, i32 0, i32 0, i32 0, i32 0, [1 x i8]* @p_str2, [1 x i8]* @p_str2) nounwind"   --->   Operation 49 'specinterface' <Predicate = true> <Delay = 0.00>
ST_1 : Operation 50 [1/1] (0.00ns)   --->   "call void (...)* @_ssdm_op_SpecInterface(i64* %in_stream_V_data_V, i8* %in_stream_V_keep_V, i8* %in_stream_V_strb_V, i1* %in_stream_V_user_V, i1* %in_stream_V_last_V, i1* %in_stream_V_id_V, i1* %in_stream_V_dest_V, [5 x i8]* @p_str26, i32 1, i32 1, [5 x i8]* @p_str27, i32 0, i32 0, [1 x i8]* @p_str2, [1 x i8]* @p_str2, [1 x i8]* @p_str2, i32 0, i32 0, i32 0, i32 0, [1 x i8]* @p_str2, [1 x i8]* @p_str2) nounwind"   --->   Operation 50 'specinterface' <Predicate = true> <Delay = 0.00>
ST_1 : Operation 51 [1/1] (0.00ns)   --->   "call void (...)* @_ssdm_op_SpecInterface(i64* %in_stream_V_data_V, i8* %in_stream_V_keep_V, i8* %in_stream_V_strb_V, i1* %in_stream_V_user_V, i1* %in_stream_V_last_V, i1* %in_stream_V_id_V, i1* %in_stream_V_dest_V, [5 x i8]* @p_str26, i32 1, i32 1, [5 x i8]* @p_str27, i32 0, i32 0, [1 x i8]* @p_str2, [1 x i8]* @p_str2, [1 x i8]* @p_str2, i32 0, i32 0, i32 0, i32 0, [1 x i8]* @p_str2, [1 x i8]* @p_str2) nounwind"   --->   Operation 51 'specinterface' <Predicate = true> <Delay = 0.00>
ST_1 : Operation 52 [1/1] (0.00ns)   --->   "call void (...)* @_ssdm_op_SpecInterface(i64* %in_stream_V_data_V, i8* %in_stream_V_keep_V, i8* %in_stream_V_strb_V, i1* %in_stream_V_user_V, i1* %in_stream_V_last_V, i1* %in_stream_V_id_V, i1* %in_stream_V_dest_V, [5 x i8]* @p_str26, i32 1, i32 1, [5 x i8]* @p_str27, i32 0, i32 0, [1 x i8]* @p_str2, [1 x i8]* @p_str2, [1 x i8]* @p_str2, i32 0, i32 0, i32 0, i32 0, [1 x i8]* @p_str2, [1 x i8]* @p_str2) nounwind"   --->   Operation 52 'specinterface' <Predicate = true> <Delay = 0.00>
ST_1 : Operation 53 [1/1] (0.00ns)   --->   "call void (...)* @_ssdm_op_SpecInterface(i64* %in_stream_V_data_V, i8* %in_stream_V_keep_V, i8* %in_stream_V_strb_V, i1* %in_stream_V_user_V, i1* %in_stream_V_last_V, i1* %in_stream_V_id_V, i1* %in_stream_V_dest_V, [5 x i8]* @p_str26, i32 1, i32 1, [5 x i8]* @p_str27, i32 0, i32 0, [1 x i8]* @p_str2, [1 x i8]* @p_str2, [1 x i8]* @p_str2, i32 0, i32 0, i32 0, i32 0, [1 x i8]* @p_str2, [1 x i8]* @p_str2) nounwind"   --->   Operation 53 'specinterface' <Predicate = true> <Delay = 0.00>
ST_1 : Operation 54 [1/1] (0.00ns)   --->   "call void (...)* @_ssdm_op_SpecInterface(i64* %in_stream_V_data_V, i8* %in_stream_V_keep_V, i8* %in_stream_V_strb_V, i1* %in_stream_V_user_V, i1* %in_stream_V_last_V, i1* %in_stream_V_id_V, i1* %in_stream_V_dest_V, [5 x i8]* @p_str26, i32 1, i32 1, [5 x i8]* @p_str27, i32 0, i32 0, [1 x i8]* @p_str2, [1 x i8]* @p_str2, [1 x i8]* @p_str2, i32 0, i32 0, i32 0, i32 0, [1 x i8]* @p_str2, [1 x i8]* @p_str2) nounwind"   --->   Operation 54 'specinterface' <Predicate = true> <Delay = 0.00>
ST_1 : Operation 55 [1/1] (0.00ns)   --->   "call void (...)* @_ssdm_op_SpecInterface(i64* %in_stream_V_data_V, i8* %in_stream_V_keep_V, i8* %in_stream_V_strb_V, i1* %in_stream_V_user_V, i1* %in_stream_V_last_V, i1* %in_stream_V_id_V, i1* %in_stream_V_dest_V, [5 x i8]* @p_str26, i32 1, i32 1, [5 x i8]* @p_str27, i32 0, i32 0, [1 x i8]* @p_str2, [1 x i8]* @p_str2, [1 x i8]* @p_str2, i32 0, i32 0, i32 0, i32 0, [1 x i8]* @p_str2, [1 x i8]* @p_str2) nounwind"   --->   Operation 55 'specinterface' <Predicate = true> <Delay = 0.00>
ST_1 : Operation 56 [1/1] (0.00ns)   --->   "call void (...)* @_ssdm_op_SpecInterface(i64* %in_stream_V_data_V, i8* %in_stream_V_keep_V, i8* %in_stream_V_strb_V, i1* %in_stream_V_user_V, i1* %in_stream_V_last_V, i1* %in_stream_V_id_V, i1* %in_stream_V_dest_V, [5 x i8]* @p_str26, i32 1, i32 1, [5 x i8]* @p_str27, i32 0, i32 0, [1 x i8]* @p_str2, [1 x i8]* @p_str2, [1 x i8]* @p_str2, i32 0, i32 0, i32 0, i32 0, [1 x i8]* @p_str2, [1 x i8]* @p_str2) nounwind"   --->   Operation 56 'specinterface' <Predicate = true> <Delay = 0.00>
ST_1 : Operation 57 [1/1] (0.00ns)   --->   "call void (...)* @_ssdm_op_SpecInterface(i64* %in_stream_V_data_V, i8* %in_stream_V_keep_V, i8* %in_stream_V_strb_V, i1* %in_stream_V_user_V, i1* %in_stream_V_last_V, i1* %in_stream_V_id_V, i1* %in_stream_V_dest_V, [5 x i8]* @p_str26, i32 1, i32 1, [5 x i8]* @p_str27, i32 0, i32 0, [1 x i8]* @p_str2, [1 x i8]* @p_str2, [1 x i8]* @p_str2, i32 0, i32 0, i32 0, i32 0, [1 x i8]* @p_str2, [1 x i8]* @p_str2) nounwind"   --->   Operation 57 'specinterface' <Predicate = true> <Delay = 0.00>
ST_1 : Operation 58 [1/1] (0.00ns)   --->   "call void (...)* @_ssdm_op_SpecInterface(i64* %in_stream_V_data_V, i8* %in_stream_V_keep_V, i8* %in_stream_V_strb_V, i1* %in_stream_V_user_V, i1* %in_stream_V_last_V, i1* %in_stream_V_id_V, i1* %in_stream_V_dest_V, [5 x i8]* @p_str26, i32 1, i32 1, [5 x i8]* @p_str27, i32 0, i32 0, [1 x i8]* @p_str2, [1 x i8]* @p_str2, [1 x i8]* @p_str2, i32 0, i32 0, i32 0, i32 0, [1 x i8]* @p_str2, [1 x i8]* @p_str2) nounwind"   --->   Operation 58 'specinterface' <Predicate = true> <Delay = 0.00>
ST_1 : Operation 59 [1/1] (0.00ns)   --->   "call void (...)* @_ssdm_op_SpecInterface(i64* %in_stream_V_data_V, i8* %in_stream_V_keep_V, i8* %in_stream_V_strb_V, i1* %in_stream_V_user_V, i1* %in_stream_V_last_V, i1* %in_stream_V_id_V, i1* %in_stream_V_dest_V, [5 x i8]* @p_str26, i32 1, i32 1, [5 x i8]* @p_str27, i32 0, i32 0, [1 x i8]* @p_str2, [1 x i8]* @p_str2, [1 x i8]* @p_str2, i32 0, i32 0, i32 0, i32 0, [1 x i8]* @p_str2, [1 x i8]* @p_str2) nounwind"   --->   Operation 59 'specinterface' <Predicate = true> <Delay = 0.00>
ST_1 : Operation 60 [1/1] (0.00ns)   --->   "call void (...)* @_ssdm_op_SpecInterface(i64* %in_stream_V_data_V, i8* %in_stream_V_keep_V, i8* %in_stream_V_strb_V, i1* %in_stream_V_user_V, i1* %in_stream_V_last_V, i1* %in_stream_V_id_V, i1* %in_stream_V_dest_V, [5 x i8]* @p_str26, i32 1, i32 1, [5 x i8]* @p_str27, i32 0, i32 0, [1 x i8]* @p_str2, [1 x i8]* @p_str2, [1 x i8]* @p_str2, i32 0, i32 0, i32 0, i32 0, [1 x i8]* @p_str2, [1 x i8]* @p_str2) nounwind"   --->   Operation 60 'specinterface' <Predicate = true> <Delay = 0.00>
ST_1 : Operation 61 [1/1] (0.00ns)   --->   "call void (...)* @_ssdm_op_SpecInterface(i64* %in_stream_V_data_V, i8* %in_stream_V_keep_V, i8* %in_stream_V_strb_V, i1* %in_stream_V_user_V, i1* %in_stream_V_last_V, i1* %in_stream_V_id_V, i1* %in_stream_V_dest_V, [5 x i8]* @p_str26, i32 1, i32 1, [5 x i8]* @p_str27, i32 0, i32 0, [1 x i8]* @p_str2, [1 x i8]* @p_str2, [1 x i8]* @p_str2, i32 0, i32 0, i32 0, i32 0, [1 x i8]* @p_str2, [1 x i8]* @p_str2) nounwind"   --->   Operation 61 'specinterface' <Predicate = true> <Delay = 0.00>
ST_1 : Operation 62 [1/1] (0.00ns)   --->   "call void (...)* @_ssdm_op_SpecInterface(i64* %in_stream_V_data_V, i8* %in_stream_V_keep_V, i8* %in_stream_V_strb_V, i1* %in_stream_V_user_V, i1* %in_stream_V_last_V, i1* %in_stream_V_id_V, i1* %in_stream_V_dest_V, [5 x i8]* @p_str26, i32 1, i32 1, [5 x i8]* @p_str27, i32 0, i32 0, [1 x i8]* @p_str2, [1 x i8]* @p_str2, [1 x i8]* @p_str2, i32 0, i32 0, i32 0, i32 0, [1 x i8]* @p_str2, [1 x i8]* @p_str2) nounwind"   --->   Operation 62 'specinterface' <Predicate = true> <Delay = 0.00>
ST_1 : Operation 63 [1/1] (0.00ns)   --->   "call void (...)* @_ssdm_op_SpecInterface(i64* %in_stream_V_data_V, i8* %in_stream_V_keep_V, i8* %in_stream_V_strb_V, i1* %in_stream_V_user_V, i1* %in_stream_V_last_V, i1* %in_stream_V_id_V, i1* %in_stream_V_dest_V, [5 x i8]* @p_str26, i32 1, i32 1, [5 x i8]* @p_str27, i32 0, i32 0, [1 x i8]* @p_str2, [1 x i8]* @p_str2, [1 x i8]* @p_str2, i32 0, i32 0, i32 0, i32 0, [1 x i8]* @p_str2, [1 x i8]* @p_str2) nounwind"   --->   Operation 63 'specinterface' <Predicate = true> <Delay = 0.00>
ST_1 : Operation 64 [1/1] (0.00ns)   --->   "call void (...)* @_ssdm_op_SpecInterface(i31* %n_out, [8 x i8]* @ap_fifo_str, i32 0, i32 0, [1 x i8]* @p_str, i32 0, i32 0, [1 x i8]* @p_str, [1 x i8]* @p_str, [1 x i8]* @p_str, i32 2, i32 2, i32 16, i32 16, [1 x i8]* @p_str, [1 x i8]* @p_str)"   --->   Operation 64 'specinterface' <Predicate = true> <Delay = 0.00>
ST_1 : Operation 65 [1/1] (3.63ns)   --->   "call void @_ssdm_op_Write.ap_fifo.i31P(i31* %n_out, i31 %n_read)"   --->   Operation 65 'write' <Predicate = true> <Delay = 3.63> <Core = "FIFO">   --->   Core 32 'FIFO' <Latency = 0> <II = 1> <Delay = 3.63> <Storage> <Opcode : 'read' 'write' 'nbread' 'nbwrite'> <Ports = 0> <Width = 32> <Depth = 2> <FIFO>
ST_1 : Operation 66 [1/1] (0.00ns)   --->   "call void (...)* @_ssdm_op_SpecInterface(i32* %num_images_out, [8 x i8]* @ap_fifo_str, i32 0, i32 0, [1 x i8]* @p_str, i32 0, i32 0, [1 x i8]* @p_str, [1 x i8]* @p_str, [1 x i8]* @p_str, i32 2, i32 2, i32 16, i32 16, [1 x i8]* @p_str, [1 x i8]* @p_str)"   --->   Operation 66 'specinterface' <Predicate = true> <Delay = 0.00>
ST_1 : Operation 67 [1/1] (3.63ns)   --->   "call void @_ssdm_op_Write.ap_fifo.i32P(i32* %num_images_out, i32 %num_images_read)"   --->   Operation 67 'write' <Predicate = true> <Delay = 3.63> <Core = "FIFO">   --->   Core 32 'FIFO' <Latency = 0> <II = 1> <Delay = 3.63> <Storage> <Opcode : 'read' 'write' 'nbread' 'nbwrite'> <Ports = 0> <Width = 32> <Depth = 2> <FIFO>
ST_1 : Operation 68 [1/1] (0.00ns)   --->   "call void (...)* @_ssdm_op_SpecInterface(i64* %in_stream_V_data_V, i8* %in_stream_V_keep_V, i8* %in_stream_V_strb_V, i1* %in_stream_V_user_V, i1* %in_stream_V_last_V, i1* %in_stream_V_id_V, i1* %in_stream_V_dest_V, [5 x i8]* @p_str26, i32 1, i32 1, [5 x i8]* @p_str27, i32 0, i32 0, [1 x i8]* @p_str2, [1 x i8]* @p_str2, [1 x i8]* @p_str2, i32 0, i32 0, i32 0, i32 0, [1 x i8]* @p_str2, [1 x i8]* @p_str2) nounwind"   --->   Operation 68 'specinterface' <Predicate = true> <Delay = 0.00>
ST_1 : Operation 69 [1/1] (0.00ns)   --->   "call void (...)* @_ssdm_op_SpecInterface(i64* %in_stream_V_data_V, i8* %in_stream_V_keep_V, i8* %in_stream_V_strb_V, i1* %in_stream_V_user_V, i1* %in_stream_V_last_V, i1* %in_stream_V_id_V, i1* %in_stream_V_dest_V, [5 x i8]* @p_str26, i32 1, i32 1, [5 x i8]* @p_str27, i32 0, i32 0, [1 x i8]* @p_str2, [1 x i8]* @p_str2, [1 x i8]* @p_str2, i32 0, i32 0, i32 0, i32 0, [1 x i8]* @p_str2, [1 x i8]* @p_str2) nounwind"   --->   Operation 69 'specinterface' <Predicate = true> <Delay = 0.00>
ST_1 : Operation 70 [1/1] (0.00ns)   --->   "call void (...)* @_ssdm_op_SpecInterface(i64* %in_stream_V_data_V, i8* %in_stream_V_keep_V, i8* %in_stream_V_strb_V, i1* %in_stream_V_user_V, i1* %in_stream_V_last_V, i1* %in_stream_V_id_V, i1* %in_stream_V_dest_V, [5 x i8]* @p_str26, i32 1, i32 1, [5 x i8]* @p_str27, i32 0, i32 0, [1 x i8]* @p_str2, [1 x i8]* @p_str2, [1 x i8]* @p_str2, i32 0, i32 0, i32 0, i32 0, [1 x i8]* @p_str2, [1 x i8]* @p_str2) nounwind"   --->   Operation 70 'specinterface' <Predicate = true> <Delay = 0.00>
ST_1 : Operation 71 [1/1] (0.00ns)   --->   "call void (...)* @_ssdm_op_SpecInterface(i64* %in_stream_V_data_V, i8* %in_stream_V_keep_V, i8* %in_stream_V_strb_V, i1* %in_stream_V_user_V, i1* %in_stream_V_last_V, i1* %in_stream_V_id_V, i1* %in_stream_V_dest_V, [5 x i8]* @p_str26, i32 1, i32 1, [5 x i8]* @p_str27, i32 0, i32 0, [1 x i8]* @p_str2, [1 x i8]* @p_str2, [1 x i8]* @p_str2, i32 0, i32 0, i32 0, i32 0, [1 x i8]* @p_str2, [1 x i8]* @p_str2) nounwind"   --->   Operation 71 'specinterface' <Predicate = true> <Delay = 0.00>
ST_1 : Operation 72 [1/1] (0.00ns)   --->   "call void (...)* @_ssdm_op_SpecInterface(i64* %in_stream_V_data_V, i8* %in_stream_V_keep_V, i8* %in_stream_V_strb_V, i1* %in_stream_V_user_V, i1* %in_stream_V_last_V, i1* %in_stream_V_id_V, i1* %in_stream_V_dest_V, [5 x i8]* @p_str26, i32 1, i32 1, [5 x i8]* @p_str27, i32 0, i32 0, [1 x i8]* @p_str2, [1 x i8]* @p_str2, [1 x i8]* @p_str2, i32 0, i32 0, i32 0, i32 0, [1 x i8]* @p_str2, [1 x i8]* @p_str2) nounwind"   --->   Operation 72 'specinterface' <Predicate = true> <Delay = 0.00>
ST_1 : Operation 73 [1/1] (0.00ns)   --->   "call void (...)* @_ssdm_op_SpecInterface(i64* %in_stream_V_data_V, i8* %in_stream_V_keep_V, i8* %in_stream_V_strb_V, i1* %in_stream_V_user_V, i1* %in_stream_V_last_V, i1* %in_stream_V_id_V, i1* %in_stream_V_dest_V, [5 x i8]* @p_str26, i32 1, i32 1, [5 x i8]* @p_str27, i32 0, i32 0, [1 x i8]* @p_str2, [1 x i8]* @p_str2, [1 x i8]* @p_str2, i32 0, i32 0, i32 0, i32 0, [1 x i8]* @p_str2, [1 x i8]* @p_str2) nounwind"   --->   Operation 73 'specinterface' <Predicate = true> <Delay = 0.00>
ST_1 : Operation 74 [1/1] (0.00ns)   --->   "call void (...)* @_ssdm_op_SpecInterface(i64* %in_stream_V_data_V, i8* %in_stream_V_keep_V, i8* %in_stream_V_strb_V, i1* %in_stream_V_user_V, i1* %in_stream_V_last_V, i1* %in_stream_V_id_V, i1* %in_stream_V_dest_V, [5 x i8]* @p_str26, i32 1, i32 1, [5 x i8]* @p_str27, i32 0, i32 0, [1 x i8]* @p_str2, [1 x i8]* @p_str2, [1 x i8]* @p_str2, i32 0, i32 0, i32 0, i32 0, [1 x i8]* @p_str2, [1 x i8]* @p_str2) nounwind"   --->   Operation 74 'specinterface' <Predicate = true> <Delay = 0.00>
ST_1 : Operation 75 [1/1] (0.00ns)   --->   "call void (...)* @_ssdm_op_SpecInterface(i64* %in_stream_V_data_V, i8* %in_stream_V_keep_V, i8* %in_stream_V_strb_V, i1* %in_stream_V_user_V, i1* %in_stream_V_last_V, i1* %in_stream_V_id_V, i1* %in_stream_V_dest_V, [5 x i8]* @p_str26, i32 1, i32 1, [5 x i8]* @p_str27, i32 0, i32 0, [1 x i8]* @p_str2, [1 x i8]* @p_str2, [1 x i8]* @p_str2, i32 0, i32 0, i32 0, i32 0, [1 x i8]* @p_str2, [1 x i8]* @p_str2) nounwind"   --->   Operation 75 'specinterface' <Predicate = true> <Delay = 0.00>
ST_1 : Operation 76 [1/1] (1.76ns)   --->   "br label %0" [MathieuHelpMe/Classifier.cpp:26]   --->   Operation 76 'br' <Predicate = true> <Delay = 1.76>

State 2 <SV = 1> <Delay = 2.46>
ST_2 : Operation 77 [1/1] (0.00ns)   --->   "%calculated_norm_V = phi i24 [ 0, %entry ], [ %p_Val2_4_7_i_i, %9 ]" [MathieuHelpMe/Classifier.cpp:39]   --->   Operation 77 'phi' 'calculated_norm_V' <Predicate = true> <Delay = 0.00>
ST_2 : Operation 78 [1/1] (0.00ns)   --->   "%i_i_i = phi i7 [ 0, %entry ], [ %i, %9 ]"   --->   Operation 78 'phi' 'i_i_i' <Predicate = true> <Delay = 0.00>
ST_2 : Operation 79 [1/1] (1.48ns)   --->   "%exitcond1_i_i = icmp eq i7 %i_i_i, -30" [MathieuHelpMe/Classifier.cpp:26]   --->   Operation 79 'icmp' 'exitcond1_i_i' <Predicate = true> <Delay = 1.48> <Core = "Cmp">   --->   Core 25 'Cmp' <Latency = 0> <II = 1> <Delay = 1.48> <FuncUnit> <Opcode : 'icmp'> <InPorts = 2> <OutPorts = 1>
ST_2 : Operation 80 [1/1] (1.87ns)   --->   "%i = add i7 %i_i_i, 1" [MathieuHelpMe/Classifier.cpp:26]   --->   Operation 80 'add' 'i' <Predicate = true> <Delay = 1.87> <Core = "AddSub">   --->   Core 14 'AddSub' <Latency = 0> <II = 1> <Delay = 2.31> <FuncUnit> <Opcode : 'add' 'sub'> <InPorts = 2> <OutPorts = 1>
ST_2 : Operation 81 [1/1] (0.00ns)   --->   "br i1 %exitcond1_i_i, label %.exit, label %1" [MathieuHelpMe/Classifier.cpp:26]   --->   Operation 81 'br' <Predicate = true> <Delay = 0.00>
ST_2 : Operation 82 [2/2] (0.00ns)   --->   "%empty = call { i64, i8, i8, i1, i1, i1, i1 } @_ssdm_op_Read.axis.volatile.i64P.i8P.i8P.i1P.i1P.i1P.i1P(i64* %in_stream_V_data_V, i8* %in_stream_V_keep_V, i8* %in_stream_V_strb_V, i1* %in_stream_V_user_V, i1* %in_stream_V_last_V, i1* %in_stream_V_id_V, i1* %in_stream_V_dest_V)" [MathieuHelpMe/Classifier.cpp:29]   --->   Operation 82 'read' 'empty' <Predicate = (!exitcond1_i_i)> <Delay = 0.00> <Core = "AXI4Stream">   --->   Core 5 'AXI4Stream' <Latency = 0> <II = 1> <Delay = 1.00> <Adapter> <Opcode : >
ST_2 : Operation 83 [1/1] (0.00ns)   --->   "%tmp_2 = trunc i7 %i_i_i to i1" [MathieuHelpMe/Classifier.cpp:35]   --->   Operation 83 'trunc' 'tmp_2' <Predicate = (!exitcond1_i_i)> <Delay = 0.00>
ST_2 : Operation 84 [1/1] (0.00ns)   --->   "%tmp_2_cast_i_i = call i6 @_ssdm_op_PartSelect.i6.i7.i32.i32(i7 %i_i_i, i32 1, i32 6)" [MathieuHelpMe/Classifier.cpp:26]   --->   Operation 84 'partselect' 'tmp_2_cast_i_i' <Predicate = (!exitcond1_i_i)> <Delay = 0.00>
ST_2 : Operation 85 [1/1] (0.00ns)   --->   "br i1 %tmp_2, label %branch120.i.i, label %branch112.i.i" [MathieuHelpMe/Classifier.cpp:36]   --->   Operation 85 'br' <Predicate = (!exitcond1_i_i)> <Delay = 0.00>
ST_2 : Operation 86 [1/1] (0.00ns)   --->   "br i1 %tmp_2, label %branch104.i.i, label %branch96.i.i" [MathieuHelpMe/Classifier.cpp:36]   --->   Operation 86 'br' <Predicate = (!exitcond1_i_i)> <Delay = 0.00>
ST_2 : Operation 87 [1/1] (0.00ns)   --->   "br i1 %tmp_2, label %branch88.i.i, label %branch80.i.i" [MathieuHelpMe/Classifier.cpp:36]   --->   Operation 87 'br' <Predicate = (!exitcond1_i_i)> <Delay = 0.00>
ST_2 : Operation 88 [1/1] (0.00ns)   --->   "br i1 %tmp_2, label %branch72.i.i, label %branch64.i.i" [MathieuHelpMe/Classifier.cpp:36]   --->   Operation 88 'br' <Predicate = (!exitcond1_i_i)> <Delay = 0.00>
ST_2 : Operation 89 [1/1] (0.00ns)   --->   "br i1 %tmp_2, label %branch56.i.i, label %branch48.i.i" [MathieuHelpMe/Classifier.cpp:36]   --->   Operation 89 'br' <Predicate = (!exitcond1_i_i)> <Delay = 0.00>
ST_2 : Operation 90 [1/1] (0.00ns)   --->   "br i1 %tmp_2, label %branch40.i.i, label %branch32.i.i" [MathieuHelpMe/Classifier.cpp:36]   --->   Operation 90 'br' <Predicate = (!exitcond1_i_i)> <Delay = 0.00>
ST_2 : Operation 91 [1/1] (0.00ns)   --->   "br i1 %tmp_2, label %branch24.i.i, label %branch16.i.i" [MathieuHelpMe/Classifier.cpp:36]   --->   Operation 91 'br' <Predicate = (!exitcond1_i_i)> <Delay = 0.00>
ST_2 : Operation 92 [1/1] (0.00ns)   --->   "br i1 %tmp_2, label %branch8.i.i, label %branch0.i.i" [MathieuHelpMe/Classifier.cpp:36]   --->   Operation 92 'br' <Predicate = (!exitcond1_i_i)> <Delay = 0.00>

State 3 <SV = 2> <Delay = 6.48>
ST_3 : Operation 93 [1/1] (0.00ns)   --->   "%tmp_i_i = call i32 (...)* @_ssdm_op_SpecRegionBegin([12 x i8]* @p_str8)" [MathieuHelpMe/Classifier.cpp:26]   --->   Operation 93 'specregionbegin' 'tmp_i_i' <Predicate = (!exitcond1_i_i)> <Delay = 0.00>
ST_3 : Operation 94 [1/1] (0.00ns)   --->   "call void (...)* @_ssdm_op_SpecLoopTripCount(i32 98, i32 98, i32 98, [1 x i8]* @p_str2) nounwind" [MathieuHelpMe/Classifier.cpp:27]   --->   Operation 94 'speclooptripcount' <Predicate = (!exitcond1_i_i)> <Delay = 0.00>
ST_3 : Operation 95 [1/1] (0.00ns)   --->   "call void (...)* @_ssdm_op_SpecPipeline(i32 1, i32 1, i32 1, i32 0, [1 x i8]* @p_str2) nounwind" [MathieuHelpMe/Classifier.cpp:28]   --->   Operation 95 'specpipeline' <Predicate = (!exitcond1_i_i)> <Delay = 0.00>
ST_3 : Operation 96 [1/2] (0.00ns)   --->   "%empty = call { i64, i8, i8, i1, i1, i1, i1 } @_ssdm_op_Read.axis.volatile.i64P.i8P.i8P.i1P.i1P.i1P.i1P(i64* %in_stream_V_data_V, i8* %in_stream_V_keep_V, i8* %in_stream_V_strb_V, i1* %in_stream_V_user_V, i1* %in_stream_V_last_V, i1* %in_stream_V_id_V, i1* %in_stream_V_dest_V)" [MathieuHelpMe/Classifier.cpp:29]   --->   Operation 96 'read' 'empty' <Predicate = (!exitcond1_i_i)> <Delay = 0.00> <Core = "AXI4Stream">   --->   Core 5 'AXI4Stream' <Latency = 0> <II = 1> <Delay = 1.00> <Adapter> <Opcode : >
ST_3 : Operation 97 [1/1] (0.00ns)   --->   "%tmp_data_V = extractvalue { i64, i8, i8, i1, i1, i1, i1 } %empty, 0" [MathieuHelpMe/Classifier.cpp:29]   --->   Operation 97 'extractvalue' 'tmp_data_V' <Predicate = (!exitcond1_i_i)> <Delay = 0.00>
ST_3 : Operation 98 [1/1] (0.00ns)   --->   "%tmp_3 = trunc i64 %tmp_data_V to i8" [MathieuHelpMe/Classifier.cpp:35]   --->   Operation 98 'trunc' 'tmp_3' <Predicate = (!exitcond1_i_i)> <Delay = 0.00>
ST_3 : Operation 99 [1/1] (0.00ns)   --->   "%newIndex1_i_i = zext i6 %tmp_2_cast_i_i to i64" [MathieuHelpMe/Classifier.cpp:26]   --->   Operation 99 'zext' 'newIndex1_i_i' <Predicate = (!exitcond1_i_i)> <Delay = 0.00>
ST_3 : Operation 100 [1/1] (0.00ns)   --->   "%x_local_0_V_addr = getelementptr [49 x i8]* %x_local_0_V, i64 0, i64 %newIndex1_i_i" [MathieuHelpMe/Classifier.cpp:36]   --->   Operation 100 'getelementptr' 'x_local_0_V_addr' <Predicate = (!exitcond1_i_i)> <Delay = 0.00>
ST_3 : Operation 101 [1/1] (0.00ns)   --->   "%x_local_8_V_addr = getelementptr [49 x i8]* %x_local_8_V, i64 0, i64 %newIndex1_i_i" [MathieuHelpMe/Classifier.cpp:36]   --->   Operation 101 'getelementptr' 'x_local_8_V_addr' <Predicate = (!exitcond1_i_i)> <Delay = 0.00>
ST_3 : Operation 102 [1/1] (2.32ns)   --->   "store i8 %tmp_3, i8* %x_local_0_V_addr, align 1" [MathieuHelpMe/Classifier.cpp:36]   --->   Operation 102 'store' <Predicate = (!tmp_2)> <Delay = 2.32> <Core = "RAM">   --->   Core 37 'RAM' <Latency = 1> <II = 1> <Delay = 2.32> <Storage> <Opcode : 'load' 'store'> <Ports = 2> <Width = 8> <Depth = 49> <RAM>
ST_3 : Operation 103 [1/1] (0.00ns)   --->   "br label %2" [MathieuHelpMe/Classifier.cpp:36]   --->   Operation 103 'br' <Predicate = (!tmp_2)> <Delay = 0.00>
ST_3 : Operation 104 [1/1] (2.32ns)   --->   "store i8 %tmp_3, i8* %x_local_8_V_addr, align 1" [MathieuHelpMe/Classifier.cpp:36]   --->   Operation 104 'store' <Predicate = (tmp_2)> <Delay = 2.32> <Core = "RAM">   --->   Core 37 'RAM' <Latency = 1> <II = 1> <Delay = 2.32> <Storage> <Opcode : 'load' 'store'> <Ports = 2> <Width = 8> <Depth = 49> <RAM>
ST_3 : Operation 105 [1/1] (0.00ns)   --->   "br label %2" [MathieuHelpMe/Classifier.cpp:36]   --->   Operation 105 'br' <Predicate = (tmp_2)> <Delay = 0.00>
ST_3 : Operation 106 [1/1] (0.00ns)   --->   "%OP1_V_i_i = sext i8 %tmp_3 to i16" [MathieuHelpMe/Classifier.cpp:38]   --->   Operation 106 'sext' 'OP1_V_i_i' <Predicate = (!exitcond1_i_i)> <Delay = 0.00>
ST_3 : Operation 107 [1/1] (4.17ns)   --->   "%r_V_i_i = mul i16 %OP1_V_i_i, %OP1_V_i_i" [MathieuHelpMe/Classifier.cpp:38]   --->   Operation 107 'mul' 'r_V_i_i' <Predicate = (!exitcond1_i_i)> <Delay = 4.17> <Core = "Mul">   --->   Core 16 'Mul' <Latency = 0> <II = 1> <Delay = 4.17> <FuncUnit> <Opcode : 'mul'> <InPorts = 2> <OutPorts = 1>
ST_3 : Operation 108 [1/1] (0.00ns)   --->   "%tmp_9_i_i = call i24 @_ssdm_op_BitConcatenate.i24.i16.i8(i16 %r_V_i_i, i8 0)" [MathieuHelpMe/Classifier.cpp:39]   --->   Operation 108 'bitconcatenate' 'tmp_9_i_i' <Predicate = (!exitcond1_i_i)> <Delay = 0.00>
ST_3 : Operation 109 [1/1] (0.00ns)   --->   "%p_Result_1_i_i = call i8 @_ssdm_op_PartSelect.i8.i64.i32.i32(i64 %tmp_data_V, i32 8, i32 15)" [MathieuHelpMe/Classifier.cpp:35]   --->   Operation 109 'partselect' 'p_Result_1_i_i' <Predicate = (!exitcond1_i_i)> <Delay = 0.00>
ST_3 : Operation 110 [1/1] (0.00ns)   --->   "%x_local_1_V_addr = getelementptr [49 x i8]* %x_local_1_V, i64 0, i64 %newIndex1_i_i" [MathieuHelpMe/Classifier.cpp:36]   --->   Operation 110 'getelementptr' 'x_local_1_V_addr' <Predicate = (!exitcond1_i_i)> <Delay = 0.00>
ST_3 : Operation 111 [1/1] (0.00ns)   --->   "%x_local_9_V_addr = getelementptr [49 x i8]* %x_local_9_V, i64 0, i64 %newIndex1_i_i" [MathieuHelpMe/Classifier.cpp:36]   --->   Operation 111 'getelementptr' 'x_local_9_V_addr' <Predicate = (!exitcond1_i_i)> <Delay = 0.00>
ST_3 : Operation 112 [1/1] (2.32ns)   --->   "store i8 %p_Result_1_i_i, i8* %x_local_1_V_addr, align 1" [MathieuHelpMe/Classifier.cpp:36]   --->   Operation 112 'store' <Predicate = (!tmp_2)> <Delay = 2.32> <Core = "RAM">   --->   Core 37 'RAM' <Latency = 1> <II = 1> <Delay = 2.32> <Storage> <Opcode : 'load' 'store'> <Ports = 2> <Width = 8> <Depth = 49> <RAM>
ST_3 : Operation 113 [1/1] (0.00ns)   --->   "br label %3" [MathieuHelpMe/Classifier.cpp:36]   --->   Operation 113 'br' <Predicate = (!tmp_2)> <Delay = 0.00>
ST_3 : Operation 114 [1/1] (2.32ns)   --->   "store i8 %p_Result_1_i_i, i8* %x_local_9_V_addr, align 1" [MathieuHelpMe/Classifier.cpp:36]   --->   Operation 114 'store' <Predicate = (tmp_2)> <Delay = 2.32> <Core = "RAM">   --->   Core 37 'RAM' <Latency = 1> <II = 1> <Delay = 2.32> <Storage> <Opcode : 'load' 'store'> <Ports = 2> <Width = 8> <Depth = 49> <RAM>
ST_3 : Operation 115 [1/1] (0.00ns)   --->   "br label %3" [MathieuHelpMe/Classifier.cpp:36]   --->   Operation 115 'br' <Predicate = (tmp_2)> <Delay = 0.00>
ST_3 : Operation 116 [1/1] (0.00ns)   --->   "%OP1_V_1_i_i = sext i8 %p_Result_1_i_i to i16" [MathieuHelpMe/Classifier.cpp:38]   --->   Operation 116 'sext' 'OP1_V_1_i_i' <Predicate = (!exitcond1_i_i)> <Delay = 0.00>
ST_3 : Operation 117 [1/1] (4.17ns)   --->   "%r_V_1_i_i = mul i16 %OP1_V_1_i_i, %OP1_V_1_i_i" [MathieuHelpMe/Classifier.cpp:38]   --->   Operation 117 'mul' 'r_V_1_i_i' <Predicate = (!exitcond1_i_i)> <Delay = 4.17> <Core = "Mul">   --->   Core 16 'Mul' <Latency = 0> <II = 1> <Delay = 4.17> <FuncUnit> <Opcode : 'mul'> <InPorts = 2> <OutPorts = 1>
ST_3 : Operation 118 [1/1] (0.00ns)   --->   "%tmp_9_1_i_i = call i24 @_ssdm_op_BitConcatenate.i24.i16.i8(i16 %r_V_1_i_i, i8 0)" [MathieuHelpMe/Classifier.cpp:39]   --->   Operation 118 'bitconcatenate' 'tmp_9_1_i_i' <Predicate = (!exitcond1_i_i)> <Delay = 0.00>
ST_3 : Operation 119 [1/1] (0.00ns)   --->   "%p_Result_2_i_i = call i8 @_ssdm_op_PartSelect.i8.i64.i32.i32(i64 %tmp_data_V, i32 16, i32 23)" [MathieuHelpMe/Classifier.cpp:35]   --->   Operation 119 'partselect' 'p_Result_2_i_i' <Predicate = (!exitcond1_i_i)> <Delay = 0.00>
ST_3 : Operation 120 [1/1] (0.00ns)   --->   "%x_local_2_V_addr = getelementptr [49 x i8]* %x_local_2_V, i64 0, i64 %newIndex1_i_i" [MathieuHelpMe/Classifier.cpp:36]   --->   Operation 120 'getelementptr' 'x_local_2_V_addr' <Predicate = (!exitcond1_i_i)> <Delay = 0.00>
ST_3 : Operation 121 [1/1] (0.00ns)   --->   "%x_local_10_V_addr = getelementptr [49 x i8]* %x_local_10_V, i64 0, i64 %newIndex1_i_i" [MathieuHelpMe/Classifier.cpp:36]   --->   Operation 121 'getelementptr' 'x_local_10_V_addr' <Predicate = (!exitcond1_i_i)> <Delay = 0.00>
ST_3 : Operation 122 [1/1] (2.32ns)   --->   "store i8 %p_Result_2_i_i, i8* %x_local_2_V_addr, align 1" [MathieuHelpMe/Classifier.cpp:36]   --->   Operation 122 'store' <Predicate = (!tmp_2)> <Delay = 2.32> <Core = "RAM">   --->   Core 37 'RAM' <Latency = 1> <II = 1> <Delay = 2.32> <Storage> <Opcode : 'load' 'store'> <Ports = 2> <Width = 8> <Depth = 49> <RAM>
ST_3 : Operation 123 [1/1] (0.00ns)   --->   "br label %4" [MathieuHelpMe/Classifier.cpp:36]   --->   Operation 123 'br' <Predicate = (!tmp_2)> <Delay = 0.00>
ST_3 : Operation 124 [1/1] (2.32ns)   --->   "store i8 %p_Result_2_i_i, i8* %x_local_10_V_addr, align 1" [MathieuHelpMe/Classifier.cpp:36]   --->   Operation 124 'store' <Predicate = (tmp_2)> <Delay = 2.32> <Core = "RAM">   --->   Core 37 'RAM' <Latency = 1> <II = 1> <Delay = 2.32> <Storage> <Opcode : 'load' 'store'> <Ports = 2> <Width = 8> <Depth = 49> <RAM>
ST_3 : Operation 125 [1/1] (0.00ns)   --->   "br label %4" [MathieuHelpMe/Classifier.cpp:36]   --->   Operation 125 'br' <Predicate = (tmp_2)> <Delay = 0.00>
ST_3 : Operation 126 [1/1] (0.00ns)   --->   "%OP1_V_2_i_i = sext i8 %p_Result_2_i_i to i16" [MathieuHelpMe/Classifier.cpp:38]   --->   Operation 126 'sext' 'OP1_V_2_i_i' <Predicate = (!exitcond1_i_i)> <Delay = 0.00>
ST_3 : Operation 127 [1/1] (4.17ns)   --->   "%r_V_2_i_i = mul i16 %OP1_V_2_i_i, %OP1_V_2_i_i" [MathieuHelpMe/Classifier.cpp:38]   --->   Operation 127 'mul' 'r_V_2_i_i' <Predicate = (!exitcond1_i_i)> <Delay = 4.17> <Core = "Mul">   --->   Core 16 'Mul' <Latency = 0> <II = 1> <Delay = 4.17> <FuncUnit> <Opcode : 'mul'> <InPorts = 2> <OutPorts = 1>
ST_3 : Operation 128 [1/1] (0.00ns)   --->   "%p_Result_3_i_i = call i8 @_ssdm_op_PartSelect.i8.i64.i32.i32(i64 %tmp_data_V, i32 24, i32 31)" [MathieuHelpMe/Classifier.cpp:35]   --->   Operation 128 'partselect' 'p_Result_3_i_i' <Predicate = (!exitcond1_i_i)> <Delay = 0.00>
ST_3 : Operation 129 [1/1] (0.00ns)   --->   "%x_local_3_V_addr = getelementptr [49 x i8]* %x_local_3_V, i64 0, i64 %newIndex1_i_i" [MathieuHelpMe/Classifier.cpp:36]   --->   Operation 129 'getelementptr' 'x_local_3_V_addr' <Predicate = (!exitcond1_i_i)> <Delay = 0.00>
ST_3 : Operation 130 [1/1] (0.00ns)   --->   "%x_local_11_V_addr = getelementptr [49 x i8]* %x_local_11_V, i64 0, i64 %newIndex1_i_i" [MathieuHelpMe/Classifier.cpp:36]   --->   Operation 130 'getelementptr' 'x_local_11_V_addr' <Predicate = (!exitcond1_i_i)> <Delay = 0.00>
ST_3 : Operation 131 [1/1] (2.32ns)   --->   "store i8 %p_Result_3_i_i, i8* %x_local_3_V_addr, align 1" [MathieuHelpMe/Classifier.cpp:36]   --->   Operation 131 'store' <Predicate = (!tmp_2)> <Delay = 2.32> <Core = "RAM">   --->   Core 37 'RAM' <Latency = 1> <II = 1> <Delay = 2.32> <Storage> <Opcode : 'load' 'store'> <Ports = 2> <Width = 8> <Depth = 49> <RAM>
ST_3 : Operation 132 [1/1] (0.00ns)   --->   "br label %5" [MathieuHelpMe/Classifier.cpp:36]   --->   Operation 132 'br' <Predicate = (!tmp_2)> <Delay = 0.00>
ST_3 : Operation 133 [1/1] (2.32ns)   --->   "store i8 %p_Result_3_i_i, i8* %x_local_11_V_addr, align 1" [MathieuHelpMe/Classifier.cpp:36]   --->   Operation 133 'store' <Predicate = (tmp_2)> <Delay = 2.32> <Core = "RAM">   --->   Core 37 'RAM' <Latency = 1> <II = 1> <Delay = 2.32> <Storage> <Opcode : 'load' 'store'> <Ports = 2> <Width = 8> <Depth = 49> <RAM>
ST_3 : Operation 134 [1/1] (0.00ns)   --->   "br label %5" [MathieuHelpMe/Classifier.cpp:36]   --->   Operation 134 'br' <Predicate = (tmp_2)> <Delay = 0.00>
ST_3 : Operation 135 [1/1] (0.00ns)   --->   "%OP1_V_3_i_i = sext i8 %p_Result_3_i_i to i16" [MathieuHelpMe/Classifier.cpp:38]   --->   Operation 135 'sext' 'OP1_V_3_i_i' <Predicate = (!exitcond1_i_i)> <Delay = 0.00>
ST_3 : Operation 136 [1/1] (4.17ns)   --->   "%r_V_3_i_i = mul i16 %OP1_V_3_i_i, %OP1_V_3_i_i" [MathieuHelpMe/Classifier.cpp:38]   --->   Operation 136 'mul' 'r_V_3_i_i' <Predicate = (!exitcond1_i_i)> <Delay = 4.17> <Core = "Mul">   --->   Core 16 'Mul' <Latency = 0> <II = 1> <Delay = 4.17> <FuncUnit> <Opcode : 'mul'> <InPorts = 2> <OutPorts = 1>
ST_3 : Operation 137 [1/1] (0.00ns)   --->   "%p_Result_4_i_i = call i8 @_ssdm_op_PartSelect.i8.i64.i32.i32(i64 %tmp_data_V, i32 32, i32 39)" [MathieuHelpMe/Classifier.cpp:35]   --->   Operation 137 'partselect' 'p_Result_4_i_i' <Predicate = (!exitcond1_i_i)> <Delay = 0.00>
ST_3 : Operation 138 [1/1] (0.00ns)   --->   "%x_local_4_V_addr = getelementptr [49 x i8]* %x_local_4_V, i64 0, i64 %newIndex1_i_i" [MathieuHelpMe/Classifier.cpp:36]   --->   Operation 138 'getelementptr' 'x_local_4_V_addr' <Predicate = (!exitcond1_i_i)> <Delay = 0.00>
ST_3 : Operation 139 [1/1] (0.00ns)   --->   "%x_local_12_V_addr = getelementptr [49 x i8]* %x_local_12_V, i64 0, i64 %newIndex1_i_i" [MathieuHelpMe/Classifier.cpp:36]   --->   Operation 139 'getelementptr' 'x_local_12_V_addr' <Predicate = (!exitcond1_i_i)> <Delay = 0.00>
ST_3 : Operation 140 [1/1] (2.32ns)   --->   "store i8 %p_Result_4_i_i, i8* %x_local_4_V_addr, align 1" [MathieuHelpMe/Classifier.cpp:36]   --->   Operation 140 'store' <Predicate = (!tmp_2)> <Delay = 2.32> <Core = "RAM">   --->   Core 37 'RAM' <Latency = 1> <II = 1> <Delay = 2.32> <Storage> <Opcode : 'load' 'store'> <Ports = 2> <Width = 8> <Depth = 49> <RAM>
ST_3 : Operation 141 [1/1] (0.00ns)   --->   "br label %6" [MathieuHelpMe/Classifier.cpp:36]   --->   Operation 141 'br' <Predicate = (!tmp_2)> <Delay = 0.00>
ST_3 : Operation 142 [1/1] (2.32ns)   --->   "store i8 %p_Result_4_i_i, i8* %x_local_12_V_addr, align 1" [MathieuHelpMe/Classifier.cpp:36]   --->   Operation 142 'store' <Predicate = (tmp_2)> <Delay = 2.32> <Core = "RAM">   --->   Core 37 'RAM' <Latency = 1> <II = 1> <Delay = 2.32> <Storage> <Opcode : 'load' 'store'> <Ports = 2> <Width = 8> <Depth = 49> <RAM>
ST_3 : Operation 143 [1/1] (0.00ns)   --->   "br label %6" [MathieuHelpMe/Classifier.cpp:36]   --->   Operation 143 'br' <Predicate = (tmp_2)> <Delay = 0.00>
ST_3 : Operation 144 [1/1] (0.00ns)   --->   "%OP1_V_4_i_i = sext i8 %p_Result_4_i_i to i16" [MathieuHelpMe/Classifier.cpp:38]   --->   Operation 144 'sext' 'OP1_V_4_i_i' <Predicate = (!exitcond1_i_i)> <Delay = 0.00>
ST_3 : Operation 145 [1/1] (4.17ns)   --->   "%r_V_4_i_i = mul i16 %OP1_V_4_i_i, %OP1_V_4_i_i" [MathieuHelpMe/Classifier.cpp:38]   --->   Operation 145 'mul' 'r_V_4_i_i' <Predicate = (!exitcond1_i_i)> <Delay = 4.17> <Core = "Mul">   --->   Core 16 'Mul' <Latency = 0> <II = 1> <Delay = 4.17> <FuncUnit> <Opcode : 'mul'> <InPorts = 2> <OutPorts = 1>
ST_3 : Operation 146 [1/1] (0.00ns)   --->   "%tmp_9_4_i_i = call i24 @_ssdm_op_BitConcatenate.i24.i16.i8(i16 %r_V_4_i_i, i8 0)" [MathieuHelpMe/Classifier.cpp:39]   --->   Operation 146 'bitconcatenate' 'tmp_9_4_i_i' <Predicate = (!exitcond1_i_i)> <Delay = 0.00>
ST_3 : Operation 147 [1/1] (0.00ns)   --->   "%p_Result_5_i_i = call i8 @_ssdm_op_PartSelect.i8.i64.i32.i32(i64 %tmp_data_V, i32 40, i32 47)" [MathieuHelpMe/Classifier.cpp:35]   --->   Operation 147 'partselect' 'p_Result_5_i_i' <Predicate = (!exitcond1_i_i)> <Delay = 0.00>
ST_3 : Operation 148 [1/1] (0.00ns)   --->   "%x_local_5_V_addr = getelementptr [49 x i8]* %x_local_5_V, i64 0, i64 %newIndex1_i_i" [MathieuHelpMe/Classifier.cpp:36]   --->   Operation 148 'getelementptr' 'x_local_5_V_addr' <Predicate = (!exitcond1_i_i)> <Delay = 0.00>
ST_3 : Operation 149 [1/1] (0.00ns)   --->   "%x_local_13_V_addr = getelementptr [49 x i8]* %x_local_13_V, i64 0, i64 %newIndex1_i_i" [MathieuHelpMe/Classifier.cpp:36]   --->   Operation 149 'getelementptr' 'x_local_13_V_addr' <Predicate = (!exitcond1_i_i)> <Delay = 0.00>
ST_3 : Operation 150 [1/1] (2.32ns)   --->   "store i8 %p_Result_5_i_i, i8* %x_local_5_V_addr, align 1" [MathieuHelpMe/Classifier.cpp:36]   --->   Operation 150 'store' <Predicate = (!tmp_2)> <Delay = 2.32> <Core = "RAM">   --->   Core 37 'RAM' <Latency = 1> <II = 1> <Delay = 2.32> <Storage> <Opcode : 'load' 'store'> <Ports = 2> <Width = 8> <Depth = 49> <RAM>
ST_3 : Operation 151 [1/1] (0.00ns)   --->   "br label %7" [MathieuHelpMe/Classifier.cpp:36]   --->   Operation 151 'br' <Predicate = (!tmp_2)> <Delay = 0.00>
ST_3 : Operation 152 [1/1] (2.32ns)   --->   "store i8 %p_Result_5_i_i, i8* %x_local_13_V_addr, align 1" [MathieuHelpMe/Classifier.cpp:36]   --->   Operation 152 'store' <Predicate = (tmp_2)> <Delay = 2.32> <Core = "RAM">   --->   Core 37 'RAM' <Latency = 1> <II = 1> <Delay = 2.32> <Storage> <Opcode : 'load' 'store'> <Ports = 2> <Width = 8> <Depth = 49> <RAM>
ST_3 : Operation 153 [1/1] (0.00ns)   --->   "br label %7" [MathieuHelpMe/Classifier.cpp:36]   --->   Operation 153 'br' <Predicate = (tmp_2)> <Delay = 0.00>
ST_3 : Operation 154 [1/1] (0.00ns)   --->   "%OP1_V_5_i_i = sext i8 %p_Result_5_i_i to i16" [MathieuHelpMe/Classifier.cpp:38]   --->   Operation 154 'sext' 'OP1_V_5_i_i' <Predicate = (!exitcond1_i_i)> <Delay = 0.00>
ST_3 : Operation 155 [1/1] (4.17ns)   --->   "%r_V_5_i_i = mul i16 %OP1_V_5_i_i, %OP1_V_5_i_i" [MathieuHelpMe/Classifier.cpp:38]   --->   Operation 155 'mul' 'r_V_5_i_i' <Predicate = (!exitcond1_i_i)> <Delay = 4.17> <Core = "Mul">   --->   Core 16 'Mul' <Latency = 0> <II = 1> <Delay = 4.17> <FuncUnit> <Opcode : 'mul'> <InPorts = 2> <OutPorts = 1>
ST_3 : Operation 156 [1/1] (0.00ns)   --->   "%tmp_9_5_i_i = call i24 @_ssdm_op_BitConcatenate.i24.i16.i8(i16 %r_V_5_i_i, i8 0)" [MathieuHelpMe/Classifier.cpp:39]   --->   Operation 156 'bitconcatenate' 'tmp_9_5_i_i' <Predicate = (!exitcond1_i_i)> <Delay = 0.00>
ST_3 : Operation 157 [1/1] (0.00ns)   --->   "%p_Result_6_i_i = call i8 @_ssdm_op_PartSelect.i8.i64.i32.i32(i64 %tmp_data_V, i32 48, i32 55)" [MathieuHelpMe/Classifier.cpp:35]   --->   Operation 157 'partselect' 'p_Result_6_i_i' <Predicate = (!exitcond1_i_i)> <Delay = 0.00>
ST_3 : Operation 158 [1/1] (0.00ns)   --->   "%x_local_6_V_addr = getelementptr [49 x i8]* %x_local_6_V, i64 0, i64 %newIndex1_i_i" [MathieuHelpMe/Classifier.cpp:36]   --->   Operation 158 'getelementptr' 'x_local_6_V_addr' <Predicate = (!exitcond1_i_i)> <Delay = 0.00>
ST_3 : Operation 159 [1/1] (0.00ns)   --->   "%x_local_14_V_addr = getelementptr [49 x i8]* %x_local_14_V, i64 0, i64 %newIndex1_i_i" [MathieuHelpMe/Classifier.cpp:36]   --->   Operation 159 'getelementptr' 'x_local_14_V_addr' <Predicate = (!exitcond1_i_i)> <Delay = 0.00>
ST_3 : Operation 160 [1/1] (2.32ns)   --->   "store i8 %p_Result_6_i_i, i8* %x_local_6_V_addr, align 1" [MathieuHelpMe/Classifier.cpp:36]   --->   Operation 160 'store' <Predicate = (!tmp_2)> <Delay = 2.32> <Core = "RAM">   --->   Core 37 'RAM' <Latency = 1> <II = 1> <Delay = 2.32> <Storage> <Opcode : 'load' 'store'> <Ports = 2> <Width = 8> <Depth = 49> <RAM>
ST_3 : Operation 161 [1/1] (0.00ns)   --->   "br label %8" [MathieuHelpMe/Classifier.cpp:36]   --->   Operation 161 'br' <Predicate = (!tmp_2)> <Delay = 0.00>
ST_3 : Operation 162 [1/1] (2.32ns)   --->   "store i8 %p_Result_6_i_i, i8* %x_local_14_V_addr, align 1" [MathieuHelpMe/Classifier.cpp:36]   --->   Operation 162 'store' <Predicate = (tmp_2)> <Delay = 2.32> <Core = "RAM">   --->   Core 37 'RAM' <Latency = 1> <II = 1> <Delay = 2.32> <Storage> <Opcode : 'load' 'store'> <Ports = 2> <Width = 8> <Depth = 49> <RAM>
ST_3 : Operation 163 [1/1] (0.00ns)   --->   "br label %8" [MathieuHelpMe/Classifier.cpp:36]   --->   Operation 163 'br' <Predicate = (tmp_2)> <Delay = 0.00>
ST_3 : Operation 164 [1/1] (0.00ns)   --->   "%OP1_V_6_i_i = sext i8 %p_Result_6_i_i to i16" [MathieuHelpMe/Classifier.cpp:38]   --->   Operation 164 'sext' 'OP1_V_6_i_i' <Predicate = (!exitcond1_i_i)> <Delay = 0.00>
ST_3 : Operation 165 [1/1] (4.17ns)   --->   "%r_V_6_i_i = mul i16 %OP1_V_6_i_i, %OP1_V_6_i_i" [MathieuHelpMe/Classifier.cpp:38]   --->   Operation 165 'mul' 'r_V_6_i_i' <Predicate = (!exitcond1_i_i)> <Delay = 4.17> <Core = "Mul">   --->   Core 16 'Mul' <Latency = 0> <II = 1> <Delay = 4.17> <FuncUnit> <Opcode : 'mul'> <InPorts = 2> <OutPorts = 1>
ST_3 : Operation 166 [1/1] (0.00ns)   --->   "%p_Result_7_i_i = call i8 @_ssdm_op_PartSelect.i8.i64.i32.i32(i64 %tmp_data_V, i32 56, i32 63)" [MathieuHelpMe/Classifier.cpp:35]   --->   Operation 166 'partselect' 'p_Result_7_i_i' <Predicate = (!exitcond1_i_i)> <Delay = 0.00>
ST_3 : Operation 167 [1/1] (0.00ns)   --->   "%x_local_7_V_addr = getelementptr [49 x i8]* %x_local_7_V, i64 0, i64 %newIndex1_i_i" [MathieuHelpMe/Classifier.cpp:36]   --->   Operation 167 'getelementptr' 'x_local_7_V_addr' <Predicate = (!exitcond1_i_i)> <Delay = 0.00>
ST_3 : Operation 168 [1/1] (0.00ns)   --->   "%x_local_15_V_addr = getelementptr [49 x i8]* %x_local_15_V, i64 0, i64 %newIndex1_i_i" [MathieuHelpMe/Classifier.cpp:36]   --->   Operation 168 'getelementptr' 'x_local_15_V_addr' <Predicate = (!exitcond1_i_i)> <Delay = 0.00>
ST_3 : Operation 169 [1/1] (2.32ns)   --->   "store i8 %p_Result_7_i_i, i8* %x_local_7_V_addr, align 1" [MathieuHelpMe/Classifier.cpp:36]   --->   Operation 169 'store' <Predicate = (!tmp_2)> <Delay = 2.32> <Core = "RAM">   --->   Core 37 'RAM' <Latency = 1> <II = 1> <Delay = 2.32> <Storage> <Opcode : 'load' 'store'> <Ports = 2> <Width = 8> <Depth = 49> <RAM>
ST_3 : Operation 170 [1/1] (0.00ns)   --->   "br label %9" [MathieuHelpMe/Classifier.cpp:36]   --->   Operation 170 'br' <Predicate = (!tmp_2)> <Delay = 0.00>
ST_3 : Operation 171 [1/1] (2.32ns)   --->   "store i8 %p_Result_7_i_i, i8* %x_local_15_V_addr, align 1" [MathieuHelpMe/Classifier.cpp:36]   --->   Operation 171 'store' <Predicate = (tmp_2)> <Delay = 2.32> <Core = "RAM">   --->   Core 37 'RAM' <Latency = 1> <II = 1> <Delay = 2.32> <Storage> <Opcode : 'load' 'store'> <Ports = 2> <Width = 8> <Depth = 49> <RAM>
ST_3 : Operation 172 [1/1] (0.00ns)   --->   "br label %9" [MathieuHelpMe/Classifier.cpp:36]   --->   Operation 172 'br' <Predicate = (tmp_2)> <Delay = 0.00>
ST_3 : Operation 173 [1/1] (0.00ns)   --->   "%OP1_V_7_i_i = sext i8 %p_Result_7_i_i to i16" [MathieuHelpMe/Classifier.cpp:38]   --->   Operation 173 'sext' 'OP1_V_7_i_i' <Predicate = (!exitcond1_i_i)> <Delay = 0.00>
ST_3 : Operation 174 [1/1] (4.17ns)   --->   "%r_V_7_i_i = mul i16 %OP1_V_7_i_i, %OP1_V_7_i_i" [MathieuHelpMe/Classifier.cpp:38]   --->   Operation 174 'mul' 'r_V_7_i_i' <Predicate = (!exitcond1_i_i)> <Delay = 4.17> <Core = "Mul">   --->   Core 16 'Mul' <Latency = 0> <II = 1> <Delay = 4.17> <FuncUnit> <Opcode : 'mul'> <InPorts = 2> <OutPorts = 1>
ST_3 : Operation 175 [1/1] (2.31ns)   --->   "%tmp1 = add i24 %tmp_9_1_i_i, %tmp_9_i_i" [MathieuHelpMe/Classifier.cpp:39]   --->   Operation 175 'add' 'tmp1' <Predicate = (!exitcond1_i_i)> <Delay = 2.31> <Core = "AddSub">   --->   Core 14 'AddSub' <Latency = 0> <II = 1> <Delay = 2.31> <FuncUnit> <Opcode : 'add' 'sub'> <InPorts = 2> <OutPorts = 1>
ST_3 : Operation 176 [1/1] (2.31ns)   --->   "%tmp4 = add i24 %tmp_9_5_i_i, %tmp_9_4_i_i" [MathieuHelpMe/Classifier.cpp:39]   --->   Operation 176 'add' 'tmp4' <Predicate = (!exitcond1_i_i)> <Delay = 2.31> <Core = "AddSub">   --->   Core 14 'AddSub' <Latency = 0> <II = 1> <Delay = 2.31> <FuncUnit> <Opcode : 'add' 'sub'> <InPorts = 2> <OutPorts = 1>

State 4 <SV = 3> <Delay = 8.27>
ST_4 : Operation 177 [1/1] (0.00ns)   --->   "%tmp_9_2_i_i = call i24 @_ssdm_op_BitConcatenate.i24.i16.i8(i16 %r_V_2_i_i, i8 0)" [MathieuHelpMe/Classifier.cpp:39]   --->   Operation 177 'bitconcatenate' 'tmp_9_2_i_i' <Predicate = (!exitcond1_i_i)> <Delay = 0.00>
ST_4 : Operation 178 [1/1] (0.00ns)   --->   "%tmp_9_3_i_i = call i24 @_ssdm_op_BitConcatenate.i24.i16.i8(i16 %r_V_3_i_i, i8 0)" [MathieuHelpMe/Classifier.cpp:39]   --->   Operation 178 'bitconcatenate' 'tmp_9_3_i_i' <Predicate = (!exitcond1_i_i)> <Delay = 0.00>
ST_4 : Operation 179 [1/1] (0.00ns)   --->   "%tmp_9_6_i_i = call i24 @_ssdm_op_BitConcatenate.i24.i16.i8(i16 %r_V_6_i_i, i8 0)" [MathieuHelpMe/Classifier.cpp:39]   --->   Operation 179 'bitconcatenate' 'tmp_9_6_i_i' <Predicate = (!exitcond1_i_i)> <Delay = 0.00>
ST_4 : Operation 180 [1/1] (0.00ns)   --->   "%tmp_9_7_i_i = call i24 @_ssdm_op_BitConcatenate.i24.i16.i8(i16 %r_V_7_i_i, i8 0)" [MathieuHelpMe/Classifier.cpp:39]   --->   Operation 180 'bitconcatenate' 'tmp_9_7_i_i' <Predicate = (!exitcond1_i_i)> <Delay = 0.00>
ST_4 : Operation 181 [1/1] (0.00ns) (grouped into TernaryAdder)   --->   "%tmp2 = add i24 %tmp_9_3_i_i, %tmp_9_2_i_i" [MathieuHelpMe/Classifier.cpp:39]   --->   Operation 181 'add' 'tmp2' <Predicate = (!exitcond1_i_i)> <Delay = 0.00> <Core = "TAddSub">   --->   Core 80 'TAddSub' <Latency = 0> <II = 1> <Delay = 2.06> <IPBlock> <Opcode : 'add' 'sub'> <InPorts = 3> <OutPorts = 1> <Sync> <CReg>
ST_4 : Operation 182 [1/1] (4.13ns) (root node of TernaryAdder)   --->   "%tmp = add i24 %tmp1, %tmp2" [MathieuHelpMe/Classifier.cpp:39]   --->   Operation 182 'add' 'tmp' <Predicate = (!exitcond1_i_i)> <Delay = 4.13> <Core = "TAddSub">   --->   Core 80 'TAddSub' <Latency = 0> <II = 1> <Delay = 2.06> <IPBlock> <Opcode : 'add' 'sub'> <InPorts = 3> <OutPorts = 1> <Sync> <CReg>
ST_4 : Operation 183 [1/1] (0.00ns) (grouped into TernaryAdder)   --->   "%tmp5 = add i24 %tmp_9_7_i_i, %tmp_9_6_i_i" [MathieuHelpMe/Classifier.cpp:39]   --->   Operation 183 'add' 'tmp5' <Predicate = (!exitcond1_i_i)> <Delay = 0.00> <Core = "TAddSub">   --->   Core 80 'TAddSub' <Latency = 0> <II = 1> <Delay = 2.06> <IPBlock> <Opcode : 'add' 'sub'> <InPorts = 3> <OutPorts = 1> <Sync> <CReg>
ST_4 : Operation 184 [1/1] (4.13ns) (root node of TernaryAdder)   --->   "%tmp3 = add i24 %tmp4, %tmp5" [MathieuHelpMe/Classifier.cpp:39]   --->   Operation 184 'add' 'tmp3' <Predicate = (!exitcond1_i_i)> <Delay = 4.13> <Core = "TAddSub">   --->   Core 80 'TAddSub' <Latency = 0> <II = 1> <Delay = 2.06> <IPBlock> <Opcode : 'add' 'sub'> <InPorts = 3> <OutPorts = 1> <Sync> <CReg>
ST_4 : Operation 185 [1/1] (0.00ns) (grouped into TernaryAdder)   --->   "%tmp_1 = add i24 %tmp, %tmp3" [MathieuHelpMe/Classifier.cpp:39]   --->   Operation 185 'add' 'tmp_1' <Predicate = (!exitcond1_i_i)> <Delay = 0.00> <Core = "TAddSub">   --->   Core 80 'TAddSub' <Latency = 0> <II = 1> <Delay = 2.06> <IPBlock> <Opcode : 'add' 'sub'> <InPorts = 3> <OutPorts = 1> <Sync> <CReg>
ST_4 : Operation 186 [1/1] (4.13ns) (root node of TernaryAdder)   --->   "%p_Val2_4_7_i_i = add i24 %tmp_1, %calculated_norm_V" [MathieuHelpMe/Classifier.cpp:39]   --->   Operation 186 'add' 'p_Val2_4_7_i_i' <Predicate = (!exitcond1_i_i)> <Delay = 4.13> <Core = "TAddSub">   --->   Core 80 'TAddSub' <Latency = 0> <II = 1> <Delay = 2.06> <IPBlock> <Opcode : 'add' 'sub'> <InPorts = 3> <OutPorts = 1> <Sync> <CReg>
ST_4 : Operation 187 [1/1] (0.00ns)   --->   "%empty_27 = call i32 (...)* @_ssdm_op_SpecRegionEnd([12 x i8]* @p_str8, i32 %tmp_i_i)" [MathieuHelpMe/Classifier.cpp:41]   --->   Operation 187 'specregionend' 'empty_27' <Predicate = (!exitcond1_i_i)> <Delay = 0.00>
ST_4 : Operation 188 [1/1] (0.00ns)   --->   "br label %0" [MathieuHelpMe/Classifier.cpp:26]   --->   Operation 188 'br' <Predicate = (!exitcond1_i_i)> <Delay = 0.00>

State 5 <SV = 2> <Delay = 0.00>
ST_5 : Operation 189 [1/1] (0.00ns)   --->   "ret i24 %calculated_norm_V" [MathieuHelpMe/Classifier.cpp:39]   --->   Operation 189 'ret' <Predicate = true> <Delay = 0.00>


============================================================
+ Verbose Summary: Timing violations
============================================================
Target clock period: 10ns, clock uncertainty: 1.25ns.

 <State 1>: 3.63ns
The critical path consists of the following:
	wire read on port 'num_images' [28]  (0 ns)
	fifo write on port 'num_images_out' [89]  (3.63 ns)

 <State 2>: 2.47ns
The critical path consists of the following:
	'icmp' operation ('exitcond1_i_i', MathieuHelpMe/Classifier.cpp:26) [102]  (1.49 ns)
	blocking operation 0.978 ns on control path)

 <State 3>: 6.48ns
The critical path consists of the following:
	axis read on port 'in_stream_V_data_V' (MathieuHelpMe/Classifier.cpp:29) [109]  (0 ns)
	'mul' operation ('r_V_1_i_i', MathieuHelpMe/Classifier.cpp:38) [140]  (4.17 ns)
	'add' operation ('tmp1', MathieuHelpMe/Classifier.cpp:39) [226]  (2.31 ns)

 <State 4>: 8.27ns
The critical path consists of the following:
	'add' operation ('tmp2', MathieuHelpMe/Classifier.cpp:39) [227]  (0 ns)
	'add' operation ('tmp', MathieuHelpMe/Classifier.cpp:39) [228]  (4.14 ns)
	'add' operation ('tmp_1', MathieuHelpMe/Classifier.cpp:39) [232]  (0 ns)
	'add' operation ('p_Val2_4_7_i_i', MathieuHelpMe/Classifier.cpp:39) [233]  (4.14 ns)

 <State 5>: 0ns
The critical path consists of the following:


============================================================
+ Verbose Summary: Binding
============================================================
N/A
* FSMD analyzer results:
  - Output states:
 - Input state : 
  - Chain level:
	State 1
	State 2
	State 3
	State 4
	State 5


============================================================
+ Verbose Summary: Datapath Resource usage 
============================================================
N/A
