

================================================================
== Vivado HLS Report for 'p_ADSD_Classifier_cp'
================================================================
* Date:           Wed Feb 18 17:52:32 2026

* Version:        2018.2 (Build 2258646 on Thu Jun 14 20:25:20 MDT 2018)
* Project:        ADSD
* Solution:       solution1
* Product family: zynq
* Target device:  xc7z020clg484-1


================================================================
== Performance Estimates
================================================================
+ Timing (ns): 
    * Summary: 
    +--------+-------+----------+------------+
    |  Clock | Target| Estimated| Uncertainty|
    +--------+-------+----------+------------+
    |ap_clk  |  10.00|     0.000|        1.25|
    +--------+-------+----------+------------+

+ Latency (clock cycles): 
    * Summary: 
    +-----+-----+-----+-----+---------+
    |  Latency  |  Interval | Pipeline|
    | min | max | min | max |   Type  |
    +-----+-----+-----+-----+---------+
    |    0|    0|    0|    0|   none  |
    +-----+-----+-----+-----+---------+

    + Detail: 
        * Instance: 
        N/A

        * Loop: 
        N/A



================================================================
== Utilization Estimates
================================================================
* Summary: 
+-----------------+---------+-------+--------+-------+
|       Name      | BRAM_18K| DSP48E|   FF   |  LUT  |
+-----------------+---------+-------+--------+-------+
|DSP              |        -|      -|       -|      -|
|Expression       |        -|      -|       0|      4|
|FIFO             |        -|      -|       -|      -|
|Instance         |        -|      -|       -|      -|
|Memory           |        -|      -|       -|      -|
|Multiplexer      |        -|      -|       -|     27|
|Register         |        -|      -|       3|      -|
+-----------------+---------+-------+--------+-------+
|Total            |        0|      0|       3|     31|
+-----------------+---------+-------+--------+-------+
|Available        |      280|    220|  106400|  53200|
+-----------------+---------+-------+--------+-------+
|Utilization (%)  |        0|      0|   ~0   |   ~0  |
+-----------------+---------+-------+--------+-------+

+ Detail: 
    * Instance: 
    N/A

    * DSP48: 
    N/A

    * Memory: 
    N/A

    * FIFO: 
    N/A

    * Expression: 
    +-----------------+----------+-------+---+----+------------+------------+
    |  Variable Name  | Operation| DSP48E| FF| LUT| Bitwidth P0| Bitwidth P1|
    +-----------------+----------+-------+---+----+------------+------------+
    |ap_condition_63  |    and   |      0|  0|   2|           1|           1|
    |ap_block_state1  |    or    |      0|  0|   2|           1|           1|
    +-----------------+----------+-------+---+----+------------+------------+
    |Total            |          |      0|  0|   4|           2|           2|
    +-----------------+----------+-------+---+----+------------+------------+

    * Multiplexer: 
    +----------------------------------+----+-----------+-----+-----------+
    |               Name               | LUT| Input Size| Bits| Total Bits|
    +----------------------------------+----+-----------+-----+-----------+
    |ap_done                           |   9|          2|    1|          2|
    |ap_sig_ioackin_out_stream_TREADY  |   9|          2|    1|          2|
    |out_stream_TDATA_blk_n            |   9|          2|    1|          2|
    +----------------------------------+----+-----------+-----+-----------+
    |Total                             |  27|          6|    3|          6|
    +----------------------------------+----+-----------+-----+-----------+

    * Register: 
    +----------------------------------+---+----+-----+-----------+
    |               Name               | FF| LUT| Bits| Const Bits|
    +----------------------------------+---+----+-----+-----------+
    |ap_CS_fsm                         |  1|   0|    1|          0|
    |ap_done_reg                       |  1|   0|    1|          0|
    |ap_reg_ioackin_out_stream_TREADY  |  1|   0|    1|          0|
    +----------------------------------+---+----+-----+-----------+
    |Total                             |  3|   0|    3|          0|
    +----------------------------------+---+----+-----+-----------+



================================================================
== Interface
================================================================
* Summary: 
+-------------------+-----+-----+------------+----------------------+--------------+
|     RTL Ports     | Dir | Bits|  Protocol  |     Source Object    |    C Type    |
+-------------------+-----+-----+------------+----------------------+--------------+
|ap_clk             |  in |    1| ap_ctrl_hs | __ADSD/Classifier.cp | return value |
|ap_rst             |  in |    1| ap_ctrl_hs | __ADSD/Classifier.cp | return value |
|ap_start           |  in |    1| ap_ctrl_hs | __ADSD/Classifier.cp | return value |
|ap_done            | out |    1| ap_ctrl_hs | __ADSD/Classifier.cp | return value |
|ap_continue        |  in |    1| ap_ctrl_hs | __ADSD/Classifier.cp | return value |
|ap_idle            | out |    1| ap_ctrl_hs | __ADSD/Classifier.cp | return value |
|ap_ready           | out |    1| ap_ctrl_hs | __ADSD/Classifier.cp | return value |
|out_stream_TDATA   | out |   32|    axis    |  out_stream_V_data_V |    pointer   |
|out_stream_TVALID  | out |    1|    axis    |  out_stream_V_last_V |    pointer   |
|out_stream_TREADY  |  in |    1|    axis    |  out_stream_V_last_V |    pointer   |
|out_stream_TLAST   | out |    1|    axis    |  out_stream_V_last_V |    pointer   |
|out_stream_TKEEP   | out |    1|    axis    |  out_stream_V_keep_V |    pointer   |
|out_stream_TSTRB   | out |    1|    axis    |  out_stream_V_strb_V |    pointer   |
|tmp_data_V19       |  in |   32|   ap_none  |     tmp_data_V19     |    pointer   |
|tmp_keep_V20       |  in |    1|   ap_none  |     tmp_keep_V20     |    pointer   |
|tmp_strb_V21       |  in |    1|   ap_none  |     tmp_strb_V21     |    pointer   |
|tmp_last_V22       |  in |    1|   ap_none  |     tmp_last_V22     |    pointer   |
+-------------------+-----+-----+------------+----------------------+--------------+

============================================================
+ Verbose Summary: Synthesis Manager
============================================================
InlineROM: 1
ExposeGlobal: 0
============================================================
+ Verbose Summary: CDFG Model
============================================================
IsTopModel: 0
ResetActiveHigh: 1
IsCombinational: 2
IsDatapathOnly: 0
HasWiredReturn: 1
HasMFsm: 0
HasVarLatency: 0
IsPipeline: 0
IsRtlPipelined: 0
IsInstanceOverlapped: 0
IsDontTouch: 0
HasImplIP: 0
IsGatedGlobalClock: 0


============================================================
+ Verbose Summary: Schedule
============================================================
* Number of FSM states : 1
* Pipeline : 0
* Dataflow Pipeline: 0

* FSM state transitions: 
1 --> 

* FSM state operations: 

State 1 <SV = 0> <Delay = 0.00>
ST_1 : Operation 2 [1/1] (0.00ns)   --->   "call void (...)* @_ssdm_op_SpecInterface(i32* %out_stream_V_data_V, i1* %out_stream_V_keep_V, i1* %out_stream_V_strb_V, i1* %out_stream_V_last_V, [5 x i8]* @p_str1546, i32 0, i32 0, [5 x i8]* @p_str1647, i32 0, i32 0, [1 x i8]* @p_str35, [1 x i8]* @p_str35, [1 x i8]* @p_str35, i32 0, i32 0, i32 0, i32 0, [1 x i8]* @p_str35, [1 x i8]* @p_str35)"   --->   Operation 2 'specinterface' <Predicate = true> <Delay = 0.00>
ST_1 : Operation 3 [1/1] (0.00ns)   --->   "%tmp_data_V19_load = load i32* %tmp_data_V19, align 4"   --->   Operation 3 'load' 'tmp_data_V19_load' <Predicate = true> <Delay = 0.00>
ST_1 : Operation 4 [1/1] (0.00ns)   --->   "%tmp_keep_V20_load = load i1* %tmp_keep_V20, align 1"   --->   Operation 4 'load' 'tmp_keep_V20_load' <Predicate = true> <Delay = 0.00>
ST_1 : Operation 5 [1/1] (0.00ns)   --->   "%tmp_strb_V21_load = load i1* %tmp_strb_V21, align 1"   --->   Operation 5 'load' 'tmp_strb_V21_load' <Predicate = true> <Delay = 0.00>
ST_1 : Operation 6 [1/1] (0.00ns)   --->   "%tmp_last_V22_load = load i1* %tmp_last_V22, align 1"   --->   Operation 6 'load' 'tmp_last_V22_load' <Predicate = true> <Delay = 0.00>
ST_1 : Operation 7 [1/1] (0.00ns)   --->   "call void @_ssdm_op_Write.axis.volatile.i32P.i1P.i1P.i1P(i32* %out_stream_V_data_V, i1* %out_stream_V_keep_V, i1* %out_stream_V_strb_V, i1* %out_stream_V_last_V, i32 %tmp_data_V19_load, i1 %tmp_keep_V20_load, i1 %tmp_strb_V21_load, i1 %tmp_last_V22_load)" [ADSD/Classifier.cpp:143]   --->   Operation 7 'write' <Predicate = true> <Delay = 0.00> <Core = "AXI4Stream">   --->   Core 5 'AXI4Stream' <Latency = 0> <II = 1> <Delay = 1.00> <Adapter> <Opcode : >
ST_1 : Operation 8 [1/1] (0.00ns)   --->   "ret void"   --->   Operation 8 'ret' <Predicate = true> <Delay = 0.00>


============================================================
+ Verbose Summary: Binding
============================================================
STG Binding: 
---------------- STG Properties BEGIN ----------------
- Is combinational: 0
- Is one-state seq: 1
- Is datapath-only: 0
- Is pipelined: 0
- Is top level: 0
Port [ Return ] is wired: 1; IO mode=ap_ctrl_hs:ce=0
Port [ out_stream_V_data_V]:  wired=1; compound=1; hidden=0; nouse=0; global=0; static=0; extern=0; dir=1; type=0; pingpong=0; private_global=0; IO mode=axis:ce=0
Port [ out_stream_V_keep_V]:  wired=1; compound=1; hidden=0; nouse=0; global=0; static=0; extern=0; dir=1; type=0; pingpong=0; private_global=0; IO mode=axis:ce=0
Port [ out_stream_V_strb_V]:  wired=1; compound=1; hidden=0; nouse=0; global=0; static=0; extern=0; dir=1; type=0; pingpong=0; private_global=0; IO mode=axis:ce=0
Port [ out_stream_V_last_V]:  wired=1; compound=1; hidden=0; nouse=0; global=0; static=0; extern=0; dir=1; type=0; pingpong=0; private_global=0; IO mode=axis:ce=0
Port [ tmp_data_V19]:  wired=1; compound=0; hidden=0; nouse=0; global=0; static=0; extern=0; dir=0; type=0; pingpong=0; private_global=0; IO mode=ap_none:ce=0
Port [ tmp_keep_V20]:  wired=1; compound=0; hidden=0; nouse=0; global=0; static=0; extern=0; dir=0; type=0; pingpong=0; private_global=0; IO mode=ap_none:ce=0
Port [ tmp_strb_V21]:  wired=1; compound=0; hidden=0; nouse=0; global=0; static=0; extern=0; dir=0; type=0; pingpong=0; private_global=0; IO mode=ap_none:ce=0
Port [ tmp_last_V22]:  wired=1; compound=0; hidden=0; nouse=0; global=0; static=0; extern=0; dir=0; type=0; pingpong=0; private_global=0; IO mode=ap_none:ce=0
---------------- STG Properties END ------------------

---------------- Datapath Model BEGIN ----------------

<LifeTime>
<method=bitvector/>
StgValue_2        (specinterface) [ 00]
tmp_data_V19_load (load         ) [ 00]
tmp_keep_V20_load (load         ) [ 00]
tmp_strb_V21_load (load         ) [ 00]
tmp_last_V22_load (load         ) [ 00]
StgValue_7        (write        ) [ 00]
StgValue_8        (ret          ) [ 00]
</LifeTime>

<model>

<comp_list>
<comp id="0" class="1000" name="out_stream_V_data_V">
<pin_list>
<pin id="1" dir="1" index="0" bw="1" slack="0"/>
</pin_list>
<bind>
<StgValue><ssdm name="out_stream_V_data_V"/></StgValue>
</bind>
</comp>

<comp id="2" class="1000" name="out_stream_V_keep_V">
<pin_list>
<pin id="3" dir="1" index="0" bw="1" slack="0"/>
</pin_list>
<bind>
<StgValue><ssdm name="out_stream_V_keep_V"/></StgValue>
</bind>
</comp>

<comp id="4" class="1000" name="out_stream_V_strb_V">
<pin_list>
<pin id="5" dir="1" index="0" bw="1" slack="0"/>
</pin_list>
<bind>
<StgValue><ssdm name="out_stream_V_strb_V"/></StgValue>
</bind>
</comp>

<comp id="6" class="1000" name="out_stream_V_last_V">
<pin_list>
<pin id="7" dir="1" index="0" bw="1" slack="0"/>
</pin_list>
<bind>
<StgValue><ssdm name="out_stream_V_last_V"/></StgValue>
</bind>
</comp>

<comp id="8" class="1000" name="tmp_data_V19">
<pin_list>
<pin id="9" dir="1" index="0" bw="1" slack="0"/>
</pin_list>
<bind>
<StgValue><ssdm name="tmp_data_V19"/></StgValue>
</bind>
</comp>

<comp id="10" class="1000" name="tmp_keep_V20">
<pin_list>
<pin id="11" dir="1" index="0" bw="1" slack="0"/>
</pin_list>
<bind>
<StgValue><ssdm name="tmp_keep_V20"/></StgValue>
</bind>
</comp>

<comp id="12" class="1000" name="tmp_strb_V21">
<pin_list>
<pin id="13" dir="1" index="0" bw="1" slack="0"/>
</pin_list>
<bind>
<StgValue><ssdm name="tmp_strb_V21"/></StgValue>
</bind>
</comp>

<comp id="14" class="1000" name="tmp_last_V22">
<pin_list>
<pin id="15" dir="1" index="0" bw="1" slack="0"/>
</pin_list>
<bind>
<StgValue><ssdm name="tmp_last_V22"/></StgValue>
</bind>
</comp>

<comp id="16" class="1001" name="const_16">
<pin_list>
<pin id="17" dir="1" index="0" bw="1" slack="2147483647"/>
</pin_list>
<bind>
<StgValue><ssdm name="_ssdm_op_SpecInterface"/></StgValue>
</bind>
</comp>

<comp id="18" class="1001" name="const_18">
<pin_list>
<pin id="19" dir="1" index="0" bw="1" slack="2147483647"/>
</pin_list>
<bind>
<StgValue><ssdm name="p_str1546"/></StgValue>
</bind>
</comp>

<comp id="20" class="1001" name="const_20">
<pin_list>
<pin id="21" dir="1" index="0" bw="1" slack="2147483647"/>
</pin_list>
<bind>
<StgValue><ssdm name=""/></StgValue>
</bind>
</comp>

<comp id="22" class="1001" name="const_22">
<pin_list>
<pin id="23" dir="1" index="0" bw="1" slack="2147483647"/>
</pin_list>
<bind>
<StgValue><ssdm name="p_str1647"/></StgValue>
</bind>
</comp>

<comp id="24" class="1001" name="const_24">
<pin_list>
<pin id="25" dir="1" index="0" bw="1" slack="2147483647"/>
</pin_list>
<bind>
<StgValue><ssdm name="p_str35"/></StgValue>
</bind>
</comp>

<comp id="26" class="1001" name="const_26">
<pin_list>
<pin id="27" dir="1" index="0" bw="1" slack="0"/>
</pin_list>
<bind>
<StgValue><ssdm name="_ssdm_op_Write.axis.volatile.i32P.i1P.i1P.i1P"/></StgValue>
</bind>
</comp>

<comp id="28" class="1004" name="StgValue_7_write_fu_28">
<pin_list>
<pin id="29" dir="0" index="0" bw="0" slack="0"/>
<pin id="30" dir="0" index="1" bw="32" slack="0"/>
<pin id="31" dir="0" index="2" bw="1" slack="0"/>
<pin id="32" dir="0" index="3" bw="1" slack="0"/>
<pin id="33" dir="0" index="4" bw="1" slack="0"/>
<pin id="34" dir="0" index="5" bw="32" slack="0"/>
<pin id="35" dir="0" index="6" bw="1" slack="0"/>
<pin id="36" dir="0" index="7" bw="1" slack="0"/>
<pin id="37" dir="0" index="8" bw="1" slack="0"/>
<pin id="38" dir="1" index="9" bw="0" slack="2147483647"/>
</pin_list>
<bind>
<opcode="write(1151) " fcode="write"/>
<opset="StgValue_7/1 "/>
</bind>
</comp>

<comp id="44" class="1004" name="tmp_data_V19_load_load_fu_44">
<pin_list>
<pin id="45" dir="0" index="0" bw="32" slack="0"/>
<pin id="46" dir="1" index="1" bw="32" slack="0"/>
</pin_list>
<bind>
<opcode="load(27) " fcode="load"/>
<opset="tmp_data_V19_load/1 "/>
</bind>
</comp>

<comp id="49" class="1004" name="tmp_keep_V20_load_load_fu_49">
<pin_list>
<pin id="50" dir="0" index="0" bw="1" slack="0"/>
<pin id="51" dir="1" index="1" bw="1" slack="0"/>
</pin_list>
<bind>
<opcode="load(27) " fcode="load"/>
<opset="tmp_keep_V20_load/1 "/>
</bind>
</comp>

<comp id="54" class="1004" name="tmp_strb_V21_load_load_fu_54">
<pin_list>
<pin id="55" dir="0" index="0" bw="1" slack="0"/>
<pin id="56" dir="1" index="1" bw="1" slack="0"/>
</pin_list>
<bind>
<opcode="load(27) " fcode="load"/>
<opset="tmp_strb_V21_load/1 "/>
</bind>
</comp>

<comp id="59" class="1004" name="tmp_last_V22_load_load_fu_59">
<pin_list>
<pin id="60" dir="0" index="0" bw="1" slack="0"/>
<pin id="61" dir="1" index="1" bw="1" slack="0"/>
</pin_list>
<bind>
<opcode="load(27) " fcode="load"/>
<opset="tmp_last_V22_load/1 "/>
</bind>
</comp>

</comp_list>

<net_list>
<net id="39"><net_src comp="26" pin="0"/><net_sink comp="28" pin=0"/></net>

<net id="40"><net_src comp="0" pin="0"/><net_sink comp="28" pin=1"/></net>

<net id="41"><net_src comp="2" pin="0"/><net_sink comp="28" pin=2"/></net>

<net id="42"><net_src comp="4" pin="0"/><net_sink comp="28" pin=3"/></net>

<net id="43"><net_src comp="6" pin="0"/><net_sink comp="28" pin=4"/></net>

<net id="47"><net_src comp="8" pin="0"/><net_sink comp="44" pin=0"/></net>

<net id="48"><net_src comp="44" pin="1"/><net_sink comp="28" pin=5"/></net>

<net id="52"><net_src comp="10" pin="0"/><net_sink comp="49" pin=0"/></net>

<net id="53"><net_src comp="49" pin="1"/><net_sink comp="28" pin=6"/></net>

<net id="57"><net_src comp="12" pin="0"/><net_sink comp="54" pin=0"/></net>

<net id="58"><net_src comp="54" pin="1"/><net_sink comp="28" pin=7"/></net>

<net id="62"><net_src comp="14" pin="0"/><net_sink comp="59" pin=0"/></net>

<net id="63"><net_src comp="59" pin="1"/><net_sink comp="28" pin=8"/></net>

</net_list>

</model> 
---------------- Datapath Model END ------------------

* FSMD analyzer results:
  - Output states:
	Port: out_stream_V_data_V | {1 }
	Port: out_stream_V_keep_V | {1 }
	Port: out_stream_V_strb_V | {1 }
	Port: out_stream_V_last_V | {1 }
 - Input state : 
	Port: __ADSD/Classifier.cp : out_stream_V_data_V | {}
	Port: __ADSD/Classifier.cp : out_stream_V_keep_V | {}
	Port: __ADSD/Classifier.cp : out_stream_V_strb_V | {}
	Port: __ADSD/Classifier.cp : out_stream_V_last_V | {}
	Port: __ADSD/Classifier.cp : tmp_data_V19 | {1 }
	Port: __ADSD/Classifier.cp : tmp_keep_V20 | {1 }
	Port: __ADSD/Classifier.cp : tmp_strb_V21 | {1 }
	Port: __ADSD/Classifier.cp : tmp_last_V22 | {1 }
  - Chain level:
	State 1
		StgValue_7 : 1


============================================================
+ Verbose Summary: Datapath Resource usage 
============================================================

* Functional unit list:
|----------|------------------------|
| Operation|     Functional Unit    |
|----------|------------------------|
|   write  | StgValue_7_write_fu_28 |
|----------|------------------------|
|   Total  |                        |
|----------|------------------------|

Memories:
N/A

* Register list:
N/A

* Multiplexer (MUX) list: 
|--------|------|------|------|--------|
|  Comp  |  Pin | Size |  BW  | S x BW |
|--------|------|------|------|--------|
|  Total |      |      |      |    0   |
|--------|------|------|------|--------|



* Summary:
+-----------+
|           |
+-----------+
|  Function |
|   Memory  |
|Multiplexer|
|  Register |
+-----------+
|   Total   |
+-----------+
