

================================================================
== Vivado HLS Report for 'classify'
================================================================
* Date:           Thu Feb  5 00:21:58 2026

* Version:        2018.2 (Build 2258646 on Thu Jun 14 20:25:20 MDT 2018)
* Project:        SVM_Accelerator_HLS_Cordic_GoodMSE_FixedPoint
* Solution:       solution1
* Product family: zynq
* Target device:  xc7z020clg484-1


================================================================
== Performance Estimates
================================================================
+ Timing (ns): 
    * Summary: 
    +--------+-------+----------+------------+
    |  Clock | Target| Estimated| Uncertainty|
    +--------+-------+----------+------------+
    |ap_clk  |  10.00|     8.480|        1.25|
    +--------+-------+----------+------------+

+ Latency (clock cycles): 
    * Summary: 
    +--------+--------+--------+--------+---------+
    |     Latency     |     Interval    | Pipeline|
    |   min  |   max  |   min  |   max  |   Type  |
    +--------+--------+--------+--------+---------+
    |  657038|  657038|  657038|  657038|   none  |
    +--------+--------+--------+--------+---------+

    + Detail: 
        * Instance: 
        N/A

        * Loop: 
        +-------------+--------+--------+----------+-----------+-----------+------+----------+
        |             |     Latency     | Iteration|  Initiation Interval  | Trip |          |
        |  Loop Name  |   min  |   max  |  Latency |  achieved |   target  | Count| Pipelined|
        +-------------+--------+--------+----------+-----------+-----------+------+----------+
        |- Loop 1     |  657030|  657030|      3982|          -|          -|   165|    no    |
        | + Loop 1.1  |    3920|    3920|         5|          -|          -|   784|    no    |
        | + Loop 1.2  |      51|      51|         3|          -|          -|    17|    no    |
        +-------------+--------+--------+----------+-----------+-----------+------+----------+



================================================================
== Utilization Estimates
================================================================
* Summary: 
+-----------------+---------+-------+--------+-------+
|       Name      | BRAM_18K| DSP48E|   FF   |  LUT  |
+-----------------+---------+-------+--------+-------+
|DSP              |        -|      1|       -|      -|
|Expression       |        -|      7|       0|   2113|
|FIFO             |        -|      -|       -|      -|
|Instance         |        -|      0|     412|    645|
|Memory           |      513|      -|      42|     13|
|Multiplexer      |        -|      -|       -|    202|
|Register         |        -|      -|     796|      -|
+-----------------+---------+-------+--------+-------+
|Total            |      513|      8|    1250|   2973|
+-----------------+---------+-------+--------+-------+
|Available        |      280|    220|  106400|  53200|
+-----------------+---------+-------+--------+-------+
|Utilization (%)  |      183|      3|       1|      5|
+-----------------+---------+-------+--------+-------+

+ Detail: 
    * Instance: 
    +-------------------------+----------------------+---------+-------+-----+-----+
    |         Instance        |        Module        | BRAM_18K| DSP48E|  FF | LUT |
    +-------------------------+----------------------+---------+-------+-----+-----+
    |classify_sitodp_3dEe_U1  |classify_sitodp_3dEe  |        0|      0|  412|  645|
    +-------------------------+----------------------+---------+-------+-----+-----+
    |Total                    |                      |        0|      0|  412|  645|
    +-------------------------+----------------------+---------+-------+-----+-----+

    * DSP48: 
    +-------------------------+----------------------+-----------+
    |         Instance        |        Module        | Expression|
    +-------------------------+----------------------+-----------+
    |classify_mul_mul_eOg_U2  |classify_mul_mul_eOg  |  i0 * i1  |
    +-------------------------+----------------------+-----------+

    * Memory: 
    +----------------------+----------------------+---------+----+----+--------+-----+------+-------------+
    |        Memory        |        Module        | BRAM_18K| FF | LUT|  Words | Bits| Banks| W*Bits*Banks|
    +----------------------+----------------------+---------+----+----+--------+-----+------+-------------+
    |ATANH_LUT_V_U         |classify_ATANH_LUcud  |        0|  38|  11|      17|   38|     1|          646|
    |Iteration_Schedule_U  |classify_Iteratiobkb  |        0|   4|   2|      17|    4|     1|           68|
    |alphas_V_U            |classify_alphas_V     |        1|   0|   0|     165|    8|     1|         1320|
    |svs_U                 |classify_svs          |      512|   0|   0|  129360|   64|     1|      8279040|
    +----------------------+----------------------+---------+----+----+--------+-----+------+-------------+
    |Total                 |                      |      513|  42|  13|  129559|  114|     4|      8281074|
    +----------------------+----------------------+---------+----+----+--------+-----+------+-------------+

    * FIFO: 
    N/A

    * Expression: 
    +------------------------------+----------+-------+---+-----+------------+------------+
    |         Variable Name        | Operation| DSP48E| FF| LUT | Bitwidth P0| Bitwidth P1|
    +------------------------------+----------+-------+---+-----+------------+------------+
    |p_Val2_4_fu_783_p2            |     *    |      4|  0|   25|          33|          36|
    |p_Val2_8_fu_951_p2            |     *    |      3|  0|   32|          24|          29|
    |r_V_fu_748_p2                 |     *    |      0|  0|   41|           8|           8|
    |Xn_V_1_fu_1165_p2             |     +    |      0|  0|   39|          32|          32|
    |Yn_V_1_fu_1171_p2             |     +    |      0|  0|   39|          32|          32|
    |exp_V_2_fu_1232_p2            |     +    |      0|  0|   13|          11|           6|
    |i_1_fu_378_p2                 |     +    |      0|  0|   15|           8|           1|
    |iv_fu_884_p2                  |     +    |      0|  0|   15|           2|           6|
    |j_1_fu_406_p2                 |     +    |      0|  0|   14|          10|           1|
    |l2Squared_fixed_V_fu_766_p2   |     +    |      0|  0|   38|          31|          31|
    |n_fu_1000_p2                  |     +    |      0|  0|   15|           5|           1|
    |next_mul_fu_366_p2            |     +    |      0|  0|   24|          17|          10|
    |p_Val2_18_i_cast_fu_1098_p2   |     +    |      0|  0|   53|          46|          46|
    |p_Val2_9_i_fu_1012_p2         |     +    |      0|  0|   39|          32|          32|
    |ret_V_fu_837_p2               |     +    |      0|  0|   15|           1|           6|
    |sum_V_fu_1209_p2              |     +    |      0|  0|   37|          30|          30|
    |tmp_12_fu_550_p2              |     +    |      0|  0|   12|           2|          12|
    |tmp_6_fu_412_p2               |     +    |      0|  0|   24|          17|          17|
    |tmp_s_fu_384_p2               |     +    |      0|  0|   37|          30|          15|
    |F2_fu_528_p2                  |     -    |      0|  0|   12|          11|          12|
    |Xn_V_fu_1153_p2               |     -    |      0|  0|   39|          32|          32|
    |Yn_V_fu_1159_p2               |     -    |      0|  0|   39|          32|          32|
    |man_V_1_fu_508_p2             |     -    |      0|  0|   61|           1|          54|
    |p_Val2_1_fu_446_p2            |     -    |      0|  0|   33|          33|          33|
    |p_Val2_20_i_cast_fu_1104_p2   |     -    |      0|  0|   53|          46|          46|
    |p_Val2_6_fu_740_p2            |     -    |      0|  0|   15|           8|           8|
    |p_Val2_9_fu_978_p2            |     -    |      0|  0|   72|          65|          65|
    |p_neg_fu_440_p2               |     -    |      0|  0|   33|           1|          33|
    |sh_assign_fu_1025_p2          |     -    |      0|  0|   15|           1|           5|
    |tmp_13_fu_556_p2              |     -    |      0|  0|   12|           1|          12|
    |sel_tmp2_fu_621_p2            |    and   |      0|  0|    2|           1|           1|
    |sel_tmp3_fu_653_p2            |    and   |      0|  0|    2|           1|           1|
    |sel_tmp5_fu_670_p2            |    and   |      0|  0|    2|           1|           1|
    |sel_tmp7_fu_636_p2            |    and   |      0|  0|    2|           1|           1|
    |sel_tmp8_fu_641_p2            |    and   |      0|  0|    2|           1|           1|
    |r_V_2_fu_1141_p2              |   ashr   |      0|  0|  101|          32|          32|
    |r_V_3_fu_1147_p2              |   ashr   |      0|  0|  101|          32|          32|
    |tmp_13_i_fu_1034_p2           |   ashr   |      0|  0|  101|          32|          32|
    |tmp_18_fu_607_p2              |   ashr   |      0|  0|  162|          54|          54|
    |exitcond1_fu_372_p2           |   icmp   |      0|  0|   11|           8|           8|
    |exitcond_fu_400_p2            |   icmp   |      0|  0|   13|          10|           9|
    |exitcond_i_fu_994_p2          |   icmp   |      0|  0|   11|           5|           5|
    |icmp3_fu_598_p2               |   icmp   |      0|  0|   13|           9|           1|
    |icmp_fu_544_p2                |   icmp   |      0|  0|   13|          11|           1|
    |tmp_10_fu_522_p2              |   icmp   |      0|  0|   29|          63|           1|
    |tmp_14_fu_570_p2              |   icmp   |      0|  0|   13|          12|           1|
    |tmp_15_fu_593_p2              |   icmp   |      0|  0|   13|          12|           6|
    |tmp_1_fu_390_p2               |   icmp   |      0|  0|   18|          30|           1|
    |tmp_2_i_i_fu_832_p2           |   icmp   |      0|  0|   18|          32|           1|
    |tmp_4_i_fu_909_p2             |   icmp   |      0|  0|   11|           6|           5|
    |tmp_5_i_fu_926_p2             |   icmp   |      0|  0|   11|           8|           1|
    |tmp_8_i_i_fu_878_p2           |   icmp   |      0|  0|   21|          40|          40|
    |or_cond1_fu_689_p2            |    or    |      0|  0|    2|           1|           1|
    |or_cond2_fu_695_p2            |    or    |      0|  0|    2|           1|           1|
    |or_cond_fu_676_p2             |    or    |      0|  0|    2|           1|           1|
    |sel_tmp21_demorgan_fu_659_p2  |    or    |      0|  0|    2|           1|           1|
    |sel_tmp6_demorgan_fu_626_p2   |    or    |      0|  0|    2|           1|           1|
    |Xn_V_3_fu_1177_p3             |  select  |      0|  0|   32|           1|          32|
    |Yn_V_3_fu_1184_p3             |  select  |      0|  0|   32|           1|          32|
    |Zn_V_fu_1130_p3               |  select  |      0|  0|   32|           1|          32|
    |ap_return                     |  select  |      0|  0|   64|           1|           1|
    |k_fu_898_p3                   |  select  |      0|  0|    6|           1|           6|
    |man_V_2_fu_514_p3             |  select  |      0|  0|   54|           1|          54|
    |newSel1_fu_682_p3             |  select  |      0|  0|    8|           1|           8|
    |newSel2_fu_727_p3             |  select  |      0|  0|    8|           1|           8|
    |newSel_fu_720_p3              |  select  |      0|  0|    8|           1|           8|
    |p_1_i_i_fu_890_p3             |  select  |      0|  0|    6|           1|           6|
    |p_2_i_i_fu_851_p3             |  select  |      0|  0|    6|           1|           6|
    |p_Val2_11_fu_733_p3           |  select  |      0|  0|    8|           1|           8|
    |p_Val2_7_fu_932_p3            |  select  |      0|  0|    5|           1|           1|
    |p_i_fu_914_p3                 |  select  |      0|  0|    8|           1|           5|
    |p_i_i_fu_843_p3               |  select  |      0|  0|    6|           1|           6|
    |sh_amt_fu_562_p3              |  select  |      0|  0|   12|           1|          12|
    |tmp_27_fu_1065_p3             |  select  |      0|  0|   15|           1|          15|
    |xi_fu_701_p3                  |  select  |      0|  0|    2|           1|           2|
    |tmp_14_i_fu_1040_p2           |    shl   |      0|  0|  101|          32|          32|
    |tmp_20_fu_711_p2              |    shl   |      0|  0|  101|          32|          32|
    |sel_tmp1_fu_616_p2            |    xor   |      0|  0|    2|           1|           2|
    |sel_tmp4_fu_664_p2            |    xor   |      0|  0|    2|           1|           2|
    |sel_tmp6_fu_630_p2            |    xor   |      0|  0|    2|           1|           2|
    |sel_tmp_fu_647_p2             |    xor   |      0|  0|    2|           1|           2|
    +------------------------------+----------+-------+---+-----+------------+------------+
    |Total                         |          |      7|  0| 2113|        1094|        1237|
    +------------------------------+----------+-------+---+-----+------------+------------+

    * Multiplexer: 
    +-------------------+-----+-----------+-----+-----------+
    |        Name       | LUT | Input Size| Bits| Total Bits|
    +-------------------+-----+-----------+-----+-----------+
    |ap_NS_fsm          |  121|         26|    1|         26|
    |i_reg_271          |    9|          2|    8|         16|
    |j_reg_307          |    9|          2|   10|         20|
    |n_i_reg_352        |    9|          2|    5|         10|
    |p_Val2_13_reg_295  |    9|          2|   31|         62|
    |p_Val2_15_reg_328  |    9|          2|   32|         64|
    |p_Val2_16_reg_340  |    9|          2|   32|         64|
    |p_Val2_19_reg_318  |    9|          2|   32|         64|
    |p_Val2_s_reg_259   |    9|          2|   30|         60|
    |phi_mul_reg_283    |    9|          2|   17|         34|
    +-------------------+-----+-----------+-----+-----------+
    |Total              |  202|         44|  198|        420|
    +-------------------+-----+-----------+-----+-----------+

    * Register: 
    +--------------------------+----+----+-----+-----------+
    |           Name           | FF | LUT| Bits| Const Bits|
    +--------------------------+----+----+-----+-----------+
    |Zn_V_reg_1489             |  32|   0|   32|          0|
    |alphas_V_load_reg_1504    |   8|   0|    8|          0|
    |ap_CS_fsm                 |  25|   0|   25|          0|
    |dp_1_reg_1524             |  64|   0|   64|          0|
    |i_1_reg_1276              |   8|   0|    8|          0|
    |i_2_reg_1478              |   4|   0|    4|          0|
    |i_reg_271                 |   8|   0|    8|          0|
    |icmp_reg_1331             |   1|   0|    1|          0|
    |isneg_reg_1315            |   1|   0|    1|          0|
    |j_1_reg_1294              |  10|   0|   10|          0|
    |j_reg_307                 |  10|   0|   10|          0|
    |k_reg_1421                |   6|   0|    6|          0|
    |man_V_2_reg_1320          |  54|   0|   54|          0|
    |n_i_reg_352               |   5|   0|    5|          0|
    |n_reg_1453                |   5|   0|    5|          0|
    |newSel1_reg_1380          |   8|   0|    8|          0|
    |next_mul_reg_1268         |  17|   0|   17|          0|
    |or_cond2_reg_1385         |   1|   0|    1|          0|
    |or_cond_reg_1375          |   1|   0|    1|          0|
    |p_Result_2_i_i_reg_1416   |  32|   0|   32|          0|
    |p_Val2_12_reg_1360        |   8|   0|    8|          0|
    |p_Val2_13_reg_295         |  31|   0|   31|          0|
    |p_Val2_15_reg_328         |  32|   0|   32|          0|
    |p_Val2_16_reg_340         |  32|   0|   32|          0|
    |p_Val2_19_reg_318         |  32|   0|   32|          0|
    |p_Val2_4_reg_1400         |  49|   0|   69|         20|
    |p_Val2_6_reg_1390         |   8|   0|    8|          0|
    |p_Val2_7_reg_1427         |   5|   0|    5|          0|
    |p_Val2_8_reg_1435         |  29|   0|   53|         24|
    |p_Val2_s_reg_259          |  30|   0|   30|          0|
    |phi_mul_reg_283           |  17|   0|   17|          0|
    |sel_tmp5_reg_1370         |   1|   0|    1|          0|
    |sh_amt_cast_reg_1365      |  32|   0|   32|          0|
    |sh_amt_reg_1337           |  12|   0|   12|          0|
    |tmp_10_reg_1325           |   1|   0|    1|          0|
    |tmp_14_reg_1343           |   1|   0|    1|          0|
    |tmp_1_reg_1286            |   1|   0|    1|          0|
    |tmp_27_reg_1468           |  15|   0|   15|          0|
    |tmp_2_reg_1411            |   5|   0|    5|          0|
    |tmp_35_reg_1355           |   9|   0|    9|          0|
    |tmp_39_reg_1509           |  22|   0|   22|          0|
    |tmp_5_reg_1406            |  37|   0|   37|          0|
    |tmp_reg_1309              |  16|   0|   16|          0|
    |tmp_s_reg_1281            |  30|   0|   30|          0|
    |v_assign_i_cast_reg_1440  |  32|   0|   32|          0|
    |xi_V_reg_1349             |   8|   0|    8|          0|
    |z_nonneg_reg_1483         |   1|   0|    1|          0|
    +--------------------------+----+----+-----+-----------+
    |Total                     | 796|   0|  840|         44|
    +--------------------------+----+----+-----+-----------+



================================================================
== Interface
================================================================
* Summary: 
+--------------+-----+-----+------------+--------------+--------------+
|   RTL Ports  | Dir | Bits|  Protocol  | Source Object|    C Type    |
+--------------+-----+-----+------------+--------------+--------------+
|ap_clk        |  in |    1| ap_ctrl_hs |   classify   | return value |
|ap_rst        |  in |    1| ap_ctrl_hs |   classify   | return value |
|ap_start      |  in |    1| ap_ctrl_hs |   classify   | return value |
|ap_done       | out |    1| ap_ctrl_hs |   classify   | return value |
|ap_idle       | out |    1| ap_ctrl_hs |   classify   | return value |
|ap_ready      | out |    1| ap_ctrl_hs |   classify   | return value |
|ap_return     | out |   64| ap_ctrl_hs |   classify   | return value |
|x_V_address0  | out |   10|  ap_memory |      x_V     |     array    |
|x_V_ce0       | out |    1|  ap_memory |      x_V     |     array    |
|x_V_q0        |  in |    8|  ap_memory |      x_V     |     array    |
+--------------+-----+-----+------------+--------------+--------------+

